[0.022s] Invoking command in '/home/xdkazer/Dual_Kuka_LLM_Bachelor/p5_ws/build/robotiq_2f_85_interfaces': CMAKE_PREFIX_PATH=${CMAKE_PREFIX_PATH}:/home/xdkazer/P5-Kuka-Dual-Arm/p5_ws/install/yolo_world:/home/xdkazer/P5-Kuka-Dual-Arm/p5_ws/install/robotiq_3f_gripper_ros2_control:/home/xdkazer/P5-Kuka-Dual-Arm/p5_ws/install/robotiq_2f_85_control:/home/xdkazer/P5-Kuka-Dual-Arm/p5_ws/install/object_detector:/home/xdkazer/P5-Kuka-Dual-Arm/p5_ws/install/janise:/home/xdkazer/P5-Kuka-Dual-Arm/p5_ws/install/gui_package:/home/xdkazer/P5-Kuka-Dual-Arm/p5_ws/install/moveit_configs_utils:/home/xdkazer/P5-Kuka-Dual-Arm/p5_ws/install/generate_parameter_library_py:/opt/ros/humble /usr/bin/cmake /home/xdkazer/Dual_Kuka_LLM_Bachelor/p5_ws/src/robutler/gripper_control/robotiq_2f_85_interfaces -DCMAKE_BUILD_TYPE=Release -DCMAKE_INSTALL_PREFIX=/home/xdkazer/Dual_Kuka_LLM_Bachelor/p5_ws/install/robotiq_2f_85_interfaces
[0.119s] -- The C compiler identification is GNU 11.4.0
[0.195s] -- The CXX compiler identification is GNU 11.4.0
[0.212s] -- Detecting C compiler ABI info
[0.306s] -- Detecting C compiler ABI info - done
[0.313s] -- Check for working C compiler: /usr/bin/cc - skipped
[0.314s] -- Detecting C compile features
[0.314s] -- Detecting C compile features - done
[0.316s] -- Detecting CXX compiler ABI info
[0.431s] -- Detecting CXX compiler ABI info - done
[0.445s] -- Check for working CXX compiler: /usr/bin/c++ - skipped
[0.445s] -- Detecting CXX compile features
[0.445s] -- Detecting CXX compile features - done
[0.446s] -- Found ament_cmake: 1.3.10 (/opt/ros/humble/share/ament_cmake/cmake)
[0.671s] -- Found Python3: /usr/bin/python3 (found version "3.10.12") found components: Interpreter 
[0.873s] -- Found ament_lint_auto: 0.12.11 (/opt/ros/humble/share/ament_lint_auto/cmake)
[1.024s] -- Found rosidl_default_generators: 1.2.0 (/opt/ros/humble/share/rosidl_default_generators/cmake)
[1.040s] -- Using all available rosidl_typesupport_c: rosidl_typesupport_fastrtps_c;rosidl_typesupport_introspection_c
[1.067s] -- Found rosidl_adapter: 3.1.5 (/opt/ros/humble/share/rosidl_adapter/cmake)
[1.170s] -- Using all available rosidl_typesupport_cpp: rosidl_typesupport_fastrtps_cpp;rosidl_typesupport_introspection_cpp
[1.520s] -- Found ament_cmake_ros: 0.10.0 (/opt/ros/humble/share/ament_cmake_ros/cmake)
[1.830s] -- Using all available rosidl_typesupport_c: rosidl_typesupport_fastrtps_c;rosidl_typesupport_introspection_c
[2.161s] -- Using all available rosidl_typesupport_cpp: rosidl_typesupport_fastrtps_cpp;rosidl_typesupport_introspection_cpp
[2.227s] -- Found PythonInterp: /usr/bin/python3 (found suitable version "3.10.12", minimum required is "3.6") 
[2.228s] -- Found python_cmake_module: 0.10.0 (/opt/ros/humble/share/python_cmake_module/cmake)
[2.285s] -- Found PythonLibs: /usr/lib/x86_64-linux-gnu/libpython3.10.so (found suitable version "3.10.12", minimum required is "3.5") 
[2.285s] -- Using PYTHON_EXECUTABLE: /usr/bin/python3
[2.285s] -- Using PYTHON_INCLUDE_DIRS: /usr/include/python3.10
[2.285s] -- Using PYTHON_LIBRARIES: /usr/lib/x86_64-linux-gnu/libpython3.10.so
[2.353s] -- Found PythonExtra: .so  
[2.408s] -- Added test 'lint_cmake' to check CMake code style
[2.412s] -- Added test 'xmllint' to check XML markup files
[2.418s] -- Configuring done
[2.467s] -- Generating done
[2.506s] -- Build files have been written to: /home/xdkazer/Dual_Kuka_LLM_Bachelor/p5_ws/build/robotiq_2f_85_interfaces
[2.506s] Invoked command in '/home/xdkazer/Dual_Kuka_LLM_Bachelor/p5_ws/build/robotiq_2f_85_interfaces' returned '0': CMAKE_PREFIX_PATH=${CMAKE_PREFIX_PATH}:/home/xdkazer/P5-Kuka-Dual-Arm/p5_ws/install/yolo_world:/home/xdkazer/P5-Kuka-Dual-Arm/p5_ws/install/robotiq_3f_gripper_ros2_control:/home/xdkazer/P5-Kuka-Dual-Arm/p5_ws/install/robotiq_2f_85_control:/home/xdkazer/P5-Kuka-Dual-Arm/p5_ws/install/object_detector:/home/xdkazer/P5-Kuka-Dual-Arm/p5_ws/install/janise:/home/xdkazer/P5-Kuka-Dual-Arm/p5_ws/install/gui_package:/home/xdkazer/P5-Kuka-Dual-Arm/p5_ws/install/moveit_configs_utils:/home/xdkazer/P5-Kuka-Dual-Arm/p5_ws/install/generate_parameter_library_py:/opt/ros/humble /usr/bin/cmake /home/xdkazer/Dual_Kuka_LLM_Bachelor/p5_ws/src/robutler/gripper_control/robotiq_2f_85_interfaces -DCMAKE_BUILD_TYPE=Release -DCMAKE_INSTALL_PREFIX=/home/xdkazer/Dual_Kuka_LLM_Bachelor/p5_ws/install/robotiq_2f_85_interfaces
[2.507s] Invoking command in '/home/xdkazer/Dual_Kuka_LLM_Bachelor/p5_ws/build/robotiq_2f_85_interfaces': CMAKE_PREFIX_PATH=${CMAKE_PREFIX_PATH}:/home/xdkazer/P5-Kuka-Dual-Arm/p5_ws/install/yolo_world:/home/xdkazer/P5-Kuka-Dual-Arm/p5_ws/install/robotiq_3f_gripper_ros2_control:/home/xdkazer/P5-Kuka-Dual-Arm/p5_ws/install/robotiq_2f_85_control:/home/xdkazer/P5-Kuka-Dual-Arm/p5_ws/install/object_detector:/home/xdkazer/P5-Kuka-Dual-Arm/p5_ws/install/janise:/home/xdkazer/P5-Kuka-Dual-Arm/p5_ws/install/gui_package:/home/xdkazer/P5-Kuka-Dual-Arm/p5_ws/install/moveit_configs_utils:/home/xdkazer/P5-Kuka-Dual-Arm/p5_ws/install/generate_parameter_library_py:/opt/ros/humble /usr/bin/cmake --build /home/xdkazer/Dual_Kuka_LLM_Bachelor/p5_ws/build/robotiq_2f_85_interfaces -- -j4 -l4
[2.628s] [  3%] [34m[1mGenerating C code for ROS interfaces[0m
[3.108s] [  6%] [32mBuilding C object CMakeFiles/robotiq_2f_85_interfaces__rosidl_generator_c.dir/rosidl_generator_c/robotiq_2f_85_interfaces/srv/detail/robotiq2_f85_gripper_command__functions.c.o[0m
[3.247s] [  9%] [32m[1mLinking C shared library librobotiq_2f_85_interfaces__rosidl_generator_c.so[0m
[3.311s] [  9%] Built target robotiq_2f_85_interfaces__rosidl_generator_c
[3.376s] [  9%] Built target ament_cmake_python_copy_robotiq_2f_85_interfaces
[3.401s] [ 12%] [34m[1mGenerating C introspection for ROS interfaces[0m
[3.697s] [ 16%] [32mBuilding C object CMakeFiles/robotiq_2f_85_interfaces__rosidl_typesupport_introspection_c.dir/rosidl_typesupport_introspection_c/robotiq_2f_85_interfaces/srv/detail/robotiq2_f85_gripper_command__type_support.c.o[0m
[3.757s] [ 19%] [32m[1mLinking C shared library librobotiq_2f_85_interfaces__rosidl_typesupport_introspection_c.so[0m
[3.823s] [ 19%] Built target robotiq_2f_85_interfaces__rosidl_typesupport_introspection_c
[3.845s] [ 22%] [34m[1mGenerating C type support dispatch for ROS interfaces[0m
[4.116s] [ 25%] [32mBuilding CXX object CMakeFiles/robotiq_2f_85_interfaces__rosidl_typesupport_c.dir/rosidl_typesupport_c/robotiq_2f_85_interfaces/srv/robotiq2_f85_gripper_command__type_support.cpp.o[0m
[4.160s] [ 29%] [32m[1mLinking CXX shared library librobotiq_2f_85_interfaces__rosidl_typesupport_c.so[0m
[4.213s] [ 29%] Built target robotiq_2f_85_interfaces__rosidl_typesupport_c
[4.563s] running egg_info
[4.564s] creating robotiq_2f_85_interfaces.egg-info
[4.565s] writing robotiq_2f_85_interfaces.egg-info/PKG-INFO
[4.565s] writing dependency_links to robotiq_2f_85_interfaces.egg-info/dependency_links.txt
[4.565s] writing top-level names to robotiq_2f_85_interfaces.egg-info/top_level.txt
[4.565s] writing manifest file 'robotiq_2f_85_interfaces.egg-info/SOURCES.txt'
[4.570s] reading manifest file 'robotiq_2f_85_interfaces.egg-info/SOURCES.txt'
[4.570s] writing manifest file 'robotiq_2f_85_interfaces.egg-info/SOURCES.txt'
[4.604s] [ 29%] Built target ament_cmake_python_build_robotiq_2f_85_interfaces_egg
[4.625s] [ 32%] [34m[1mGenerating C type support for eProsima Fast-RTPS[0m
[4.899s] [ 35%] [32mBuilding CXX object CMakeFiles/robotiq_2f_85_interfaces__rosidl_typesupport_fastrtps_c.dir/rosidl_typesupport_fastrtps_c/robotiq_2f_85_interfaces/srv/detail/robotiq2_f85_gripper_command__type_support_c.cpp.o[0m
[5.364s] [ 38%] [32m[1mLinking CXX shared library librobotiq_2f_85_interfaces__rosidl_typesupport_fastrtps_c.so[0m
[5.446s] [ 38%] Built target robotiq_2f_85_interfaces__rosidl_typesupport_fastrtps_c
[5.477s] [ 41%] [34m[1mGenerating C++ code for ROS interfaces[0m
[5.771s] [ 41%] Built target robotiq_2f_85_interfaces__cpp
[5.794s] [ 45%] [34m[1mGenerating C++ type support for eProsima Fast-RTPS[0m
[6.107s] [ 48%] [32mBuilding CXX object CMakeFiles/robotiq_2f_85_interfaces__rosidl_typesupport_fastrtps_cpp.dir/rosidl_typesupport_fastrtps_cpp/robotiq_2f_85_interfaces/srv/detail/dds_fastrtps/robotiq2_f85_gripper_command__type_support.cpp.o[0m
[6.610s] [ 51%] [32m[1mLinking CXX shared library librobotiq_2f_85_interfaces__rosidl_typesupport_fastrtps_cpp.so[0m
[6.708s] [ 51%] Built target robotiq_2f_85_interfaces__rosidl_typesupport_fastrtps_cpp
[6.723s] [ 54%] [34m[1mGenerating C++ type support dispatch for ROS interfaces[0m
[7.122s] [ 58%] [32mBuilding CXX object CMakeFiles/robotiq_2f_85_interfaces__rosidl_typesupport_cpp.dir/rosidl_typesupport_cpp/robotiq_2f_85_interfaces/srv/robotiq2_f85_gripper_command__type_support.cpp.o[0m
[7.440s] [ 61%] [32m[1mLinking CXX shared library librobotiq_2f_85_interfaces__rosidl_typesupport_cpp.so[0m
[7.507s] [ 61%] Built target robotiq_2f_85_interfaces__rosidl_typesupport_cpp
[7.524s] [ 64%] [34m[1mGenerating C++ introspection for ROS interfaces[0m
[7.810s] [ 67%] [32mBuilding CXX object CMakeFiles/robotiq_2f_85_interfaces__rosidl_typesupport_introspection_cpp.dir/rosidl_typesupport_introspection_cpp/robotiq_2f_85_interfaces/srv/detail/robotiq2_f85_gripper_command__type_support.cpp.o[0m
[8.233s] [ 70%] [32m[1mLinking CXX shared library librobotiq_2f_85_interfaces__rosidl_typesupport_introspection_cpp.so[0m
[8.363s] [ 70%] Built target robotiq_2f_85_interfaces__rosidl_typesupport_introspection_cpp
[8.420s] [ 70%] Built target robotiq_2f_85_interfaces
[8.472s] [ 74%] [34m[1mGenerating Python code for ROS interfaces[0m
[8.914s] [ 74%] Built target robotiq_2f_85_interfaces__py
[8.968s] [ 77%] [32mBuilding C object CMakeFiles/robotiq_2f_85_interfaces__rosidl_generator_py.dir/rosidl_generator_py/robotiq_2f_85_interfaces/srv/_robotiq2_f85_gripper_command_s.c.o[0m
[9.137s] [ 80%] [32m[1mLinking C shared library rosidl_generator_py/robotiq_2f_85_interfaces/librobotiq_2f_85_interfaces__rosidl_generator_py.so[0m
[9.195s] [ 80%] Built target robotiq_2f_85_interfaces__rosidl_generator_py
[9.236s] [ 83%] [32mBuilding C object CMakeFiles/robotiq_2f_85_interfaces__rosidl_typesupport_fastrtps_c__pyext.dir/rosidl_generator_py/robotiq_2f_85_interfaces/_robotiq_2f_85_interfaces_s.ep.rosidl_typesupport_fastrtps_c.c.o[0m
[9.359s] [ 87%] [32m[1mLinking C shared library rosidl_generator_py/robotiq_2f_85_interfaces/robotiq_2f_85_interfaces_s__rosidl_typesupport_fastrtps_c.cpython-310-x86_64-linux-gnu.so[0m
[9.416s] [ 87%] Built target robotiq_2f_85_interfaces__rosidl_typesupport_fastrtps_c__pyext
[9.467s] [ 90%] [32mBuilding C object CMakeFiles/robotiq_2f_85_interfaces__rosidl_typesupport_c__pyext.dir/rosidl_generator_py/robotiq_2f_85_interfaces/_robotiq_2f_85_interfaces_s.ep.rosidl_typesupport_c.c.o[0m
[9.597s] [ 93%] [32m[1mLinking C shared library rosidl_generator_py/robotiq_2f_85_interfaces/robotiq_2f_85_interfaces_s__rosidl_typesupport_c.cpython-310-x86_64-linux-gnu.so[0m
[9.664s] [ 93%] Built target robotiq_2f_85_interfaces__rosidl_typesupport_c__pyext
[9.712s] [ 96%] [32mBuilding C object CMakeFiles/robotiq_2f_85_interfaces__rosidl_typesupport_introspection_c__pyext.dir/rosidl_generator_py/robotiq_2f_85_interfaces/_robotiq_2f_85_interfaces_s.ep.rosidl_typesupport_introspection_c.c.o[0m
[9.841s] [100%] [32m[1mLinking C shared library rosidl_generator_py/robotiq_2f_85_interfaces/robotiq_2f_85_interfaces_s__rosidl_typesupport_introspection_c.cpython-310-x86_64-linux-gnu.so[0m
[9.891s] [100%] Built target robotiq_2f_85_interfaces__rosidl_typesupport_introspection_c__pyext
[9.910s] Invoked command in '/home/xdkazer/Dual_Kuka_LLM_Bachelor/p5_ws/build/robotiq_2f_85_interfaces' returned '0': CMAKE_PREFIX_PATH=${CMAKE_PREFIX_PATH}:/home/xdkazer/P5-Kuka-Dual-Arm/p5_ws/install/yolo_world:/home/xdkazer/P5-Kuka-Dual-Arm/p5_ws/install/robotiq_3f_gripper_ros2_control:/home/xdkazer/P5-Kuka-Dual-Arm/p5_ws/install/robotiq_2f_85_control:/home/xdkazer/P5-Kuka-Dual-Arm/p5_ws/install/object_detector:/home/xdkazer/P5-Kuka-Dual-Arm/p5_ws/install/janise:/home/xdkazer/P5-Kuka-Dual-Arm/p5_ws/install/gui_package:/home/xdkazer/P5-Kuka-Dual-Arm/p5_ws/install/moveit_configs_utils:/home/xdkazer/P5-Kuka-Dual-Arm/p5_ws/install/generate_parameter_library_py:/opt/ros/humble /usr/bin/cmake --build /home/xdkazer/Dual_Kuka_LLM_Bachelor/p5_ws/build/robotiq_2f_85_interfaces -- -j4 -l4
[9.918s] Invoking command in '/home/xdkazer/Dual_Kuka_LLM_Bachelor/p5_ws/build/robotiq_2f_85_interfaces': CMAKE_PREFIX_PATH=${CMAKE_PREFIX_PATH}:/home/xdkazer/P5-Kuka-Dual-Arm/p5_ws/install/yolo_world:/home/xdkazer/P5-Kuka-Dual-Arm/p5_ws/install/robotiq_3f_gripper_ros2_control:/home/xdkazer/P5-Kuka-Dual-Arm/p5_ws/install/robotiq_2f_85_control:/home/xdkazer/P5-Kuka-Dual-Arm/p5_ws/install/object_detector:/home/xdkazer/P5-Kuka-Dual-Arm/p5_ws/install/janise:/home/xdkazer/P5-Kuka-Dual-Arm/p5_ws/install/gui_package:/home/xdkazer/P5-Kuka-Dual-Arm/p5_ws/install/moveit_configs_utils:/home/xdkazer/P5-Kuka-Dual-Arm/p5_ws/install/generate_parameter_library_py:/opt/ros/humble /usr/bin/cmake --install /home/xdkazer/Dual_Kuka_LLM_Bachelor/p5_ws/build/robotiq_2f_85_interfaces
[9.927s] -- Install configuration: "Release"
[9.928s] -- Installing: /home/xdkazer/Dual_Kuka_LLM_Bachelor/p5_ws/install/robotiq_2f_85_interfaces/share/ament_index/resource_index/rosidl_interfaces/robotiq_2f_85_interfaces
[9.928s] -- Installing: /home/xdkazer/Dual_Kuka_LLM_Bachelor/p5_ws/install/robotiq_2f_85_interfaces/include/robotiq_2f_85_interfaces/robotiq_2f_85_interfaces
[9.928s] -- Installing: /home/xdkazer/Dual_Kuka_LLM_Bachelor/p5_ws/install/robotiq_2f_85_interfaces/include/robotiq_2f_85_interfaces/robotiq_2f_85_interfaces/msg
[9.928s] -- Installing: /home/xdkazer/Dual_Kuka_LLM_Bachelor/p5_ws/install/robotiq_2f_85_interfaces/include/robotiq_2f_85_interfaces/robotiq_2f_85_interfaces/msg/rosidl_generator_c__visibility_control.h
[9.929s] -- Installing: /home/xdkazer/Dual_Kuka_LLM_Bachelor/p5_ws/install/robotiq_2f_85_interfaces/include/robotiq_2f_85_interfaces/robotiq_2f_85_interfaces/srv
[9.929s] -- Installing: /home/xdkazer/Dual_Kuka_LLM_Bachelor/p5_ws/install/robotiq_2f_85_interfaces/include/robotiq_2f_85_interfaces/robotiq_2f_85_interfaces/srv/robotiq2_f85_gripper_command.h
[9.929s] -- Installing: /home/xdkazer/Dual_Kuka_LLM_Bachelor/p5_ws/install/robotiq_2f_85_interfaces/include/robotiq_2f_85_interfaces/robotiq_2f_85_interfaces/srv/detail
[9.929s] -- Installing: /home/xdkazer/Dual_Kuka_LLM_Bachelor/p5_ws/install/robotiq_2f_85_interfaces/include/robotiq_2f_85_interfaces/robotiq_2f_85_interfaces/srv/detail/robotiq2_f85_gripper_command__functions.h
[9.930s] -- Installing: /home/xdkazer/Dual_Kuka_LLM_Bachelor/p5_ws/install/robotiq_2f_85_interfaces/include/robotiq_2f_85_interfaces/robotiq_2f_85_interfaces/srv/detail/robotiq2_f85_gripper_command__struct.h
[9.930s] -- Installing: /home/xdkazer/Dual_Kuka_LLM_Bachelor/p5_ws/install/robotiq_2f_85_interfaces/include/robotiq_2f_85_interfaces/robotiq_2f_85_interfaces/srv/detail/robotiq2_f85_gripper_command__type_support.h
[9.930s] -- Installing: /home/xdkazer/Dual_Kuka_LLM_Bachelor/p5_ws/install/robotiq_2f_85_interfaces/include/robotiq_2f_85_interfaces/robotiq_2f_85_interfaces/srv/detail/robotiq2_f85_gripper_command__functions.c
[9.931s] -- Installing: /home/xdkazer/Dual_Kuka_LLM_Bachelor/p5_ws/install/robotiq_2f_85_interfaces/share/robotiq_2f_85_interfaces/environment/library_path.sh
[9.931s] -- Installing: /home/xdkazer/Dual_Kuka_LLM_Bachelor/p5_ws/install/robotiq_2f_85_interfaces/share/robotiq_2f_85_interfaces/environment/library_path.dsv
[9.931s] -- Installing: /home/xdkazer/Dual_Kuka_LLM_Bachelor/p5_ws/install/robotiq_2f_85_interfaces/lib/librobotiq_2f_85_interfaces__rosidl_generator_c.so
[9.932s] -- Set runtime path of "/home/xdkazer/Dual_Kuka_LLM_Bachelor/p5_ws/install/robotiq_2f_85_interfaces/lib/librobotiq_2f_85_interfaces__rosidl_generator_c.so" to ""
[9.932s] -- Up-to-date: /home/xdkazer/Dual_Kuka_LLM_Bachelor/p5_ws/install/robotiq_2f_85_interfaces/include/robotiq_2f_85_interfaces/robotiq_2f_85_interfaces
[9.932s] -- Up-to-date: /home/xdkazer/Dual_Kuka_LLM_Bachelor/p5_ws/install/robotiq_2f_85_interfaces/include/robotiq_2f_85_interfaces/robotiq_2f_85_interfaces/msg
[9.932s] -- Installing: /home/xdkazer/Dual_Kuka_LLM_Bachelor/p5_ws/install/robotiq_2f_85_interfaces/include/robotiq_2f_85_interfaces/robotiq_2f_85_interfaces/msg/rosidl_typesupport_fastrtps_c__visibility_control.h
[9.932s] -- Up-to-date: /home/xdkazer/Dual_Kuka_LLM_Bachelor/p5_ws/install/robotiq_2f_85_interfaces/include/robotiq_2f_85_interfaces/robotiq_2f_85_interfaces/srv
[9.933s] -- Up-to-date: /home/xdkazer/Dual_Kuka_LLM_Bachelor/p5_ws/install/robotiq_2f_85_interfaces/include/robotiq_2f_85_interfaces/robotiq_2f_85_interfaces/srv/detail
[9.933s] -- Installing: /home/xdkazer/Dual_Kuka_LLM_Bachelor/p5_ws/install/robotiq_2f_85_interfaces/include/robotiq_2f_85_interfaces/robotiq_2f_85_interfaces/srv/detail/robotiq2_f85_gripper_command__rosidl_typesupport_fastrtps_c.h
[9.933s] -- Installing: /home/xdkazer/Dual_Kuka_LLM_Bachelor/p5_ws/install/robotiq_2f_85_interfaces/lib/librobotiq_2f_85_interfaces__rosidl_typesupport_fastrtps_c.so
[9.933s] -- Set runtime path of "/home/xdkazer/Dual_Kuka_LLM_Bachelor/p5_ws/install/robotiq_2f_85_interfaces/lib/librobotiq_2f_85_interfaces__rosidl_typesupport_fastrtps_c.so" to ""
[9.933s] -- Up-to-date: /home/xdkazer/Dual_Kuka_LLM_Bachelor/p5_ws/install/robotiq_2f_85_interfaces/include/robotiq_2f_85_interfaces/robotiq_2f_85_interfaces
[9.933s] -- Up-to-date: /home/xdkazer/Dual_Kuka_LLM_Bachelor/p5_ws/install/robotiq_2f_85_interfaces/include/robotiq_2f_85_interfaces/robotiq_2f_85_interfaces/msg
[9.934s] -- Installing: /home/xdkazer/Dual_Kuka_LLM_Bachelor/p5_ws/install/robotiq_2f_85_interfaces/include/robotiq_2f_85_interfaces/robotiq_2f_85_interfaces/msg/rosidl_typesupport_introspection_c__visibility_control.h
[9.934s] -- Up-to-date: /home/xdkazer/Dual_Kuka_LLM_Bachelor/p5_ws/install/robotiq_2f_85_interfaces/include/robotiq_2f_85_interfaces/robotiq_2f_85_interfaces/srv
[9.934s] -- Up-to-date: /home/xdkazer/Dual_Kuka_LLM_Bachelor/p5_ws/install/robotiq_2f_85_interfaces/include/robotiq_2f_85_interfaces/robotiq_2f_85_interfaces/srv/detail
[9.934s] -- Installing: /home/xdkazer/Dual_Kuka_LLM_Bachelor/p5_ws/install/robotiq_2f_85_interfaces/include/robotiq_2f_85_interfaces/robotiq_2f_85_interfaces/srv/detail/robotiq2_f85_gripper_command__rosidl_typesupport_introspection_c.h
[9.934s] -- Installing: /home/xdkazer/Dual_Kuka_LLM_Bachelor/p5_ws/install/robotiq_2f_85_interfaces/include/robotiq_2f_85_interfaces/robotiq_2f_85_interfaces/srv/detail/robotiq2_f85_gripper_command__type_support.c
[9.935s] -- Installing: /home/xdkazer/Dual_Kuka_LLM_Bachelor/p5_ws/install/robotiq_2f_85_interfaces/lib/librobotiq_2f_85_interfaces__rosidl_typesupport_introspection_c.so
[9.935s] -- Set runtime path of "/home/xdkazer/Dual_Kuka_LLM_Bachelor/p5_ws/install/robotiq_2f_85_interfaces/lib/librobotiq_2f_85_interfaces__rosidl_typesupport_introspection_c.so" to ""
[9.935s] -- Installing: /home/xdkazer/Dual_Kuka_LLM_Bachelor/p5_ws/install/robotiq_2f_85_interfaces/lib/librobotiq_2f_85_interfaces__rosidl_typesupport_c.so
[9.935s] -- Set runtime path of "/home/xdkazer/Dual_Kuka_LLM_Bachelor/p5_ws/install/robotiq_2f_85_interfaces/lib/librobotiq_2f_85_interfaces__rosidl_typesupport_c.so" to ""
[9.935s] -- Up-to-date: /home/xdkazer/Dual_Kuka_LLM_Bachelor/p5_ws/install/robotiq_2f_85_interfaces/include/robotiq_2f_85_interfaces/robotiq_2f_85_interfaces
[9.936s] -- Up-to-date: /home/xdkazer/Dual_Kuka_LLM_Bachelor/p5_ws/install/robotiq_2f_85_interfaces/include/robotiq_2f_85_interfaces/robotiq_2f_85_interfaces/srv
[9.936s] -- Up-to-date: /home/xdkazer/Dual_Kuka_LLM_Bachelor/p5_ws/install/robotiq_2f_85_interfaces/include/robotiq_2f_85_interfaces/robotiq_2f_85_interfaces/srv/detail
[9.936s] -- Installing: /home/xdkazer/Dual_Kuka_LLM_Bachelor/p5_ws/install/robotiq_2f_85_interfaces/include/robotiq_2f_85_interfaces/robotiq_2f_85_interfaces/srv/detail/robotiq2_f85_gripper_command__traits.hpp
[9.936s] -- Installing: /home/xdkazer/Dual_Kuka_LLM_Bachelor/p5_ws/install/robotiq_2f_85_interfaces/include/robotiq_2f_85_interfaces/robotiq_2f_85_interfaces/srv/detail/robotiq2_f85_gripper_command__builder.hpp
[9.936s] -- Installing: /home/xdkazer/Dual_Kuka_LLM_Bachelor/p5_ws/install/robotiq_2f_85_interfaces/include/robotiq_2f_85_interfaces/robotiq_2f_85_interfaces/srv/detail/robotiq2_f85_gripper_command__struct.hpp
[9.937s] -- Installing: /home/xdkazer/Dual_Kuka_LLM_Bachelor/p5_ws/install/robotiq_2f_85_interfaces/include/robotiq_2f_85_interfaces/robotiq_2f_85_interfaces/srv/robotiq2_f85_gripper_command.hpp
[9.937s] -- Up-to-date: /home/xdkazer/Dual_Kuka_LLM_Bachelor/p5_ws/install/robotiq_2f_85_interfaces/include/robotiq_2f_85_interfaces/robotiq_2f_85_interfaces
[9.937s] -- Up-to-date: /home/xdkazer/Dual_Kuka_LLM_Bachelor/p5_ws/install/robotiq_2f_85_interfaces/include/robotiq_2f_85_interfaces/robotiq_2f_85_interfaces/msg
[9.937s] -- Installing: /home/xdkazer/Dual_Kuka_LLM_Bachelor/p5_ws/install/robotiq_2f_85_interfaces/include/robotiq_2f_85_interfaces/robotiq_2f_85_interfaces/msg/rosidl_typesupport_fastrtps_cpp__visibility_control.h
[9.937s] -- Up-to-date: /home/xdkazer/Dual_Kuka_LLM_Bachelor/p5_ws/install/robotiq_2f_85_interfaces/include/robotiq_2f_85_interfaces/robotiq_2f_85_interfaces/srv
[9.937s] -- Up-to-date: /home/xdkazer/Dual_Kuka_LLM_Bachelor/p5_ws/install/robotiq_2f_85_interfaces/include/robotiq_2f_85_interfaces/robotiq_2f_85_interfaces/srv/detail
[9.937s] -- Installing: /home/xdkazer/Dual_Kuka_LLM_Bachelor/p5_ws/install/robotiq_2f_85_interfaces/include/robotiq_2f_85_interfaces/robotiq_2f_85_interfaces/srv/detail/robotiq2_f85_gripper_command__rosidl_typesupport_fastrtps_cpp.hpp
[9.937s] -- Installing: /home/xdkazer/Dual_Kuka_LLM_Bachelor/p5_ws/install/robotiq_2f_85_interfaces/include/robotiq_2f_85_interfaces/robotiq_2f_85_interfaces/srv/detail/dds_fastrtps
[9.938s] -- Installing: /home/xdkazer/Dual_Kuka_LLM_Bachelor/p5_ws/install/robotiq_2f_85_interfaces/lib/librobotiq_2f_85_interfaces__rosidl_typesupport_fastrtps_cpp.so
[9.938s] -- Set runtime path of "/home/xdkazer/Dual_Kuka_LLM_Bachelor/p5_ws/install/robotiq_2f_85_interfaces/lib/librobotiq_2f_85_interfaces__rosidl_typesupport_fastrtps_cpp.so" to ""
[9.938s] -- Up-to-date: /home/xdkazer/Dual_Kuka_LLM_Bachelor/p5_ws/install/robotiq_2f_85_interfaces/include/robotiq_2f_85_interfaces/robotiq_2f_85_interfaces
[9.939s] -- Up-to-date: /home/xdkazer/Dual_Kuka_LLM_Bachelor/p5_ws/install/robotiq_2f_85_interfaces/include/robotiq_2f_85_interfaces/robotiq_2f_85_interfaces/srv
[9.939s] -- Up-to-date: /home/xdkazer/Dual_Kuka_LLM_Bachelor/p5_ws/install/robotiq_2f_85_interfaces/include/robotiq_2f_85_interfaces/robotiq_2f_85_interfaces/srv/detail
[9.939s] -- Installing: /home/xdkazer/Dual_Kuka_LLM_Bachelor/p5_ws/install/robotiq_2f_85_interfaces/include/robotiq_2f_85_interfaces/robotiq_2f_85_interfaces/srv/detail/robotiq2_f85_gripper_command__rosidl_typesupport_introspection_cpp.hpp
[9.939s] -- Installing: /home/xdkazer/Dual_Kuka_LLM_Bachelor/p5_ws/install/robotiq_2f_85_interfaces/include/robotiq_2f_85_interfaces/robotiq_2f_85_interfaces/srv/detail/robotiq2_f85_gripper_command__type_support.cpp
[9.940s] -- Installing: /home/xdkazer/Dual_Kuka_LLM_Bachelor/p5_ws/install/robotiq_2f_85_interfaces/lib/librobotiq_2f_85_interfaces__rosidl_typesupport_introspection_cpp.so
[9.940s] -- Set runtime path of "/home/xdkazer/Dual_Kuka_LLM_Bachelor/p5_ws/install/robotiq_2f_85_interfaces/lib/librobotiq_2f_85_interfaces__rosidl_typesupport_introspection_cpp.so" to ""
[9.940s] -- Installing: /home/xdkazer/Dual_Kuka_LLM_Bachelor/p5_ws/install/robotiq_2f_85_interfaces/lib/librobotiq_2f_85_interfaces__rosidl_typesupport_cpp.so
[9.940s] -- Set runtime path of "/home/xdkazer/Dual_Kuka_LLM_Bachelor/p5_ws/install/robotiq_2f_85_interfaces/lib/librobotiq_2f_85_interfaces__rosidl_typesupport_cpp.so" to ""
[9.940s] -- Installing: /home/xdkazer/Dual_Kuka_LLM_Bachelor/p5_ws/install/robotiq_2f_85_interfaces/share/robotiq_2f_85_interfaces/environment/pythonpath.sh
[9.941s] -- Installing: /home/xdkazer/Dual_Kuka_LLM_Bachelor/p5_ws/install/robotiq_2f_85_interfaces/share/robotiq_2f_85_interfaces/environment/pythonpath.dsv
[9.941s] -- Installing: /home/xdkazer/Dual_Kuka_LLM_Bachelor/p5_ws/install/robotiq_2f_85_interfaces/local/lib/python3.10/dist-packages/robotiq_2f_85_interfaces-0.0.0-py3.10.egg-info
[9.941s] -- Installing: /home/xdkazer/Dual_Kuka_LLM_Bachelor/p5_ws/install/robotiq_2f_85_interfaces/local/lib/python3.10/dist-packages/robotiq_2f_85_interfaces-0.0.0-py3.10.egg-info/SOURCES.txt
[9.941s] -- Installing: /home/xdkazer/Dual_Kuka_LLM_Bachelor/p5_ws/install/robotiq_2f_85_interfaces/local/lib/python3.10/dist-packages/robotiq_2f_85_interfaces-0.0.0-py3.10.egg-info/top_level.txt
[9.941s] -- Installing: /home/xdkazer/Dual_Kuka_LLM_Bachelor/p5_ws/install/robotiq_2f_85_interfaces/local/lib/python3.10/dist-packages/robotiq_2f_85_interfaces-0.0.0-py3.10.egg-info/PKG-INFO
[9.942s] -- Installing: /home/xdkazer/Dual_Kuka_LLM_Bachelor/p5_ws/install/robotiq_2f_85_interfaces/local/lib/python3.10/dist-packages/robotiq_2f_85_interfaces-0.0.0-py3.10.egg-info/dependency_links.txt
[9.942s] -- Installing: /home/xdkazer/Dual_Kuka_LLM_Bachelor/p5_ws/install/robotiq_2f_85_interfaces/local/lib/python3.10/dist-packages/robotiq_2f_85_interfaces
[9.942s] -- Installing: /home/xdkazer/Dual_Kuka_LLM_Bachelor/p5_ws/install/robotiq_2f_85_interfaces/local/lib/python3.10/dist-packages/robotiq_2f_85_interfaces/robotiq_2f_85_interfaces_s__rosidl_typesupport_introspection_c.cpython-310-x86_64-linux-gnu.so
[9.942s] -- Installing: /home/xdkazer/Dual_Kuka_LLM_Bachelor/p5_ws/install/robotiq_2f_85_interfaces/local/lib/python3.10/dist-packages/robotiq_2f_85_interfaces/_robotiq_2f_85_interfaces_s.ep.rosidl_typesupport_introspection_c.c
[9.942s] -- Installing: /home/xdkazer/Dual_Kuka_LLM_Bachelor/p5_ws/install/robotiq_2f_85_interfaces/local/lib/python3.10/dist-packages/robotiq_2f_85_interfaces/__init__.py
[9.942s] -- Installing: /home/xdkazer/Dual_Kuka_LLM_Bachelor/p5_ws/install/robotiq_2f_85_interfaces/local/lib/python3.10/dist-packages/robotiq_2f_85_interfaces/robotiq_2f_85_interfaces_s__rosidl_typesupport_fastrtps_c.cpython-310-x86_64-linux-gnu.so
[9.943s] -- Installing: /home/xdkazer/Dual_Kuka_LLM_Bachelor/p5_ws/install/robotiq_2f_85_interfaces/local/lib/python3.10/dist-packages/robotiq_2f_85_interfaces/robotiq_2f_85_interfaces_s__rosidl_typesupport_c.cpython-310-x86_64-linux-gnu.so
[9.943s] -- Installing: /home/xdkazer/Dual_Kuka_LLM_Bachelor/p5_ws/install/robotiq_2f_85_interfaces/local/lib/python3.10/dist-packages/robotiq_2f_85_interfaces/librobotiq_2f_85_interfaces__rosidl_generator_py.so
[9.943s] -- Installing: /home/xdkazer/Dual_Kuka_LLM_Bachelor/p5_ws/install/robotiq_2f_85_interfaces/local/lib/python3.10/dist-packages/robotiq_2f_85_interfaces/_robotiq_2f_85_interfaces_s.ep.rosidl_typesupport_fastrtps_c.c
[9.943s] -- Installing: /home/xdkazer/Dual_Kuka_LLM_Bachelor/p5_ws/install/robotiq_2f_85_interfaces/local/lib/python3.10/dist-packages/robotiq_2f_85_interfaces/srv
[9.943s] -- Installing: /home/xdkazer/Dual_Kuka_LLM_Bachelor/p5_ws/install/robotiq_2f_85_interfaces/local/lib/python3.10/dist-packages/robotiq_2f_85_interfaces/srv/_robotiq2_f85_gripper_command_s.c
[9.943s] -- Installing: /home/xdkazer/Dual_Kuka_LLM_Bachelor/p5_ws/install/robotiq_2f_85_interfaces/local/lib/python3.10/dist-packages/robotiq_2f_85_interfaces/srv/__init__.py
[9.944s] -- Installing: /home/xdkazer/Dual_Kuka_LLM_Bachelor/p5_ws/install/robotiq_2f_85_interfaces/local/lib/python3.10/dist-packages/robotiq_2f_85_interfaces/srv/_robotiq2_f85_gripper_command.py
[9.944s] -- Installing: /home/xdkazer/Dual_Kuka_LLM_Bachelor/p5_ws/install/robotiq_2f_85_interfaces/local/lib/python3.10/dist-packages/robotiq_2f_85_interfaces/_robotiq_2f_85_interfaces_s.ep.rosidl_typesupport_c.c
[9.982s] Listing '/home/xdkazer/Dual_Kuka_LLM_Bachelor/p5_ws/install/robotiq_2f_85_interfaces/local/lib/python3.10/dist-packages/robotiq_2f_85_interfaces'...
[9.983s] Compiling '/home/xdkazer/Dual_Kuka_LLM_Bachelor/p5_ws/install/robotiq_2f_85_interfaces/local/lib/python3.10/dist-packages/robotiq_2f_85_interfaces/__init__.py'...
[9.983s] Listing '/home/xdkazer/Dual_Kuka_LLM_Bachelor/p5_ws/install/robotiq_2f_85_interfaces/local/lib/python3.10/dist-packages/robotiq_2f_85_interfaces/srv'...
[9.983s] Compiling '/home/xdkazer/Dual_Kuka_LLM_Bachelor/p5_ws/install/robotiq_2f_85_interfaces/local/lib/python3.10/dist-packages/robotiq_2f_85_interfaces/srv/__init__.py'...
[9.983s] Compiling '/home/xdkazer/Dual_Kuka_LLM_Bachelor/p5_ws/install/robotiq_2f_85_interfaces/local/lib/python3.10/dist-packages/robotiq_2f_85_interfaces/srv/_robotiq2_f85_gripper_command.py'...
[9.989s] -- Installing: /home/xdkazer/Dual_Kuka_LLM_Bachelor/p5_ws/install/robotiq_2f_85_interfaces/local/lib/python3.10/dist-packages/robotiq_2f_85_interfaces/robotiq_2f_85_interfaces_s__rosidl_typesupport_fastrtps_c.cpython-310-x86_64-linux-gnu.so
[9.990s] -- Set runtime path of "/home/xdkazer/Dual_Kuka_LLM_Bachelor/p5_ws/install/robotiq_2f_85_interfaces/local/lib/python3.10/dist-packages/robotiq_2f_85_interfaces/robotiq_2f_85_interfaces_s__rosidl_typesupport_fastrtps_c.cpython-310-x86_64-linux-gnu.so" to ""
[9.990s] -- Installing: /home/xdkazer/Dual_Kuka_LLM_Bachelor/p5_ws/install/robotiq_2f_85_interfaces/local/lib/python3.10/dist-packages/robotiq_2f_85_interfaces/robotiq_2f_85_interfaces_s__rosidl_typesupport_introspection_c.cpython-310-x86_64-linux-gnu.so
[9.991s] -- Set runtime path of "/home/xdkazer/Dual_Kuka_LLM_Bachelor/p5_ws/install/robotiq_2f_85_interfaces/local/lib/python3.10/dist-packages/robotiq_2f_85_interfaces/robotiq_2f_85_interfaces_s__rosidl_typesupport_introspection_c.cpython-310-x86_64-linux-gnu.so" to ""
[9.991s] -- Installing: /home/xdkazer/Dual_Kuka_LLM_Bachelor/p5_ws/install/robotiq_2f_85_interfaces/local/lib/python3.10/dist-packages/robotiq_2f_85_interfaces/robotiq_2f_85_interfaces_s__rosidl_typesupport_c.cpython-310-x86_64-linux-gnu.so
[9.991s] -- Set runtime path of "/home/xdkazer/Dual_Kuka_LLM_Bachelor/p5_ws/install/robotiq_2f_85_interfaces/local/lib/python3.10/dist-packages/robotiq_2f_85_interfaces/robotiq_2f_85_interfaces_s__rosidl_typesupport_c.cpython-310-x86_64-linux-gnu.so" to ""
[9.992s] -- Installing: /home/xdkazer/Dual_Kuka_LLM_Bachelor/p5_ws/install/robotiq_2f_85_interfaces/lib/librobotiq_2f_85_interfaces__rosidl_generator_py.so
[9.993s] -- Set runtime path of "/home/xdkazer/Dual_Kuka_LLM_Bachelor/p5_ws/install/robotiq_2f_85_interfaces/lib/librobotiq_2f_85_interfaces__rosidl_generator_py.so" to ""
[9.993s] -- Installing: /home/xdkazer/Dual_Kuka_LLM_Bachelor/p5_ws/install/robotiq_2f_85_interfaces/share/robotiq_2f_85_interfaces/srv/Robotiq2F85GripperCommand.idl
[9.993s] -- Installing: /home/xdkazer/Dual_Kuka_LLM_Bachelor/p5_ws/install/robotiq_2f_85_interfaces/share/robotiq_2f_85_interfaces/srv/Robotiq2F85GripperCommand.srv
[9.993s] -- Installing: /home/xdkazer/Dual_Kuka_LLM_Bachelor/p5_ws/install/robotiq_2f_85_interfaces/share/robotiq_2f_85_interfaces/srv/Robotiq2F85GripperCommand_Request.msg
[9.994s] -- Installing: /home/xdkazer/Dual_Kuka_LLM_Bachelor/p5_ws/install/robotiq_2f_85_interfaces/share/robotiq_2f_85_interfaces/srv/Robotiq2F85GripperCommand_Response.msg
[9.994s] -- Installing: /home/xdkazer/Dual_Kuka_LLM_Bachelor/p5_ws/install/robotiq_2f_85_interfaces/share/ament_index/resource_index/package_run_dependencies/robotiq_2f_85_interfaces
[9.994s] -- Installing: /home/xdkazer/Dual_Kuka_LLM_Bachelor/p5_ws/install/robotiq_2f_85_interfaces/share/ament_index/resource_index/parent_prefix_path/robotiq_2f_85_interfaces
[9.995s] -- Installing: /home/xdkazer/Dual_Kuka_LLM_Bachelor/p5_ws/install/robotiq_2f_85_interfaces/share/robotiq_2f_85_interfaces/environment/ament_prefix_path.sh
[9.995s] -- Installing: /home/xdkazer/Dual_Kuka_LLM_Bachelor/p5_ws/install/robotiq_2f_85_interfaces/share/robotiq_2f_85_interfaces/environment/ament_prefix_path.dsv
[9.995s] -- Installing: /home/xdkazer/Dual_Kuka_LLM_Bachelor/p5_ws/install/robotiq_2f_85_interfaces/share/robotiq_2f_85_interfaces/environment/path.sh
[9.995s] -- Installing: /home/xdkazer/Dual_Kuka_LLM_Bachelor/p5_ws/install/robotiq_2f_85_interfaces/share/robotiq_2f_85_interfaces/environment/path.dsv
[9.996s] -- Installing: /home/xdkazer/Dual_Kuka_LLM_Bachelor/p5_ws/install/robotiq_2f_85_interfaces/share/robotiq_2f_85_interfaces/local_setup.bash
[9.996s] -- Installing: /home/xdkazer/Dual_Kuka_LLM_Bachelor/p5_ws/install/robotiq_2f_85_interfaces/share/robotiq_2f_85_interfaces/local_setup.sh
[9.996s] -- Installing: /home/xdkazer/Dual_Kuka_LLM_Bachelor/p5_ws/install/robotiq_2f_85_interfaces/share/robotiq_2f_85_interfaces/local_setup.zsh
[9.997s] -- Installing: /home/xdkazer/Dual_Kuka_LLM_Bachelor/p5_ws/install/robotiq_2f_85_interfaces/share/robotiq_2f_85_interfaces/local_setup.dsv
[9.997s] -- Installing: /home/xdkazer/Dual_Kuka_LLM_Bachelor/p5_ws/install/robotiq_2f_85_interfaces/share/robotiq_2f_85_interfaces/package.dsv
[9.997s] -- Installing: /home/xdkazer/Dual_Kuka_LLM_Bachelor/p5_ws/install/robotiq_2f_85_interfaces/share/ament_index/resource_index/packages/robotiq_2f_85_interfaces
[9.997s] -- Installing: /home/xdkazer/Dual_Kuka_LLM_Bachelor/p5_ws/install/robotiq_2f_85_interfaces/share/robotiq_2f_85_interfaces/cmake/export_robotiq_2f_85_interfaces__rosidl_generator_cExport.cmake
[9.998s] -- Installing: /home/xdkazer/Dual_Kuka_LLM_Bachelor/p5_ws/install/robotiq_2f_85_interfaces/share/robotiq_2f_85_interfaces/cmake/export_robotiq_2f_85_interfaces__rosidl_generator_cExport-release.cmake
[9.998s] -- Installing: /home/xdkazer/Dual_Kuka_LLM_Bachelor/p5_ws/install/robotiq_2f_85_interfaces/share/robotiq_2f_85_interfaces/cmake/export_robotiq_2f_85_interfaces__rosidl_typesupport_fastrtps_cExport.cmake
[9.998s] -- Installing: /home/xdkazer/Dual_Kuka_LLM_Bachelor/p5_ws/install/robotiq_2f_85_interfaces/share/robotiq_2f_85_interfaces/cmake/export_robotiq_2f_85_interfaces__rosidl_typesupport_fastrtps_cExport-release.cmake
[9.998s] -- Installing: /home/xdkazer/Dual_Kuka_LLM_Bachelor/p5_ws/install/robotiq_2f_85_interfaces/share/robotiq_2f_85_interfaces/cmake/robotiq_2f_85_interfaces__rosidl_typesupport_introspection_cExport.cmake
[9.999s] -- Installing: /home/xdkazer/Dual_Kuka_LLM_Bachelor/p5_ws/install/robotiq_2f_85_interfaces/share/robotiq_2f_85_interfaces/cmake/robotiq_2f_85_interfaces__rosidl_typesupport_introspection_cExport-release.cmake
[9.999s] -- Installing: /home/xdkazer/Dual_Kuka_LLM_Bachelor/p5_ws/install/robotiq_2f_85_interfaces/share/robotiq_2f_85_interfaces/cmake/robotiq_2f_85_interfaces__rosidl_typesupport_cExport.cmake
[10.000s] -- Installing: /home/xdkazer/Dual_Kuka_LLM_Bachelor/p5_ws/install/robotiq_2f_85_interfaces/share/robotiq_2f_85_interfaces/cmake/robotiq_2f_85_interfaces__rosidl_typesupport_cExport-release.cmake
[10.000s] -- Installing: /home/xdkazer/Dual_Kuka_LLM_Bachelor/p5_ws/install/robotiq_2f_85_interfaces/share/robotiq_2f_85_interfaces/cmake/export_robotiq_2f_85_interfaces__rosidl_generator_cppExport.cmake
[10.000s] -- Installing: /home/xdkazer/Dual_Kuka_LLM_Bachelor/p5_ws/install/robotiq_2f_85_interfaces/share/robotiq_2f_85_interfaces/cmake/export_robotiq_2f_85_interfaces__rosidl_typesupport_fastrtps_cppExport.cmake
[10.001s] -- Installing: /home/xdkazer/Dual_Kuka_LLM_Bachelor/p5_ws/install/robotiq_2f_85_interfaces/share/robotiq_2f_85_interfaces/cmake/export_robotiq_2f_85_interfaces__rosidl_typesupport_fastrtps_cppExport-release.cmake
[10.002s] -- Installing: /home/xdkazer/Dual_Kuka_LLM_Bachelor/p5_ws/install/robotiq_2f_85_interfaces/share/robotiq_2f_85_interfaces/cmake/robotiq_2f_85_interfaces__rosidl_typesupport_introspection_cppExport.cmake
[10.002s] -- Installing: /home/xdkazer/Dual_Kuka_LLM_Bachelor/p5_ws/install/robotiq_2f_85_interfaces/share/robotiq_2f_85_interfaces/cmake/robotiq_2f_85_interfaces__rosidl_typesupport_introspection_cppExport-release.cmake
[10.002s] -- Installing: /home/xdkazer/Dual_Kuka_LLM_Bachelor/p5_ws/install/robotiq_2f_85_interfaces/share/robotiq_2f_85_interfaces/cmake/robotiq_2f_85_interfaces__rosidl_typesupport_cppExport.cmake
[10.003s] -- Installing: /home/xdkazer/Dual_Kuka_LLM_Bachelor/p5_ws/install/robotiq_2f_85_interfaces/share/robotiq_2f_85_interfaces/cmake/robotiq_2f_85_interfaces__rosidl_typesupport_cppExport-release.cmake
[10.003s] -- Installing: /home/xdkazer/Dual_Kuka_LLM_Bachelor/p5_ws/install/robotiq_2f_85_interfaces/share/robotiq_2f_85_interfaces/cmake/export_robotiq_2f_85_interfaces__rosidl_generator_pyExport.cmake
[10.003s] -- Installing: /home/xdkazer/Dual_Kuka_LLM_Bachelor/p5_ws/install/robotiq_2f_85_interfaces/share/robotiq_2f_85_interfaces/cmake/export_robotiq_2f_85_interfaces__rosidl_generator_pyExport-release.cmake
[10.003s] -- Installing: /home/xdkazer/Dual_Kuka_LLM_Bachelor/p5_ws/install/robotiq_2f_85_interfaces/share/robotiq_2f_85_interfaces/cmake/rosidl_cmake-extras.cmake
[10.004s] -- Installing: /home/xdkazer/Dual_Kuka_LLM_Bachelor/p5_ws/install/robotiq_2f_85_interfaces/share/robotiq_2f_85_interfaces/cmake/ament_cmake_export_include_directories-extras.cmake
[10.004s] -- Installing: /home/xdkazer/Dual_Kuka_LLM_Bachelor/p5_ws/install/robotiq_2f_85_interfaces/share/robotiq_2f_85_interfaces/cmake/ament_cmake_export_libraries-extras.cmake
[10.004s] -- Installing: /home/xdkazer/Dual_Kuka_LLM_Bachelor/p5_ws/install/robotiq_2f_85_interfaces/share/robotiq_2f_85_interfaces/cmake/ament_cmake_export_targets-extras.cmake
[10.004s] -- Installing: /home/xdkazer/Dual_Kuka_LLM_Bachelor/p5_ws/install/robotiq_2f_85_interfaces/share/robotiq_2f_85_interfaces/cmake/rosidl_cmake_export_typesupport_targets-extras.cmake
[10.004s] -- Installing: /home/xdkazer/Dual_Kuka_LLM_Bachelor/p5_ws/install/robotiq_2f_85_interfaces/share/robotiq_2f_85_interfaces/cmake/ament_cmake_export_dependencies-extras.cmake
[10.005s] -- Installing: /home/xdkazer/Dual_Kuka_LLM_Bachelor/p5_ws/install/robotiq_2f_85_interfaces/share/robotiq_2f_85_interfaces/cmake/rosidl_cmake_export_typesupport_libraries-extras.cmake
[10.005s] -- Installing: /home/xdkazer/Dual_Kuka_LLM_Bachelor/p5_ws/install/robotiq_2f_85_interfaces/share/robotiq_2f_85_interfaces/cmake/robotiq_2f_85_interfacesConfig.cmake
[10.005s] -- Installing: /home/xdkazer/Dual_Kuka_LLM_Bachelor/p5_ws/install/robotiq_2f_85_interfaces/share/robotiq_2f_85_interfaces/cmake/robotiq_2f_85_interfacesConfig-version.cmake
[10.005s] -- Installing: /home/xdkazer/Dual_Kuka_LLM_Bachelor/p5_ws/install/robotiq_2f_85_interfaces/share/robotiq_2f_85_interfaces/package.xml
[10.009s] Invoked command in '/home/xdkazer/Dual_Kuka_LLM_Bachelor/p5_ws/build/robotiq_2f_85_interfaces' returned '0': CMAKE_PREFIX_PATH=${CMAKE_PREFIX_PATH}:/home/xdkazer/P5-Kuka-Dual-Arm/p5_ws/install/yolo_world:/home/xdkazer/P5-Kuka-Dual-Arm/p5_ws/install/robotiq_3f_gripper_ros2_control:/home/xdkazer/P5-Kuka-Dual-Arm/p5_ws/install/robotiq_2f_85_control:/home/xdkazer/P5-Kuka-Dual-Arm/p5_ws/install/object_detector:/home/xdkazer/P5-Kuka-Dual-Arm/p5_ws/install/janise:/home/xdkazer/P5-Kuka-Dual-Arm/p5_ws/install/gui_package:/home/xdkazer/P5-Kuka-Dual-Arm/p5_ws/install/moveit_configs_utils:/home/xdkazer/P5-Kuka-Dual-Arm/p5_ws/install/generate_parameter_library_py:/opt/ros/humble /usr/bin/cmake --install /home/xdkazer/Dual_Kuka_LLM_Bachelor/p5_ws/build/robotiq_2f_85_interfaces
