[0.347s] Invoking command in '/home/xdkazer/Dual_Kuka_LLM_Bachelor/p5_ws/build/parameter_traits': CMAKE_PREFIX_PATH=${CMAKE_PREFIX_PATH}:/home/xdkazer/P5-Kuka-Dual-Arm/p5_ws/install/yolo_world:/home/xdkazer/P5-Kuka-Dual-Arm/p5_ws/install/robotiq_3f_gripper_ros2_control:/home/xdkazer/P5-Kuka-Dual-Arm/p5_ws/install/robotiq_2f_85_control:/home/xdkazer/P5-Kuka-Dual-Arm/p5_ws/install/object_detector:/home/xdkazer/P5-Kuka-Dual-Arm/p5_ws/install/janise:/home/xdkazer/P5-Kuka-Dual-Arm/p5_ws/install/gui_package:/home/xdkazer/P5-Kuka-Dual-Arm/p5_ws/install/moveit_configs_utils:/home/xdkazer/P5-Kuka-Dual-Arm/p5_ws/install/generate_parameter_library_py:/opt/ros/humble /usr/bin/cmake /home/xdkazer/Dual_Kuka_LLM_Bachelor/p5_ws/src/moveit/generate_parameter_library/parameter_traits -DCMAKE_BUILD_TYPE=Release -DCMAKE_INSTALL_PREFIX=/home/xdkazer/Dual_Kuka_LLM_Bachelor/p5_ws/install/parameter_traits
[0.667s] -- The C compiler identification is GNU 11.4.0
[0.780s] -- The CXX compiler identification is GNU 11.4.0
[0.808s] -- Detecting C compiler ABI info
[0.918s] -- Detecting C compiler ABI info - done
[0.927s] -- Check for working C compiler: /usr/bin/cc - skipped
[0.928s] -- Detecting C compile features
[0.930s] -- Detecting C compile features - done
[0.939s] -- Detecting CXX compiler ABI info
[1.113s] -- Detecting CXX compiler ABI info - done
[1.114s] -- Check for working CXX compiler: /usr/bin/c++ - skipped
[1.114s] -- Detecting CXX compile features
[1.123s] -- Detecting CXX compile features - done
[1.123s] -- Found ament_cmake: 1.3.10 (/opt/ros/humble/share/ament_cmake/cmake)
[1.325s] -- Found Python3: /usr/bin/python3 (found version "3.10.12") found components: Interpreter 
[1.561s] -- Found rclcpp: 16.0.10 (/opt/ros/humble/share/rclcpp/cmake)
[1.720s] -- Found rosidl_generator_c: 3.1.5 (/opt/ros/humble/share/rosidl_generator_c/cmake)
[1.720s] -- Found rosidl_adapter: 3.1.5 (/opt/ros/humble/share/rosidl_adapter/cmake)
[1.739s] -- Found rosidl_generator_cpp: 3.1.5 (/opt/ros/humble/share/rosidl_generator_cpp/cmake)
[1.789s] -- Using all available rosidl_typesupport_c: rosidl_typesupport_fastrtps_c;rosidl_typesupport_introspection_c
[1.841s] -- Using all available rosidl_typesupport_cpp: rosidl_typesupport_fastrtps_cpp;rosidl_typesupport_introspection_cpp
[2.028s] -- Found rmw_implementation_cmake: 6.1.2 (/opt/ros/humble/share/rmw_implementation_cmake/cmake)
[2.040s] -- Found rmw_fastrtps_cpp: 6.2.7 (/opt/ros/humble/share/rmw_fastrtps_cpp/cmake)
[2.322s] -- Found OpenSSL: /usr/lib/x86_64-linux-gnu/libcrypto.so (found version "3.0.2")  
[2.362s] -- Found FastRTPS: /opt/ros/humble/include  
[2.421s] -- Using RMW implementation 'rmw_fastrtps_cpp' as default
[2.454s] -- Looking for pthread.h
[2.609s] -- Looking for pthread.h - found
[2.609s] -- Performing Test CMAKE_HAVE_LIBC_PTHREAD
[2.737s] -- Performing Test CMAKE_HAVE_LIBC_PTHREAD - Success
[2.739s] -- Found Threads: TRUE  
[2.906s] -- Found tcb_span: 1.0.2 (/opt/ros/humble/share/tcb_span/cmake)
[2.914s] -- Found tl_expected: 1.0.2 (/opt/ros/humble/share/tl_expected/cmake)
[2.926s] -- Found ament_lint_auto: 0.12.11 (/opt/ros/humble/share/ament_lint_auto/cmake)
[3.088s] -- Added test 'copyright' to check source files copyright and LICENSE
[3.092s] -- Added test 'cppcheck' to perform static code analysis on C / C++ code
[3.092s] -- Configured cppcheck include dirs: $<BUILD_INTERFACE:/home/xdkazer/Dual_Kuka_LLM_Bachelor/p5_ws/src/moveit/generate_parameter_library/parameter_traits/include>
[3.092s] -- Configured cppcheck exclude dirs and/or files: 
[3.094s] -- Added test 'lint_cmake' to check CMake code style
[3.097s] -- Added test 'xmllint' to check XML markup files
[3.103s] -- Configuring done
[3.108s] -- Generating done
[3.113s] -- Build files have been written to: /home/xdkazer/Dual_Kuka_LLM_Bachelor/p5_ws/build/parameter_traits
[3.125s] Invoked command in '/home/xdkazer/Dual_Kuka_LLM_Bachelor/p5_ws/build/parameter_traits' returned '0': CMAKE_PREFIX_PATH=${CMAKE_PREFIX_PATH}:/home/xdkazer/P5-Kuka-Dual-Arm/p5_ws/install/yolo_world:/home/xdkazer/P5-Kuka-Dual-Arm/p5_ws/install/robotiq_3f_gripper_ros2_control:/home/xdkazer/P5-Kuka-Dual-Arm/p5_ws/install/robotiq_2f_85_control:/home/xdkazer/P5-Kuka-Dual-Arm/p5_ws/install/object_detector:/home/xdkazer/P5-Kuka-Dual-Arm/p5_ws/install/janise:/home/xdkazer/P5-Kuka-Dual-Arm/p5_ws/install/gui_package:/home/xdkazer/P5-Kuka-Dual-Arm/p5_ws/install/moveit_configs_utils:/home/xdkazer/P5-Kuka-Dual-Arm/p5_ws/install/generate_parameter_library_py:/opt/ros/humble /usr/bin/cmake /home/xdkazer/Dual_Kuka_LLM_Bachelor/p5_ws/src/moveit/generate_parameter_library/parameter_traits -DCMAKE_BUILD_TYPE=Release -DCMAKE_INSTALL_PREFIX=/home/xdkazer/Dual_Kuka_LLM_Bachelor/p5_ws/install/parameter_traits
[3.131s] Invoking command in '/home/xdkazer/Dual_Kuka_LLM_Bachelor/p5_ws/build/parameter_traits': CMAKE_PREFIX_PATH=${CMAKE_PREFIX_PATH}:/home/xdkazer/P5-Kuka-Dual-Arm/p5_ws/install/yolo_world:/home/xdkazer/P5-Kuka-Dual-Arm/p5_ws/install/robotiq_3f_gripper_ros2_control:/home/xdkazer/P5-Kuka-Dual-Arm/p5_ws/install/robotiq_2f_85_control:/home/xdkazer/P5-Kuka-Dual-Arm/p5_ws/install/object_detector:/home/xdkazer/P5-Kuka-Dual-Arm/p5_ws/install/janise:/home/xdkazer/P5-Kuka-Dual-Arm/p5_ws/install/gui_package:/home/xdkazer/P5-Kuka-Dual-Arm/p5_ws/install/moveit_configs_utils:/home/xdkazer/P5-Kuka-Dual-Arm/p5_ws/install/generate_parameter_library_py:/opt/ros/humble /usr/bin/cmake --build /home/xdkazer/Dual_Kuka_LLM_Bachelor/p5_ws/build/parameter_traits -- -j4 -l4
[3.198s] Invoked command in '/home/xdkazer/Dual_Kuka_LLM_Bachelor/p5_ws/build/parameter_traits' returned '0': CMAKE_PREFIX_PATH=${CMAKE_PREFIX_PATH}:/home/xdkazer/P5-Kuka-Dual-Arm/p5_ws/install/yolo_world:/home/xdkazer/P5-Kuka-Dual-Arm/p5_ws/install/robotiq_3f_gripper_ros2_control:/home/xdkazer/P5-Kuka-Dual-Arm/p5_ws/install/robotiq_2f_85_control:/home/xdkazer/P5-Kuka-Dual-Arm/p5_ws/install/object_detector:/home/xdkazer/P5-Kuka-Dual-Arm/p5_ws/install/janise:/home/xdkazer/P5-Kuka-Dual-Arm/p5_ws/install/gui_package:/home/xdkazer/P5-Kuka-Dual-Arm/p5_ws/install/moveit_configs_utils:/home/xdkazer/P5-Kuka-Dual-Arm/p5_ws/install/generate_parameter_library_py:/opt/ros/humble /usr/bin/cmake --build /home/xdkazer/Dual_Kuka_LLM_Bachelor/p5_ws/build/parameter_traits -- -j4 -l4
[3.199s] Invoking command in '/home/xdkazer/Dual_Kuka_LLM_Bachelor/p5_ws/build/parameter_traits': CMAKE_PREFIX_PATH=${CMAKE_PREFIX_PATH}:/home/xdkazer/P5-Kuka-Dual-Arm/p5_ws/install/yolo_world:/home/xdkazer/P5-Kuka-Dual-Arm/p5_ws/install/robotiq_3f_gripper_ros2_control:/home/xdkazer/P5-Kuka-Dual-Arm/p5_ws/install/robotiq_2f_85_control:/home/xdkazer/P5-Kuka-Dual-Arm/p5_ws/install/object_detector:/home/xdkazer/P5-Kuka-Dual-Arm/p5_ws/install/janise:/home/xdkazer/P5-Kuka-Dual-Arm/p5_ws/install/gui_package:/home/xdkazer/P5-Kuka-Dual-Arm/p5_ws/install/moveit_configs_utils:/home/xdkazer/P5-Kuka-Dual-Arm/p5_ws/install/generate_parameter_library_py:/opt/ros/humble /usr/bin/cmake --install /home/xdkazer/Dual_Kuka_LLM_Bachelor/p5_ws/build/parameter_traits
[3.207s] -- Install configuration: "Release"
[3.207s] -- Installing: /home/xdkazer/Dual_Kuka_LLM_Bachelor/p5_ws/install/parameter_traits/include/parameter_traits
[3.211s] -- Installing: /home/xdkazer/Dual_Kuka_LLM_Bachelor/p5_ws/install/parameter_traits/include/parameter_traits/parameter_traits
[3.211s] -- Installing: /home/xdkazer/Dual_Kuka_LLM_Bachelor/p5_ws/install/parameter_traits/include/parameter_traits/parameter_traits/parameter_traits.hpp
[3.211s] -- Installing: /home/xdkazer/Dual_Kuka_LLM_Bachelor/p5_ws/install/parameter_traits/share/parameter_traits/environment/library_path.sh
[3.211s] -- Installing: /home/xdkazer/Dual_Kuka_LLM_Bachelor/p5_ws/install/parameter_traits/share/parameter_traits/environment/library_path.dsv
[3.211s] -- Installing: /home/xdkazer/Dual_Kuka_LLM_Bachelor/p5_ws/install/parameter_traits/share/ament_index/resource_index/package_run_dependencies/parameter_traits
[3.211s] -- Installing: /home/xdkazer/Dual_Kuka_LLM_Bachelor/p5_ws/install/parameter_traits/share/ament_index/resource_index/parent_prefix_path/parameter_traits
[3.211s] -- Installing: /home/xdkazer/Dual_Kuka_LLM_Bachelor/p5_ws/install/parameter_traits/share/parameter_traits/environment/ament_prefix_path.sh
[3.211s] -- Installing: /home/xdkazer/Dual_Kuka_LLM_Bachelor/p5_ws/install/parameter_traits/share/parameter_traits/environment/ament_prefix_path.dsv
[3.211s] -- Installing: /home/xdkazer/Dual_Kuka_LLM_Bachelor/p5_ws/install/parameter_traits/share/parameter_traits/environment/path.sh
[3.211s] -- Installing: /home/xdkazer/Dual_Kuka_LLM_Bachelor/p5_ws/install/parameter_traits/share/parameter_traits/environment/path.dsv
[3.212s] -- Installing: /home/xdkazer/Dual_Kuka_LLM_Bachelor/p5_ws/install/parameter_traits/share/parameter_traits/local_setup.bash
[3.212s] -- Installing: /home/xdkazer/Dual_Kuka_LLM_Bachelor/p5_ws/install/parameter_traits/share/parameter_traits/local_setup.sh
[3.212s] -- Installing: /home/xdkazer/Dual_Kuka_LLM_Bachelor/p5_ws/install/parameter_traits/share/parameter_traits/local_setup.zsh
[3.212s] -- Installing: /home/xdkazer/Dual_Kuka_LLM_Bachelor/p5_ws/install/parameter_traits/share/parameter_traits/local_setup.dsv
[3.212s] -- Installing: /home/xdkazer/Dual_Kuka_LLM_Bachelor/p5_ws/install/parameter_traits/share/parameter_traits/package.dsv
[3.212s] -- Installing: /home/xdkazer/Dual_Kuka_LLM_Bachelor/p5_ws/install/parameter_traits/share/ament_index/resource_index/packages/parameter_traits
[3.212s] -- Installing: /home/xdkazer/Dual_Kuka_LLM_Bachelor/p5_ws/install/parameter_traits/share/parameter_traits/cmake/export_parameter_traitsExport.cmake
[3.212s] -- Installing: /home/xdkazer/Dual_Kuka_LLM_Bachelor/p5_ws/install/parameter_traits/share/parameter_traits/cmake/ament_cmake_export_targets-extras.cmake
[3.212s] -- Installing: /home/xdkazer/Dual_Kuka_LLM_Bachelor/p5_ws/install/parameter_traits/share/parameter_traits/cmake/ament_cmake_export_dependencies-extras.cmake
[3.212s] -- Installing: /home/xdkazer/Dual_Kuka_LLM_Bachelor/p5_ws/install/parameter_traits/share/parameter_traits/cmake/parameter_traitsConfig.cmake
[3.214s] -- Installing: /home/xdkazer/Dual_Kuka_LLM_Bachelor/p5_ws/install/parameter_traits/share/parameter_traits/cmake/parameter_traitsConfig-version.cmake
[3.214s] -- Installing: /home/xdkazer/Dual_Kuka_LLM_Bachelor/p5_ws/install/parameter_traits/share/parameter_traits/package.xml
[3.217s] Invoked command in '/home/xdkazer/Dual_Kuka_LLM_Bachelor/p5_ws/build/parameter_traits' returned '0': CMAKE_PREFIX_PATH=${CMAKE_PREFIX_PATH}:/home/xdkazer/P5-Kuka-Dual-Arm/p5_ws/install/yolo_world:/home/xdkazer/P5-Kuka-Dual-Arm/p5_ws/install/robotiq_3f_gripper_ros2_control:/home/xdkazer/P5-Kuka-Dual-Arm/p5_ws/install/robotiq_2f_85_control:/home/xdkazer/P5-Kuka-Dual-Arm/p5_ws/install/object_detector:/home/xdkazer/P5-Kuka-Dual-Arm/p5_ws/install/janise:/home/xdkazer/P5-Kuka-Dual-Arm/p5_ws/install/gui_package:/home/xdkazer/P5-Kuka-Dual-Arm/p5_ws/install/moveit_configs_utils:/home/xdkazer/P5-Kuka-Dual-Arm/p5_ws/install/generate_parameter_library_py:/opt/ros/humble /usr/bin/cmake --install /home/xdkazer/Dual_Kuka_LLM_Bachelor/p5_ws/build/parameter_traits
