-- The C compiler identification is GNU 11.4.0
-- The CXX compiler identification is GNU 11.4.0
-- Detecting C compiler ABI info
-- Detecting C compiler ABI info - done
-- Check for working C compiler: /usr/bin/cc - skipped
-- Detecting C compile features
-- Detecting C compile features - done
-- Detecting CXX compiler ABI info
-- Detecting CXX compiler ABI info - done
-- Check for working CXX compiler: /usr/bin/c++ - skipped
-- Detecting CXX compile features
-- Detecting CXX compile features - done
-- Found ament_cmake: 1.3.10 (/opt/ros/humble/share/ament_cmake/cmake)
-- Found Python3: /usr/bin/python3 (found version "3.10.12") found components: Interpreter 
-- Found ament_lint_auto: 0.12.11 (/opt/ros/humble/share/ament_lint_auto/cmake)
-- Found geometry_msgs: 4.2.4 (/opt/ros/humble/share/geometry_msgs/cmake)
-- Found rosidl_generator_c: 3.1.5 (/opt/ros/humble/share/rosidl_generator_c/cmake)
-- Found rosidl_adapter: 3.1.5 (/opt/ros/humble/share/rosidl_adapter/cmake)
-- Found rosidl_generator_cpp: 3.1.5 (/opt/ros/humble/share/rosidl_generator_cpp/cmake)
-- Using all available rosidl_typesupport_c: rosidl_typesupport_fastrtps_c;rosidl_typesupport_introspection_c
-- Using all available rosidl_typesupport_cpp: rosidl_typesupport_fastrtps_cpp;rosidl_typesupport_introspection_cpp
-- Found rosidl_default_generators: 1.2.0 (/opt/ros/humble/share/rosidl_default_generators/cmake)
-- Found ament_cmake_ros: 0.10.0 (/opt/ros/humble/share/ament_cmake_ros/cmake)
-- Using all available rosidl_typesupport_c: rosidl_typesupport_fastrtps_c;rosidl_typesupport_introspection_c
-- Using all available rosidl_typesupport_cpp: rosidl_typesupport_fastrtps_cpp;rosidl_typesupport_introspection_cpp
-- Found PythonInterp: /usr/bin/python3 (found suitable version "3.10.12", minimum required is "3.6") 
-- Found python_cmake_module: 0.10.0 (/opt/ros/humble/share/python_cmake_module/cmake)
-- Found PythonLibs: /usr/lib/x86_64-linux-gnu/libpython3.10.so (found suitable version "3.10.12", minimum required is "3.5") 
-- Using PYTHON_EXECUTABLE: /usr/bin/python3
-- Using PYTHON_INCLUDE_DIRS: /usr/include/python3.10
-- Using PYTHON_LIBRARIES: /usr/lib/x86_64-linux-gnu/libpython3.10.so
-- Found PythonExtra: .so  
-- Added test 'lint_cmake' to check CMake code style
-- Added test 'xmllint' to check XML markup files
-- Configuring done
-- Generating done
-- Build files have been written to: /home/xdkazer/Dual_Kuka_LLM_Bachelor/p5_ws/build/project_interfaces
[  1%] [34m[1mGenerating C code for ROS interfaces[0m
[  2%] [34m[1mGenerating C++ code for ROS interfaces[0m
[  2%] Built target ament_cmake_python_copy_project_interfaces
running egg_info
creating project_interfaces.egg-info
writing project_interfaces.egg-info/PKG-INFO
writing dependency_links to project_interfaces.egg-info/dependency_links.txt
writing top-level names to project_interfaces.egg-info/top_level.txt
writing manifest file 'project_interfaces.egg-info/SOURCES.txt'
reading manifest file 'project_interfaces.egg-info/SOURCES.txt'
writing manifest file 'project_interfaces.egg-info/SOURCES.txt'
[  2%] Built target ament_cmake_python_build_project_interfaces_egg
[  2%] Built target project_interfaces__cpp
[  4%] [34m[1mGenerating C++ type support dispatch for ROS interfaces[0m
[  5%] [34m[1mGenerating C++ type support for eProsima Fast-RTPS[0m
[  7%] [34m[1mGenerating C++ introspection for ROS interfaces[0m
[  8%] [32mBuilding CXX object CMakeFiles/project_interfaces__rosidl_typesupport_cpp.dir/rosidl_typesupport_cpp/project_interfaces/srv/get_object_info__type_support.cpp.o[0m
[  9%] [32mBuilding CXX object CMakeFiles/project_interfaces__rosidl_typesupport_cpp.dir/rosidl_typesupport_cpp/project_interfaces/srv/plan_move_command__type_support.cpp.o[0m
[ 11%] [32mBuilding C object CMakeFiles/project_interfaces__rosidl_generator_c.dir/rosidl_generator_c/project_interfaces/srv/detail/get_object_info__functions.c.o[0m
[ 12%] [32mBuilding CXX object CMakeFiles/project_interfaces__rosidl_typesupport_introspection_cpp.dir/rosidl_typesupport_introspection_cpp/project_interfaces/srv/detail/get_object_info__type_support.cpp.o[0m
[ 14%] [32mBuilding CXX object CMakeFiles/project_interfaces__rosidl_typesupport_fastrtps_cpp.dir/rosidl_typesupport_fastrtps_cpp/project_interfaces/srv/detail/dds_fastrtps/get_object_info__type_support.cpp.o[0m
[ 15%] [32mBuilding CXX object CMakeFiles/project_interfaces__rosidl_typesupport_cpp.dir/rosidl_typesupport_cpp/project_interfaces/srv/define_object_info__type_support.cpp.o[0m
[ 16%] [32mBuilding C object CMakeFiles/project_interfaces__rosidl_generator_c.dir/rosidl_generator_c/project_interfaces/srv/detail/plan_move_command__functions.c.o[0m
[ 18%] [32mBuilding CXX object CMakeFiles/project_interfaces__rosidl_typesupport_cpp.dir/rosidl_typesupport_cpp/project_interfaces/srv/execute_move_command__type_support.cpp.o[0m
[ 19%] [32mBuilding CXX object CMakeFiles/project_interfaces__rosidl_typesupport_fastrtps_cpp.dir/rosidl_typesupport_fastrtps_cpp/project_interfaces/srv/detail/dds_fastrtps/plan_move_command__type_support.cpp.o[0m
[ 21%] [32mBuilding CXX object CMakeFiles/project_interfaces__rosidl_typesupport_introspection_cpp.dir/rosidl_typesupport_introspection_cpp/project_interfaces/srv/detail/plan_move_command__type_support.cpp.o[0m
[ 22%] [32mBuilding CXX object CMakeFiles/project_interfaces__rosidl_typesupport_cpp.dir/rosidl_typesupport_cpp/project_interfaces/srv/prompt_janice__type_support.cpp.o[0m
[ 23%] [32mBuilding C object CMakeFiles/project_interfaces__rosidl_generator_c.dir/rosidl_generator_c/project_interfaces/srv/detail/define_object_info__functions.c.o[0m
[ 25%] [32mBuilding CXX object CMakeFiles/project_interfaces__rosidl_typesupport_cpp.dir/rosidl_typesupport_cpp/project_interfaces/srv/get_current_pose__type_support.cpp.o[0m
[ 26%] [32mBuilding CXX object CMakeFiles/project_interfaces__rosidl_typesupport_introspection_cpp.dir/rosidl_typesupport_introspection_cpp/project_interfaces/srv/detail/define_object_info__type_support.cpp.o[0m
[ 28%] [32m[1mLinking CXX shared library libproject_interfaces__rosidl_typesupport_cpp.so[0m
[ 29%] [32mBuilding C object CMakeFiles/project_interfaces__rosidl_generator_c.dir/rosidl_generator_c/project_interfaces/srv/detail/execute_move_command__functions.c.o[0m
[ 30%] [32mBuilding CXX object CMakeFiles/project_interfaces__rosidl_typesupport_fastrtps_cpp.dir/rosidl_typesupport_fastrtps_cpp/project_interfaces/srv/detail/dds_fastrtps/define_object_info__type_support.cpp.o[0m
[ 30%] Built target project_interfaces__rosidl_typesupport_cpp
[ 32%] [32mBuilding CXX object CMakeFiles/project_interfaces__rosidl_typesupport_fastrtps_cpp.dir/rosidl_typesupport_fastrtps_cpp/project_interfaces/srv/detail/dds_fastrtps/execute_move_command__type_support.cpp.o[0m
[ 33%] [32mBuilding CXX object CMakeFiles/project_interfaces__rosidl_typesupport_introspection_cpp.dir/rosidl_typesupport_introspection_cpp/project_interfaces/srv/detail/execute_move_command__type_support.cpp.o[0m
[ 35%] [32mBuilding C object CMakeFiles/project_interfaces__rosidl_generator_c.dir/rosidl_generator_c/project_interfaces/srv/detail/prompt_janice__functions.c.o[0m
[ 36%] [32mBuilding CXX object CMakeFiles/project_interfaces__rosidl_typesupport_fastrtps_cpp.dir/rosidl_typesupport_fastrtps_cpp/project_interfaces/srv/detail/dds_fastrtps/prompt_janice__type_support.cpp.o[0m
[ 38%] [32mBuilding CXX object CMakeFiles/project_interfaces__rosidl_typesupport_fastrtps_cpp.dir/rosidl_typesupport_fastrtps_cpp/project_interfaces/srv/detail/dds_fastrtps/get_current_pose__type_support.cpp.o[0m
[ 39%] [32mBuilding C object CMakeFiles/project_interfaces__rosidl_generator_c.dir/rosidl_generator_c/project_interfaces/srv/detail/get_current_pose__functions.c.o[0m
[ 40%] [32mBuilding CXX object CMakeFiles/project_interfaces__rosidl_typesupport_introspection_cpp.dir/rosidl_typesupport_introspection_cpp/project_interfaces/srv/detail/prompt_janice__type_support.cpp.o[0m
[ 42%] [32m[1mLinking CXX shared library libproject_interfaces__rosidl_typesupport_fastrtps_cpp.so[0m
[ 43%] [32mBuilding CXX object CMakeFiles/project_interfaces__rosidl_typesupport_introspection_cpp.dir/rosidl_typesupport_introspection_cpp/project_interfaces/srv/detail/get_current_pose__type_support.cpp.o[0m
[ 45%] [32m[1mLinking C shared library libproject_interfaces__rosidl_generator_c.so[0m
[ 45%] Built target project_interfaces__rosidl_typesupport_fastrtps_cpp
[ 45%] Built target project_interfaces__rosidl_generator_c
[ 46%] [34m[1mGenerating C introspection for ROS interfaces[0m
[ 47%] [34m[1mGenerating C type support for eProsima Fast-RTPS[0m
[ 49%] [32m[1mLinking CXX shared library libproject_interfaces__rosidl_typesupport_introspection_cpp.so[0m
[ 50%] [34m[1mGenerating C type support dispatch for ROS interfaces[0m
[ 50%] Built target project_interfaces__rosidl_typesupport_introspection_cpp
[ 52%] [32mBuilding CXX object CMakeFiles/project_interfaces__rosidl_typesupport_c.dir/rosidl_typesupport_c/project_interfaces/srv/get_object_info__type_support.cpp.o[0m
[ 53%] [32mBuilding CXX object CMakeFiles/project_interfaces__rosidl_typesupport_c.dir/rosidl_typesupport_c/project_interfaces/srv/plan_move_command__type_support.cpp.o[0m
[ 54%] [32mBuilding CXX object CMakeFiles/project_interfaces__rosidl_typesupport_c.dir/rosidl_typesupport_c/project_interfaces/srv/define_object_info__type_support.cpp.o[0m
[ 56%] [32mBuilding CXX object CMakeFiles/project_interfaces__rosidl_typesupport_fastrtps_c.dir/rosidl_typesupport_fastrtps_c/project_interfaces/srv/detail/get_object_info__type_support_c.cpp.o[0m
[ 57%] [32mBuilding CXX object CMakeFiles/project_interfaces__rosidl_typesupport_c.dir/rosidl_typesupport_c/project_interfaces/srv/execute_move_command__type_support.cpp.o[0m
[ 59%] [32mBuilding C object CMakeFiles/project_interfaces__rosidl_typesupport_introspection_c.dir/rosidl_typesupport_introspection_c/project_interfaces/srv/detail/get_object_info__type_support.c.o[0m
[ 60%] [32mBuilding CXX object CMakeFiles/project_interfaces__rosidl_typesupport_fastrtps_c.dir/rosidl_typesupport_fastrtps_c/project_interfaces/srv/detail/plan_move_command__type_support_c.cpp.o[0m
[ 61%] [32mBuilding CXX object CMakeFiles/project_interfaces__rosidl_typesupport_c.dir/rosidl_typesupport_c/project_interfaces/srv/prompt_janice__type_support.cpp.o[0m
[ 63%] [32mBuilding C object CMakeFiles/project_interfaces__rosidl_typesupport_introspection_c.dir/rosidl_typesupport_introspection_c/project_interfaces/srv/detail/plan_move_command__type_support.c.o[0m
[ 64%] [32mBuilding CXX object CMakeFiles/project_interfaces__rosidl_typesupport_c.dir/rosidl_typesupport_c/project_interfaces/srv/get_current_pose__type_support.cpp.o[0m
[ 66%] [32m[1mLinking CXX shared library libproject_interfaces__rosidl_typesupport_c.so[0m
[ 67%] [32mBuilding C object CMakeFiles/project_interfaces__rosidl_typesupport_introspection_c.dir/rosidl_typesupport_introspection_c/project_interfaces/srv/detail/define_object_info__type_support.c.o[0m
[ 67%] Built target project_interfaces__rosidl_typesupport_c
[ 70%] [32mBuilding C object CMakeFiles/project_interfaces__rosidl_typesupport_introspection_c.dir/rosidl_typesupport_introspection_c/project_interfaces/srv/detail/execute_move_command__type_support.c.o[0m
[ 69%] [32mBuilding CXX object CMakeFiles/project_interfaces__rosidl_typesupport_fastrtps_c.dir/rosidl_typesupport_fastrtps_c/project_interfaces/srv/detail/define_object_info__type_support_c.cpp.o[0m
[ 71%] [32mBuilding C object CMakeFiles/project_interfaces__rosidl_typesupport_introspection_c.dir/rosidl_typesupport_introspection_c/project_interfaces/srv/detail/prompt_janice__type_support.c.o[0m
[ 73%] [32mBuilding C object CMakeFiles/project_interfaces__rosidl_typesupport_introspection_c.dir/rosidl_typesupport_introspection_c/project_interfaces/srv/detail/get_current_pose__type_support.c.o[0m
[ 74%] [32mBuilding CXX object CMakeFiles/project_interfaces__rosidl_typesupport_fastrtps_c.dir/rosidl_typesupport_fastrtps_c/project_interfaces/srv/detail/prompt_janice__type_support_c.cpp.o[0m
[ 76%] [32m[1mLinking C shared library libproject_interfaces__rosidl_typesupport_introspection_c.so[0m
[ 76%] Built target project_interfaces__rosidl_typesupport_introspection_c
[ 77%] [32mBuilding CXX object CMakeFiles/project_interfaces__rosidl_typesupport_fastrtps_c.dir/rosidl_typesupport_fastrtps_c/project_interfaces/srv/detail/get_current_pose__type_support_c.cpp.o[0m
[ 78%] [32mBuilding CXX object CMakeFiles/project_interfaces__rosidl_typesupport_fastrtps_c.dir/rosidl_typesupport_fastrtps_c/project_interfaces/srv/detail/execute_move_command__type_support_c.cpp.o[0m
[ 80%] [32m[1mLinking CXX shared library libproject_interfaces__rosidl_typesupport_fastrtps_c.so[0m
[ 80%] Built target project_interfaces__rosidl_typesupport_fastrtps_c
[ 80%] Built target project_interfaces
[ 81%] [34m[1mGenerating Python code for ROS interfaces[0m
[ 81%] Built target project_interfaces__py
[ 83%] [32mBuilding C object CMakeFiles/project_interfaces__rosidl_generator_py.dir/rosidl_generator_py/project_interfaces/srv/_get_object_info_s.c.o[0m
[ 84%] [32mBuilding C object CMakeFiles/project_interfaces__rosidl_generator_py.dir/rosidl_generator_py/project_interfaces/srv/_execute_move_command_s.c.o[0m
[ 85%] [32mBuilding C object CMakeFiles/project_interfaces__rosidl_generator_py.dir/rosidl_generator_py/project_interfaces/srv/_prompt_janice_s.c.o[0m
[ 87%] [32mBuilding C object CMakeFiles/project_interfaces__rosidl_generator_py.dir/rosidl_generator_py/project_interfaces/srv/_get_current_pose_s.c.o[0m
[ 88%] [32mBuilding C object CMakeFiles/project_interfaces__rosidl_generator_py.dir/rosidl_generator_py/project_interfaces/srv/_define_object_info_s.c.o[0m
[ 90%] [32mBuilding C object CMakeFiles/project_interfaces__rosidl_generator_py.dir/rosidl_generator_py/project_interfaces/srv/_plan_move_command_s.c.o[0m
[ 91%] [32m[1mLinking C shared library rosidl_generator_py/project_interfaces/libproject_interfaces__rosidl_generator_py.so[0m
[ 91%] Built target project_interfaces__rosidl_generator_py
[ 92%] [32mBuilding C object CMakeFiles/project_interfaces__rosidl_typesupport_fastrtps_c__pyext.dir/rosidl_generator_py/project_interfaces/_project_interfaces_s.ep.rosidl_typesupport_fastrtps_c.c.o[0m
[ 94%] [32m[1mLinking C shared library rosidl_generator_py/project_interfaces/project_interfaces_s__rosidl_typesupport_fastrtps_c.cpython-310-x86_64-linux-gnu.so[0m
[ 94%] Built target project_interfaces__rosidl_typesupport_fastrtps_c__pyext
[ 95%] [32mBuilding C object CMakeFiles/project_interfaces__rosidl_typesupport_c__pyext.dir/rosidl_generator_py/project_interfaces/_project_interfaces_s.ep.rosidl_typesupport_c.c.o[0m
[ 97%] [32m[1mLinking C shared library rosidl_generator_py/project_interfaces/project_interfaces_s__rosidl_typesupport_c.cpython-310-x86_64-linux-gnu.so[0m
[ 97%] Built target project_interfaces__rosidl_typesupport_c__pyext
[ 98%] [32mBuilding C object CMakeFiles/project_interfaces__rosidl_typesupport_introspection_c__pyext.dir/rosidl_generator_py/project_interfaces/_project_interfaces_s.ep.rosidl_typesupport_introspection_c.c.o[0m
[100%] [32m[1mLinking C shared library rosidl_generator_py/project_interfaces/project_interfaces_s__rosidl_typesupport_introspection_c.cpython-310-x86_64-linux-gnu.so[0m
[100%] Built target project_interfaces__rosidl_typesupport_introspection_c__pyext
-- Install configuration: "Release"
-- Installing: /home/xdkazer/Dual_Kuka_LLM_Bachelor/p5_ws/install/project_interfaces/share/ament_index/resource_index/rosidl_interfaces/project_interfaces
-- Installing: /home/xdkazer/Dual_Kuka_LLM_Bachelor/p5_ws/install/project_interfaces/include/project_interfaces/project_interfaces
-- Installing: /home/xdkazer/Dual_Kuka_LLM_Bachelor/p5_ws/install/project_interfaces/include/project_interfaces/project_interfaces/msg
-- Installing: /home/xdkazer/Dual_Kuka_LLM_Bachelor/p5_ws/install/project_interfaces/include/project_interfaces/project_interfaces/msg/rosidl_generator_c__visibility_control.h
-- Installing: /home/xdkazer/Dual_Kuka_LLM_Bachelor/p5_ws/install/project_interfaces/include/project_interfaces/project_interfaces/srv
-- Installing: /home/xdkazer/Dual_Kuka_LLM_Bachelor/p5_ws/install/project_interfaces/include/project_interfaces/project_interfaces/srv/get_current_pose.h
-- Installing: /home/xdkazer/Dual_Kuka_LLM_Bachelor/p5_ws/install/project_interfaces/include/project_interfaces/project_interfaces/srv/execute_move_command.h
-- Installing: /home/xdkazer/Dual_Kuka_LLM_Bachelor/p5_ws/install/project_interfaces/include/project_interfaces/project_interfaces/srv/define_object_info.h
-- Installing: /home/xdkazer/Dual_Kuka_LLM_Bachelor/p5_ws/install/project_interfaces/include/project_interfaces/project_interfaces/srv/detail
-- Installing: /home/xdkazer/Dual_Kuka_LLM_Bachelor/p5_ws/install/project_interfaces/include/project_interfaces/project_interfaces/srv/detail/get_current_pose__functions.h
-- Installing: /home/xdkazer/Dual_Kuka_LLM_Bachelor/p5_ws/install/project_interfaces/include/project_interfaces/project_interfaces/srv/detail/get_object_info__struct.h
-- Installing: /home/xdkazer/Dual_Kuka_LLM_Bachelor/p5_ws/install/project_interfaces/include/project_interfaces/project_interfaces/srv/detail/execute_move_command__functions.c
-- Installing: /home/xdkazer/Dual_Kuka_LLM_Bachelor/p5_ws/install/project_interfaces/include/project_interfaces/project_interfaces/srv/detail/define_object_info__functions.h
-- Installing: /home/xdkazer/Dual_Kuka_LLM_Bachelor/p5_ws/install/project_interfaces/include/project_interfaces/project_interfaces/srv/detail/get_object_info__functions.h
-- Installing: /home/xdkazer/Dual_Kuka_LLM_Bachelor/p5_ws/install/project_interfaces/include/project_interfaces/project_interfaces/srv/detail/define_object_info__type_support.h
-- Installing: /home/xdkazer/Dual_Kuka_LLM_Bachelor/p5_ws/install/project_interfaces/include/project_interfaces/project_interfaces/srv/detail/define_object_info__struct.h
-- Installing: /home/xdkazer/Dual_Kuka_LLM_Bachelor/p5_ws/install/project_interfaces/include/project_interfaces/project_interfaces/srv/detail/prompt_janice__struct.h
-- Installing: /home/xdkazer/Dual_Kuka_LLM_Bachelor/p5_ws/install/project_interfaces/include/project_interfaces/project_interfaces/srv/detail/define_object_info__functions.c
-- Installing: /home/xdkazer/Dual_Kuka_LLM_Bachelor/p5_ws/install/project_interfaces/include/project_interfaces/project_interfaces/srv/detail/plan_move_command__functions.h
-- Installing: /home/xdkazer/Dual_Kuka_LLM_Bachelor/p5_ws/install/project_interfaces/include/project_interfaces/project_interfaces/srv/detail/get_current_pose__struct.h
-- Installing: /home/xdkazer/Dual_Kuka_LLM_Bachelor/p5_ws/install/project_interfaces/include/project_interfaces/project_interfaces/srv/detail/plan_move_command__struct.h
-- Installing: /home/xdkazer/Dual_Kuka_LLM_Bachelor/p5_ws/install/project_interfaces/include/project_interfaces/project_interfaces/srv/detail/plan_move_command__type_support.h
-- Installing: /home/xdkazer/Dual_Kuka_LLM_Bachelor/p5_ws/install/project_interfaces/include/project_interfaces/project_interfaces/srv/detail/plan_move_command__functions.c
-- Installing: /home/xdkazer/Dual_Kuka_LLM_Bachelor/p5_ws/install/project_interfaces/include/project_interfaces/project_interfaces/srv/detail/execute_move_command__struct.h
-- Installing: /home/xdkazer/Dual_Kuka_LLM_Bachelor/p5_ws/install/project_interfaces/include/project_interfaces/project_interfaces/srv/detail/prompt_janice__functions.h
-- Installing: /home/xdkazer/Dual_Kuka_LLM_Bachelor/p5_ws/install/project_interfaces/include/project_interfaces/project_interfaces/srv/detail/execute_move_command__type_support.h
-- Installing: /home/xdkazer/Dual_Kuka_LLM_Bachelor/p5_ws/install/project_interfaces/include/project_interfaces/project_interfaces/srv/detail/get_object_info__type_support.h
-- Installing: /home/xdkazer/Dual_Kuka_LLM_Bachelor/p5_ws/install/project_interfaces/include/project_interfaces/project_interfaces/srv/detail/get_current_pose__functions.c
-- Installing: /home/xdkazer/Dual_Kuka_LLM_Bachelor/p5_ws/install/project_interfaces/include/project_interfaces/project_interfaces/srv/detail/prompt_janice__functions.c
-- Installing: /home/xdkazer/Dual_Kuka_LLM_Bachelor/p5_ws/install/project_interfaces/include/project_interfaces/project_interfaces/srv/detail/get_current_pose__type_support.h
-- Installing: /home/xdkazer/Dual_Kuka_LLM_Bachelor/p5_ws/install/project_interfaces/include/project_interfaces/project_interfaces/srv/detail/get_object_info__functions.c
-- Installing: /home/xdkazer/Dual_Kuka_LLM_Bachelor/p5_ws/install/project_interfaces/include/project_interfaces/project_interfaces/srv/detail/prompt_janice__type_support.h
-- Installing: /home/xdkazer/Dual_Kuka_LLM_Bachelor/p5_ws/install/project_interfaces/include/project_interfaces/project_interfaces/srv/detail/execute_move_command__functions.h
-- Installing: /home/xdkazer/Dual_Kuka_LLM_Bachelor/p5_ws/install/project_interfaces/include/project_interfaces/project_interfaces/srv/get_object_info.h
-- Installing: /home/xdkazer/Dual_Kuka_LLM_Bachelor/p5_ws/install/project_interfaces/include/project_interfaces/project_interfaces/srv/prompt_janice.h
-- Installing: /home/xdkazer/Dual_Kuka_LLM_Bachelor/p5_ws/install/project_interfaces/include/project_interfaces/project_interfaces/srv/plan_move_command.h
-- Installing: /home/xdkazer/Dual_Kuka_LLM_Bachelor/p5_ws/install/project_interfaces/share/project_interfaces/environment/library_path.sh
-- Installing: /home/xdkazer/Dual_Kuka_LLM_Bachelor/p5_ws/install/project_interfaces/share/project_interfaces/environment/library_path.dsv
-- Installing: /home/xdkazer/Dual_Kuka_LLM_Bachelor/p5_ws/install/project_interfaces/lib/libproject_interfaces__rosidl_generator_c.so
-- Set runtime path of "/home/xdkazer/Dual_Kuka_LLM_Bachelor/p5_ws/install/project_interfaces/lib/libproject_interfaces__rosidl_generator_c.so" to ""
-- Up-to-date: /home/xdkazer/Dual_Kuka_LLM_Bachelor/p5_ws/install/project_interfaces/include/project_interfaces/project_interfaces
-- Up-to-date: /home/xdkazer/Dual_Kuka_LLM_Bachelor/p5_ws/install/project_interfaces/include/project_interfaces/project_interfaces/msg
-- Installing: /home/xdkazer/Dual_Kuka_LLM_Bachelor/p5_ws/install/project_interfaces/include/project_interfaces/project_interfaces/msg/rosidl_typesupport_fastrtps_c__visibility_control.h
-- Up-to-date: /home/xdkazer/Dual_Kuka_LLM_Bachelor/p5_ws/install/project_interfaces/include/project_interfaces/project_interfaces/srv
-- Up-to-date: /home/xdkazer/Dual_Kuka_LLM_Bachelor/p5_ws/install/project_interfaces/include/project_interfaces/project_interfaces/srv/detail
-- Installing: /home/xdkazer/Dual_Kuka_LLM_Bachelor/p5_ws/install/project_interfaces/include/project_interfaces/project_interfaces/srv/detail/prompt_janice__rosidl_typesupport_fastrtps_c.h
-- Installing: /home/xdkazer/Dual_Kuka_LLM_Bachelor/p5_ws/install/project_interfaces/include/project_interfaces/project_interfaces/srv/detail/define_object_info__rosidl_typesupport_fastrtps_c.h
-- Installing: /home/xdkazer/Dual_Kuka_LLM_Bachelor/p5_ws/install/project_interfaces/include/project_interfaces/project_interfaces/srv/detail/execute_move_command__rosidl_typesupport_fastrtps_c.h
-- Installing: /home/xdkazer/Dual_Kuka_LLM_Bachelor/p5_ws/install/project_interfaces/include/project_interfaces/project_interfaces/srv/detail/get_object_info__rosidl_typesupport_fastrtps_c.h
-- Installing: /home/xdkazer/Dual_Kuka_LLM_Bachelor/p5_ws/install/project_interfaces/include/project_interfaces/project_interfaces/srv/detail/plan_move_command__rosidl_typesupport_fastrtps_c.h
-- Installing: /home/xdkazer/Dual_Kuka_LLM_Bachelor/p5_ws/install/project_interfaces/include/project_interfaces/project_interfaces/srv/detail/get_current_pose__rosidl_typesupport_fastrtps_c.h
-- Installing: /home/xdkazer/Dual_Kuka_LLM_Bachelor/p5_ws/install/project_interfaces/lib/libproject_interfaces__rosidl_typesupport_fastrtps_c.so
-- Set runtime path of "/home/xdkazer/Dual_Kuka_LLM_Bachelor/p5_ws/install/project_interfaces/lib/libproject_interfaces__rosidl_typesupport_fastrtps_c.so" to ""
-- Up-to-date: /home/xdkazer/Dual_Kuka_LLM_Bachelor/p5_ws/install/project_interfaces/include/project_interfaces/project_interfaces
-- Up-to-date: /home/xdkazer/Dual_Kuka_LLM_Bachelor/p5_ws/install/project_interfaces/include/project_interfaces/project_interfaces/srv
-- Installing: /home/xdkazer/Dual_Kuka_LLM_Bachelor/p5_ws/install/project_interfaces/include/project_interfaces/project_interfaces/srv/execute_move_command.hpp
-- Installing: /home/xdkazer/Dual_Kuka_LLM_Bachelor/p5_ws/install/project_interfaces/include/project_interfaces/project_interfaces/srv/plan_move_command.hpp
-- Installing: /home/xdkazer/Dual_Kuka_LLM_Bachelor/p5_ws/install/project_interfaces/include/project_interfaces/project_interfaces/srv/get_current_pose.hpp
-- Up-to-date: /home/xdkazer/Dual_Kuka_LLM_Bachelor/p5_ws/install/project_interfaces/include/project_interfaces/project_interfaces/srv/detail
-- Installing: /home/xdkazer/Dual_Kuka_LLM_Bachelor/p5_ws/install/project_interfaces/include/project_interfaces/project_interfaces/srv/detail/prompt_janice__struct.hpp
-- Installing: /home/xdkazer/Dual_Kuka_LLM_Bachelor/p5_ws/install/project_interfaces/include/project_interfaces/project_interfaces/srv/detail/get_object_info__traits.hpp
-- Installing: /home/xdkazer/Dual_Kuka_LLM_Bachelor/p5_ws/install/project_interfaces/include/project_interfaces/project_interfaces/srv/detail/define_object_info__traits.hpp
-- Installing: /home/xdkazer/Dual_Kuka_LLM_Bachelor/p5_ws/install/project_interfaces/include/project_interfaces/project_interfaces/srv/detail/get_current_pose__traits.hpp
-- Installing: /home/xdkazer/Dual_Kuka_LLM_Bachelor/p5_ws/install/project_interfaces/include/project_interfaces/project_interfaces/srv/detail/execute_move_command__builder.hpp
-- Installing: /home/xdkazer/Dual_Kuka_LLM_Bachelor/p5_ws/install/project_interfaces/include/project_interfaces/project_interfaces/srv/detail/get_object_info__builder.hpp
-- Installing: /home/xdkazer/Dual_Kuka_LLM_Bachelor/p5_ws/install/project_interfaces/include/project_interfaces/project_interfaces/srv/detail/plan_move_command__builder.hpp
-- Installing: /home/xdkazer/Dual_Kuka_LLM_Bachelor/p5_ws/install/project_interfaces/include/project_interfaces/project_interfaces/srv/detail/get_current_pose__struct.hpp
-- Installing: /home/xdkazer/Dual_Kuka_LLM_Bachelor/p5_ws/install/project_interfaces/include/project_interfaces/project_interfaces/srv/detail/get_object_info__struct.hpp
-- Installing: /home/xdkazer/Dual_Kuka_LLM_Bachelor/p5_ws/install/project_interfaces/include/project_interfaces/project_interfaces/srv/detail/define_object_info__builder.hpp
-- Installing: /home/xdkazer/Dual_Kuka_LLM_Bachelor/p5_ws/install/project_interfaces/include/project_interfaces/project_interfaces/srv/detail/plan_move_command__traits.hpp
-- Installing: /home/xdkazer/Dual_Kuka_LLM_Bachelor/p5_ws/install/project_interfaces/include/project_interfaces/project_interfaces/srv/detail/execute_move_command__struct.hpp
-- Installing: /home/xdkazer/Dual_Kuka_LLM_Bachelor/p5_ws/install/project_interfaces/include/project_interfaces/project_interfaces/srv/detail/execute_move_command__traits.hpp
-- Installing: /home/xdkazer/Dual_Kuka_LLM_Bachelor/p5_ws/install/project_interfaces/include/project_interfaces/project_interfaces/srv/detail/get_current_pose__builder.hpp
-- Installing: /home/xdkazer/Dual_Kuka_LLM_Bachelor/p5_ws/install/project_interfaces/include/project_interfaces/project_interfaces/srv/detail/plan_move_command__struct.hpp
-- Installing: /home/xdkazer/Dual_Kuka_LLM_Bachelor/p5_ws/install/project_interfaces/include/project_interfaces/project_interfaces/srv/detail/define_object_info__struct.hpp
-- Installing: /home/xdkazer/Dual_Kuka_LLM_Bachelor/p5_ws/install/project_interfaces/include/project_interfaces/project_interfaces/srv/detail/prompt_janice__builder.hpp
-- Installing: /home/xdkazer/Dual_Kuka_LLM_Bachelor/p5_ws/install/project_interfaces/include/project_interfaces/project_interfaces/srv/detail/prompt_janice__traits.hpp
-- Installing: /home/xdkazer/Dual_Kuka_LLM_Bachelor/p5_ws/install/project_interfaces/include/project_interfaces/project_interfaces/srv/prompt_janice.hpp
-- Installing: /home/xdkazer/Dual_Kuka_LLM_Bachelor/p5_ws/install/project_interfaces/include/project_interfaces/project_interfaces/srv/get_object_info.hpp
-- Installing: /home/xdkazer/Dual_Kuka_LLM_Bachelor/p5_ws/install/project_interfaces/include/project_interfaces/project_interfaces/srv/define_object_info.hpp
-- Up-to-date: /home/xdkazer/Dual_Kuka_LLM_Bachelor/p5_ws/install/project_interfaces/include/project_interfaces/project_interfaces
-- Up-to-date: /home/xdkazer/Dual_Kuka_LLM_Bachelor/p5_ws/install/project_interfaces/include/project_interfaces/project_interfaces/msg
-- Installing: /home/xdkazer/Dual_Kuka_LLM_Bachelor/p5_ws/install/project_interfaces/include/project_interfaces/project_interfaces/msg/rosidl_typesupport_fastrtps_cpp__visibility_control.h
-- Up-to-date: /home/xdkazer/Dual_Kuka_LLM_Bachelor/p5_ws/install/project_interfaces/include/project_interfaces/project_interfaces/srv
-- Up-to-date: /home/xdkazer/Dual_Kuka_LLM_Bachelor/p5_ws/install/project_interfaces/include/project_interfaces/project_interfaces/srv/detail
-- Installing: /home/xdkazer/Dual_Kuka_LLM_Bachelor/p5_ws/install/project_interfaces/include/project_interfaces/project_interfaces/srv/detail/prompt_janice__rosidl_typesupport_fastrtps_cpp.hpp
-- Installing: /home/xdkazer/Dual_Kuka_LLM_Bachelor/p5_ws/install/project_interfaces/include/project_interfaces/project_interfaces/srv/detail/plan_move_command__rosidl_typesupport_fastrtps_cpp.hpp
-- Installing: /home/xdkazer/Dual_Kuka_LLM_Bachelor/p5_ws/install/project_interfaces/include/project_interfaces/project_interfaces/srv/detail/get_object_info__rosidl_typesupport_fastrtps_cpp.hpp
-- Installing: /home/xdkazer/Dual_Kuka_LLM_Bachelor/p5_ws/install/project_interfaces/include/project_interfaces/project_interfaces/srv/detail/define_object_info__rosidl_typesupport_fastrtps_cpp.hpp
-- Installing: /home/xdkazer/Dual_Kuka_LLM_Bachelor/p5_ws/install/project_interfaces/include/project_interfaces/project_interfaces/srv/detail/get_current_pose__rosidl_typesupport_fastrtps_cpp.hpp
-- Installing: /home/xdkazer/Dual_Kuka_LLM_Bachelor/p5_ws/install/project_interfaces/include/project_interfaces/project_interfaces/srv/detail/dds_fastrtps
-- Installing: /home/xdkazer/Dual_Kuka_LLM_Bachelor/p5_ws/install/project_interfaces/include/project_interfaces/project_interfaces/srv/detail/execute_move_command__rosidl_typesupport_fastrtps_cpp.hpp
-- Installing: /home/xdkazer/Dual_Kuka_LLM_Bachelor/p5_ws/install/project_interfaces/lib/libproject_interfaces__rosidl_typesupport_fastrtps_cpp.so
-- Set runtime path of "/home/xdkazer/Dual_Kuka_LLM_Bachelor/p5_ws/install/project_interfaces/lib/libproject_interfaces__rosidl_typesupport_fastrtps_cpp.so" to ""
-- Up-to-date: /home/xdkazer/Dual_Kuka_LLM_Bachelor/p5_ws/install/project_interfaces/include/project_interfaces/project_interfaces
-- Up-to-date: /home/xdkazer/Dual_Kuka_LLM_Bachelor/p5_ws/install/project_interfaces/include/project_interfaces/project_interfaces/msg
-- Installing: /home/xdkazer/Dual_Kuka_LLM_Bachelor/p5_ws/install/project_interfaces/include/project_interfaces/project_interfaces/msg/rosidl_typesupport_introspection_c__visibility_control.h
-- Up-to-date: /home/xdkazer/Dual_Kuka_LLM_Bachelor/p5_ws/install/project_interfaces/include/project_interfaces/project_interfaces/srv
-- Up-to-date: /home/xdkazer/Dual_Kuka_LLM_Bachelor/p5_ws/install/project_interfaces/include/project_interfaces/project_interfaces/srv/detail
-- Installing: /home/xdkazer/Dual_Kuka_LLM_Bachelor/p5_ws/install/project_interfaces/include/project_interfaces/project_interfaces/srv/detail/define_object_info__type_support.c
-- Installing: /home/xdkazer/Dual_Kuka_LLM_Bachelor/p5_ws/install/project_interfaces/include/project_interfaces/project_interfaces/srv/detail/execute_move_command__rosidl_typesupport_introspection_c.h
-- Installing: /home/xdkazer/Dual_Kuka_LLM_Bachelor/p5_ws/install/project_interfaces/include/project_interfaces/project_interfaces/srv/detail/prompt_janice__type_support.c
-- Installing: /home/xdkazer/Dual_Kuka_LLM_Bachelor/p5_ws/install/project_interfaces/include/project_interfaces/project_interfaces/srv/detail/define_object_info__rosidl_typesupport_introspection_c.h
-- Installing: /home/xdkazer/Dual_Kuka_LLM_Bachelor/p5_ws/install/project_interfaces/include/project_interfaces/project_interfaces/srv/detail/execute_move_command__type_support.c
-- Installing: /home/xdkazer/Dual_Kuka_LLM_Bachelor/p5_ws/install/project_interfaces/include/project_interfaces/project_interfaces/srv/detail/get_object_info__type_support.c
-- Installing: /home/xdkazer/Dual_Kuka_LLM_Bachelor/p5_ws/install/project_interfaces/include/project_interfaces/project_interfaces/srv/detail/prompt_janice__rosidl_typesupport_introspection_c.h
-- Installing: /home/xdkazer/Dual_Kuka_LLM_Bachelor/p5_ws/install/project_interfaces/include/project_interfaces/project_interfaces/srv/detail/get_current_pose__rosidl_typesupport_introspection_c.h
-- Installing: /home/xdkazer/Dual_Kuka_LLM_Bachelor/p5_ws/install/project_interfaces/include/project_interfaces/project_interfaces/srv/detail/get_object_info__rosidl_typesupport_introspection_c.h
-- Installing: /home/xdkazer/Dual_Kuka_LLM_Bachelor/p5_ws/install/project_interfaces/include/project_interfaces/project_interfaces/srv/detail/plan_move_command__type_support.c
-- Installing: /home/xdkazer/Dual_Kuka_LLM_Bachelor/p5_ws/install/project_interfaces/include/project_interfaces/project_interfaces/srv/detail/plan_move_command__rosidl_typesupport_introspection_c.h
-- Installing: /home/xdkazer/Dual_Kuka_LLM_Bachelor/p5_ws/install/project_interfaces/include/project_interfaces/project_interfaces/srv/detail/get_current_pose__type_support.c
-- Installing: /home/xdkazer/Dual_Kuka_LLM_Bachelor/p5_ws/install/project_interfaces/lib/libproject_interfaces__rosidl_typesupport_introspection_c.so
-- Set runtime path of "/home/xdkazer/Dual_Kuka_LLM_Bachelor/p5_ws/install/project_interfaces/lib/libproject_interfaces__rosidl_typesupport_introspection_c.so" to ""
-- Installing: /home/xdkazer/Dual_Kuka_LLM_Bachelor/p5_ws/install/project_interfaces/lib/libproject_interfaces__rosidl_typesupport_c.so
-- Set runtime path of "/home/xdkazer/Dual_Kuka_LLM_Bachelor/p5_ws/install/project_interfaces/lib/libproject_interfaces__rosidl_typesupport_c.so" to ""
-- Up-to-date: /home/xdkazer/Dual_Kuka_LLM_Bachelor/p5_ws/install/project_interfaces/include/project_interfaces/project_interfaces
-- Up-to-date: /home/xdkazer/Dual_Kuka_LLM_Bachelor/p5_ws/install/project_interfaces/include/project_interfaces/project_interfaces/srv
-- Up-to-date: /home/xdkazer/Dual_Kuka_LLM_Bachelor/p5_ws/install/project_interfaces/include/project_interfaces/project_interfaces/srv/detail
-- Installing: /home/xdkazer/Dual_Kuka_LLM_Bachelor/p5_ws/install/project_interfaces/include/project_interfaces/project_interfaces/srv/detail/define_object_info__rosidl_typesupport_introspection_cpp.hpp
-- Installing: /home/xdkazer/Dual_Kuka_LLM_Bachelor/p5_ws/install/project_interfaces/include/project_interfaces/project_interfaces/srv/detail/get_object_info__type_support.cpp
-- Installing: /home/xdkazer/Dual_Kuka_LLM_Bachelor/p5_ws/install/project_interfaces/include/project_interfaces/project_interfaces/srv/detail/prompt_janice__type_support.cpp
-- Installing: /home/xdkazer/Dual_Kuka_LLM_Bachelor/p5_ws/install/project_interfaces/include/project_interfaces/project_interfaces/srv/detail/get_object_info__rosidl_typesupport_introspection_cpp.hpp
-- Installing: /home/xdkazer/Dual_Kuka_LLM_Bachelor/p5_ws/install/project_interfaces/include/project_interfaces/project_interfaces/srv/detail/plan_move_command__rosidl_typesupport_introspection_cpp.hpp
-- Installing: /home/xdkazer/Dual_Kuka_LLM_Bachelor/p5_ws/install/project_interfaces/include/project_interfaces/project_interfaces/srv/detail/prompt_janice__rosidl_typesupport_introspection_cpp.hpp
-- Installing: /home/xdkazer/Dual_Kuka_LLM_Bachelor/p5_ws/install/project_interfaces/include/project_interfaces/project_interfaces/srv/detail/execute_move_command__rosidl_typesupport_introspection_cpp.hpp
-- Installing: /home/xdkazer/Dual_Kuka_LLM_Bachelor/p5_ws/install/project_interfaces/include/project_interfaces/project_interfaces/srv/detail/define_object_info__type_support.cpp
-- Installing: /home/xdkazer/Dual_Kuka_LLM_Bachelor/p5_ws/install/project_interfaces/include/project_interfaces/project_interfaces/srv/detail/get_current_pose__rosidl_typesupport_introspection_cpp.hpp
-- Installing: /home/xdkazer/Dual_Kuka_LLM_Bachelor/p5_ws/install/project_interfaces/include/project_interfaces/project_interfaces/srv/detail/execute_move_command__type_support.cpp
-- Installing: /home/xdkazer/Dual_Kuka_LLM_Bachelor/p5_ws/install/project_interfaces/include/project_interfaces/project_interfaces/srv/detail/get_current_pose__type_support.cpp
-- Installing: /home/xdkazer/Dual_Kuka_LLM_Bachelor/p5_ws/install/project_interfaces/include/project_interfaces/project_interfaces/srv/detail/plan_move_command__type_support.cpp
-- Installing: /home/xdkazer/Dual_Kuka_LLM_Bachelor/p5_ws/install/project_interfaces/lib/libproject_interfaces__rosidl_typesupport_introspection_cpp.so
-- Set runtime path of "/home/xdkazer/Dual_Kuka_LLM_Bachelor/p5_ws/install/project_interfaces/lib/libproject_interfaces__rosidl_typesupport_introspection_cpp.so" to ""
-- Installing: /home/xdkazer/Dual_Kuka_LLM_Bachelor/p5_ws/install/project_interfaces/lib/libproject_interfaces__rosidl_typesupport_cpp.so
-- Set runtime path of "/home/xdkazer/Dual_Kuka_LLM_Bachelor/p5_ws/install/project_interfaces/lib/libproject_interfaces__rosidl_typesupport_cpp.so" to ""
-- Installing: /home/xdkazer/Dual_Kuka_LLM_Bachelor/p5_ws/install/project_interfaces/share/project_interfaces/environment/pythonpath.sh
-- Installing: /home/xdkazer/Dual_Kuka_LLM_Bachelor/p5_ws/install/project_interfaces/share/project_interfaces/environment/pythonpath.dsv
-- Installing: /home/xdkazer/Dual_Kuka_LLM_Bachelor/p5_ws/install/project_interfaces/local/lib/python3.10/dist-packages/project_interfaces-0.0.0-py3.10.egg-info
-- Installing: /home/xdkazer/Dual_Kuka_LLM_Bachelor/p5_ws/install/project_interfaces/local/lib/python3.10/dist-packages/project_interfaces-0.0.0-py3.10.egg-info/SOURCES.txt
-- Installing: /home/xdkazer/Dual_Kuka_LLM_Bachelor/p5_ws/install/project_interfaces/local/lib/python3.10/dist-packages/project_interfaces-0.0.0-py3.10.egg-info/top_level.txt
-- Installing: /home/xdkazer/Dual_Kuka_LLM_Bachelor/p5_ws/install/project_interfaces/local/lib/python3.10/dist-packages/project_interfaces-0.0.0-py3.10.egg-info/PKG-INFO
-- Installing: /home/xdkazer/Dual_Kuka_LLM_Bachelor/p5_ws/install/project_interfaces/local/lib/python3.10/dist-packages/project_interfaces-0.0.0-py3.10.egg-info/dependency_links.txt
-- Installing: /home/xdkazer/Dual_Kuka_LLM_Bachelor/p5_ws/install/project_interfaces/local/lib/python3.10/dist-packages/project_interfaces
-- Installing: /home/xdkazer/Dual_Kuka_LLM_Bachelor/p5_ws/install/project_interfaces/local/lib/python3.10/dist-packages/project_interfaces/__init__.py
-- Installing: /home/xdkazer/Dual_Kuka_LLM_Bachelor/p5_ws/install/project_interfaces/local/lib/python3.10/dist-packages/project_interfaces/_project_interfaces_s.ep.rosidl_typesupport_introspection_c.c
-- Installing: /home/xdkazer/Dual_Kuka_LLM_Bachelor/p5_ws/install/project_interfaces/local/lib/python3.10/dist-packages/project_interfaces/_project_interfaces_s.ep.rosidl_typesupport_fastrtps_c.c
-- Installing: /home/xdkazer/Dual_Kuka_LLM_Bachelor/p5_ws/install/project_interfaces/local/lib/python3.10/dist-packages/project_interfaces/project_interfaces_s__rosidl_typesupport_fastrtps_c.cpython-310-x86_64-linux-gnu.so
-- Installing: /home/xdkazer/Dual_Kuka_LLM_Bachelor/p5_ws/install/project_interfaces/local/lib/python3.10/dist-packages/project_interfaces/srv
-- Installing: /home/xdkazer/Dual_Kuka_LLM_Bachelor/p5_ws/install/project_interfaces/local/lib/python3.10/dist-packages/project_interfaces/srv/_prompt_janice.py
-- Installing: /home/xdkazer/Dual_Kuka_LLM_Bachelor/p5_ws/install/project_interfaces/local/lib/python3.10/dist-packages/project_interfaces/srv/_get_current_pose.py
-- Installing: /home/xdkazer/Dual_Kuka_LLM_Bachelor/p5_ws/install/project_interfaces/local/lib/python3.10/dist-packages/project_interfaces/srv/_get_object_info.py
-- Installing: /home/xdkazer/Dual_Kuka_LLM_Bachelor/p5_ws/install/project_interfaces/local/lib/python3.10/dist-packages/project_interfaces/srv/_execute_move_command.py
-- Installing: /home/xdkazer/Dual_Kuka_LLM_Bachelor/p5_ws/install/project_interfaces/local/lib/python3.10/dist-packages/project_interfaces/srv/_get_current_pose_s.c
-- Installing: /home/xdkazer/Dual_Kuka_LLM_Bachelor/p5_ws/install/project_interfaces/local/lib/python3.10/dist-packages/project_interfaces/srv/__init__.py
-- Installing: /home/xdkazer/Dual_Kuka_LLM_Bachelor/p5_ws/install/project_interfaces/local/lib/python3.10/dist-packages/project_interfaces/srv/_get_object_info_s.c
-- Installing: /home/xdkazer/Dual_Kuka_LLM_Bachelor/p5_ws/install/project_interfaces/local/lib/python3.10/dist-packages/project_interfaces/srv/_execute_move_command_s.c
-- Installing: /home/xdkazer/Dual_Kuka_LLM_Bachelor/p5_ws/install/project_interfaces/local/lib/python3.10/dist-packages/project_interfaces/srv/_plan_move_command_s.c
-- Installing: /home/xdkazer/Dual_Kuka_LLM_Bachelor/p5_ws/install/project_interfaces/local/lib/python3.10/dist-packages/project_interfaces/srv/_prompt_janice_s.c
-- Installing: /home/xdkazer/Dual_Kuka_LLM_Bachelor/p5_ws/install/project_interfaces/local/lib/python3.10/dist-packages/project_interfaces/srv/_define_object_info_s.c
-- Installing: /home/xdkazer/Dual_Kuka_LLM_Bachelor/p5_ws/install/project_interfaces/local/lib/python3.10/dist-packages/project_interfaces/srv/_plan_move_command.py
-- Installing: /home/xdkazer/Dual_Kuka_LLM_Bachelor/p5_ws/install/project_interfaces/local/lib/python3.10/dist-packages/project_interfaces/srv/_define_object_info.py
-- Installing: /home/xdkazer/Dual_Kuka_LLM_Bachelor/p5_ws/install/project_interfaces/local/lib/python3.10/dist-packages/project_interfaces/project_interfaces_s__rosidl_typesupport_c.cpython-310-x86_64-linux-gnu.so
-- Installing: /home/xdkazer/Dual_Kuka_LLM_Bachelor/p5_ws/install/project_interfaces/local/lib/python3.10/dist-packages/project_interfaces/libproject_interfaces__rosidl_generator_py.so
-- Installing: /home/xdkazer/Dual_Kuka_LLM_Bachelor/p5_ws/install/project_interfaces/local/lib/python3.10/dist-packages/project_interfaces/_project_interfaces_s.ep.rosidl_typesupport_c.c
-- Installing: /home/xdkazer/Dual_Kuka_LLM_Bachelor/p5_ws/install/project_interfaces/local/lib/python3.10/dist-packages/project_interfaces/project_interfaces_s__rosidl_typesupport_introspection_c.cpython-310-x86_64-linux-gnu.so
Listing '/home/xdkazer/Dual_Kuka_LLM_Bachelor/p5_ws/install/project_interfaces/local/lib/python3.10/dist-packages/project_interfaces'...
Compiling '/home/xdkazer/Dual_Kuka_LLM_Bachelor/p5_ws/install/project_interfaces/local/lib/python3.10/dist-packages/project_interfaces/__init__.py'...
Listing '/home/xdkazer/Dual_Kuka_LLM_Bachelor/p5_ws/install/project_interfaces/local/lib/python3.10/dist-packages/project_interfaces/srv'...
Compiling '/home/xdkazer/Dual_Kuka_LLM_Bachelor/p5_ws/install/project_interfaces/local/lib/python3.10/dist-packages/project_interfaces/srv/__init__.py'...
Compiling '/home/xdkazer/Dual_Kuka_LLM_Bachelor/p5_ws/install/project_interfaces/local/lib/python3.10/dist-packages/project_interfaces/srv/_define_object_info.py'...
Compiling '/home/xdkazer/Dual_Kuka_LLM_Bachelor/p5_ws/install/project_interfaces/local/lib/python3.10/dist-packages/project_interfaces/srv/_execute_move_command.py'...
Compiling '/home/xdkazer/Dual_Kuka_LLM_Bachelor/p5_ws/install/project_interfaces/local/lib/python3.10/dist-packages/project_interfaces/srv/_get_current_pose.py'...
Compiling '/home/xdkazer/Dual_Kuka_LLM_Bachelor/p5_ws/install/project_interfaces/local/lib/python3.10/dist-packages/project_interfaces/srv/_get_object_info.py'...
Compiling '/home/xdkazer/Dual_Kuka_LLM_Bachelor/p5_ws/install/project_interfaces/local/lib/python3.10/dist-packages/project_interfaces/srv/_plan_move_command.py'...
Compiling '/home/xdkazer/Dual_Kuka_LLM_Bachelor/p5_ws/install/project_interfaces/local/lib/python3.10/dist-packages/project_interfaces/srv/_prompt_janice.py'...
-- Installing: /home/xdkazer/Dual_Kuka_LLM_Bachelor/p5_ws/install/project_interfaces/local/lib/python3.10/dist-packages/project_interfaces/project_interfaces_s__rosidl_typesupport_fastrtps_c.cpython-310-x86_64-linux-gnu.so
-- Set runtime path of "/home/xdkazer/Dual_Kuka_LLM_Bachelor/p5_ws/install/project_interfaces/local/lib/python3.10/dist-packages/project_interfaces/project_interfaces_s__rosidl_typesupport_fastrtps_c.cpython-310-x86_64-linux-gnu.so" to ""
-- Installing: /home/xdkazer/Dual_Kuka_LLM_Bachelor/p5_ws/install/project_interfaces/local/lib/python3.10/dist-packages/project_interfaces/project_interfaces_s__rosidl_typesupport_introspection_c.cpython-310-x86_64-linux-gnu.so
-- Set runtime path of "/home/xdkazer/Dual_Kuka_LLM_Bachelor/p5_ws/install/project_interfaces/local/lib/python3.10/dist-packages/project_interfaces/project_interfaces_s__rosidl_typesupport_introspection_c.cpython-310-x86_64-linux-gnu.so" to ""
-- Installing: /home/xdkazer/Dual_Kuka_LLM_Bachelor/p5_ws/install/project_interfaces/local/lib/python3.10/dist-packages/project_interfaces/project_interfaces_s__rosidl_typesupport_c.cpython-310-x86_64-linux-gnu.so
-- Set runtime path of "/home/xdkazer/Dual_Kuka_LLM_Bachelor/p5_ws/install/project_interfaces/local/lib/python3.10/dist-packages/project_interfaces/project_interfaces_s__rosidl_typesupport_c.cpython-310-x86_64-linux-gnu.so" to ""
-- Installing: /home/xdkazer/Dual_Kuka_LLM_Bachelor/p5_ws/install/project_interfaces/lib/libproject_interfaces__rosidl_generator_py.so
-- Set runtime path of "/home/xdkazer/Dual_Kuka_LLM_Bachelor/p5_ws/install/project_interfaces/lib/libproject_interfaces__rosidl_generator_py.so" to ""
-- Installing: /home/xdkazer/Dual_Kuka_LLM_Bachelor/p5_ws/install/project_interfaces/share/project_interfaces/srv/GetObjectInfo.idl
-- Installing: /home/xdkazer/Dual_Kuka_LLM_Bachelor/p5_ws/install/project_interfaces/share/project_interfaces/srv/PlanMoveCommand.idl
-- Installing: /home/xdkazer/Dual_Kuka_LLM_Bachelor/p5_ws/install/project_interfaces/share/project_interfaces/srv/DefineObjectInfo.idl
-- Installing: /home/xdkazer/Dual_Kuka_LLM_Bachelor/p5_ws/install/project_interfaces/share/project_interfaces/srv/ExecuteMoveCommand.idl
-- Installing: /home/xdkazer/Dual_Kuka_LLM_Bachelor/p5_ws/install/project_interfaces/share/project_interfaces/srv/PromptJanice.idl
-- Installing: /home/xdkazer/Dual_Kuka_LLM_Bachelor/p5_ws/install/project_interfaces/share/project_interfaces/srv/GetCurrentPose.idl
-- Installing: /home/xdkazer/Dual_Kuka_LLM_Bachelor/p5_ws/install/project_interfaces/share/project_interfaces/srv/GetObjectInfo.srv
-- Installing: /home/xdkazer/Dual_Kuka_LLM_Bachelor/p5_ws/install/project_interfaces/share/project_interfaces/srv/GetObjectInfo_Request.msg
-- Installing: /home/xdkazer/Dual_Kuka_LLM_Bachelor/p5_ws/install/project_interfaces/share/project_interfaces/srv/GetObjectInfo_Response.msg
-- Installing: /home/xdkazer/Dual_Kuka_LLM_Bachelor/p5_ws/install/project_interfaces/share/project_interfaces/srv/PlanMoveCommand.srv
-- Installing: /home/xdkazer/Dual_Kuka_LLM_Bachelor/p5_ws/install/project_interfaces/share/project_interfaces/srv/PlanMoveCommand_Request.msg
-- Installing: /home/xdkazer/Dual_Kuka_LLM_Bachelor/p5_ws/install/project_interfaces/share/project_interfaces/srv/PlanMoveCommand_Response.msg
-- Installing: /home/xdkazer/Dual_Kuka_LLM_Bachelor/p5_ws/install/project_interfaces/share/project_interfaces/srv/DefineObjectInfo.srv
-- Installing: /home/xdkazer/Dual_Kuka_LLM_Bachelor/p5_ws/install/project_interfaces/share/project_interfaces/srv/DefineObjectInfo_Request.msg
-- Installing: /home/xdkazer/Dual_Kuka_LLM_Bachelor/p5_ws/install/project_interfaces/share/project_interfaces/srv/DefineObjectInfo_Response.msg
-- Installing: /home/xdkazer/Dual_Kuka_LLM_Bachelor/p5_ws/install/project_interfaces/share/project_interfaces/srv/ExecuteMoveCommand.srv
-- Installing: /home/xdkazer/Dual_Kuka_LLM_Bachelor/p5_ws/install/project_interfaces/share/project_interfaces/srv/ExecuteMoveCommand_Request.msg
-- Installing: /home/xdkazer/Dual_Kuka_LLM_Bachelor/p5_ws/install/project_interfaces/share/project_interfaces/srv/ExecuteMoveCommand_Response.msg
-- Installing: /home/xdkazer/Dual_Kuka_LLM_Bachelor/p5_ws/install/project_interfaces/share/project_interfaces/srv/PromptJanice.srv
-- Installing: /home/xdkazer/Dual_Kuka_LLM_Bachelor/p5_ws/install/project_interfaces/share/project_interfaces/srv/PromptJanice_Request.msg
-- Installing: /home/xdkazer/Dual_Kuka_LLM_Bachelor/p5_ws/install/project_interfaces/share/project_interfaces/srv/PromptJanice_Response.msg
-- Installing: /home/xdkazer/Dual_Kuka_LLM_Bachelor/p5_ws/install/project_interfaces/share/project_interfaces/srv/GetCurrentPose.srv
-- Installing: /home/xdkazer/Dual_Kuka_LLM_Bachelor/p5_ws/install/project_interfaces/share/project_interfaces/srv/GetCurrentPose_Request.msg
-- Installing: /home/xdkazer/Dual_Kuka_LLM_Bachelor/p5_ws/install/project_interfaces/share/project_interfaces/srv/GetCurrentPose_Response.msg
-- Installing: /home/xdkazer/Dual_Kuka_LLM_Bachelor/p5_ws/install/project_interfaces/share/ament_index/resource_index/package_run_dependencies/project_interfaces
-- Installing: /home/xdkazer/Dual_Kuka_LLM_Bachelor/p5_ws/install/project_interfaces/share/ament_index/resource_index/parent_prefix_path/project_interfaces
-- Installing: /home/xdkazer/Dual_Kuka_LLM_Bachelor/p5_ws/install/project_interfaces/share/project_interfaces/environment/ament_prefix_path.sh
-- Installing: /home/xdkazer/Dual_Kuka_LLM_Bachelor/p5_ws/install/project_interfaces/share/project_interfaces/environment/ament_prefix_path.dsv
-- Installing: /home/xdkazer/Dual_Kuka_LLM_Bachelor/p5_ws/install/project_interfaces/share/project_interfaces/environment/path.sh
-- Installing: /home/xdkazer/Dual_Kuka_LLM_Bachelor/p5_ws/install/project_interfaces/share/project_interfaces/environment/path.dsv
-- Installing: /home/xdkazer/Dual_Kuka_LLM_Bachelor/p5_ws/install/project_interfaces/share/project_interfaces/local_setup.bash
-- Installing: /home/xdkazer/Dual_Kuka_LLM_Bachelor/p5_ws/install/project_interfaces/share/project_interfaces/local_setup.sh
-- Installing: /home/xdkazer/Dual_Kuka_LLM_Bachelor/p5_ws/install/project_interfaces/share/project_interfaces/local_setup.zsh
-- Installing: /home/xdkazer/Dual_Kuka_LLM_Bachelor/p5_ws/install/project_interfaces/share/project_interfaces/local_setup.dsv
-- Installing: /home/xdkazer/Dual_Kuka_LLM_Bachelor/p5_ws/install/project_interfaces/share/project_interfaces/package.dsv
-- Installing: /home/xdkazer/Dual_Kuka_LLM_Bachelor/p5_ws/install/project_interfaces/share/ament_index/resource_index/packages/project_interfaces
-- Installing: /home/xdkazer/Dual_Kuka_LLM_Bachelor/p5_ws/install/project_interfaces/share/project_interfaces/cmake/export_project_interfaces__rosidl_generator_cExport.cmake
-- Installing: /home/xdkazer/Dual_Kuka_LLM_Bachelor/p5_ws/install/project_interfaces/share/project_interfaces/cmake/export_project_interfaces__rosidl_generator_cExport-release.cmake
-- Installing: /home/xdkazer/Dual_Kuka_LLM_Bachelor/p5_ws/install/project_interfaces/share/project_interfaces/cmake/export_project_interfaces__rosidl_typesupport_fastrtps_cExport.cmake
-- Installing: /home/xdkazer/Dual_Kuka_LLM_Bachelor/p5_ws/install/project_interfaces/share/project_interfaces/cmake/export_project_interfaces__rosidl_typesupport_fastrtps_cExport-release.cmake
-- Installing: /home/xdkazer/Dual_Kuka_LLM_Bachelor/p5_ws/install/project_interfaces/share/project_interfaces/cmake/export_project_interfaces__rosidl_generator_cppExport.cmake
-- Installing: /home/xdkazer/Dual_Kuka_LLM_Bachelor/p5_ws/install/project_interfaces/share/project_interfaces/cmake/export_project_interfaces__rosidl_typesupport_fastrtps_cppExport.cmake
-- Installing: /home/xdkazer/Dual_Kuka_LLM_Bachelor/p5_ws/install/project_interfaces/share/project_interfaces/cmake/export_project_interfaces__rosidl_typesupport_fastrtps_cppExport-release.cmake
-- Installing: /home/xdkazer/Dual_Kuka_LLM_Bachelor/p5_ws/install/project_interfaces/share/project_interfaces/cmake/project_interfaces__rosidl_typesupport_introspection_cExport.cmake
-- Installing: /home/xdkazer/Dual_Kuka_LLM_Bachelor/p5_ws/install/project_interfaces/share/project_interfaces/cmake/project_interfaces__rosidl_typesupport_introspection_cExport-release.cmake
-- Installing: /home/xdkazer/Dual_Kuka_LLM_Bachelor/p5_ws/install/project_interfaces/share/project_interfaces/cmake/project_interfaces__rosidl_typesupport_cExport.cmake
-- Installing: /home/xdkazer/Dual_Kuka_LLM_Bachelor/p5_ws/install/project_interfaces/share/project_interfaces/cmake/project_interfaces__rosidl_typesupport_cExport-release.cmake
-- Installing: /home/xdkazer/Dual_Kuka_LLM_Bachelor/p5_ws/install/project_interfaces/share/project_interfaces/cmake/project_interfaces__rosidl_typesupport_introspection_cppExport.cmake
-- Installing: /home/xdkazer/Dual_Kuka_LLM_Bachelor/p5_ws/install/project_interfaces/share/project_interfaces/cmake/project_interfaces__rosidl_typesupport_introspection_cppExport-release.cmake
-- Installing: /home/xdkazer/Dual_Kuka_LLM_Bachelor/p5_ws/install/project_interfaces/share/project_interfaces/cmake/project_interfaces__rosidl_typesupport_cppExport.cmake
-- Installing: /home/xdkazer/Dual_Kuka_LLM_Bachelor/p5_ws/install/project_interfaces/share/project_interfaces/cmake/project_interfaces__rosidl_typesupport_cppExport-release.cmake
-- Installing: /home/xdkazer/Dual_Kuka_LLM_Bachelor/p5_ws/install/project_interfaces/share/project_interfaces/cmake/export_project_interfaces__rosidl_generator_pyExport.cmake
-- Installing: /home/xdkazer/Dual_Kuka_LLM_Bachelor/p5_ws/install/project_interfaces/share/project_interfaces/cmake/export_project_interfaces__rosidl_generator_pyExport-release.cmake
-- Installing: /home/xdkazer/Dual_Kuka_LLM_Bachelor/p5_ws/install/project_interfaces/share/project_interfaces/cmake/rosidl_cmake-extras.cmake
-- Installing: /home/xdkazer/Dual_Kuka_LLM_Bachelor/p5_ws/install/project_interfaces/share/project_interfaces/cmake/ament_cmake_export_dependencies-extras.cmake
-- Installing: /home/xdkazer/Dual_Kuka_LLM_Bachelor/p5_ws/install/project_interfaces/share/project_interfaces/cmake/ament_cmake_export_include_directories-extras.cmake
-- Installing: /home/xdkazer/Dual_Kuka_LLM_Bachelor/p5_ws/install/project_interfaces/share/project_interfaces/cmake/ament_cmake_export_libraries-extras.cmake
-- Installing: /home/xdkazer/Dual_Kuka_LLM_Bachelor/p5_ws/install/project_interfaces/share/project_interfaces/cmake/ament_cmake_export_targets-extras.cmake
-- Installing: /home/xdkazer/Dual_Kuka_LLM_Bachelor/p5_ws/install/project_interfaces/share/project_interfaces/cmake/rosidl_cmake_export_typesupport_targets-extras.cmake
-- Installing: /home/xdkazer/Dual_Kuka_LLM_Bachelor/p5_ws/install/project_interfaces/share/project_interfaces/cmake/rosidl_cmake_export_typesupport_libraries-extras.cmake
-- Installing: /home/xdkazer/Dual_Kuka_LLM_Bachelor/p5_ws/install/project_interfaces/share/project_interfaces/cmake/project_interfacesConfig.cmake
-- Installing: /home/xdkazer/Dual_Kuka_LLM_Bachelor/p5_ws/install/project_interfaces/share/project_interfaces/cmake/project_interfacesConfig-version.cmake
-- Installing: /home/xdkazer/Dual_Kuka_LLM_Bachelor/p5_ws/install/project_interfaces/share/project_interfaces/package.xml
