[0.025s] Invoking command in '/home/xdkazer/Dual_Kuka_LLM_Bachelor/p5_ws/build/project_interfaces': CMAKE_PREFIX_PATH=${CMAKE_PREFIX_PATH}:/home/xdkazer/P5-Kuka-Dual-Arm/p5_ws/install/yolo_world:/home/xdkazer/P5-Kuka-Dual-Arm/p5_ws/install/robotiq_3f_gripper_ros2_control:/home/xdkazer/P5-Kuka-Dual-Arm/p5_ws/install/robotiq_2f_85_control:/home/xdkazer/P5-Kuka-Dual-Arm/p5_ws/install/object_detector:/home/xdkazer/P5-Kuka-Dual-Arm/p5_ws/install/janise:/home/xdkazer/P5-Kuka-Dual-Arm/p5_ws/install/gui_package:/home/xdkazer/P5-Kuka-Dual-Arm/p5_ws/install/moveit_configs_utils:/home/xdkazer/P5-Kuka-Dual-Arm/p5_ws/install/generate_parameter_library_py:/opt/ros/humble /usr/bin/cmake /home/xdkazer/Dual_Kuka_LLM_Bachelor/p5_ws/src/robutler/project_interfaces -DCMAKE_BUILD_TYPE=Release -DCMAKE_INSTALL_PREFIX=/home/xdkazer/Dual_Kuka_LLM_Bachelor/p5_ws/install/project_interfaces
[0.132s] -- The C compiler identification is GNU 11.4.0
[0.248s] -- The CXX compiler identification is GNU 11.4.0
[0.261s] -- Detecting C compiler ABI info
[0.404s] -- Detecting C compiler ABI info - done
[0.415s] -- Check for working C compiler: /usr/bin/cc - skipped
[0.420s] -- Detecting C compile features
[0.420s] -- Detecting C compile features - done
[0.422s] -- Detecting CXX compiler ABI info
[0.577s] -- Detecting CXX compiler ABI info - done
[0.587s] -- Check for working CXX compiler: /usr/bin/c++ - skipped
[0.587s] -- Detecting CXX compile features
[0.587s] -- Detecting CXX compile features - done
[0.598s] -- Found ament_cmake: 1.3.10 (/opt/ros/humble/share/ament_cmake/cmake)
[0.824s] -- Found Python3: /usr/bin/python3 (found version "3.10.12") found components: Interpreter 
[1.017s] -- Found ament_lint_auto: 0.12.11 (/opt/ros/humble/share/ament_lint_auto/cmake)
[1.165s] -- Found geometry_msgs: 4.2.4 (/opt/ros/humble/share/geometry_msgs/cmake)
[1.266s] -- Found rosidl_generator_c: 3.1.5 (/opt/ros/humble/share/rosidl_generator_c/cmake)
[1.278s] -- Found rosidl_adapter: 3.1.5 (/opt/ros/humble/share/rosidl_adapter/cmake)
[1.293s] -- Found rosidl_generator_cpp: 3.1.5 (/opt/ros/humble/share/rosidl_generator_cpp/cmake)
[1.320s] -- Using all available rosidl_typesupport_c: rosidl_typesupport_fastrtps_c;rosidl_typesupport_introspection_c
[1.362s] -- Using all available rosidl_typesupport_cpp: rosidl_typesupport_fastrtps_cpp;rosidl_typesupport_introspection_cpp
[1.412s] -- Found rosidl_default_generators: 1.2.0 (/opt/ros/humble/share/rosidl_default_generators/cmake)
[1.942s] -- Found ament_cmake_ros: 0.10.0 (/opt/ros/humble/share/ament_cmake_ros/cmake)
[2.633s] -- Using all available rosidl_typesupport_c: rosidl_typesupport_fastrtps_c;rosidl_typesupport_introspection_c
[2.861s] -- Using all available rosidl_typesupport_cpp: rosidl_typesupport_fastrtps_cpp;rosidl_typesupport_introspection_cpp
[2.900s] -- Found PythonInterp: /usr/bin/python3 (found suitable version "3.10.12", minimum required is "3.6") 
[2.910s] -- Found python_cmake_module: 0.10.0 (/opt/ros/humble/share/python_cmake_module/cmake)
[2.954s] -- Found PythonLibs: /usr/lib/x86_64-linux-gnu/libpython3.10.so (found suitable version "3.10.12", minimum required is "3.5") 
[2.954s] -- Using PYTHON_EXECUTABLE: /usr/bin/python3
[2.954s] -- Using PYTHON_INCLUDE_DIRS: /usr/include/python3.10
[2.956s] -- Using PYTHON_LIBRARIES: /usr/lib/x86_64-linux-gnu/libpython3.10.so
[3.002s] -- Found PythonExtra: .so  
[3.182s] -- Added test 'lint_cmake' to check CMake code style
[3.184s] -- Added test 'xmllint' to check XML markup files
[3.189s] -- Configuring done
[3.226s] -- Generating done
[3.240s] -- Build files have been written to: /home/xdkazer/Dual_Kuka_LLM_Bachelor/p5_ws/build/project_interfaces
[3.249s] Invoked command in '/home/xdkazer/Dual_Kuka_LLM_Bachelor/p5_ws/build/project_interfaces' returned '0': CMAKE_PREFIX_PATH=${CMAKE_PREFIX_PATH}:/home/xdkazer/P5-Kuka-Dual-Arm/p5_ws/install/yolo_world:/home/xdkazer/P5-Kuka-Dual-Arm/p5_ws/install/robotiq_3f_gripper_ros2_control:/home/xdkazer/P5-Kuka-Dual-Arm/p5_ws/install/robotiq_2f_85_control:/home/xdkazer/P5-Kuka-Dual-Arm/p5_ws/install/object_detector:/home/xdkazer/P5-Kuka-Dual-Arm/p5_ws/install/janise:/home/xdkazer/P5-Kuka-Dual-Arm/p5_ws/install/gui_package:/home/xdkazer/P5-Kuka-Dual-Arm/p5_ws/install/moveit_configs_utils:/home/xdkazer/P5-Kuka-Dual-Arm/p5_ws/install/generate_parameter_library_py:/opt/ros/humble /usr/bin/cmake /home/xdkazer/Dual_Kuka_LLM_Bachelor/p5_ws/src/robutler/project_interfaces -DCMAKE_BUILD_TYPE=Release -DCMAKE_INSTALL_PREFIX=/home/xdkazer/Dual_Kuka_LLM_Bachelor/p5_ws/install/project_interfaces
[3.251s] Invoking command in '/home/xdkazer/Dual_Kuka_LLM_Bachelor/p5_ws/build/project_interfaces': CMAKE_PREFIX_PATH=${CMAKE_PREFIX_PATH}:/home/xdkazer/P5-Kuka-Dual-Arm/p5_ws/install/yolo_world:/home/xdkazer/P5-Kuka-Dual-Arm/p5_ws/install/robotiq_3f_gripper_ros2_control:/home/xdkazer/P5-Kuka-Dual-Arm/p5_ws/install/robotiq_2f_85_control:/home/xdkazer/P5-Kuka-Dual-Arm/p5_ws/install/object_detector:/home/xdkazer/P5-Kuka-Dual-Arm/p5_ws/install/janise:/home/xdkazer/P5-Kuka-Dual-Arm/p5_ws/install/gui_package:/home/xdkazer/P5-Kuka-Dual-Arm/p5_ws/install/moveit_configs_utils:/home/xdkazer/P5-Kuka-Dual-Arm/p5_ws/install/generate_parameter_library_py:/opt/ros/humble /usr/bin/cmake --build /home/xdkazer/Dual_Kuka_LLM_Bachelor/p5_ws/build/project_interfaces -- -j4 -l4
[3.383s] [  1%] [34m[1mGenerating C code for ROS interfaces[0m
[3.462s] [  2%] [34m[1mGenerating C++ code for ROS interfaces[0m
[3.879s] [  2%] Built target ament_cmake_python_copy_project_interfaces
[4.242s] running egg_info
[4.242s] creating project_interfaces.egg-info
[4.242s] writing project_interfaces.egg-info/PKG-INFO
[4.242s] writing dependency_links to project_interfaces.egg-info/dependency_links.txt
[4.242s] writing top-level names to project_interfaces.egg-info/top_level.txt
[4.242s] writing manifest file 'project_interfaces.egg-info/SOURCES.txt'
[4.242s] reading manifest file 'project_interfaces.egg-info/SOURCES.txt'
[4.243s] writing manifest file 'project_interfaces.egg-info/SOURCES.txt'
[4.296s] [  2%] Built target ament_cmake_python_build_project_interfaces_egg
[4.992s] [  2%] Built target project_interfaces__cpp
[5.007s] [  4%] [34m[1mGenerating C++ type support dispatch for ROS interfaces[0m
[5.268s] [  5%] [34m[1mGenerating C++ type support for eProsima Fast-RTPS[0m
[5.462s] [  7%] [34m[1mGenerating C++ introspection for ROS interfaces[0m
[6.361s] [  8%] [32mBuilding CXX object CMakeFiles/project_interfaces__rosidl_typesupport_cpp.dir/rosidl_typesupport_cpp/project_interfaces/srv/get_object_info__type_support.cpp.o[0m
[7.217s] [  9%] [32mBuilding CXX object CMakeFiles/project_interfaces__rosidl_typesupport_cpp.dir/rosidl_typesupport_cpp/project_interfaces/srv/plan_move_command__type_support.cpp.o[0m
[7.309s] [ 11%] [32mBuilding C object CMakeFiles/project_interfaces__rosidl_generator_c.dir/rosidl_generator_c/project_interfaces/srv/detail/get_object_info__functions.c.o[0m
[7.750s] [ 12%] [32mBuilding CXX object CMakeFiles/project_interfaces__rosidl_typesupport_introspection_cpp.dir/rosidl_typesupport_introspection_cpp/project_interfaces/srv/detail/get_object_info__type_support.cpp.o[0m
[8.384s] [ 14%] [32mBuilding CXX object CMakeFiles/project_interfaces__rosidl_typesupport_fastrtps_cpp.dir/rosidl_typesupport_fastrtps_cpp/project_interfaces/srv/detail/dds_fastrtps/get_object_info__type_support.cpp.o[0m
[8.474s] [ 15%] [32mBuilding CXX object CMakeFiles/project_interfaces__rosidl_typesupport_cpp.dir/rosidl_typesupport_cpp/project_interfaces/srv/define_object_info__type_support.cpp.o[0m
[8.504s] [ 16%] [32mBuilding C object CMakeFiles/project_interfaces__rosidl_generator_c.dir/rosidl_generator_c/project_interfaces/srv/detail/plan_move_command__functions.c.o[0m
[9.087s] [ 18%] [32mBuilding CXX object CMakeFiles/project_interfaces__rosidl_typesupport_cpp.dir/rosidl_typesupport_cpp/project_interfaces/srv/execute_move_command__type_support.cpp.o[0m
[9.614s] [ 19%] [32mBuilding CXX object CMakeFiles/project_interfaces__rosidl_typesupport_fastrtps_cpp.dir/rosidl_typesupport_fastrtps_cpp/project_interfaces/srv/detail/dds_fastrtps/plan_move_command__type_support.cpp.o[0m
[9.693s] [ 21%] [32mBuilding CXX object CMakeFiles/project_interfaces__rosidl_typesupport_introspection_cpp.dir/rosidl_typesupport_introspection_cpp/project_interfaces/srv/detail/plan_move_command__type_support.cpp.o[0m
[9.750s] [ 22%] [32mBuilding CXX object CMakeFiles/project_interfaces__rosidl_typesupport_cpp.dir/rosidl_typesupport_cpp/project_interfaces/srv/prompt_janice__type_support.cpp.o[0m
[9.805s] [ 23%] [32mBuilding C object CMakeFiles/project_interfaces__rosidl_generator_c.dir/rosidl_generator_c/project_interfaces/srv/detail/define_object_info__functions.c.o[0m
[10.395s] [ 25%] [32mBuilding CXX object CMakeFiles/project_interfaces__rosidl_typesupport_cpp.dir/rosidl_typesupport_cpp/project_interfaces/srv/get_current_pose__type_support.cpp.o[0m
[11.163s] [ 26%] [32mBuilding CXX object CMakeFiles/project_interfaces__rosidl_typesupport_introspection_cpp.dir/rosidl_typesupport_introspection_cpp/project_interfaces/srv/detail/define_object_info__type_support.cpp.o[0m
[11.164s] [ 28%] [32m[1mLinking CXX shared library libproject_interfaces__rosidl_typesupport_cpp.so[0m
[11.164s] [ 29%] [32mBuilding C object CMakeFiles/project_interfaces__rosidl_generator_c.dir/rosidl_generator_c/project_interfaces/srv/detail/execute_move_command__functions.c.o[0m
[11.194s] [ 30%] [32mBuilding CXX object CMakeFiles/project_interfaces__rosidl_typesupport_fastrtps_cpp.dir/rosidl_typesupport_fastrtps_cpp/project_interfaces/srv/detail/dds_fastrtps/define_object_info__type_support.cpp.o[0m
[11.329s] [ 30%] Built target project_interfaces__rosidl_typesupport_cpp
[11.378s] [ 32%] [32mBuilding CXX object CMakeFiles/project_interfaces__rosidl_typesupport_fastrtps_cpp.dir/rosidl_typesupport_fastrtps_cpp/project_interfaces/srv/detail/dds_fastrtps/execute_move_command__type_support.cpp.o[0m
[12.169s] [ 33%] [32mBuilding CXX object CMakeFiles/project_interfaces__rosidl_typesupport_introspection_cpp.dir/rosidl_typesupport_introspection_cpp/project_interfaces/srv/detail/execute_move_command__type_support.cpp.o[0m
[12.169s] [ 35%] [32mBuilding C object CMakeFiles/project_interfaces__rosidl_generator_c.dir/rosidl_generator_c/project_interfaces/srv/detail/prompt_janice__functions.c.o[0m
[12.220s] [ 36%] [32mBuilding CXX object CMakeFiles/project_interfaces__rosidl_typesupport_fastrtps_cpp.dir/rosidl_typesupport_fastrtps_cpp/project_interfaces/srv/detail/dds_fastrtps/prompt_janice__type_support.cpp.o[0m
[12.979s] [ 38%] [32mBuilding CXX object CMakeFiles/project_interfaces__rosidl_typesupport_fastrtps_cpp.dir/rosidl_typesupport_fastrtps_cpp/project_interfaces/srv/detail/dds_fastrtps/get_current_pose__type_support.cpp.o[0m
[13.469s] [ 39%] [32mBuilding C object CMakeFiles/project_interfaces__rosidl_generator_c.dir/rosidl_generator_c/project_interfaces/srv/detail/get_current_pose__functions.c.o[0m
[13.594s] [ 40%] [32mBuilding CXX object CMakeFiles/project_interfaces__rosidl_typesupport_introspection_cpp.dir/rosidl_typesupport_introspection_cpp/project_interfaces/srv/detail/prompt_janice__type_support.cpp.o[0m
[13.752s] [ 42%] [32m[1mLinking CXX shared library libproject_interfaces__rosidl_typesupport_fastrtps_cpp.so[0m
[14.344s] [ 43%] [32mBuilding CXX object CMakeFiles/project_interfaces__rosidl_typesupport_introspection_cpp.dir/rosidl_typesupport_introspection_cpp/project_interfaces/srv/detail/get_current_pose__type_support.cpp.o[0m
[14.351s] [ 45%] [32m[1mLinking C shared library libproject_interfaces__rosidl_generator_c.so[0m
[14.943s] [ 45%] Built target project_interfaces__rosidl_typesupport_fastrtps_cpp
[14.979s] [ 45%] Built target project_interfaces__rosidl_generator_c
[15.038s] [ 46%] [34m[1mGenerating C introspection for ROS interfaces[0m
[15.064s] [ 47%] [34m[1mGenerating C type support for eProsima Fast-RTPS[0m
[15.069s] [ 49%] [32m[1mLinking CXX shared library libproject_interfaces__rosidl_typesupport_introspection_cpp.so[0m
[15.101s] [ 50%] [34m[1mGenerating C type support dispatch for ROS interfaces[0m
[16.273s] [ 50%] Built target project_interfaces__rosidl_typesupport_introspection_cpp
[17.825s] [ 52%] [32mBuilding CXX object CMakeFiles/project_interfaces__rosidl_typesupport_c.dir/rosidl_typesupport_c/project_interfaces/srv/get_object_info__type_support.cpp.o[0m
[17.844s] [ 53%] [32mBuilding CXX object CMakeFiles/project_interfaces__rosidl_typesupport_c.dir/rosidl_typesupport_c/project_interfaces/srv/plan_move_command__type_support.cpp.o[0m
[18.530s] [ 54%] [32mBuilding CXX object CMakeFiles/project_interfaces__rosidl_typesupport_c.dir/rosidl_typesupport_c/project_interfaces/srv/define_object_info__type_support.cpp.o[0m
[18.530s] [ 56%] [32mBuilding CXX object CMakeFiles/project_interfaces__rosidl_typesupport_fastrtps_c.dir/rosidl_typesupport_fastrtps_c/project_interfaces/srv/detail/get_object_info__type_support_c.cpp.o[0m
[18.772s] [ 57%] [32mBuilding CXX object CMakeFiles/project_interfaces__rosidl_typesupport_c.dir/rosidl_typesupport_c/project_interfaces/srv/execute_move_command__type_support.cpp.o[0m
[18.809s] [ 59%] [32mBuilding C object CMakeFiles/project_interfaces__rosidl_typesupport_introspection_c.dir/rosidl_typesupport_introspection_c/project_interfaces/srv/detail/get_object_info__type_support.c.o[0m
[18.979s] [ 60%] [32mBuilding CXX object CMakeFiles/project_interfaces__rosidl_typesupport_fastrtps_c.dir/rosidl_typesupport_fastrtps_c/project_interfaces/srv/detail/plan_move_command__type_support_c.cpp.o[0m
[19.100s] [ 61%] [32mBuilding CXX object CMakeFiles/project_interfaces__rosidl_typesupport_c.dir/rosidl_typesupport_c/project_interfaces/srv/prompt_janice__type_support.cpp.o[0m
[19.245s] [ 63%] [32mBuilding C object CMakeFiles/project_interfaces__rosidl_typesupport_introspection_c.dir/rosidl_typesupport_introspection_c/project_interfaces/srv/detail/plan_move_command__type_support.c.o[0m
[19.463s] [ 64%] [32mBuilding CXX object CMakeFiles/project_interfaces__rosidl_typesupport_c.dir/rosidl_typesupport_c/project_interfaces/srv/get_current_pose__type_support.cpp.o[0m
[19.703s] [ 66%] [32m[1mLinking CXX shared library libproject_interfaces__rosidl_typesupport_c.so[0m
[19.741s] [ 67%] [32mBuilding C object CMakeFiles/project_interfaces__rosidl_typesupport_introspection_c.dir/rosidl_typesupport_introspection_c/project_interfaces/srv/detail/define_object_info__type_support.c.o[0m
[19.907s] [ 67%] Built target project_interfaces__rosidl_typesupport_c
[19.927s] [ 70%] [32mBuilding C object CMakeFiles/project_interfaces__rosidl_typesupport_introspection_c.dir/rosidl_typesupport_introspection_c/project_interfaces/srv/detail/execute_move_command__type_support.c.o[0m
[19.927s] [ 69%] [32mBuilding CXX object CMakeFiles/project_interfaces__rosidl_typesupport_fastrtps_c.dir/rosidl_typesupport_fastrtps_c/project_interfaces/srv/detail/define_object_info__type_support_c.cpp.o[0m
[20.450s] [ 71%] [32mBuilding C object CMakeFiles/project_interfaces__rosidl_typesupport_introspection_c.dir/rosidl_typesupport_introspection_c/project_interfaces/srv/detail/prompt_janice__type_support.c.o[0m
[20.703s] [ 73%] [32mBuilding C object CMakeFiles/project_interfaces__rosidl_typesupport_introspection_c.dir/rosidl_typesupport_introspection_c/project_interfaces/srv/detail/get_current_pose__type_support.c.o[0m
[20.709s] [ 74%] [32mBuilding CXX object CMakeFiles/project_interfaces__rosidl_typesupport_fastrtps_c.dir/rosidl_typesupport_fastrtps_c/project_interfaces/srv/detail/prompt_janice__type_support_c.cpp.o[0m
[20.900s] [ 76%] [32m[1mLinking C shared library libproject_interfaces__rosidl_typesupport_introspection_c.so[0m
[21.454s] [ 76%] Built target project_interfaces__rosidl_typesupport_introspection_c
[21.573s] [ 77%] [32mBuilding CXX object CMakeFiles/project_interfaces__rosidl_typesupport_fastrtps_c.dir/rosidl_typesupport_fastrtps_c/project_interfaces/srv/detail/get_current_pose__type_support_c.cpp.o[0m
[22.217s] [ 78%] [32mBuilding CXX object CMakeFiles/project_interfaces__rosidl_typesupport_fastrtps_c.dir/rosidl_typesupport_fastrtps_c/project_interfaces/srv/detail/execute_move_command__type_support_c.cpp.o[0m
[22.751s] [ 80%] [32m[1mLinking CXX shared library libproject_interfaces__rosidl_typesupport_fastrtps_c.so[0m
[22.940s] [ 80%] Built target project_interfaces__rosidl_typesupport_fastrtps_c
[23.057s] [ 80%] Built target project_interfaces
[23.240s] [ 81%] [34m[1mGenerating Python code for ROS interfaces[0m
[25.155s] [ 81%] Built target project_interfaces__py
[25.192s] [ 83%] [32mBuilding C object CMakeFiles/project_interfaces__rosidl_generator_py.dir/rosidl_generator_py/project_interfaces/srv/_get_object_info_s.c.o[0m
[25.583s] [ 84%] [32mBuilding C object CMakeFiles/project_interfaces__rosidl_generator_py.dir/rosidl_generator_py/project_interfaces/srv/_execute_move_command_s.c.o[0m
[25.766s] [ 85%] [32mBuilding C object CMakeFiles/project_interfaces__rosidl_generator_py.dir/rosidl_generator_py/project_interfaces/srv/_prompt_janice_s.c.o[0m
[25.950s] [ 87%] [32mBuilding C object CMakeFiles/project_interfaces__rosidl_generator_py.dir/rosidl_generator_py/project_interfaces/srv/_get_current_pose_s.c.o[0m
[26.198s] [ 88%] [32mBuilding C object CMakeFiles/project_interfaces__rosidl_generator_py.dir/rosidl_generator_py/project_interfaces/srv/_define_object_info_s.c.o[0m
[26.357s] [ 90%] [32mBuilding C object CMakeFiles/project_interfaces__rosidl_generator_py.dir/rosidl_generator_py/project_interfaces/srv/_plan_move_command_s.c.o[0m
[26.555s] [ 91%] [32m[1mLinking C shared library rosidl_generator_py/project_interfaces/libproject_interfaces__rosidl_generator_py.so[0m
[26.629s] [ 91%] Built target project_interfaces__rosidl_generator_py
[26.673s] [ 92%] [32mBuilding C object CMakeFiles/project_interfaces__rosidl_typesupport_fastrtps_c__pyext.dir/rosidl_generator_py/project_interfaces/_project_interfaces_s.ep.rosidl_typesupport_fastrtps_c.c.o[0m
[27.011s] [ 94%] [32m[1mLinking C shared library rosidl_generator_py/project_interfaces/project_interfaces_s__rosidl_typesupport_fastrtps_c.cpython-310-x86_64-linux-gnu.so[0m
[27.094s] [ 94%] Built target project_interfaces__rosidl_typesupport_fastrtps_c__pyext
[27.138s] [ 95%] [32mBuilding C object CMakeFiles/project_interfaces__rosidl_typesupport_c__pyext.dir/rosidl_generator_py/project_interfaces/_project_interfaces_s.ep.rosidl_typesupport_c.c.o[0m
[27.408s] [ 97%] [32m[1mLinking C shared library rosidl_generator_py/project_interfaces/project_interfaces_s__rosidl_typesupport_c.cpython-310-x86_64-linux-gnu.so[0m
[27.518s] [ 97%] Built target project_interfaces__rosidl_typesupport_c__pyext
[27.559s] [ 98%] [32mBuilding C object CMakeFiles/project_interfaces__rosidl_typesupport_introspection_c__pyext.dir/rosidl_generator_py/project_interfaces/_project_interfaces_s.ep.rosidl_typesupport_introspection_c.c.o[0m
[27.847s] [100%] [32m[1mLinking C shared library rosidl_generator_py/project_interfaces/project_interfaces_s__rosidl_typesupport_introspection_c.cpython-310-x86_64-linux-gnu.so[0m
[27.960s] [100%] Built target project_interfaces__rosidl_typesupport_introspection_c__pyext
[28.004s] Invoked command in '/home/xdkazer/Dual_Kuka_LLM_Bachelor/p5_ws/build/project_interfaces' returned '0': CMAKE_PREFIX_PATH=${CMAKE_PREFIX_PATH}:/home/xdkazer/P5-Kuka-Dual-Arm/p5_ws/install/yolo_world:/home/xdkazer/P5-Kuka-Dual-Arm/p5_ws/install/robotiq_3f_gripper_ros2_control:/home/xdkazer/P5-Kuka-Dual-Arm/p5_ws/install/robotiq_2f_85_control:/home/xdkazer/P5-Kuka-Dual-Arm/p5_ws/install/object_detector:/home/xdkazer/P5-Kuka-Dual-Arm/p5_ws/install/janise:/home/xdkazer/P5-Kuka-Dual-Arm/p5_ws/install/gui_package:/home/xdkazer/P5-Kuka-Dual-Arm/p5_ws/install/moveit_configs_utils:/home/xdkazer/P5-Kuka-Dual-Arm/p5_ws/install/generate_parameter_library_py:/opt/ros/humble /usr/bin/cmake --build /home/xdkazer/Dual_Kuka_LLM_Bachelor/p5_ws/build/project_interfaces -- -j4 -l4
[28.008s] Invoking command in '/home/xdkazer/Dual_Kuka_LLM_Bachelor/p5_ws/build/project_interfaces': CMAKE_PREFIX_PATH=${CMAKE_PREFIX_PATH}:/home/xdkazer/P5-Kuka-Dual-Arm/p5_ws/install/yolo_world:/home/xdkazer/P5-Kuka-Dual-Arm/p5_ws/install/robotiq_3f_gripper_ros2_control:/home/xdkazer/P5-Kuka-Dual-Arm/p5_ws/install/robotiq_2f_85_control:/home/xdkazer/P5-Kuka-Dual-Arm/p5_ws/install/object_detector:/home/xdkazer/P5-Kuka-Dual-Arm/p5_ws/install/janise:/home/xdkazer/P5-Kuka-Dual-Arm/p5_ws/install/gui_package:/home/xdkazer/P5-Kuka-Dual-Arm/p5_ws/install/moveit_configs_utils:/home/xdkazer/P5-Kuka-Dual-Arm/p5_ws/install/generate_parameter_library_py:/opt/ros/humble /usr/bin/cmake --install /home/xdkazer/Dual_Kuka_LLM_Bachelor/p5_ws/build/project_interfaces
[28.032s] -- Install configuration: "Release"
[28.032s] -- Installing: /home/xdkazer/Dual_Kuka_LLM_Bachelor/p5_ws/install/project_interfaces/share/ament_index/resource_index/rosidl_interfaces/project_interfaces
[28.032s] -- Installing: /home/xdkazer/Dual_Kuka_LLM_Bachelor/p5_ws/install/project_interfaces/include/project_interfaces/project_interfaces
[28.032s] -- Installing: /home/xdkazer/Dual_Kuka_LLM_Bachelor/p5_ws/install/project_interfaces/include/project_interfaces/project_interfaces/msg
[28.032s] -- Installing: /home/xdkazer/Dual_Kuka_LLM_Bachelor/p5_ws/install/project_interfaces/include/project_interfaces/project_interfaces/msg/rosidl_generator_c__visibility_control.h
[28.033s] -- Installing: /home/xdkazer/Dual_Kuka_LLM_Bachelor/p5_ws/install/project_interfaces/include/project_interfaces/project_interfaces/srv
[28.034s] -- Installing: /home/xdkazer/Dual_Kuka_LLM_Bachelor/p5_ws/install/project_interfaces/include/project_interfaces/project_interfaces/srv/get_current_pose.h
[28.035s] -- Installing: /home/xdkazer/Dual_Kuka_LLM_Bachelor/p5_ws/install/project_interfaces/include/project_interfaces/project_interfaces/srv/execute_move_command.h
[28.035s] -- Installing: /home/xdkazer/Dual_Kuka_LLM_Bachelor/p5_ws/install/project_interfaces/include/project_interfaces/project_interfaces/srv/define_object_info.h
[28.035s] -- Installing: /home/xdkazer/Dual_Kuka_LLM_Bachelor/p5_ws/install/project_interfaces/include/project_interfaces/project_interfaces/srv/detail
[28.035s] -- Installing: /home/xdkazer/Dual_Kuka_LLM_Bachelor/p5_ws/install/project_interfaces/include/project_interfaces/project_interfaces/srv/detail/get_current_pose__functions.h
[28.035s] -- Installing: /home/xdkazer/Dual_Kuka_LLM_Bachelor/p5_ws/install/project_interfaces/include/project_interfaces/project_interfaces/srv/detail/get_object_info__struct.h
[28.036s] -- Installing: /home/xdkazer/Dual_Kuka_LLM_Bachelor/p5_ws/install/project_interfaces/include/project_interfaces/project_interfaces/srv/detail/execute_move_command__functions.c
[28.036s] -- Installing: /home/xdkazer/Dual_Kuka_LLM_Bachelor/p5_ws/install/project_interfaces/include/project_interfaces/project_interfaces/srv/detail/define_object_info__functions.h
[28.036s] -- Installing: /home/xdkazer/Dual_Kuka_LLM_Bachelor/p5_ws/install/project_interfaces/include/project_interfaces/project_interfaces/srv/detail/get_object_info__functions.h
[28.036s] -- Installing: /home/xdkazer/Dual_Kuka_LLM_Bachelor/p5_ws/install/project_interfaces/include/project_interfaces/project_interfaces/srv/detail/define_object_info__type_support.h
[28.036s] -- Installing: /home/xdkazer/Dual_Kuka_LLM_Bachelor/p5_ws/install/project_interfaces/include/project_interfaces/project_interfaces/srv/detail/define_object_info__struct.h
[28.036s] -- Installing: /home/xdkazer/Dual_Kuka_LLM_Bachelor/p5_ws/install/project_interfaces/include/project_interfaces/project_interfaces/srv/detail/prompt_janice__struct.h
[28.037s] -- Installing: /home/xdkazer/Dual_Kuka_LLM_Bachelor/p5_ws/install/project_interfaces/include/project_interfaces/project_interfaces/srv/detail/define_object_info__functions.c
[28.037s] -- Installing: /home/xdkazer/Dual_Kuka_LLM_Bachelor/p5_ws/install/project_interfaces/include/project_interfaces/project_interfaces/srv/detail/plan_move_command__functions.h
[28.037s] -- Installing: /home/xdkazer/Dual_Kuka_LLM_Bachelor/p5_ws/install/project_interfaces/include/project_interfaces/project_interfaces/srv/detail/get_current_pose__struct.h
[28.037s] -- Installing: /home/xdkazer/Dual_Kuka_LLM_Bachelor/p5_ws/install/project_interfaces/include/project_interfaces/project_interfaces/srv/detail/plan_move_command__struct.h
[28.037s] -- Installing: /home/xdkazer/Dual_Kuka_LLM_Bachelor/p5_ws/install/project_interfaces/include/project_interfaces/project_interfaces/srv/detail/plan_move_command__type_support.h
[28.038s] -- Installing: /home/xdkazer/Dual_Kuka_LLM_Bachelor/p5_ws/install/project_interfaces/include/project_interfaces/project_interfaces/srv/detail/plan_move_command__functions.c
[28.038s] -- Installing: /home/xdkazer/Dual_Kuka_LLM_Bachelor/p5_ws/install/project_interfaces/include/project_interfaces/project_interfaces/srv/detail/execute_move_command__struct.h
[28.038s] -- Installing: /home/xdkazer/Dual_Kuka_LLM_Bachelor/p5_ws/install/project_interfaces/include/project_interfaces/project_interfaces/srv/detail/prompt_janice__functions.h
[28.038s] -- Installing: /home/xdkazer/Dual_Kuka_LLM_Bachelor/p5_ws/install/project_interfaces/include/project_interfaces/project_interfaces/srv/detail/execute_move_command__type_support.h
[28.038s] -- Installing: /home/xdkazer/Dual_Kuka_LLM_Bachelor/p5_ws/install/project_interfaces/include/project_interfaces/project_interfaces/srv/detail/get_object_info__type_support.h
[28.038s] -- Installing: /home/xdkazer/Dual_Kuka_LLM_Bachelor/p5_ws/install/project_interfaces/include/project_interfaces/project_interfaces/srv/detail/get_current_pose__functions.c
[28.038s] -- Installing: /home/xdkazer/Dual_Kuka_LLM_Bachelor/p5_ws/install/project_interfaces/include/project_interfaces/project_interfaces/srv/detail/prompt_janice__functions.c
[28.039s] -- Installing: /home/xdkazer/Dual_Kuka_LLM_Bachelor/p5_ws/install/project_interfaces/include/project_interfaces/project_interfaces/srv/detail/get_current_pose__type_support.h
[28.039s] -- Installing: /home/xdkazer/Dual_Kuka_LLM_Bachelor/p5_ws/install/project_interfaces/include/project_interfaces/project_interfaces/srv/detail/get_object_info__functions.c
[28.039s] -- Installing: /home/xdkazer/Dual_Kuka_LLM_Bachelor/p5_ws/install/project_interfaces/include/project_interfaces/project_interfaces/srv/detail/prompt_janice__type_support.h
[28.040s] -- Installing: /home/xdkazer/Dual_Kuka_LLM_Bachelor/p5_ws/install/project_interfaces/include/project_interfaces/project_interfaces/srv/detail/execute_move_command__functions.h
[28.040s] -- Installing: /home/xdkazer/Dual_Kuka_LLM_Bachelor/p5_ws/install/project_interfaces/include/project_interfaces/project_interfaces/srv/get_object_info.h
[28.040s] -- Installing: /home/xdkazer/Dual_Kuka_LLM_Bachelor/p5_ws/install/project_interfaces/include/project_interfaces/project_interfaces/srv/prompt_janice.h
[28.040s] -- Installing: /home/xdkazer/Dual_Kuka_LLM_Bachelor/p5_ws/install/project_interfaces/include/project_interfaces/project_interfaces/srv/plan_move_command.h
[28.040s] -- Installing: /home/xdkazer/Dual_Kuka_LLM_Bachelor/p5_ws/install/project_interfaces/share/project_interfaces/environment/library_path.sh
[28.040s] -- Installing: /home/xdkazer/Dual_Kuka_LLM_Bachelor/p5_ws/install/project_interfaces/share/project_interfaces/environment/library_path.dsv
[28.040s] -- Installing: /home/xdkazer/Dual_Kuka_LLM_Bachelor/p5_ws/install/project_interfaces/lib/libproject_interfaces__rosidl_generator_c.so
[28.040s] -- Set runtime path of "/home/xdkazer/Dual_Kuka_LLM_Bachelor/p5_ws/install/project_interfaces/lib/libproject_interfaces__rosidl_generator_c.so" to ""
[28.040s] -- Up-to-date: /home/xdkazer/Dual_Kuka_LLM_Bachelor/p5_ws/install/project_interfaces/include/project_interfaces/project_interfaces
[28.041s] -- Up-to-date: /home/xdkazer/Dual_Kuka_LLM_Bachelor/p5_ws/install/project_interfaces/include/project_interfaces/project_interfaces/msg
[28.041s] -- Installing: /home/xdkazer/Dual_Kuka_LLM_Bachelor/p5_ws/install/project_interfaces/include/project_interfaces/project_interfaces/msg/rosidl_typesupport_fastrtps_c__visibility_control.h
[28.041s] -- Up-to-date: /home/xdkazer/Dual_Kuka_LLM_Bachelor/p5_ws/install/project_interfaces/include/project_interfaces/project_interfaces/srv
[28.041s] -- Up-to-date: /home/xdkazer/Dual_Kuka_LLM_Bachelor/p5_ws/install/project_interfaces/include/project_interfaces/project_interfaces/srv/detail
[28.041s] -- Installing: /home/xdkazer/Dual_Kuka_LLM_Bachelor/p5_ws/install/project_interfaces/include/project_interfaces/project_interfaces/srv/detail/prompt_janice__rosidl_typesupport_fastrtps_c.h
[28.041s] -- Installing: /home/xdkazer/Dual_Kuka_LLM_Bachelor/p5_ws/install/project_interfaces/include/project_interfaces/project_interfaces/srv/detail/define_object_info__rosidl_typesupport_fastrtps_c.h
[28.041s] -- Installing: /home/xdkazer/Dual_Kuka_LLM_Bachelor/p5_ws/install/project_interfaces/include/project_interfaces/project_interfaces/srv/detail/execute_move_command__rosidl_typesupport_fastrtps_c.h
[28.041s] -- Installing: /home/xdkazer/Dual_Kuka_LLM_Bachelor/p5_ws/install/project_interfaces/include/project_interfaces/project_interfaces/srv/detail/get_object_info__rosidl_typesupport_fastrtps_c.h
[28.042s] -- Installing: /home/xdkazer/Dual_Kuka_LLM_Bachelor/p5_ws/install/project_interfaces/include/project_interfaces/project_interfaces/srv/detail/plan_move_command__rosidl_typesupport_fastrtps_c.h
[28.042s] -- Installing: /home/xdkazer/Dual_Kuka_LLM_Bachelor/p5_ws/install/project_interfaces/include/project_interfaces/project_interfaces/srv/detail/get_current_pose__rosidl_typesupport_fastrtps_c.h
[28.042s] -- Installing: /home/xdkazer/Dual_Kuka_LLM_Bachelor/p5_ws/install/project_interfaces/lib/libproject_interfaces__rosidl_typesupport_fastrtps_c.so
[28.047s] -- Set runtime path of "/home/xdkazer/Dual_Kuka_LLM_Bachelor/p5_ws/install/project_interfaces/lib/libproject_interfaces__rosidl_typesupport_fastrtps_c.so" to ""
[28.052s] -- Up-to-date: /home/xdkazer/Dual_Kuka_LLM_Bachelor/p5_ws/install/project_interfaces/include/project_interfaces/project_interfaces
[28.052s] -- Up-to-date: /home/xdkazer/Dual_Kuka_LLM_Bachelor/p5_ws/install/project_interfaces/include/project_interfaces/project_interfaces/srv
[28.052s] -- Installing: /home/xdkazer/Dual_Kuka_LLM_Bachelor/p5_ws/install/project_interfaces/include/project_interfaces/project_interfaces/srv/execute_move_command.hpp
[28.053s] -- Installing: /home/xdkazer/Dual_Kuka_LLM_Bachelor/p5_ws/install/project_interfaces/include/project_interfaces/project_interfaces/srv/plan_move_command.hpp
[28.054s] -- Installing: /home/xdkazer/Dual_Kuka_LLM_Bachelor/p5_ws/install/project_interfaces/include/project_interfaces/project_interfaces/srv/get_current_pose.hpp
[28.055s] -- Up-to-date: /home/xdkazer/Dual_Kuka_LLM_Bachelor/p5_ws/install/project_interfaces/include/project_interfaces/project_interfaces/srv/detail
[28.055s] -- Installing: /home/xdkazer/Dual_Kuka_LLM_Bachelor/p5_ws/install/project_interfaces/include/project_interfaces/project_interfaces/srv/detail/prompt_janice__struct.hpp
[28.056s] -- Installing: /home/xdkazer/Dual_Kuka_LLM_Bachelor/p5_ws/install/project_interfaces/include/project_interfaces/project_interfaces/srv/detail/get_object_info__traits.hpp
[28.056s] -- Installing: /home/xdkazer/Dual_Kuka_LLM_Bachelor/p5_ws/install/project_interfaces/include/project_interfaces/project_interfaces/srv/detail/define_object_info__traits.hpp
[28.056s] -- Installing: /home/xdkazer/Dual_Kuka_LLM_Bachelor/p5_ws/install/project_interfaces/include/project_interfaces/project_interfaces/srv/detail/get_current_pose__traits.hpp
[28.056s] -- Installing: /home/xdkazer/Dual_Kuka_LLM_Bachelor/p5_ws/install/project_interfaces/include/project_interfaces/project_interfaces/srv/detail/execute_move_command__builder.hpp
[28.056s] -- Installing: /home/xdkazer/Dual_Kuka_LLM_Bachelor/p5_ws/install/project_interfaces/include/project_interfaces/project_interfaces/srv/detail/get_object_info__builder.hpp
[28.056s] -- Installing: /home/xdkazer/Dual_Kuka_LLM_Bachelor/p5_ws/install/project_interfaces/include/project_interfaces/project_interfaces/srv/detail/plan_move_command__builder.hpp
[28.057s] -- Installing: /home/xdkazer/Dual_Kuka_LLM_Bachelor/p5_ws/install/project_interfaces/include/project_interfaces/project_interfaces/srv/detail/get_current_pose__struct.hpp
[28.057s] -- Installing: /home/xdkazer/Dual_Kuka_LLM_Bachelor/p5_ws/install/project_interfaces/include/project_interfaces/project_interfaces/srv/detail/get_object_info__struct.hpp
[28.057s] -- Installing: /home/xdkazer/Dual_Kuka_LLM_Bachelor/p5_ws/install/project_interfaces/include/project_interfaces/project_interfaces/srv/detail/define_object_info__builder.hpp
[28.057s] -- Installing: /home/xdkazer/Dual_Kuka_LLM_Bachelor/p5_ws/install/project_interfaces/include/project_interfaces/project_interfaces/srv/detail/plan_move_command__traits.hpp
[28.057s] -- Installing: /home/xdkazer/Dual_Kuka_LLM_Bachelor/p5_ws/install/project_interfaces/include/project_interfaces/project_interfaces/srv/detail/execute_move_command__struct.hpp
[28.058s] -- Installing: /home/xdkazer/Dual_Kuka_LLM_Bachelor/p5_ws/install/project_interfaces/include/project_interfaces/project_interfaces/srv/detail/execute_move_command__traits.hpp
[28.059s] -- Installing: /home/xdkazer/Dual_Kuka_LLM_Bachelor/p5_ws/install/project_interfaces/include/project_interfaces/project_interfaces/srv/detail/get_current_pose__builder.hpp
[28.059s] -- Installing: /home/xdkazer/Dual_Kuka_LLM_Bachelor/p5_ws/install/project_interfaces/include/project_interfaces/project_interfaces/srv/detail/plan_move_command__struct.hpp
[28.059s] -- Installing: /home/xdkazer/Dual_Kuka_LLM_Bachelor/p5_ws/install/project_interfaces/include/project_interfaces/project_interfaces/srv/detail/define_object_info__struct.hpp
[28.059s] -- Installing: /home/xdkazer/Dual_Kuka_LLM_Bachelor/p5_ws/install/project_interfaces/include/project_interfaces/project_interfaces/srv/detail/prompt_janice__builder.hpp
[28.059s] -- Installing: /home/xdkazer/Dual_Kuka_LLM_Bachelor/p5_ws/install/project_interfaces/include/project_interfaces/project_interfaces/srv/detail/prompt_janice__traits.hpp
[28.059s] -- Installing: /home/xdkazer/Dual_Kuka_LLM_Bachelor/p5_ws/install/project_interfaces/include/project_interfaces/project_interfaces/srv/prompt_janice.hpp
[28.059s] -- Installing: /home/xdkazer/Dual_Kuka_LLM_Bachelor/p5_ws/install/project_interfaces/include/project_interfaces/project_interfaces/srv/get_object_info.hpp
[28.059s] -- Installing: /home/xdkazer/Dual_Kuka_LLM_Bachelor/p5_ws/install/project_interfaces/include/project_interfaces/project_interfaces/srv/define_object_info.hpp
[28.059s] -- Up-to-date: /home/xdkazer/Dual_Kuka_LLM_Bachelor/p5_ws/install/project_interfaces/include/project_interfaces/project_interfaces
[28.059s] -- Up-to-date: /home/xdkazer/Dual_Kuka_LLM_Bachelor/p5_ws/install/project_interfaces/include/project_interfaces/project_interfaces/msg
[28.059s] -- Installing: /home/xdkazer/Dual_Kuka_LLM_Bachelor/p5_ws/install/project_interfaces/include/project_interfaces/project_interfaces/msg/rosidl_typesupport_fastrtps_cpp__visibility_control.h
[28.060s] -- Up-to-date: /home/xdkazer/Dual_Kuka_LLM_Bachelor/p5_ws/install/project_interfaces/include/project_interfaces/project_interfaces/srv
[28.060s] -- Up-to-date: /home/xdkazer/Dual_Kuka_LLM_Bachelor/p5_ws/install/project_interfaces/include/project_interfaces/project_interfaces/srv/detail
[28.060s] -- Installing: /home/xdkazer/Dual_Kuka_LLM_Bachelor/p5_ws/install/project_interfaces/include/project_interfaces/project_interfaces/srv/detail/prompt_janice__rosidl_typesupport_fastrtps_cpp.hpp
[28.060s] -- Installing: /home/xdkazer/Dual_Kuka_LLM_Bachelor/p5_ws/install/project_interfaces/include/project_interfaces/project_interfaces/srv/detail/plan_move_command__rosidl_typesupport_fastrtps_cpp.hpp
[28.060s] -- Installing: /home/xdkazer/Dual_Kuka_LLM_Bachelor/p5_ws/install/project_interfaces/include/project_interfaces/project_interfaces/srv/detail/get_object_info__rosidl_typesupport_fastrtps_cpp.hpp
[28.060s] -- Installing: /home/xdkazer/Dual_Kuka_LLM_Bachelor/p5_ws/install/project_interfaces/include/project_interfaces/project_interfaces/srv/detail/define_object_info__rosidl_typesupport_fastrtps_cpp.hpp
[28.061s] -- Installing: /home/xdkazer/Dual_Kuka_LLM_Bachelor/p5_ws/install/project_interfaces/include/project_interfaces/project_interfaces/srv/detail/get_current_pose__rosidl_typesupport_fastrtps_cpp.hpp
[28.061s] -- Installing: /home/xdkazer/Dual_Kuka_LLM_Bachelor/p5_ws/install/project_interfaces/include/project_interfaces/project_interfaces/srv/detail/dds_fastrtps
[28.061s] -- Installing: /home/xdkazer/Dual_Kuka_LLM_Bachelor/p5_ws/install/project_interfaces/include/project_interfaces/project_interfaces/srv/detail/execute_move_command__rosidl_typesupport_fastrtps_cpp.hpp
[28.061s] -- Installing: /home/xdkazer/Dual_Kuka_LLM_Bachelor/p5_ws/install/project_interfaces/lib/libproject_interfaces__rosidl_typesupport_fastrtps_cpp.so
[28.061s] -- Set runtime path of "/home/xdkazer/Dual_Kuka_LLM_Bachelor/p5_ws/install/project_interfaces/lib/libproject_interfaces__rosidl_typesupport_fastrtps_cpp.so" to ""
[28.061s] -- Up-to-date: /home/xdkazer/Dual_Kuka_LLM_Bachelor/p5_ws/install/project_interfaces/include/project_interfaces/project_interfaces
[28.061s] -- Up-to-date: /home/xdkazer/Dual_Kuka_LLM_Bachelor/p5_ws/install/project_interfaces/include/project_interfaces/project_interfaces/msg
[28.061s] -- Installing: /home/xdkazer/Dual_Kuka_LLM_Bachelor/p5_ws/install/project_interfaces/include/project_interfaces/project_interfaces/msg/rosidl_typesupport_introspection_c__visibility_control.h
[28.061s] -- Up-to-date: /home/xdkazer/Dual_Kuka_LLM_Bachelor/p5_ws/install/project_interfaces/include/project_interfaces/project_interfaces/srv
[28.061s] -- Up-to-date: /home/xdkazer/Dual_Kuka_LLM_Bachelor/p5_ws/install/project_interfaces/include/project_interfaces/project_interfaces/srv/detail
[28.061s] -- Installing: /home/xdkazer/Dual_Kuka_LLM_Bachelor/p5_ws/install/project_interfaces/include/project_interfaces/project_interfaces/srv/detail/define_object_info__type_support.c
[28.061s] -- Installing: /home/xdkazer/Dual_Kuka_LLM_Bachelor/p5_ws/install/project_interfaces/include/project_interfaces/project_interfaces/srv/detail/execute_move_command__rosidl_typesupport_introspection_c.h
[28.061s] -- Installing: /home/xdkazer/Dual_Kuka_LLM_Bachelor/p5_ws/install/project_interfaces/include/project_interfaces/project_interfaces/srv/detail/prompt_janice__type_support.c
[28.061s] -- Installing: /home/xdkazer/Dual_Kuka_LLM_Bachelor/p5_ws/install/project_interfaces/include/project_interfaces/project_interfaces/srv/detail/define_object_info__rosidl_typesupport_introspection_c.h
[28.061s] -- Installing: /home/xdkazer/Dual_Kuka_LLM_Bachelor/p5_ws/install/project_interfaces/include/project_interfaces/project_interfaces/srv/detail/execute_move_command__type_support.c
[28.062s] -- Installing: /home/xdkazer/Dual_Kuka_LLM_Bachelor/p5_ws/install/project_interfaces/include/project_interfaces/project_interfaces/srv/detail/get_object_info__type_support.c
[28.062s] -- Installing: /home/xdkazer/Dual_Kuka_LLM_Bachelor/p5_ws/install/project_interfaces/include/project_interfaces/project_interfaces/srv/detail/prompt_janice__rosidl_typesupport_introspection_c.h
[28.062s] -- Installing: /home/xdkazer/Dual_Kuka_LLM_Bachelor/p5_ws/install/project_interfaces/include/project_interfaces/project_interfaces/srv/detail/get_current_pose__rosidl_typesupport_introspection_c.h
[28.062s] -- Installing: /home/xdkazer/Dual_Kuka_LLM_Bachelor/p5_ws/install/project_interfaces/include/project_interfaces/project_interfaces/srv/detail/get_object_info__rosidl_typesupport_introspection_c.h
[28.062s] -- Installing: /home/xdkazer/Dual_Kuka_LLM_Bachelor/p5_ws/install/project_interfaces/include/project_interfaces/project_interfaces/srv/detail/plan_move_command__type_support.c
[28.062s] -- Installing: /home/xdkazer/Dual_Kuka_LLM_Bachelor/p5_ws/install/project_interfaces/include/project_interfaces/project_interfaces/srv/detail/plan_move_command__rosidl_typesupport_introspection_c.h
[28.062s] -- Installing: /home/xdkazer/Dual_Kuka_LLM_Bachelor/p5_ws/install/project_interfaces/include/project_interfaces/project_interfaces/srv/detail/get_current_pose__type_support.c
[28.062s] -- Installing: /home/xdkazer/Dual_Kuka_LLM_Bachelor/p5_ws/install/project_interfaces/lib/libproject_interfaces__rosidl_typesupport_introspection_c.so
[28.062s] -- Set runtime path of "/home/xdkazer/Dual_Kuka_LLM_Bachelor/p5_ws/install/project_interfaces/lib/libproject_interfaces__rosidl_typesupport_introspection_c.so" to ""
[28.062s] -- Installing: /home/xdkazer/Dual_Kuka_LLM_Bachelor/p5_ws/install/project_interfaces/lib/libproject_interfaces__rosidl_typesupport_c.so
[28.062s] -- Set runtime path of "/home/xdkazer/Dual_Kuka_LLM_Bachelor/p5_ws/install/project_interfaces/lib/libproject_interfaces__rosidl_typesupport_c.so" to ""
[28.062s] -- Up-to-date: /home/xdkazer/Dual_Kuka_LLM_Bachelor/p5_ws/install/project_interfaces/include/project_interfaces/project_interfaces
[28.062s] -- Up-to-date: /home/xdkazer/Dual_Kuka_LLM_Bachelor/p5_ws/install/project_interfaces/include/project_interfaces/project_interfaces/srv
[28.062s] -- Up-to-date: /home/xdkazer/Dual_Kuka_LLM_Bachelor/p5_ws/install/project_interfaces/include/project_interfaces/project_interfaces/srv/detail
[28.062s] -- Installing: /home/xdkazer/Dual_Kuka_LLM_Bachelor/p5_ws/install/project_interfaces/include/project_interfaces/project_interfaces/srv/detail/define_object_info__rosidl_typesupport_introspection_cpp.hpp
[28.062s] -- Installing: /home/xdkazer/Dual_Kuka_LLM_Bachelor/p5_ws/install/project_interfaces/include/project_interfaces/project_interfaces/srv/detail/get_object_info__type_support.cpp
[28.062s] -- Installing: /home/xdkazer/Dual_Kuka_LLM_Bachelor/p5_ws/install/project_interfaces/include/project_interfaces/project_interfaces/srv/detail/prompt_janice__type_support.cpp
[28.062s] -- Installing: /home/xdkazer/Dual_Kuka_LLM_Bachelor/p5_ws/install/project_interfaces/include/project_interfaces/project_interfaces/srv/detail/get_object_info__rosidl_typesupport_introspection_cpp.hpp
[28.062s] -- Installing: /home/xdkazer/Dual_Kuka_LLM_Bachelor/p5_ws/install/project_interfaces/include/project_interfaces/project_interfaces/srv/detail/plan_move_command__rosidl_typesupport_introspection_cpp.hpp
[28.062s] -- Installing: /home/xdkazer/Dual_Kuka_LLM_Bachelor/p5_ws/install/project_interfaces/include/project_interfaces/project_interfaces/srv/detail/prompt_janice__rosidl_typesupport_introspection_cpp.hpp
[28.062s] -- Installing: /home/xdkazer/Dual_Kuka_LLM_Bachelor/p5_ws/install/project_interfaces/include/project_interfaces/project_interfaces/srv/detail/execute_move_command__rosidl_typesupport_introspection_cpp.hpp
[28.062s] -- Installing: /home/xdkazer/Dual_Kuka_LLM_Bachelor/p5_ws/install/project_interfaces/include/project_interfaces/project_interfaces/srv/detail/define_object_info__type_support.cpp
[28.062s] -- Installing: /home/xdkazer/Dual_Kuka_LLM_Bachelor/p5_ws/install/project_interfaces/include/project_interfaces/project_interfaces/srv/detail/get_current_pose__rosidl_typesupport_introspection_cpp.hpp
[28.062s] -- Installing: /home/xdkazer/Dual_Kuka_LLM_Bachelor/p5_ws/install/project_interfaces/include/project_interfaces/project_interfaces/srv/detail/execute_move_command__type_support.cpp
[28.063s] -- Installing: /home/xdkazer/Dual_Kuka_LLM_Bachelor/p5_ws/install/project_interfaces/include/project_interfaces/project_interfaces/srv/detail/get_current_pose__type_support.cpp
[28.063s] -- Installing: /home/xdkazer/Dual_Kuka_LLM_Bachelor/p5_ws/install/project_interfaces/include/project_interfaces/project_interfaces/srv/detail/plan_move_command__type_support.cpp
[28.063s] -- Installing: /home/xdkazer/Dual_Kuka_LLM_Bachelor/p5_ws/install/project_interfaces/lib/libproject_interfaces__rosidl_typesupport_introspection_cpp.so
[28.063s] -- Set runtime path of "/home/xdkazer/Dual_Kuka_LLM_Bachelor/p5_ws/install/project_interfaces/lib/libproject_interfaces__rosidl_typesupport_introspection_cpp.so" to ""
[28.063s] -- Installing: /home/xdkazer/Dual_Kuka_LLM_Bachelor/p5_ws/install/project_interfaces/lib/libproject_interfaces__rosidl_typesupport_cpp.so
[28.063s] -- Set runtime path of "/home/xdkazer/Dual_Kuka_LLM_Bachelor/p5_ws/install/project_interfaces/lib/libproject_interfaces__rosidl_typesupport_cpp.so" to ""
[28.063s] -- Installing: /home/xdkazer/Dual_Kuka_LLM_Bachelor/p5_ws/install/project_interfaces/share/project_interfaces/environment/pythonpath.sh
[28.063s] -- Installing: /home/xdkazer/Dual_Kuka_LLM_Bachelor/p5_ws/install/project_interfaces/share/project_interfaces/environment/pythonpath.dsv
[28.063s] -- Installing: /home/xdkazer/Dual_Kuka_LLM_Bachelor/p5_ws/install/project_interfaces/local/lib/python3.10/dist-packages/project_interfaces-0.0.0-py3.10.egg-info
[28.063s] -- Installing: /home/xdkazer/Dual_Kuka_LLM_Bachelor/p5_ws/install/project_interfaces/local/lib/python3.10/dist-packages/project_interfaces-0.0.0-py3.10.egg-info/SOURCES.txt
[28.063s] -- Installing: /home/xdkazer/Dual_Kuka_LLM_Bachelor/p5_ws/install/project_interfaces/local/lib/python3.10/dist-packages/project_interfaces-0.0.0-py3.10.egg-info/top_level.txt
[28.063s] -- Installing: /home/xdkazer/Dual_Kuka_LLM_Bachelor/p5_ws/install/project_interfaces/local/lib/python3.10/dist-packages/project_interfaces-0.0.0-py3.10.egg-info/PKG-INFO
[28.063s] -- Installing: /home/xdkazer/Dual_Kuka_LLM_Bachelor/p5_ws/install/project_interfaces/local/lib/python3.10/dist-packages/project_interfaces-0.0.0-py3.10.egg-info/dependency_links.txt
[28.063s] -- Installing: /home/xdkazer/Dual_Kuka_LLM_Bachelor/p5_ws/install/project_interfaces/local/lib/python3.10/dist-packages/project_interfaces
[28.063s] -- Installing: /home/xdkazer/Dual_Kuka_LLM_Bachelor/p5_ws/install/project_interfaces/local/lib/python3.10/dist-packages/project_interfaces/__init__.py
[28.063s] -- Installing: /home/xdkazer/Dual_Kuka_LLM_Bachelor/p5_ws/install/project_interfaces/local/lib/python3.10/dist-packages/project_interfaces/_project_interfaces_s.ep.rosidl_typesupport_introspection_c.c
[28.063s] -- Installing: /home/xdkazer/Dual_Kuka_LLM_Bachelor/p5_ws/install/project_interfaces/local/lib/python3.10/dist-packages/project_interfaces/_project_interfaces_s.ep.rosidl_typesupport_fastrtps_c.c
[28.063s] -- Installing: /home/xdkazer/Dual_Kuka_LLM_Bachelor/p5_ws/install/project_interfaces/local/lib/python3.10/dist-packages/project_interfaces/project_interfaces_s__rosidl_typesupport_fastrtps_c.cpython-310-x86_64-linux-gnu.so
[28.063s] -- Installing: /home/xdkazer/Dual_Kuka_LLM_Bachelor/p5_ws/install/project_interfaces/local/lib/python3.10/dist-packages/project_interfaces/srv
[28.063s] -- Installing: /home/xdkazer/Dual_Kuka_LLM_Bachelor/p5_ws/install/project_interfaces/local/lib/python3.10/dist-packages/project_interfaces/srv/_prompt_janice.py
[28.063s] -- Installing: /home/xdkazer/Dual_Kuka_LLM_Bachelor/p5_ws/install/project_interfaces/local/lib/python3.10/dist-packages/project_interfaces/srv/_get_current_pose.py
[28.063s] -- Installing: /home/xdkazer/Dual_Kuka_LLM_Bachelor/p5_ws/install/project_interfaces/local/lib/python3.10/dist-packages/project_interfaces/srv/_get_object_info.py
[28.063s] -- Installing: /home/xdkazer/Dual_Kuka_LLM_Bachelor/p5_ws/install/project_interfaces/local/lib/python3.10/dist-packages/project_interfaces/srv/_execute_move_command.py
[28.063s] -- Installing: /home/xdkazer/Dual_Kuka_LLM_Bachelor/p5_ws/install/project_interfaces/local/lib/python3.10/dist-packages/project_interfaces/srv/_get_current_pose_s.c
[28.063s] -- Installing: /home/xdkazer/Dual_Kuka_LLM_Bachelor/p5_ws/install/project_interfaces/local/lib/python3.10/dist-packages/project_interfaces/srv/__init__.py
[28.064s] -- Installing: /home/xdkazer/Dual_Kuka_LLM_Bachelor/p5_ws/install/project_interfaces/local/lib/python3.10/dist-packages/project_interfaces/srv/_get_object_info_s.c
[28.064s] -- Installing: /home/xdkazer/Dual_Kuka_LLM_Bachelor/p5_ws/install/project_interfaces/local/lib/python3.10/dist-packages/project_interfaces/srv/_execute_move_command_s.c
[28.064s] -- Installing: /home/xdkazer/Dual_Kuka_LLM_Bachelor/p5_ws/install/project_interfaces/local/lib/python3.10/dist-packages/project_interfaces/srv/_plan_move_command_s.c
[28.064s] -- Installing: /home/xdkazer/Dual_Kuka_LLM_Bachelor/p5_ws/install/project_interfaces/local/lib/python3.10/dist-packages/project_interfaces/srv/_prompt_janice_s.c
[28.064s] -- Installing: /home/xdkazer/Dual_Kuka_LLM_Bachelor/p5_ws/install/project_interfaces/local/lib/python3.10/dist-packages/project_interfaces/srv/_define_object_info_s.c
[28.064s] -- Installing: /home/xdkazer/Dual_Kuka_LLM_Bachelor/p5_ws/install/project_interfaces/local/lib/python3.10/dist-packages/project_interfaces/srv/_plan_move_command.py
[28.064s] -- Installing: /home/xdkazer/Dual_Kuka_LLM_Bachelor/p5_ws/install/project_interfaces/local/lib/python3.10/dist-packages/project_interfaces/srv/_define_object_info.py
[28.064s] -- Installing: /home/xdkazer/Dual_Kuka_LLM_Bachelor/p5_ws/install/project_interfaces/local/lib/python3.10/dist-packages/project_interfaces/project_interfaces_s__rosidl_typesupport_c.cpython-310-x86_64-linux-gnu.so
[28.064s] -- Installing: /home/xdkazer/Dual_Kuka_LLM_Bachelor/p5_ws/install/project_interfaces/local/lib/python3.10/dist-packages/project_interfaces/libproject_interfaces__rosidl_generator_py.so
[28.064s] -- Installing: /home/xdkazer/Dual_Kuka_LLM_Bachelor/p5_ws/install/project_interfaces/local/lib/python3.10/dist-packages/project_interfaces/_project_interfaces_s.ep.rosidl_typesupport_c.c
[28.064s] -- Installing: /home/xdkazer/Dual_Kuka_LLM_Bachelor/p5_ws/install/project_interfaces/local/lib/python3.10/dist-packages/project_interfaces/project_interfaces_s__rosidl_typesupport_introspection_c.cpython-310-x86_64-linux-gnu.so
[28.113s] Listing '/home/xdkazer/Dual_Kuka_LLM_Bachelor/p5_ws/install/project_interfaces/local/lib/python3.10/dist-packages/project_interfaces'...
[28.116s] Compiling '/home/xdkazer/Dual_Kuka_LLM_Bachelor/p5_ws/install/project_interfaces/local/lib/python3.10/dist-packages/project_interfaces/__init__.py'...
[28.116s] Listing '/home/xdkazer/Dual_Kuka_LLM_Bachelor/p5_ws/install/project_interfaces/local/lib/python3.10/dist-packages/project_interfaces/srv'...
[28.116s] Compiling '/home/xdkazer/Dual_Kuka_LLM_Bachelor/p5_ws/install/project_interfaces/local/lib/python3.10/dist-packages/project_interfaces/srv/__init__.py'...
[28.116s] Compiling '/home/xdkazer/Dual_Kuka_LLM_Bachelor/p5_ws/install/project_interfaces/local/lib/python3.10/dist-packages/project_interfaces/srv/_define_object_info.py'...
[28.116s] Compiling '/home/xdkazer/Dual_Kuka_LLM_Bachelor/p5_ws/install/project_interfaces/local/lib/python3.10/dist-packages/project_interfaces/srv/_execute_move_command.py'...
[28.116s] Compiling '/home/xdkazer/Dual_Kuka_LLM_Bachelor/p5_ws/install/project_interfaces/local/lib/python3.10/dist-packages/project_interfaces/srv/_get_current_pose.py'...
[28.116s] Compiling '/home/xdkazer/Dual_Kuka_LLM_Bachelor/p5_ws/install/project_interfaces/local/lib/python3.10/dist-packages/project_interfaces/srv/_get_object_info.py'...
[28.116s] Compiling '/home/xdkazer/Dual_Kuka_LLM_Bachelor/p5_ws/install/project_interfaces/local/lib/python3.10/dist-packages/project_interfaces/srv/_plan_move_command.py'...
[28.116s] Compiling '/home/xdkazer/Dual_Kuka_LLM_Bachelor/p5_ws/install/project_interfaces/local/lib/python3.10/dist-packages/project_interfaces/srv/_prompt_janice.py'...
[28.120s] -- Installing: /home/xdkazer/Dual_Kuka_LLM_Bachelor/p5_ws/install/project_interfaces/local/lib/python3.10/dist-packages/project_interfaces/project_interfaces_s__rosidl_typesupport_fastrtps_c.cpython-310-x86_64-linux-gnu.so
[28.121s] -- Set runtime path of "/home/xdkazer/Dual_Kuka_LLM_Bachelor/p5_ws/install/project_interfaces/local/lib/python3.10/dist-packages/project_interfaces/project_interfaces_s__rosidl_typesupport_fastrtps_c.cpython-310-x86_64-linux-gnu.so" to ""
[28.121s] -- Installing: /home/xdkazer/Dual_Kuka_LLM_Bachelor/p5_ws/install/project_interfaces/local/lib/python3.10/dist-packages/project_interfaces/project_interfaces_s__rosidl_typesupport_introspection_c.cpython-310-x86_64-linux-gnu.so
[28.122s] -- Set runtime path of "/home/xdkazer/Dual_Kuka_LLM_Bachelor/p5_ws/install/project_interfaces/local/lib/python3.10/dist-packages/project_interfaces/project_interfaces_s__rosidl_typesupport_introspection_c.cpython-310-x86_64-linux-gnu.so" to ""
[28.122s] -- Installing: /home/xdkazer/Dual_Kuka_LLM_Bachelor/p5_ws/install/project_interfaces/local/lib/python3.10/dist-packages/project_interfaces/project_interfaces_s__rosidl_typesupport_c.cpython-310-x86_64-linux-gnu.so
[28.122s] -- Set runtime path of "/home/xdkazer/Dual_Kuka_LLM_Bachelor/p5_ws/install/project_interfaces/local/lib/python3.10/dist-packages/project_interfaces/project_interfaces_s__rosidl_typesupport_c.cpython-310-x86_64-linux-gnu.so" to ""
[28.123s] -- Installing: /home/xdkazer/Dual_Kuka_LLM_Bachelor/p5_ws/install/project_interfaces/lib/libproject_interfaces__rosidl_generator_py.so
[28.123s] -- Set runtime path of "/home/xdkazer/Dual_Kuka_LLM_Bachelor/p5_ws/install/project_interfaces/lib/libproject_interfaces__rosidl_generator_py.so" to ""
[28.123s] -- Installing: /home/xdkazer/Dual_Kuka_LLM_Bachelor/p5_ws/install/project_interfaces/share/project_interfaces/srv/GetObjectInfo.idl
[28.124s] -- Installing: /home/xdkazer/Dual_Kuka_LLM_Bachelor/p5_ws/install/project_interfaces/share/project_interfaces/srv/PlanMoveCommand.idl
[28.124s] -- Installing: /home/xdkazer/Dual_Kuka_LLM_Bachelor/p5_ws/install/project_interfaces/share/project_interfaces/srv/DefineObjectInfo.idl
[28.124s] -- Installing: /home/xdkazer/Dual_Kuka_LLM_Bachelor/p5_ws/install/project_interfaces/share/project_interfaces/srv/ExecuteMoveCommand.idl
[28.125s] -- Installing: /home/xdkazer/Dual_Kuka_LLM_Bachelor/p5_ws/install/project_interfaces/share/project_interfaces/srv/PromptJanice.idl
[28.125s] -- Installing: /home/xdkazer/Dual_Kuka_LLM_Bachelor/p5_ws/install/project_interfaces/share/project_interfaces/srv/GetCurrentPose.idl
[28.125s] -- Installing: /home/xdkazer/Dual_Kuka_LLM_Bachelor/p5_ws/install/project_interfaces/share/project_interfaces/srv/GetObjectInfo.srv
[28.126s] -- Installing: /home/xdkazer/Dual_Kuka_LLM_Bachelor/p5_ws/install/project_interfaces/share/project_interfaces/srv/GetObjectInfo_Request.msg
[28.126s] -- Installing: /home/xdkazer/Dual_Kuka_LLM_Bachelor/p5_ws/install/project_interfaces/share/project_interfaces/srv/GetObjectInfo_Response.msg
[28.127s] -- Installing: /home/xdkazer/Dual_Kuka_LLM_Bachelor/p5_ws/install/project_interfaces/share/project_interfaces/srv/PlanMoveCommand.srv
[28.127s] -- Installing: /home/xdkazer/Dual_Kuka_LLM_Bachelor/p5_ws/install/project_interfaces/share/project_interfaces/srv/PlanMoveCommand_Request.msg
[28.127s] -- Installing: /home/xdkazer/Dual_Kuka_LLM_Bachelor/p5_ws/install/project_interfaces/share/project_interfaces/srv/PlanMoveCommand_Response.msg
[28.128s] -- Installing: /home/xdkazer/Dual_Kuka_LLM_Bachelor/p5_ws/install/project_interfaces/share/project_interfaces/srv/DefineObjectInfo.srv
[28.128s] -- Installing: /home/xdkazer/Dual_Kuka_LLM_Bachelor/p5_ws/install/project_interfaces/share/project_interfaces/srv/DefineObjectInfo_Request.msg
[28.128s] -- Installing: /home/xdkazer/Dual_Kuka_LLM_Bachelor/p5_ws/install/project_interfaces/share/project_interfaces/srv/DefineObjectInfo_Response.msg
[28.129s] -- Installing: /home/xdkazer/Dual_Kuka_LLM_Bachelor/p5_ws/install/project_interfaces/share/project_interfaces/srv/ExecuteMoveCommand.srv
[28.129s] -- Installing: /home/xdkazer/Dual_Kuka_LLM_Bachelor/p5_ws/install/project_interfaces/share/project_interfaces/srv/ExecuteMoveCommand_Request.msg
[28.129s] -- Installing: /home/xdkazer/Dual_Kuka_LLM_Bachelor/p5_ws/install/project_interfaces/share/project_interfaces/srv/ExecuteMoveCommand_Response.msg
[28.130s] -- Installing: /home/xdkazer/Dual_Kuka_LLM_Bachelor/p5_ws/install/project_interfaces/share/project_interfaces/srv/PromptJanice.srv
[28.130s] -- Installing: /home/xdkazer/Dual_Kuka_LLM_Bachelor/p5_ws/install/project_interfaces/share/project_interfaces/srv/PromptJanice_Request.msg
[28.131s] -- Installing: /home/xdkazer/Dual_Kuka_LLM_Bachelor/p5_ws/install/project_interfaces/share/project_interfaces/srv/PromptJanice_Response.msg
[28.131s] -- Installing: /home/xdkazer/Dual_Kuka_LLM_Bachelor/p5_ws/install/project_interfaces/share/project_interfaces/srv/GetCurrentPose.srv
[28.132s] -- Installing: /home/xdkazer/Dual_Kuka_LLM_Bachelor/p5_ws/install/project_interfaces/share/project_interfaces/srv/GetCurrentPose_Request.msg
[28.132s] -- Installing: /home/xdkazer/Dual_Kuka_LLM_Bachelor/p5_ws/install/project_interfaces/share/project_interfaces/srv/GetCurrentPose_Response.msg
[28.132s] -- Installing: /home/xdkazer/Dual_Kuka_LLM_Bachelor/p5_ws/install/project_interfaces/share/ament_index/resource_index/package_run_dependencies/project_interfaces
[28.132s] -- Installing: /home/xdkazer/Dual_Kuka_LLM_Bachelor/p5_ws/install/project_interfaces/share/ament_index/resource_index/parent_prefix_path/project_interfaces
[28.133s] -- Installing: /home/xdkazer/Dual_Kuka_LLM_Bachelor/p5_ws/install/project_interfaces/share/project_interfaces/environment/ament_prefix_path.sh
[28.133s] -- Installing: /home/xdkazer/Dual_Kuka_LLM_Bachelor/p5_ws/install/project_interfaces/share/project_interfaces/environment/ament_prefix_path.dsv
[28.134s] -- Installing: /home/xdkazer/Dual_Kuka_LLM_Bachelor/p5_ws/install/project_interfaces/share/project_interfaces/environment/path.sh
[28.134s] -- Installing: /home/xdkazer/Dual_Kuka_LLM_Bachelor/p5_ws/install/project_interfaces/share/project_interfaces/environment/path.dsv
[28.134s] -- Installing: /home/xdkazer/Dual_Kuka_LLM_Bachelor/p5_ws/install/project_interfaces/share/project_interfaces/local_setup.bash
[28.135s] -- Installing: /home/xdkazer/Dual_Kuka_LLM_Bachelor/p5_ws/install/project_interfaces/share/project_interfaces/local_setup.sh
[28.135s] -- Installing: /home/xdkazer/Dual_Kuka_LLM_Bachelor/p5_ws/install/project_interfaces/share/project_interfaces/local_setup.zsh
[28.135s] -- Installing: /home/xdkazer/Dual_Kuka_LLM_Bachelor/p5_ws/install/project_interfaces/share/project_interfaces/local_setup.dsv
[28.136s] -- Installing: /home/xdkazer/Dual_Kuka_LLM_Bachelor/p5_ws/install/project_interfaces/share/project_interfaces/package.dsv
[28.136s] -- Installing: /home/xdkazer/Dual_Kuka_LLM_Bachelor/p5_ws/install/project_interfaces/share/ament_index/resource_index/packages/project_interfaces
[28.136s] -- Installing: /home/xdkazer/Dual_Kuka_LLM_Bachelor/p5_ws/install/project_interfaces/share/project_interfaces/cmake/export_project_interfaces__rosidl_generator_cExport.cmake
[28.136s] -- Installing: /home/xdkazer/Dual_Kuka_LLM_Bachelor/p5_ws/install/project_interfaces/share/project_interfaces/cmake/export_project_interfaces__rosidl_generator_cExport-release.cmake
[28.136s] -- Installing: /home/xdkazer/Dual_Kuka_LLM_Bachelor/p5_ws/install/project_interfaces/share/project_interfaces/cmake/export_project_interfaces__rosidl_typesupport_fastrtps_cExport.cmake
[28.136s] -- Installing: /home/xdkazer/Dual_Kuka_LLM_Bachelor/p5_ws/install/project_interfaces/share/project_interfaces/cmake/export_project_interfaces__rosidl_typesupport_fastrtps_cExport-release.cmake
[28.136s] -- Installing: /home/xdkazer/Dual_Kuka_LLM_Bachelor/p5_ws/install/project_interfaces/share/project_interfaces/cmake/export_project_interfaces__rosidl_generator_cppExport.cmake
[28.136s] -- Installing: /home/xdkazer/Dual_Kuka_LLM_Bachelor/p5_ws/install/project_interfaces/share/project_interfaces/cmake/export_project_interfaces__rosidl_typesupport_fastrtps_cppExport.cmake
[28.136s] -- Installing: /home/xdkazer/Dual_Kuka_LLM_Bachelor/p5_ws/install/project_interfaces/share/project_interfaces/cmake/export_project_interfaces__rosidl_typesupport_fastrtps_cppExport-release.cmake
[28.137s] -- Installing: /home/xdkazer/Dual_Kuka_LLM_Bachelor/p5_ws/install/project_interfaces/share/project_interfaces/cmake/project_interfaces__rosidl_typesupport_introspection_cExport.cmake
[28.137s] -- Installing: /home/xdkazer/Dual_Kuka_LLM_Bachelor/p5_ws/install/project_interfaces/share/project_interfaces/cmake/project_interfaces__rosidl_typesupport_introspection_cExport-release.cmake
[28.137s] -- Installing: /home/xdkazer/Dual_Kuka_LLM_Bachelor/p5_ws/install/project_interfaces/share/project_interfaces/cmake/project_interfaces__rosidl_typesupport_cExport.cmake
[28.137s] -- Installing: /home/xdkazer/Dual_Kuka_LLM_Bachelor/p5_ws/install/project_interfaces/share/project_interfaces/cmake/project_interfaces__rosidl_typesupport_cExport-release.cmake
[28.137s] -- Installing: /home/xdkazer/Dual_Kuka_LLM_Bachelor/p5_ws/install/project_interfaces/share/project_interfaces/cmake/project_interfaces__rosidl_typesupport_introspection_cppExport.cmake
[28.138s] -- Installing: /home/xdkazer/Dual_Kuka_LLM_Bachelor/p5_ws/install/project_interfaces/share/project_interfaces/cmake/project_interfaces__rosidl_typesupport_introspection_cppExport-release.cmake
[28.138s] -- Installing: /home/xdkazer/Dual_Kuka_LLM_Bachelor/p5_ws/install/project_interfaces/share/project_interfaces/cmake/project_interfaces__rosidl_typesupport_cppExport.cmake
[28.138s] -- Installing: /home/xdkazer/Dual_Kuka_LLM_Bachelor/p5_ws/install/project_interfaces/share/project_interfaces/cmake/project_interfaces__rosidl_typesupport_cppExport-release.cmake
[28.138s] -- Installing: /home/xdkazer/Dual_Kuka_LLM_Bachelor/p5_ws/install/project_interfaces/share/project_interfaces/cmake/export_project_interfaces__rosidl_generator_pyExport.cmake
[28.138s] -- Installing: /home/xdkazer/Dual_Kuka_LLM_Bachelor/p5_ws/install/project_interfaces/share/project_interfaces/cmake/export_project_interfaces__rosidl_generator_pyExport-release.cmake
[28.138s] -- Installing: /home/xdkazer/Dual_Kuka_LLM_Bachelor/p5_ws/install/project_interfaces/share/project_interfaces/cmake/rosidl_cmake-extras.cmake
[28.139s] -- Installing: /home/xdkazer/Dual_Kuka_LLM_Bachelor/p5_ws/install/project_interfaces/share/project_interfaces/cmake/ament_cmake_export_dependencies-extras.cmake
[28.139s] -- Installing: /home/xdkazer/Dual_Kuka_LLM_Bachelor/p5_ws/install/project_interfaces/share/project_interfaces/cmake/ament_cmake_export_include_directories-extras.cmake
[28.139s] -- Installing: /home/xdkazer/Dual_Kuka_LLM_Bachelor/p5_ws/install/project_interfaces/share/project_interfaces/cmake/ament_cmake_export_libraries-extras.cmake
[28.139s] -- Installing: /home/xdkazer/Dual_Kuka_LLM_Bachelor/p5_ws/install/project_interfaces/share/project_interfaces/cmake/ament_cmake_export_targets-extras.cmake
[28.139s] -- Installing: /home/xdkazer/Dual_Kuka_LLM_Bachelor/p5_ws/install/project_interfaces/share/project_interfaces/cmake/rosidl_cmake_export_typesupport_targets-extras.cmake
[28.139s] -- Installing: /home/xdkazer/Dual_Kuka_LLM_Bachelor/p5_ws/install/project_interfaces/share/project_interfaces/cmake/rosidl_cmake_export_typesupport_libraries-extras.cmake
[28.139s] -- Installing: /home/xdkazer/Dual_Kuka_LLM_Bachelor/p5_ws/install/project_interfaces/share/project_interfaces/cmake/project_interfacesConfig.cmake
[28.140s] -- Installing: /home/xdkazer/Dual_Kuka_LLM_Bachelor/p5_ws/install/project_interfaces/share/project_interfaces/cmake/project_interfacesConfig-version.cmake
[28.140s] -- Installing: /home/xdkazer/Dual_Kuka_LLM_Bachelor/p5_ws/install/project_interfaces/share/project_interfaces/package.xml
[28.153s] Invoked command in '/home/xdkazer/Dual_Kuka_LLM_Bachelor/p5_ws/build/project_interfaces' returned '0': CMAKE_PREFIX_PATH=${CMAKE_PREFIX_PATH}:/home/xdkazer/P5-Kuka-Dual-Arm/p5_ws/install/yolo_world:/home/xdkazer/P5-Kuka-Dual-Arm/p5_ws/install/robotiq_3f_gripper_ros2_control:/home/xdkazer/P5-Kuka-Dual-Arm/p5_ws/install/robotiq_2f_85_control:/home/xdkazer/P5-Kuka-Dual-Arm/p5_ws/install/object_detector:/home/xdkazer/P5-Kuka-Dual-Arm/p5_ws/install/janise:/home/xdkazer/P5-Kuka-Dual-Arm/p5_ws/install/gui_package:/home/xdkazer/P5-Kuka-Dual-Arm/p5_ws/install/moveit_configs_utils:/home/xdkazer/P5-Kuka-Dual-Arm/p5_ws/install/generate_parameter_library_py:/opt/ros/humble /usr/bin/cmake --install /home/xdkazer/Dual_Kuka_LLM_Bachelor/p5_ws/build/project_interfaces
