[0.033s] Invoking command in '/home/xdkazer/Dual_Kuka_LLM_Bachelor/p5_ws/build/robotiq_3f_gripper_ros2_interfaces': CMAKE_PREFIX_PATH=${CMAKE_PREFIX_PATH}:/home/xdkazer/P5-Kuka-Dual-Arm/p5_ws/install/yolo_world:/home/xdkazer/P5-Kuka-Dual-Arm/p5_ws/install/robotiq_3f_gripper_ros2_control:/home/xdkazer/P5-Kuka-Dual-Arm/p5_ws/install/robotiq_2f_85_control:/home/xdkazer/P5-Kuka-Dual-Arm/p5_ws/install/object_detector:/home/xdkazer/P5-Kuka-Dual-Arm/p5_ws/install/janise:/home/xdkazer/P5-Kuka-Dual-Arm/p5_ws/install/gui_package:/home/xdkazer/P5-Kuka-Dual-Arm/p5_ws/install/moveit_configs_utils:/home/xdkazer/P5-Kuka-Dual-Arm/p5_ws/install/generate_parameter_library_py:/opt/ros/humble /usr/bin/cmake /home/xdkazer/Dual_Kuka_LLM_Bachelor/p5_ws/src/robutler/gripper_control/robotiq_3f_gripper_ros2_interfaces -DCMAKE_BUILD_TYPE=Release -DCMAKE_INSTALL_PREFIX=/home/xdkazer/Dual_Kuka_LLM_Bachelor/p5_ws/install/robotiq_3f_gripper_ros2_interfaces
[0.155s] -- The C compiler identification is GNU 11.4.0
[0.247s] -- The CXX compiler identification is GNU 11.4.0
[0.261s] -- Detecting C compiler ABI info
[0.393s] -- Detecting C compiler ABI info - done
[0.394s] -- Check for working C compiler: /usr/bin/cc - skipped
[0.394s] -- Detecting C compile features
[0.394s] -- Detecting C compile features - done
[0.417s] -- Detecting CXX compiler ABI info
[0.553s] -- Detecting CXX compiler ABI info - done
[0.559s] -- Check for working CXX compiler: /usr/bin/c++ - skipped
[0.560s] -- Detecting CXX compile features
[0.560s] -- Detecting CXX compile features - done
[0.568s] -- Found ament_cmake: 1.3.10 (/opt/ros/humble/share/ament_cmake/cmake)
[0.764s] -- Found Python3: /usr/bin/python3 (found version "3.10.12") found components: Interpreter 
[0.927s] -- Found rclcpp: 16.0.10 (/opt/ros/humble/share/rclcpp/cmake)
[1.021s] -- Found rosidl_generator_c: 3.1.5 (/opt/ros/humble/share/rosidl_generator_c/cmake)
[1.035s] -- Found rosidl_adapter: 3.1.5 (/opt/ros/humble/share/rosidl_adapter/cmake)
[1.061s] -- Found rosidl_generator_cpp: 3.1.5 (/opt/ros/humble/share/rosidl_generator_cpp/cmake)
[1.087s] -- Using all available rosidl_typesupport_c: rosidl_typesupport_fastrtps_c;rosidl_typesupport_introspection_c
[1.126s] -- Using all available rosidl_typesupport_cpp: rosidl_typesupport_fastrtps_cpp;rosidl_typesupport_introspection_cpp
[1.207s] -- Found rmw_implementation_cmake: 6.1.2 (/opt/ros/humble/share/rmw_implementation_cmake/cmake)
[1.216s] -- Found rmw_fastrtps_cpp: 6.2.7 (/opt/ros/humble/share/rmw_fastrtps_cpp/cmake)
[1.417s] -- Found OpenSSL: /usr/lib/x86_64-linux-gnu/libcrypto.so (found version "3.0.2")  
[1.455s] -- Found FastRTPS: /opt/ros/humble/include  
[1.513s] -- Using RMW implementation 'rmw_fastrtps_cpp' as default
[1.532s] -- Looking for pthread.h
[1.641s] -- Looking for pthread.h - found
[1.642s] -- Performing Test CMAKE_HAVE_LIBC_PTHREAD
[1.759s] -- Performing Test CMAKE_HAVE_LIBC_PTHREAD - Success
[1.761s] -- Found Threads: TRUE  
[1.832s] -- Found rosidl_default_generators: 1.2.0 (/opt/ros/humble/share/rosidl_default_generators/cmake)
[1.865s] -- Found ament_lint_auto: 0.12.11 (/opt/ros/humble/share/ament_lint_auto/cmake)
[2.356s] -- Found ament_cmake_ros: 0.10.0 (/opt/ros/humble/share/ament_cmake_ros/cmake)
[2.866s] -- Using all available rosidl_typesupport_c: rosidl_typesupport_fastrtps_c;rosidl_typesupport_introspection_c
[3.088s] -- Using all available rosidl_typesupport_cpp: rosidl_typesupport_fastrtps_cpp;rosidl_typesupport_introspection_cpp
[3.125s] -- Found PythonInterp: /usr/bin/python3 (found suitable version "3.10.12", minimum required is "3.6") 
[3.131s] -- Found python_cmake_module: 0.10.0 (/opt/ros/humble/share/python_cmake_module/cmake)
[3.171s] -- Found PythonLibs: /usr/lib/x86_64-linux-gnu/libpython3.10.so (found suitable version "3.10.12", minimum required is "3.5") 
[3.171s] -- Using PYTHON_EXECUTABLE: /usr/bin/python3
[3.171s] -- Using PYTHON_INCLUDE_DIRS: /usr/include/python3.10
[3.171s] -- Using PYTHON_LIBRARIES: /usr/lib/x86_64-linux-gnu/libpython3.10.so
[3.200s] -- Found PythonExtra: .so  
[3.309s] -- Added test 'lint_cmake' to check CMake code style
[3.313s] -- Added test 'xmllint' to check XML markup files
[3.319s] -- Configuring done
[3.366s] -- Generating done
[3.379s] -- Build files have been written to: /home/xdkazer/Dual_Kuka_LLM_Bachelor/p5_ws/build/robotiq_3f_gripper_ros2_interfaces
[3.414s] Invoked command in '/home/xdkazer/Dual_Kuka_LLM_Bachelor/p5_ws/build/robotiq_3f_gripper_ros2_interfaces' returned '0': CMAKE_PREFIX_PATH=${CMAKE_PREFIX_PATH}:/home/xdkazer/P5-Kuka-Dual-Arm/p5_ws/install/yolo_world:/home/xdkazer/P5-Kuka-Dual-Arm/p5_ws/install/robotiq_3f_gripper_ros2_control:/home/xdkazer/P5-Kuka-Dual-Arm/p5_ws/install/robotiq_2f_85_control:/home/xdkazer/P5-Kuka-Dual-Arm/p5_ws/install/object_detector:/home/xdkazer/P5-Kuka-Dual-Arm/p5_ws/install/janise:/home/xdkazer/P5-Kuka-Dual-Arm/p5_ws/install/gui_package:/home/xdkazer/P5-Kuka-Dual-Arm/p5_ws/install/moveit_configs_utils:/home/xdkazer/P5-Kuka-Dual-Arm/p5_ws/install/generate_parameter_library_py:/opt/ros/humble /usr/bin/cmake /home/xdkazer/Dual_Kuka_LLM_Bachelor/p5_ws/src/robutler/gripper_control/robotiq_3f_gripper_ros2_interfaces -DCMAKE_BUILD_TYPE=Release -DCMAKE_INSTALL_PREFIX=/home/xdkazer/Dual_Kuka_LLM_Bachelor/p5_ws/install/robotiq_3f_gripper_ros2_interfaces
[3.414s] Invoking command in '/home/xdkazer/Dual_Kuka_LLM_Bachelor/p5_ws/build/robotiq_3f_gripper_ros2_interfaces': CMAKE_PREFIX_PATH=${CMAKE_PREFIX_PATH}:/home/xdkazer/P5-Kuka-Dual-Arm/p5_ws/install/yolo_world:/home/xdkazer/P5-Kuka-Dual-Arm/p5_ws/install/robotiq_3f_gripper_ros2_control:/home/xdkazer/P5-Kuka-Dual-Arm/p5_ws/install/robotiq_2f_85_control:/home/xdkazer/P5-Kuka-Dual-Arm/p5_ws/install/object_detector:/home/xdkazer/P5-Kuka-Dual-Arm/p5_ws/install/janise:/home/xdkazer/P5-Kuka-Dual-Arm/p5_ws/install/gui_package:/home/xdkazer/P5-Kuka-Dual-Arm/p5_ws/install/moveit_configs_utils:/home/xdkazer/P5-Kuka-Dual-Arm/p5_ws/install/generate_parameter_library_py:/opt/ros/humble /usr/bin/cmake --build /home/xdkazer/Dual_Kuka_LLM_Bachelor/p5_ws/build/robotiq_3f_gripper_ros2_interfaces -- -j4 -l4
[3.493s] [  1%] [34m[1mGenerating C++ code for ROS interfaces[0m
[4.768s] [  1%] Built target robotiq_3f_gripper_ros2_interfaces__cpp
[4.813s] [  1%] Built target ament_cmake_python_copy_robotiq_3f_gripper_ros2_interfaces
[4.829s] [  3%] [34m[1mGenerating C++ type support for eProsima Fast-RTPS[0m
[5.872s] [  5%] [32mBuilding CXX object CMakeFiles/robotiq_3f_gripper_ros2_interfaces__rosidl_typesupport_fastrtps_cpp.dir/rosidl_typesupport_fastrtps_cpp/robotiq_3f_gripper_ros2_interfaces/msg/detail/dds_fastrtps/robotiq3_f_gripper_input_registers__type_support.cpp.o[0m
[6.243s] [  7%] [32mBuilding CXX object CMakeFiles/robotiq_3f_gripper_ros2_interfaces__rosidl_typesupport_fastrtps_cpp.dir/rosidl_typesupport_fastrtps_cpp/robotiq_3f_gripper_ros2_interfaces/msg/detail/dds_fastrtps/robotiq3_f_gripper_output_registers__type_support.cpp.o[0m
[6.671s] [  9%] [32mBuilding CXX object CMakeFiles/robotiq_3f_gripper_ros2_interfaces__rosidl_typesupport_fastrtps_cpp.dir/rosidl_typesupport_fastrtps_cpp/robotiq_3f_gripper_ros2_interfaces/srv/detail/dds_fastrtps/robotiq3_f_gripper_output_service__type_support.cpp.o[0m
[7.135s] [ 10%] [32mBuilding CXX object CMakeFiles/robotiq_3f_gripper_ros2_interfaces__rosidl_typesupport_fastrtps_cpp.dir/rosidl_typesupport_fastrtps_cpp/robotiq_3f_gripper_ros2_interfaces/action/detail/dds_fastrtps/robotiq3_f_gripper_output_goal__type_support.cpp.o[0m
[7.803s] [ 12%] [32m[1mLinking CXX shared library librobotiq_3f_gripper_ros2_interfaces__rosidl_typesupport_fastrtps_cpp.so[0m
[7.908s] [ 12%] Built target robotiq_3f_gripper_ros2_interfaces__rosidl_typesupport_fastrtps_cpp
[7.926s] [ 14%] [34m[1mGenerating C++ introspection for ROS interfaces[0m
[8.707s] [ 16%] [32mBuilding CXX object CMakeFiles/robotiq_3f_gripper_ros2_interfaces__rosidl_typesupport_introspection_cpp.dir/rosidl_typesupport_introspection_cpp/robotiq_3f_gripper_ros2_interfaces/msg/detail/robotiq3_f_gripper_input_registers__type_support.cpp.o[0m
[9.092s] [ 18%] [32mBuilding CXX object CMakeFiles/robotiq_3f_gripper_ros2_interfaces__rosidl_typesupport_introspection_cpp.dir/rosidl_typesupport_introspection_cpp/robotiq_3f_gripper_ros2_interfaces/msg/detail/robotiq3_f_gripper_output_registers__type_support.cpp.o[0m
[9.467s] [ 20%] [32mBuilding CXX object CMakeFiles/robotiq_3f_gripper_ros2_interfaces__rosidl_typesupport_introspection_cpp.dir/rosidl_typesupport_introspection_cpp/robotiq_3f_gripper_ros2_interfaces/srv/detail/robotiq3_f_gripper_output_service__type_support.cpp.o[0m
[9.985s] [ 21%] [32mBuilding CXX object CMakeFiles/robotiq_3f_gripper_ros2_interfaces__rosidl_typesupport_introspection_cpp.dir/rosidl_typesupport_introspection_cpp/robotiq_3f_gripper_ros2_interfaces/action/detail/robotiq3_f_gripper_output_goal__type_support.cpp.o[0m
[10.655s] [ 23%] [32m[1mLinking CXX shared library librobotiq_3f_gripper_ros2_interfaces__rosidl_typesupport_introspection_cpp.so[0m
[10.790s] [ 23%] Built target robotiq_3f_gripper_ros2_interfaces__rosidl_typesupport_introspection_cpp
[11.103s] running egg_info
[11.104s] creating robotiq_3f_gripper_ros2_interfaces.egg-info
[11.104s] writing robotiq_3f_gripper_ros2_interfaces.egg-info/PKG-INFO
[11.104s] writing dependency_links to robotiq_3f_gripper_ros2_interfaces.egg-info/dependency_links.txt
[11.105s] writing top-level names to robotiq_3f_gripper_ros2_interfaces.egg-info/top_level.txt
[11.105s] writing manifest file 'robotiq_3f_gripper_ros2_interfaces.egg-info/SOURCES.txt'
[11.108s] reading manifest file 'robotiq_3f_gripper_ros2_interfaces.egg-info/SOURCES.txt'
[11.108s] writing manifest file 'robotiq_3f_gripper_ros2_interfaces.egg-info/SOURCES.txt'
[11.142s] [ 23%] Built target ament_cmake_python_build_robotiq_3f_gripper_ros2_interfaces_egg
[11.163s] [ 25%] [34m[1mGenerating C++ type support dispatch for ROS interfaces[0m
[11.766s] [ 27%] [32mBuilding CXX object CMakeFiles/robotiq_3f_gripper_ros2_interfaces__rosidl_typesupport_cpp.dir/rosidl_typesupport_cpp/robotiq_3f_gripper_ros2_interfaces/msg/robotiq3_f_gripper_input_registers__type_support.cpp.o[0m
[12.037s] [ 29%] [32mBuilding CXX object CMakeFiles/robotiq_3f_gripper_ros2_interfaces__rosidl_typesupport_cpp.dir/rosidl_typesupport_cpp/robotiq_3f_gripper_ros2_interfaces/srv/robotiq3_f_gripper_output_service__type_support.cpp.o[0m
[12.348s] [ 30%] [32mBuilding CXX object CMakeFiles/robotiq_3f_gripper_ros2_interfaces__rosidl_typesupport_cpp.dir/rosidl_typesupport_cpp/robotiq_3f_gripper_ros2_interfaces/action/robotiq3_f_gripper_output_goal__type_support.cpp.o[0m
[12.789s] [ 32%] [32mBuilding CXX object CMakeFiles/robotiq_3f_gripper_ros2_interfaces__rosidl_typesupport_cpp.dir/rosidl_typesupport_cpp/robotiq_3f_gripper_ros2_interfaces/msg/robotiq3_f_gripper_output_registers__type_support.cpp.o[0m
[13.085s] [ 34%] [32m[1mLinking CXX shared library librobotiq_3f_gripper_ros2_interfaces__rosidl_typesupport_cpp.so[0m
[13.149s] [ 34%] Built target robotiq_3f_gripper_ros2_interfaces__rosidl_typesupport_cpp
[13.177s] [ 36%] [34m[1mGenerating C code for ROS interfaces[0m
[14.148s] [ 38%] [32mBuilding C object CMakeFiles/robotiq_3f_gripper_ros2_interfaces__rosidl_generator_c.dir/rosidl_generator_c/robotiq_3f_gripper_ros2_interfaces/msg/detail/robotiq3_f_gripper_input_registers__functions.c.o[0m
[14.267s] [ 40%] [32mBuilding C object CMakeFiles/robotiq_3f_gripper_ros2_interfaces__rosidl_generator_c.dir/rosidl_generator_c/robotiq_3f_gripper_ros2_interfaces/action/detail/robotiq3_f_gripper_output_goal__functions.c.o[0m
[14.759s] [ 41%] [32mBuilding C object CMakeFiles/robotiq_3f_gripper_ros2_interfaces__rosidl_generator_c.dir/rosidl_generator_c/robotiq_3f_gripper_ros2_interfaces/srv/detail/robotiq3_f_gripper_output_service__functions.c.o[0m
[14.934s] [ 43%] [32mBuilding C object CMakeFiles/robotiq_3f_gripper_ros2_interfaces__rosidl_generator_c.dir/rosidl_generator_c/robotiq_3f_gripper_ros2_interfaces/msg/detail/robotiq3_f_gripper_output_registers__functions.c.o[0m
[15.039s] [ 45%] [32m[1mLinking C shared library librobotiq_3f_gripper_ros2_interfaces__rosidl_generator_c.so[0m
[15.103s] [ 45%] Built target robotiq_3f_gripper_ros2_interfaces__rosidl_generator_c
[15.126s] [ 47%] [34m[1mGenerating C type support for eProsima Fast-RTPS[0m
[15.957s] [ 49%] [32mBuilding CXX object CMakeFiles/robotiq_3f_gripper_ros2_interfaces__rosidl_typesupport_fastrtps_c.dir/rosidl_typesupport_fastrtps_c/robotiq_3f_gripper_ros2_interfaces/msg/detail/robotiq3_f_gripper_input_registers__type_support_c.cpp.o[0m
[16.260s] [ 50%] [32mBuilding CXX object CMakeFiles/robotiq_3f_gripper_ros2_interfaces__rosidl_typesupport_fastrtps_c.dir/rosidl_typesupport_fastrtps_c/robotiq_3f_gripper_ros2_interfaces/msg/detail/robotiq3_f_gripper_output_registers__type_support_c.cpp.o[0m
[16.584s] [ 52%] [32mBuilding CXX object CMakeFiles/robotiq_3f_gripper_ros2_interfaces__rosidl_typesupport_fastrtps_c.dir/rosidl_typesupport_fastrtps_c/robotiq_3f_gripper_ros2_interfaces/srv/detail/robotiq3_f_gripper_output_service__type_support_c.cpp.o[0m
[17.003s] [ 54%] [32mBuilding CXX object CMakeFiles/robotiq_3f_gripper_ros2_interfaces__rosidl_typesupport_fastrtps_c.dir/rosidl_typesupport_fastrtps_c/robotiq_3f_gripper_ros2_interfaces/action/detail/robotiq3_f_gripper_output_goal__type_support_c.cpp.o[0m
[17.493s] [ 56%] [32m[1mLinking CXX shared library librobotiq_3f_gripper_ros2_interfaces__rosidl_typesupport_fastrtps_c.so[0m
[17.607s] [ 56%] Built target robotiq_3f_gripper_ros2_interfaces__rosidl_typesupport_fastrtps_c
[17.623s] [ 58%] [34m[1mGenerating C type support dispatch for ROS interfaces[0m
[18.360s] [ 60%] [32mBuilding CXX object CMakeFiles/robotiq_3f_gripper_ros2_interfaces__rosidl_typesupport_c.dir/rosidl_typesupport_c/robotiq_3f_gripper_ros2_interfaces/msg/robotiq3_f_gripper_input_registers__type_support.cpp.o[0m
[18.395s] [ 61%] [32mBuilding CXX object CMakeFiles/robotiq_3f_gripper_ros2_interfaces__rosidl_typesupport_c.dir/rosidl_typesupport_c/robotiq_3f_gripper_ros2_interfaces/srv/robotiq3_f_gripper_output_service__type_support.cpp.o[0m
[18.434s] [ 63%] [32mBuilding CXX object CMakeFiles/robotiq_3f_gripper_ros2_interfaces__rosidl_typesupport_c.dir/rosidl_typesupport_c/robotiq_3f_gripper_ros2_interfaces/action/robotiq3_f_gripper_output_goal__type_support.cpp.o[0m
[18.494s] [ 65%] [32mBuilding CXX object CMakeFiles/robotiq_3f_gripper_ros2_interfaces__rosidl_typesupport_c.dir/rosidl_typesupport_c/robotiq_3f_gripper_ros2_interfaces/msg/robotiq3_f_gripper_output_registers__type_support.cpp.o[0m
[18.530s] [ 67%] [32m[1mLinking CXX shared library librobotiq_3f_gripper_ros2_interfaces__rosidl_typesupport_c.so[0m
[18.593s] [ 67%] Built target robotiq_3f_gripper_ros2_interfaces__rosidl_typesupport_c
[18.613s] [ 69%] [34m[1mGenerating C introspection for ROS interfaces[0m
[19.529s] [ 70%] [32mBuilding C object CMakeFiles/robotiq_3f_gripper_ros2_interfaces__rosidl_typesupport_introspection_c.dir/rosidl_typesupport_introspection_c/robotiq_3f_gripper_ros2_interfaces/msg/detail/robotiq3_f_gripper_input_registers__type_support.c.o[0m
[19.569s] [ 72%] [32mBuilding C object CMakeFiles/robotiq_3f_gripper_ros2_interfaces__rosidl_typesupport_introspection_c.dir/rosidl_typesupport_introspection_c/robotiq_3f_gripper_ros2_interfaces/action/detail/robotiq3_f_gripper_output_goal__type_support.c.o[0m
[19.639s] [ 74%] [32mBuilding C object CMakeFiles/robotiq_3f_gripper_ros2_interfaces__rosidl_typesupport_introspection_c.dir/rosidl_typesupport_introspection_c/robotiq_3f_gripper_ros2_interfaces/srv/detail/robotiq3_f_gripper_output_service__type_support.c.o[0m
[19.684s] [ 76%] [32mBuilding C object CMakeFiles/robotiq_3f_gripper_ros2_interfaces__rosidl_typesupport_introspection_c.dir/rosidl_typesupport_introspection_c/robotiq_3f_gripper_ros2_interfaces/msg/detail/robotiq3_f_gripper_output_registers__type_support.c.o[0m
[19.737s] [ 78%] [32m[1mLinking C shared library librobotiq_3f_gripper_ros2_interfaces__rosidl_typesupport_introspection_c.so[0m
[19.803s] [ 78%] Built target robotiq_3f_gripper_ros2_interfaces__rosidl_typesupport_introspection_c
[19.803s] [ 78%] Built target robotiq_3f_gripper_ros2_interfaces
[19.831s] [ 80%] [34m[1mGenerating Python code for ROS interfaces[0m
[22.309s] [ 80%] Built target robotiq_3f_gripper_ros2_interfaces__py
[22.341s] [ 81%] [32mBuilding C object CMakeFiles/robotiq_3f_gripper_ros2_interfaces__rosidl_generator_py.dir/rosidl_generator_py/robotiq_3f_gripper_ros2_interfaces/msg/_robotiq3_f_gripper_input_registers_s.c.o[0m
[22.519s] [ 83%] [32mBuilding C object CMakeFiles/robotiq_3f_gripper_ros2_interfaces__rosidl_generator_py.dir/rosidl_generator_py/robotiq_3f_gripper_ros2_interfaces/action/_robotiq3_f_gripper_output_goal_s.c.o[0m
[22.816s] [ 85%] [32mBuilding C object CMakeFiles/robotiq_3f_gripper_ros2_interfaces__rosidl_generator_py.dir/rosidl_generator_py/robotiq_3f_gripper_ros2_interfaces/srv/_robotiq3_f_gripper_output_service_s.c.o[0m
[23.012s] [ 87%] [32mBuilding C object CMakeFiles/robotiq_3f_gripper_ros2_interfaces__rosidl_generator_py.dir/rosidl_generator_py/robotiq_3f_gripper_ros2_interfaces/msg/_robotiq3_f_gripper_output_registers_s.c.o[0m
[23.269s] [ 89%] [32m[1mLinking C shared library rosidl_generator_py/robotiq_3f_gripper_ros2_interfaces/librobotiq_3f_gripper_ros2_interfaces__rosidl_generator_py.so[0m
[23.932s] [ 89%] Built target robotiq_3f_gripper_ros2_interfaces__rosidl_generator_py
[23.965s] [ 90%] [32mBuilding C object CMakeFiles/robotiq_3f_gripper_ros2_interfaces__rosidl_typesupport_fastrtps_c__pyext.dir/rosidl_generator_py/robotiq_3f_gripper_ros2_interfaces/_robotiq_3f_gripper_ros2_interfaces_s.ep.rosidl_typesupport_fastrtps_c.c.o[0m
[24.245s] [ 92%] [32m[1mLinking C shared library rosidl_generator_py/robotiq_3f_gripper_ros2_interfaces/robotiq_3f_gripper_ros2_interfaces_s__rosidl_typesupport_fastrtps_c.cpython-310-x86_64-linux-gnu.so[0m
[24.308s] [ 92%] Built target robotiq_3f_gripper_ros2_interfaces__rosidl_typesupport_fastrtps_c__pyext
[24.341s] [ 94%] [32mBuilding C object CMakeFiles/robotiq_3f_gripper_ros2_interfaces__rosidl_typesupport_c__pyext.dir/rosidl_generator_py/robotiq_3f_gripper_ros2_interfaces/_robotiq_3f_gripper_ros2_interfaces_s.ep.rosidl_typesupport_c.c.o[0m
[24.652s] [ 96%] [32m[1mLinking C shared library rosidl_generator_py/robotiq_3f_gripper_ros2_interfaces/robotiq_3f_gripper_ros2_interfaces_s__rosidl_typesupport_c.cpython-310-x86_64-linux-gnu.so[0m
[24.702s] [ 96%] Built target robotiq_3f_gripper_ros2_interfaces__rosidl_typesupport_c__pyext
[24.732s] [ 98%] [32mBuilding C object CMakeFiles/robotiq_3f_gripper_ros2_interfaces__rosidl_typesupport_introspection_c__pyext.dir/rosidl_generator_py/robotiq_3f_gripper_ros2_interfaces/_robotiq_3f_gripper_ros2_interfaces_s.ep.rosidl_typesupport_introspection_c.c.o[0m
[24.998s] [100%] [32m[1mLinking C shared library rosidl_generator_py/robotiq_3f_gripper_ros2_interfaces/robotiq_3f_gripper_ros2_interfaces_s__rosidl_typesupport_introspection_c.cpython-310-x86_64-linux-gnu.so[0m
[25.048s] [100%] Built target robotiq_3f_gripper_ros2_interfaces__rosidl_typesupport_introspection_c__pyext
[25.065s] Invoked command in '/home/xdkazer/Dual_Kuka_LLM_Bachelor/p5_ws/build/robotiq_3f_gripper_ros2_interfaces' returned '0': CMAKE_PREFIX_PATH=${CMAKE_PREFIX_PATH}:/home/xdkazer/P5-Kuka-Dual-Arm/p5_ws/install/yolo_world:/home/xdkazer/P5-Kuka-Dual-Arm/p5_ws/install/robotiq_3f_gripper_ros2_control:/home/xdkazer/P5-Kuka-Dual-Arm/p5_ws/install/robotiq_2f_85_control:/home/xdkazer/P5-Kuka-Dual-Arm/p5_ws/install/object_detector:/home/xdkazer/P5-Kuka-Dual-Arm/p5_ws/install/janise:/home/xdkazer/P5-Kuka-Dual-Arm/p5_ws/install/gui_package:/home/xdkazer/P5-Kuka-Dual-Arm/p5_ws/install/moveit_configs_utils:/home/xdkazer/P5-Kuka-Dual-Arm/p5_ws/install/generate_parameter_library_py:/opt/ros/humble /usr/bin/cmake --build /home/xdkazer/Dual_Kuka_LLM_Bachelor/p5_ws/build/robotiq_3f_gripper_ros2_interfaces -- -j4 -l4
[25.066s] Invoking command in '/home/xdkazer/Dual_Kuka_LLM_Bachelor/p5_ws/build/robotiq_3f_gripper_ros2_interfaces': CMAKE_PREFIX_PATH=${CMAKE_PREFIX_PATH}:/home/xdkazer/P5-Kuka-Dual-Arm/p5_ws/install/yolo_world:/home/xdkazer/P5-Kuka-Dual-Arm/p5_ws/install/robotiq_3f_gripper_ros2_control:/home/xdkazer/P5-Kuka-Dual-Arm/p5_ws/install/robotiq_2f_85_control:/home/xdkazer/P5-Kuka-Dual-Arm/p5_ws/install/object_detector:/home/xdkazer/P5-Kuka-Dual-Arm/p5_ws/install/janise:/home/xdkazer/P5-Kuka-Dual-Arm/p5_ws/install/gui_package:/home/xdkazer/P5-Kuka-Dual-Arm/p5_ws/install/moveit_configs_utils:/home/xdkazer/P5-Kuka-Dual-Arm/p5_ws/install/generate_parameter_library_py:/opt/ros/humble /usr/bin/cmake --install /home/xdkazer/Dual_Kuka_LLM_Bachelor/p5_ws/build/robotiq_3f_gripper_ros2_interfaces
[25.076s] -- Install configuration: "Release"
[25.077s] -- Installing: /home/xdkazer/Dual_Kuka_LLM_Bachelor/p5_ws/install/robotiq_3f_gripper_ros2_interfaces/share/ament_index/resource_index/rosidl_interfaces/robotiq_3f_gripper_ros2_interfaces
[25.077s] -- Installing: /home/xdkazer/Dual_Kuka_LLM_Bachelor/p5_ws/install/robotiq_3f_gripper_ros2_interfaces/include/robotiq_3f_gripper_ros2_interfaces/robotiq_3f_gripper_ros2_interfaces
[25.077s] -- Installing: /home/xdkazer/Dual_Kuka_LLM_Bachelor/p5_ws/install/robotiq_3f_gripper_ros2_interfaces/include/robotiq_3f_gripper_ros2_interfaces/robotiq_3f_gripper_ros2_interfaces/msg
[25.078s] -- Installing: /home/xdkazer/Dual_Kuka_LLM_Bachelor/p5_ws/install/robotiq_3f_gripper_ros2_interfaces/include/robotiq_3f_gripper_ros2_interfaces/robotiq_3f_gripper_ros2_interfaces/msg/robotiq3_f_gripper_input_registers.h
[25.078s] -- Installing: /home/xdkazer/Dual_Kuka_LLM_Bachelor/p5_ws/install/robotiq_3f_gripper_ros2_interfaces/include/robotiq_3f_gripper_ros2_interfaces/robotiq_3f_gripper_ros2_interfaces/msg/rosidl_generator_c__visibility_control.h
[25.078s] -- Installing: /home/xdkazer/Dual_Kuka_LLM_Bachelor/p5_ws/install/robotiq_3f_gripper_ros2_interfaces/include/robotiq_3f_gripper_ros2_interfaces/robotiq_3f_gripper_ros2_interfaces/msg/robotiq3_f_gripper_output_registers.h
[25.079s] -- Installing: /home/xdkazer/Dual_Kuka_LLM_Bachelor/p5_ws/install/robotiq_3f_gripper_ros2_interfaces/include/robotiq_3f_gripper_ros2_interfaces/robotiq_3f_gripper_ros2_interfaces/msg/detail
[25.079s] -- Installing: /home/xdkazer/Dual_Kuka_LLM_Bachelor/p5_ws/install/robotiq_3f_gripper_ros2_interfaces/include/robotiq_3f_gripper_ros2_interfaces/robotiq_3f_gripper_ros2_interfaces/msg/detail/robotiq3_f_gripper_output_registers__functions.h
[25.079s] -- Installing: /home/xdkazer/Dual_Kuka_LLM_Bachelor/p5_ws/install/robotiq_3f_gripper_ros2_interfaces/include/robotiq_3f_gripper_ros2_interfaces/robotiq_3f_gripper_ros2_interfaces/msg/detail/robotiq3_f_gripper_input_registers__type_support.h
[25.079s] -- Installing: /home/xdkazer/Dual_Kuka_LLM_Bachelor/p5_ws/install/robotiq_3f_gripper_ros2_interfaces/include/robotiq_3f_gripper_ros2_interfaces/robotiq_3f_gripper_ros2_interfaces/msg/detail/robotiq3_f_gripper_input_registers__struct.h
[25.079s] -- Installing: /home/xdkazer/Dual_Kuka_LLM_Bachelor/p5_ws/install/robotiq_3f_gripper_ros2_interfaces/include/robotiq_3f_gripper_ros2_interfaces/robotiq_3f_gripper_ros2_interfaces/msg/detail/robotiq3_f_gripper_output_registers__functions.c
[25.080s] -- Installing: /home/xdkazer/Dual_Kuka_LLM_Bachelor/p5_ws/install/robotiq_3f_gripper_ros2_interfaces/include/robotiq_3f_gripper_ros2_interfaces/robotiq_3f_gripper_ros2_interfaces/msg/detail/robotiq3_f_gripper_output_registers__struct.h
[25.080s] -- Installing: /home/xdkazer/Dual_Kuka_LLM_Bachelor/p5_ws/install/robotiq_3f_gripper_ros2_interfaces/include/robotiq_3f_gripper_ros2_interfaces/robotiq_3f_gripper_ros2_interfaces/msg/detail/robotiq3_f_gripper_output_registers__type_support.h
[25.080s] -- Installing: /home/xdkazer/Dual_Kuka_LLM_Bachelor/p5_ws/install/robotiq_3f_gripper_ros2_interfaces/include/robotiq_3f_gripper_ros2_interfaces/robotiq_3f_gripper_ros2_interfaces/msg/detail/robotiq3_f_gripper_input_registers__functions.h
[25.081s] -- Installing: /home/xdkazer/Dual_Kuka_LLM_Bachelor/p5_ws/install/robotiq_3f_gripper_ros2_interfaces/include/robotiq_3f_gripper_ros2_interfaces/robotiq_3f_gripper_ros2_interfaces/msg/detail/robotiq3_f_gripper_input_registers__functions.c
[25.081s] -- Installing: /home/xdkazer/Dual_Kuka_LLM_Bachelor/p5_ws/install/robotiq_3f_gripper_ros2_interfaces/include/robotiq_3f_gripper_ros2_interfaces/robotiq_3f_gripper_ros2_interfaces/srv
[25.081s] -- Installing: /home/xdkazer/Dual_Kuka_LLM_Bachelor/p5_ws/install/robotiq_3f_gripper_ros2_interfaces/include/robotiq_3f_gripper_ros2_interfaces/robotiq_3f_gripper_ros2_interfaces/srv/robotiq3_f_gripper_output_service.h
[25.081s] -- Installing: /home/xdkazer/Dual_Kuka_LLM_Bachelor/p5_ws/install/robotiq_3f_gripper_ros2_interfaces/include/robotiq_3f_gripper_ros2_interfaces/robotiq_3f_gripper_ros2_interfaces/srv/detail
[25.082s] -- Installing: /home/xdkazer/Dual_Kuka_LLM_Bachelor/p5_ws/install/robotiq_3f_gripper_ros2_interfaces/include/robotiq_3f_gripper_ros2_interfaces/robotiq_3f_gripper_ros2_interfaces/srv/detail/robotiq3_f_gripper_output_service__type_support.h
[25.082s] -- Installing: /home/xdkazer/Dual_Kuka_LLM_Bachelor/p5_ws/install/robotiq_3f_gripper_ros2_interfaces/include/robotiq_3f_gripper_ros2_interfaces/robotiq_3f_gripper_ros2_interfaces/srv/detail/robotiq3_f_gripper_output_service__functions.h
[25.082s] -- Installing: /home/xdkazer/Dual_Kuka_LLM_Bachelor/p5_ws/install/robotiq_3f_gripper_ros2_interfaces/include/robotiq_3f_gripper_ros2_interfaces/robotiq_3f_gripper_ros2_interfaces/srv/detail/robotiq3_f_gripper_output_service__struct.h
[25.082s] -- Installing: /home/xdkazer/Dual_Kuka_LLM_Bachelor/p5_ws/install/robotiq_3f_gripper_ros2_interfaces/include/robotiq_3f_gripper_ros2_interfaces/robotiq_3f_gripper_ros2_interfaces/srv/detail/robotiq3_f_gripper_output_service__functions.c
[25.082s] -- Installing: /home/xdkazer/Dual_Kuka_LLM_Bachelor/p5_ws/install/robotiq_3f_gripper_ros2_interfaces/include/robotiq_3f_gripper_ros2_interfaces/robotiq_3f_gripper_ros2_interfaces/action
[25.083s] -- Installing: /home/xdkazer/Dual_Kuka_LLM_Bachelor/p5_ws/install/robotiq_3f_gripper_ros2_interfaces/include/robotiq_3f_gripper_ros2_interfaces/robotiq_3f_gripper_ros2_interfaces/action/robotiq3_f_gripper_output_goal.h
[25.083s] -- Installing: /home/xdkazer/Dual_Kuka_LLM_Bachelor/p5_ws/install/robotiq_3f_gripper_ros2_interfaces/include/robotiq_3f_gripper_ros2_interfaces/robotiq_3f_gripper_ros2_interfaces/action/detail
[25.083s] -- Installing: /home/xdkazer/Dual_Kuka_LLM_Bachelor/p5_ws/install/robotiq_3f_gripper_ros2_interfaces/include/robotiq_3f_gripper_ros2_interfaces/robotiq_3f_gripper_ros2_interfaces/action/detail/robotiq3_f_gripper_output_goal__struct.h
[25.083s] -- Installing: /home/xdkazer/Dual_Kuka_LLM_Bachelor/p5_ws/install/robotiq_3f_gripper_ros2_interfaces/include/robotiq_3f_gripper_ros2_interfaces/robotiq_3f_gripper_ros2_interfaces/action/detail/robotiq3_f_gripper_output_goal__type_support.h
[25.090s] -- Installing: /home/xdkazer/Dual_Kuka_LLM_Bachelor/p5_ws/install/robotiq_3f_gripper_ros2_interfaces/include/robotiq_3f_gripper_ros2_interfaces/robotiq_3f_gripper_ros2_interfaces/action/detail/robotiq3_f_gripper_output_goal__functions.c
[25.090s] -- Installing: /home/xdkazer/Dual_Kuka_LLM_Bachelor/p5_ws/install/robotiq_3f_gripper_ros2_interfaces/include/robotiq_3f_gripper_ros2_interfaces/robotiq_3f_gripper_ros2_interfaces/action/detail/robotiq3_f_gripper_output_goal__functions.h
[25.090s] -- Installing: /home/xdkazer/Dual_Kuka_LLM_Bachelor/p5_ws/install/robotiq_3f_gripper_ros2_interfaces/share/robotiq_3f_gripper_ros2_interfaces/environment/library_path.sh
[25.090s] -- Installing: /home/xdkazer/Dual_Kuka_LLM_Bachelor/p5_ws/install/robotiq_3f_gripper_ros2_interfaces/share/robotiq_3f_gripper_ros2_interfaces/environment/library_path.dsv
[25.090s] -- Installing: /home/xdkazer/Dual_Kuka_LLM_Bachelor/p5_ws/install/robotiq_3f_gripper_ros2_interfaces/lib/librobotiq_3f_gripper_ros2_interfaces__rosidl_generator_c.so
[25.090s] -- Set runtime path of "/home/xdkazer/Dual_Kuka_LLM_Bachelor/p5_ws/install/robotiq_3f_gripper_ros2_interfaces/lib/librobotiq_3f_gripper_ros2_interfaces__rosidl_generator_c.so" to ""
[25.090s] -- Up-to-date: /home/xdkazer/Dual_Kuka_LLM_Bachelor/p5_ws/install/robotiq_3f_gripper_ros2_interfaces/include/robotiq_3f_gripper_ros2_interfaces/robotiq_3f_gripper_ros2_interfaces
[25.090s] -- Up-to-date: /home/xdkazer/Dual_Kuka_LLM_Bachelor/p5_ws/install/robotiq_3f_gripper_ros2_interfaces/include/robotiq_3f_gripper_ros2_interfaces/robotiq_3f_gripper_ros2_interfaces/msg
[25.090s] -- Installing: /home/xdkazer/Dual_Kuka_LLM_Bachelor/p5_ws/install/robotiq_3f_gripper_ros2_interfaces/include/robotiq_3f_gripper_ros2_interfaces/robotiq_3f_gripper_ros2_interfaces/msg/rosidl_typesupport_fastrtps_c__visibility_control.h
[25.090s] -- Up-to-date: /home/xdkazer/Dual_Kuka_LLM_Bachelor/p5_ws/install/robotiq_3f_gripper_ros2_interfaces/include/robotiq_3f_gripper_ros2_interfaces/robotiq_3f_gripper_ros2_interfaces/msg/detail
[25.090s] -- Installing: /home/xdkazer/Dual_Kuka_LLM_Bachelor/p5_ws/install/robotiq_3f_gripper_ros2_interfaces/include/robotiq_3f_gripper_ros2_interfaces/robotiq_3f_gripper_ros2_interfaces/msg/detail/robotiq3_f_gripper_output_registers__rosidl_typesupport_fastrtps_c.h
[25.091s] -- Installing: /home/xdkazer/Dual_Kuka_LLM_Bachelor/p5_ws/install/robotiq_3f_gripper_ros2_interfaces/include/robotiq_3f_gripper_ros2_interfaces/robotiq_3f_gripper_ros2_interfaces/msg/detail/robotiq3_f_gripper_input_registers__rosidl_typesupport_fastrtps_c.h
[25.091s] -- Up-to-date: /home/xdkazer/Dual_Kuka_LLM_Bachelor/p5_ws/install/robotiq_3f_gripper_ros2_interfaces/include/robotiq_3f_gripper_ros2_interfaces/robotiq_3f_gripper_ros2_interfaces/srv
[25.091s] -- Up-to-date: /home/xdkazer/Dual_Kuka_LLM_Bachelor/p5_ws/install/robotiq_3f_gripper_ros2_interfaces/include/robotiq_3f_gripper_ros2_interfaces/robotiq_3f_gripper_ros2_interfaces/srv/detail
[25.091s] -- Installing: /home/xdkazer/Dual_Kuka_LLM_Bachelor/p5_ws/install/robotiq_3f_gripper_ros2_interfaces/include/robotiq_3f_gripper_ros2_interfaces/robotiq_3f_gripper_ros2_interfaces/srv/detail/robotiq3_f_gripper_output_service__rosidl_typesupport_fastrtps_c.h
[25.091s] -- Up-to-date: /home/xdkazer/Dual_Kuka_LLM_Bachelor/p5_ws/install/robotiq_3f_gripper_ros2_interfaces/include/robotiq_3f_gripper_ros2_interfaces/robotiq_3f_gripper_ros2_interfaces/action
[25.091s] -- Up-to-date: /home/xdkazer/Dual_Kuka_LLM_Bachelor/p5_ws/install/robotiq_3f_gripper_ros2_interfaces/include/robotiq_3f_gripper_ros2_interfaces/robotiq_3f_gripper_ros2_interfaces/action/detail
[25.091s] -- Installing: /home/xdkazer/Dual_Kuka_LLM_Bachelor/p5_ws/install/robotiq_3f_gripper_ros2_interfaces/include/robotiq_3f_gripper_ros2_interfaces/robotiq_3f_gripper_ros2_interfaces/action/detail/robotiq3_f_gripper_output_goal__rosidl_typesupport_fastrtps_c.h
[25.091s] -- Installing: /home/xdkazer/Dual_Kuka_LLM_Bachelor/p5_ws/install/robotiq_3f_gripper_ros2_interfaces/lib/librobotiq_3f_gripper_ros2_interfaces__rosidl_typesupport_fastrtps_c.so
[25.091s] -- Set runtime path of "/home/xdkazer/Dual_Kuka_LLM_Bachelor/p5_ws/install/robotiq_3f_gripper_ros2_interfaces/lib/librobotiq_3f_gripper_ros2_interfaces__rosidl_typesupport_fastrtps_c.so" to ""
[25.091s] -- Up-to-date: /home/xdkazer/Dual_Kuka_LLM_Bachelor/p5_ws/install/robotiq_3f_gripper_ros2_interfaces/include/robotiq_3f_gripper_ros2_interfaces/robotiq_3f_gripper_ros2_interfaces
[25.091s] -- Up-to-date: /home/xdkazer/Dual_Kuka_LLM_Bachelor/p5_ws/install/robotiq_3f_gripper_ros2_interfaces/include/robotiq_3f_gripper_ros2_interfaces/robotiq_3f_gripper_ros2_interfaces/msg
[25.091s] -- Installing: /home/xdkazer/Dual_Kuka_LLM_Bachelor/p5_ws/install/robotiq_3f_gripper_ros2_interfaces/include/robotiq_3f_gripper_ros2_interfaces/robotiq_3f_gripper_ros2_interfaces/msg/robotiq3_f_gripper_output_registers.hpp
[25.091s] -- Up-to-date: /home/xdkazer/Dual_Kuka_LLM_Bachelor/p5_ws/install/robotiq_3f_gripper_ros2_interfaces/include/robotiq_3f_gripper_ros2_interfaces/robotiq_3f_gripper_ros2_interfaces/msg/detail
[25.091s] -- Installing: /home/xdkazer/Dual_Kuka_LLM_Bachelor/p5_ws/install/robotiq_3f_gripper_ros2_interfaces/include/robotiq_3f_gripper_ros2_interfaces/robotiq_3f_gripper_ros2_interfaces/msg/detail/robotiq3_f_gripper_input_registers__traits.hpp
[25.091s] -- Installing: /home/xdkazer/Dual_Kuka_LLM_Bachelor/p5_ws/install/robotiq_3f_gripper_ros2_interfaces/include/robotiq_3f_gripper_ros2_interfaces/robotiq_3f_gripper_ros2_interfaces/msg/detail/robotiq3_f_gripper_output_registers__struct.hpp
[25.091s] -- Installing: /home/xdkazer/Dual_Kuka_LLM_Bachelor/p5_ws/install/robotiq_3f_gripper_ros2_interfaces/include/robotiq_3f_gripper_ros2_interfaces/robotiq_3f_gripper_ros2_interfaces/msg/detail/robotiq3_f_gripper_output_registers__builder.hpp
[25.091s] -- Installing: /home/xdkazer/Dual_Kuka_LLM_Bachelor/p5_ws/install/robotiq_3f_gripper_ros2_interfaces/include/robotiq_3f_gripper_ros2_interfaces/robotiq_3f_gripper_ros2_interfaces/msg/detail/robotiq3_f_gripper_input_registers__struct.hpp
[25.091s] -- Installing: /home/xdkazer/Dual_Kuka_LLM_Bachelor/p5_ws/install/robotiq_3f_gripper_ros2_interfaces/include/robotiq_3f_gripper_ros2_interfaces/robotiq_3f_gripper_ros2_interfaces/msg/detail/robotiq3_f_gripper_output_registers__traits.hpp
[25.091s] -- Installing: /home/xdkazer/Dual_Kuka_LLM_Bachelor/p5_ws/install/robotiq_3f_gripper_ros2_interfaces/include/robotiq_3f_gripper_ros2_interfaces/robotiq_3f_gripper_ros2_interfaces/msg/detail/robotiq3_f_gripper_input_registers__builder.hpp
[25.091s] -- Installing: /home/xdkazer/Dual_Kuka_LLM_Bachelor/p5_ws/install/robotiq_3f_gripper_ros2_interfaces/include/robotiq_3f_gripper_ros2_interfaces/robotiq_3f_gripper_ros2_interfaces/msg/robotiq3_f_gripper_input_registers.hpp
[25.092s] -- Up-to-date: /home/xdkazer/Dual_Kuka_LLM_Bachelor/p5_ws/install/robotiq_3f_gripper_ros2_interfaces/include/robotiq_3f_gripper_ros2_interfaces/robotiq_3f_gripper_ros2_interfaces/srv
[25.092s] -- Up-to-date: /home/xdkazer/Dual_Kuka_LLM_Bachelor/p5_ws/install/robotiq_3f_gripper_ros2_interfaces/include/robotiq_3f_gripper_ros2_interfaces/robotiq_3f_gripper_ros2_interfaces/srv/detail
[25.092s] -- Installing: /home/xdkazer/Dual_Kuka_LLM_Bachelor/p5_ws/install/robotiq_3f_gripper_ros2_interfaces/include/robotiq_3f_gripper_ros2_interfaces/robotiq_3f_gripper_ros2_interfaces/srv/detail/robotiq3_f_gripper_output_service__builder.hpp
[25.092s] -- Installing: /home/xdkazer/Dual_Kuka_LLM_Bachelor/p5_ws/install/robotiq_3f_gripper_ros2_interfaces/include/robotiq_3f_gripper_ros2_interfaces/robotiq_3f_gripper_ros2_interfaces/srv/detail/robotiq3_f_gripper_output_service__struct.hpp
[25.092s] -- Installing: /home/xdkazer/Dual_Kuka_LLM_Bachelor/p5_ws/install/robotiq_3f_gripper_ros2_interfaces/include/robotiq_3f_gripper_ros2_interfaces/robotiq_3f_gripper_ros2_interfaces/srv/detail/robotiq3_f_gripper_output_service__traits.hpp
[25.092s] -- Installing: /home/xdkazer/Dual_Kuka_LLM_Bachelor/p5_ws/install/robotiq_3f_gripper_ros2_interfaces/include/robotiq_3f_gripper_ros2_interfaces/robotiq_3f_gripper_ros2_interfaces/srv/robotiq3_f_gripper_output_service.hpp
[25.092s] -- Up-to-date: /home/xdkazer/Dual_Kuka_LLM_Bachelor/p5_ws/install/robotiq_3f_gripper_ros2_interfaces/include/robotiq_3f_gripper_ros2_interfaces/robotiq_3f_gripper_ros2_interfaces/action
[25.092s] -- Installing: /home/xdkazer/Dual_Kuka_LLM_Bachelor/p5_ws/install/robotiq_3f_gripper_ros2_interfaces/include/robotiq_3f_gripper_ros2_interfaces/robotiq_3f_gripper_ros2_interfaces/action/robotiq3_f_gripper_output_goal.hpp
[25.092s] -- Up-to-date: /home/xdkazer/Dual_Kuka_LLM_Bachelor/p5_ws/install/robotiq_3f_gripper_ros2_interfaces/include/robotiq_3f_gripper_ros2_interfaces/robotiq_3f_gripper_ros2_interfaces/action/detail
[25.092s] -- Installing: /home/xdkazer/Dual_Kuka_LLM_Bachelor/p5_ws/install/robotiq_3f_gripper_ros2_interfaces/include/robotiq_3f_gripper_ros2_interfaces/robotiq_3f_gripper_ros2_interfaces/action/detail/robotiq3_f_gripper_output_goal__builder.hpp
[25.092s] -- Installing: /home/xdkazer/Dual_Kuka_LLM_Bachelor/p5_ws/install/robotiq_3f_gripper_ros2_interfaces/include/robotiq_3f_gripper_ros2_interfaces/robotiq_3f_gripper_ros2_interfaces/action/detail/robotiq3_f_gripper_output_goal__traits.hpp
[25.092s] -- Installing: /home/xdkazer/Dual_Kuka_LLM_Bachelor/p5_ws/install/robotiq_3f_gripper_ros2_interfaces/include/robotiq_3f_gripper_ros2_interfaces/robotiq_3f_gripper_ros2_interfaces/action/detail/robotiq3_f_gripper_output_goal__struct.hpp
[25.092s] -- Up-to-date: /home/xdkazer/Dual_Kuka_LLM_Bachelor/p5_ws/install/robotiq_3f_gripper_ros2_interfaces/include/robotiq_3f_gripper_ros2_interfaces/robotiq_3f_gripper_ros2_interfaces
[25.092s] -- Up-to-date: /home/xdkazer/Dual_Kuka_LLM_Bachelor/p5_ws/install/robotiq_3f_gripper_ros2_interfaces/include/robotiq_3f_gripper_ros2_interfaces/robotiq_3f_gripper_ros2_interfaces/msg
[25.092s] -- Up-to-date: /home/xdkazer/Dual_Kuka_LLM_Bachelor/p5_ws/install/robotiq_3f_gripper_ros2_interfaces/include/robotiq_3f_gripper_ros2_interfaces/robotiq_3f_gripper_ros2_interfaces/msg/detail
[25.092s] -- Installing: /home/xdkazer/Dual_Kuka_LLM_Bachelor/p5_ws/install/robotiq_3f_gripper_ros2_interfaces/include/robotiq_3f_gripper_ros2_interfaces/robotiq_3f_gripper_ros2_interfaces/msg/detail/robotiq3_f_gripper_output_registers__rosidl_typesupport_fastrtps_cpp.hpp
[25.092s] -- Installing: /home/xdkazer/Dual_Kuka_LLM_Bachelor/p5_ws/install/robotiq_3f_gripper_ros2_interfaces/include/robotiq_3f_gripper_ros2_interfaces/robotiq_3f_gripper_ros2_interfaces/msg/detail/robotiq3_f_gripper_input_registers__rosidl_typesupport_fastrtps_cpp.hpp
[25.092s] -- Installing: /home/xdkazer/Dual_Kuka_LLM_Bachelor/p5_ws/install/robotiq_3f_gripper_ros2_interfaces/include/robotiq_3f_gripper_ros2_interfaces/robotiq_3f_gripper_ros2_interfaces/msg/detail/dds_fastrtps
[25.092s] -- Installing: /home/xdkazer/Dual_Kuka_LLM_Bachelor/p5_ws/install/robotiq_3f_gripper_ros2_interfaces/include/robotiq_3f_gripper_ros2_interfaces/robotiq_3f_gripper_ros2_interfaces/msg/rosidl_typesupport_fastrtps_cpp__visibility_control.h
[25.092s] -- Up-to-date: /home/xdkazer/Dual_Kuka_LLM_Bachelor/p5_ws/install/robotiq_3f_gripper_ros2_interfaces/include/robotiq_3f_gripper_ros2_interfaces/robotiq_3f_gripper_ros2_interfaces/srv
[25.092s] -- Up-to-date: /home/xdkazer/Dual_Kuka_LLM_Bachelor/p5_ws/install/robotiq_3f_gripper_ros2_interfaces/include/robotiq_3f_gripper_ros2_interfaces/robotiq_3f_gripper_ros2_interfaces/srv/detail
[25.092s] -- Installing: /home/xdkazer/Dual_Kuka_LLM_Bachelor/p5_ws/install/robotiq_3f_gripper_ros2_interfaces/include/robotiq_3f_gripper_ros2_interfaces/robotiq_3f_gripper_ros2_interfaces/srv/detail/robotiq3_f_gripper_output_service__rosidl_typesupport_fastrtps_cpp.hpp
[25.092s] -- Installing: /home/xdkazer/Dual_Kuka_LLM_Bachelor/p5_ws/install/robotiq_3f_gripper_ros2_interfaces/include/robotiq_3f_gripper_ros2_interfaces/robotiq_3f_gripper_ros2_interfaces/srv/detail/dds_fastrtps
[25.092s] -- Up-to-date: /home/xdkazer/Dual_Kuka_LLM_Bachelor/p5_ws/install/robotiq_3f_gripper_ros2_interfaces/include/robotiq_3f_gripper_ros2_interfaces/robotiq_3f_gripper_ros2_interfaces/action
[25.093s] -- Up-to-date: /home/xdkazer/Dual_Kuka_LLM_Bachelor/p5_ws/install/robotiq_3f_gripper_ros2_interfaces/include/robotiq_3f_gripper_ros2_interfaces/robotiq_3f_gripper_ros2_interfaces/action/detail
[25.093s] -- Installing: /home/xdkazer/Dual_Kuka_LLM_Bachelor/p5_ws/install/robotiq_3f_gripper_ros2_interfaces/include/robotiq_3f_gripper_ros2_interfaces/robotiq_3f_gripper_ros2_interfaces/action/detail/robotiq3_f_gripper_output_goal__rosidl_typesupport_fastrtps_cpp.hpp
[25.093s] -- Installing: /home/xdkazer/Dual_Kuka_LLM_Bachelor/p5_ws/install/robotiq_3f_gripper_ros2_interfaces/include/robotiq_3f_gripper_ros2_interfaces/robotiq_3f_gripper_ros2_interfaces/action/detail/dds_fastrtps
[25.093s] -- Installing: /home/xdkazer/Dual_Kuka_LLM_Bachelor/p5_ws/install/robotiq_3f_gripper_ros2_interfaces/lib/librobotiq_3f_gripper_ros2_interfaces__rosidl_typesupport_fastrtps_cpp.so
[25.093s] -- Set runtime path of "/home/xdkazer/Dual_Kuka_LLM_Bachelor/p5_ws/install/robotiq_3f_gripper_ros2_interfaces/lib/librobotiq_3f_gripper_ros2_interfaces__rosidl_typesupport_fastrtps_cpp.so" to ""
[25.093s] -- Up-to-date: /home/xdkazer/Dual_Kuka_LLM_Bachelor/p5_ws/install/robotiq_3f_gripper_ros2_interfaces/include/robotiq_3f_gripper_ros2_interfaces/robotiq_3f_gripper_ros2_interfaces
[25.093s] -- Up-to-date: /home/xdkazer/Dual_Kuka_LLM_Bachelor/p5_ws/install/robotiq_3f_gripper_ros2_interfaces/include/robotiq_3f_gripper_ros2_interfaces/robotiq_3f_gripper_ros2_interfaces/msg
[25.093s] -- Installing: /home/xdkazer/Dual_Kuka_LLM_Bachelor/p5_ws/install/robotiq_3f_gripper_ros2_interfaces/include/robotiq_3f_gripper_ros2_interfaces/robotiq_3f_gripper_ros2_interfaces/msg/rosidl_typesupport_introspection_c__visibility_control.h
[25.093s] -- Up-to-date: /home/xdkazer/Dual_Kuka_LLM_Bachelor/p5_ws/install/robotiq_3f_gripper_ros2_interfaces/include/robotiq_3f_gripper_ros2_interfaces/robotiq_3f_gripper_ros2_interfaces/msg/detail
[25.093s] -- Installing: /home/xdkazer/Dual_Kuka_LLM_Bachelor/p5_ws/install/robotiq_3f_gripper_ros2_interfaces/include/robotiq_3f_gripper_ros2_interfaces/robotiq_3f_gripper_ros2_interfaces/msg/detail/robotiq3_f_gripper_input_registers__rosidl_typesupport_introspection_c.h
[25.094s] -- Installing: /home/xdkazer/Dual_Kuka_LLM_Bachelor/p5_ws/install/robotiq_3f_gripper_ros2_interfaces/include/robotiq_3f_gripper_ros2_interfaces/robotiq_3f_gripper_ros2_interfaces/msg/detail/robotiq3_f_gripper_input_registers__type_support.c
[25.094s] -- Installing: /home/xdkazer/Dual_Kuka_LLM_Bachelor/p5_ws/install/robotiq_3f_gripper_ros2_interfaces/include/robotiq_3f_gripper_ros2_interfaces/robotiq_3f_gripper_ros2_interfaces/msg/detail/robotiq3_f_gripper_output_registers__rosidl_typesupport_introspection_c.h
[25.094s] -- Installing: /home/xdkazer/Dual_Kuka_LLM_Bachelor/p5_ws/install/robotiq_3f_gripper_ros2_interfaces/include/robotiq_3f_gripper_ros2_interfaces/robotiq_3f_gripper_ros2_interfaces/msg/detail/robotiq3_f_gripper_output_registers__type_support.c
[25.096s] -- Up-to-date: /home/xdkazer/Dual_Kuka_LLM_Bachelor/p5_ws/install/robotiq_3f_gripper_ros2_interfaces/include/robotiq_3f_gripper_ros2_interfaces/robotiq_3f_gripper_ros2_interfaces/srv
[25.096s] -- Up-to-date: /home/xdkazer/Dual_Kuka_LLM_Bachelor/p5_ws/install/robotiq_3f_gripper_ros2_interfaces/include/robotiq_3f_gripper_ros2_interfaces/robotiq_3f_gripper_ros2_interfaces/srv/detail
[25.096s] -- Installing: /home/xdkazer/Dual_Kuka_LLM_Bachelor/p5_ws/install/robotiq_3f_gripper_ros2_interfaces/include/robotiq_3f_gripper_ros2_interfaces/robotiq_3f_gripper_ros2_interfaces/srv/detail/robotiq3_f_gripper_output_service__type_support.c
[25.096s] -- Installing: /home/xdkazer/Dual_Kuka_LLM_Bachelor/p5_ws/install/robotiq_3f_gripper_ros2_interfaces/include/robotiq_3f_gripper_ros2_interfaces/robotiq_3f_gripper_ros2_interfaces/srv/detail/robotiq3_f_gripper_output_service__rosidl_typesupport_introspection_c.h
[25.096s] -- Up-to-date: /home/xdkazer/Dual_Kuka_LLM_Bachelor/p5_ws/install/robotiq_3f_gripper_ros2_interfaces/include/robotiq_3f_gripper_ros2_interfaces/robotiq_3f_gripper_ros2_interfaces/action
[25.096s] -- Up-to-date: /home/xdkazer/Dual_Kuka_LLM_Bachelor/p5_ws/install/robotiq_3f_gripper_ros2_interfaces/include/robotiq_3f_gripper_ros2_interfaces/robotiq_3f_gripper_ros2_interfaces/action/detail
[25.096s] -- Installing: /home/xdkazer/Dual_Kuka_LLM_Bachelor/p5_ws/install/robotiq_3f_gripper_ros2_interfaces/include/robotiq_3f_gripper_ros2_interfaces/robotiq_3f_gripper_ros2_interfaces/action/detail/robotiq3_f_gripper_output_goal__rosidl_typesupport_introspection_c.h
[25.096s] -- Installing: /home/xdkazer/Dual_Kuka_LLM_Bachelor/p5_ws/install/robotiq_3f_gripper_ros2_interfaces/include/robotiq_3f_gripper_ros2_interfaces/robotiq_3f_gripper_ros2_interfaces/action/detail/robotiq3_f_gripper_output_goal__type_support.c
[25.096s] -- Installing: /home/xdkazer/Dual_Kuka_LLM_Bachelor/p5_ws/install/robotiq_3f_gripper_ros2_interfaces/lib/librobotiq_3f_gripper_ros2_interfaces__rosidl_typesupport_introspection_c.so
[25.097s] -- Set runtime path of "/home/xdkazer/Dual_Kuka_LLM_Bachelor/p5_ws/install/robotiq_3f_gripper_ros2_interfaces/lib/librobotiq_3f_gripper_ros2_interfaces__rosidl_typesupport_introspection_c.so" to ""
[25.097s] -- Installing: /home/xdkazer/Dual_Kuka_LLM_Bachelor/p5_ws/install/robotiq_3f_gripper_ros2_interfaces/lib/librobotiq_3f_gripper_ros2_interfaces__rosidl_typesupport_c.so
[25.098s] -- Set runtime path of "/home/xdkazer/Dual_Kuka_LLM_Bachelor/p5_ws/install/robotiq_3f_gripper_ros2_interfaces/lib/librobotiq_3f_gripper_ros2_interfaces__rosidl_typesupport_c.so" to ""
[25.098s] -- Up-to-date: /home/xdkazer/Dual_Kuka_LLM_Bachelor/p5_ws/install/robotiq_3f_gripper_ros2_interfaces/include/robotiq_3f_gripper_ros2_interfaces/robotiq_3f_gripper_ros2_interfaces
[25.099s] -- Up-to-date: /home/xdkazer/Dual_Kuka_LLM_Bachelor/p5_ws/install/robotiq_3f_gripper_ros2_interfaces/include/robotiq_3f_gripper_ros2_interfaces/robotiq_3f_gripper_ros2_interfaces/msg
[25.099s] -- Up-to-date: /home/xdkazer/Dual_Kuka_LLM_Bachelor/p5_ws/install/robotiq_3f_gripper_ros2_interfaces/include/robotiq_3f_gripper_ros2_interfaces/robotiq_3f_gripper_ros2_interfaces/msg/detail
[25.099s] -- Installing: /home/xdkazer/Dual_Kuka_LLM_Bachelor/p5_ws/install/robotiq_3f_gripper_ros2_interfaces/include/robotiq_3f_gripper_ros2_interfaces/robotiq_3f_gripper_ros2_interfaces/msg/detail/robotiq3_f_gripper_output_registers__type_support.cpp
[25.099s] -- Installing: /home/xdkazer/Dual_Kuka_LLM_Bachelor/p5_ws/install/robotiq_3f_gripper_ros2_interfaces/include/robotiq_3f_gripper_ros2_interfaces/robotiq_3f_gripper_ros2_interfaces/msg/detail/robotiq3_f_gripper_output_registers__rosidl_typesupport_introspection_cpp.hpp
[25.099s] -- Installing: /home/xdkazer/Dual_Kuka_LLM_Bachelor/p5_ws/install/robotiq_3f_gripper_ros2_interfaces/include/robotiq_3f_gripper_ros2_interfaces/robotiq_3f_gripper_ros2_interfaces/msg/detail/robotiq3_f_gripper_input_registers__rosidl_typesupport_introspection_cpp.hpp
[25.100s] -- Installing: /home/xdkazer/Dual_Kuka_LLM_Bachelor/p5_ws/install/robotiq_3f_gripper_ros2_interfaces/include/robotiq_3f_gripper_ros2_interfaces/robotiq_3f_gripper_ros2_interfaces/msg/detail/robotiq3_f_gripper_input_registers__type_support.cpp
[25.101s] -- Up-to-date: /home/xdkazer/Dual_Kuka_LLM_Bachelor/p5_ws/install/robotiq_3f_gripper_ros2_interfaces/include/robotiq_3f_gripper_ros2_interfaces/robotiq_3f_gripper_ros2_interfaces/srv
[25.101s] -- Up-to-date: /home/xdkazer/Dual_Kuka_LLM_Bachelor/p5_ws/install/robotiq_3f_gripper_ros2_interfaces/include/robotiq_3f_gripper_ros2_interfaces/robotiq_3f_gripper_ros2_interfaces/srv/detail
[25.101s] -- Installing: /home/xdkazer/Dual_Kuka_LLM_Bachelor/p5_ws/install/robotiq_3f_gripper_ros2_interfaces/include/robotiq_3f_gripper_ros2_interfaces/robotiq_3f_gripper_ros2_interfaces/srv/detail/robotiq3_f_gripper_output_service__rosidl_typesupport_introspection_cpp.hpp
[25.101s] -- Installing: /home/xdkazer/Dual_Kuka_LLM_Bachelor/p5_ws/install/robotiq_3f_gripper_ros2_interfaces/include/robotiq_3f_gripper_ros2_interfaces/robotiq_3f_gripper_ros2_interfaces/srv/detail/robotiq3_f_gripper_output_service__type_support.cpp
[25.102s] -- Up-to-date: /home/xdkazer/Dual_Kuka_LLM_Bachelor/p5_ws/install/robotiq_3f_gripper_ros2_interfaces/include/robotiq_3f_gripper_ros2_interfaces/robotiq_3f_gripper_ros2_interfaces/action
[25.102s] -- Up-to-date: /home/xdkazer/Dual_Kuka_LLM_Bachelor/p5_ws/install/robotiq_3f_gripper_ros2_interfaces/include/robotiq_3f_gripper_ros2_interfaces/robotiq_3f_gripper_ros2_interfaces/action/detail
[25.102s] -- Installing: /home/xdkazer/Dual_Kuka_LLM_Bachelor/p5_ws/install/robotiq_3f_gripper_ros2_interfaces/include/robotiq_3f_gripper_ros2_interfaces/robotiq_3f_gripper_ros2_interfaces/action/detail/robotiq3_f_gripper_output_goal__rosidl_typesupport_introspection_cpp.hpp
[25.102s] -- Installing: /home/xdkazer/Dual_Kuka_LLM_Bachelor/p5_ws/install/robotiq_3f_gripper_ros2_interfaces/include/robotiq_3f_gripper_ros2_interfaces/robotiq_3f_gripper_ros2_interfaces/action/detail/robotiq3_f_gripper_output_goal__type_support.cpp
[25.102s] -- Installing: /home/xdkazer/Dual_Kuka_LLM_Bachelor/p5_ws/install/robotiq_3f_gripper_ros2_interfaces/lib/librobotiq_3f_gripper_ros2_interfaces__rosidl_typesupport_introspection_cpp.so
[25.102s] -- Set runtime path of "/home/xdkazer/Dual_Kuka_LLM_Bachelor/p5_ws/install/robotiq_3f_gripper_ros2_interfaces/lib/librobotiq_3f_gripper_ros2_interfaces__rosidl_typesupport_introspection_cpp.so" to ""
[25.103s] -- Installing: /home/xdkazer/Dual_Kuka_LLM_Bachelor/p5_ws/install/robotiq_3f_gripper_ros2_interfaces/lib/librobotiq_3f_gripper_ros2_interfaces__rosidl_typesupport_cpp.so
[25.104s] -- Set runtime path of "/home/xdkazer/Dual_Kuka_LLM_Bachelor/p5_ws/install/robotiq_3f_gripper_ros2_interfaces/lib/librobotiq_3f_gripper_ros2_interfaces__rosidl_typesupport_cpp.so" to ""
[25.104s] -- Installing: /home/xdkazer/Dual_Kuka_LLM_Bachelor/p5_ws/install/robotiq_3f_gripper_ros2_interfaces/share/robotiq_3f_gripper_ros2_interfaces/environment/pythonpath.sh
[25.104s] -- Installing: /home/xdkazer/Dual_Kuka_LLM_Bachelor/p5_ws/install/robotiq_3f_gripper_ros2_interfaces/share/robotiq_3f_gripper_ros2_interfaces/environment/pythonpath.dsv
[25.104s] -- Installing: /home/xdkazer/Dual_Kuka_LLM_Bachelor/p5_ws/install/robotiq_3f_gripper_ros2_interfaces/local/lib/python3.10/dist-packages/robotiq_3f_gripper_ros2_interfaces-0.0.0-py3.10.egg-info
[25.104s] -- Installing: /home/xdkazer/Dual_Kuka_LLM_Bachelor/p5_ws/install/robotiq_3f_gripper_ros2_interfaces/local/lib/python3.10/dist-packages/robotiq_3f_gripper_ros2_interfaces-0.0.0-py3.10.egg-info/SOURCES.txt
[25.105s] -- Installing: /home/xdkazer/Dual_Kuka_LLM_Bachelor/p5_ws/install/robotiq_3f_gripper_ros2_interfaces/local/lib/python3.10/dist-packages/robotiq_3f_gripper_ros2_interfaces-0.0.0-py3.10.egg-info/top_level.txt
[25.105s] -- Installing: /home/xdkazer/Dual_Kuka_LLM_Bachelor/p5_ws/install/robotiq_3f_gripper_ros2_interfaces/local/lib/python3.10/dist-packages/robotiq_3f_gripper_ros2_interfaces-0.0.0-py3.10.egg-info/PKG-INFO
[25.105s] -- Installing: /home/xdkazer/Dual_Kuka_LLM_Bachelor/p5_ws/install/robotiq_3f_gripper_ros2_interfaces/local/lib/python3.10/dist-packages/robotiq_3f_gripper_ros2_interfaces-0.0.0-py3.10.egg-info/dependency_links.txt
[25.105s] -- Installing: /home/xdkazer/Dual_Kuka_LLM_Bachelor/p5_ws/install/robotiq_3f_gripper_ros2_interfaces/local/lib/python3.10/dist-packages/robotiq_3f_gripper_ros2_interfaces
[25.105s] -- Installing: /home/xdkazer/Dual_Kuka_LLM_Bachelor/p5_ws/install/robotiq_3f_gripper_ros2_interfaces/local/lib/python3.10/dist-packages/robotiq_3f_gripper_ros2_interfaces/robotiq_3f_gripper_ros2_interfaces_s__rosidl_typesupport_c.cpython-310-x86_64-linux-gnu.so
[25.106s] -- Installing: /home/xdkazer/Dual_Kuka_LLM_Bachelor/p5_ws/install/robotiq_3f_gripper_ros2_interfaces/local/lib/python3.10/dist-packages/robotiq_3f_gripper_ros2_interfaces/_robotiq_3f_gripper_ros2_interfaces_s.ep.rosidl_typesupport_introspection_c.c
[25.106s] -- Installing: /home/xdkazer/Dual_Kuka_LLM_Bachelor/p5_ws/install/robotiq_3f_gripper_ros2_interfaces/local/lib/python3.10/dist-packages/robotiq_3f_gripper_ros2_interfaces/msg
[25.106s] -- Installing: /home/xdkazer/Dual_Kuka_LLM_Bachelor/p5_ws/install/robotiq_3f_gripper_ros2_interfaces/local/lib/python3.10/dist-packages/robotiq_3f_gripper_ros2_interfaces/msg/_robotiq3_f_gripper_input_registers_s.c
[25.106s] -- Installing: /home/xdkazer/Dual_Kuka_LLM_Bachelor/p5_ws/install/robotiq_3f_gripper_ros2_interfaces/local/lib/python3.10/dist-packages/robotiq_3f_gripper_ros2_interfaces/msg/_robotiq3_f_gripper_output_registers.py
[25.107s] -- Installing: /home/xdkazer/Dual_Kuka_LLM_Bachelor/p5_ws/install/robotiq_3f_gripper_ros2_interfaces/local/lib/python3.10/dist-packages/robotiq_3f_gripper_ros2_interfaces/msg/__init__.py
[25.108s] -- Installing: /home/xdkazer/Dual_Kuka_LLM_Bachelor/p5_ws/install/robotiq_3f_gripper_ros2_interfaces/local/lib/python3.10/dist-packages/robotiq_3f_gripper_ros2_interfaces/msg/_robotiq3_f_gripper_output_registers_s.c
[25.108s] -- Installing: /home/xdkazer/Dual_Kuka_LLM_Bachelor/p5_ws/install/robotiq_3f_gripper_ros2_interfaces/local/lib/python3.10/dist-packages/robotiq_3f_gripper_ros2_interfaces/msg/_robotiq3_f_gripper_input_registers.py
[25.108s] -- Installing: /home/xdkazer/Dual_Kuka_LLM_Bachelor/p5_ws/install/robotiq_3f_gripper_ros2_interfaces/local/lib/python3.10/dist-packages/robotiq_3f_gripper_ros2_interfaces/robotiq_3f_gripper_ros2_interfaces_s__rosidl_typesupport_fastrtps_c.cpython-310-x86_64-linux-gnu.so
[25.108s] -- Installing: /home/xdkazer/Dual_Kuka_LLM_Bachelor/p5_ws/install/robotiq_3f_gripper_ros2_interfaces/local/lib/python3.10/dist-packages/robotiq_3f_gripper_ros2_interfaces/_robotiq_3f_gripper_ros2_interfaces_s.ep.rosidl_typesupport_fastrtps_c.c
[25.109s] -- Installing: /home/xdkazer/Dual_Kuka_LLM_Bachelor/p5_ws/install/robotiq_3f_gripper_ros2_interfaces/local/lib/python3.10/dist-packages/robotiq_3f_gripper_ros2_interfaces/__init__.py
[25.109s] -- Installing: /home/xdkazer/Dual_Kuka_LLM_Bachelor/p5_ws/install/robotiq_3f_gripper_ros2_interfaces/local/lib/python3.10/dist-packages/robotiq_3f_gripper_ros2_interfaces/_robotiq_3f_gripper_ros2_interfaces_s.ep.rosidl_typesupport_c.c
[25.109s] -- Installing: /home/xdkazer/Dual_Kuka_LLM_Bachelor/p5_ws/install/robotiq_3f_gripper_ros2_interfaces/local/lib/python3.10/dist-packages/robotiq_3f_gripper_ros2_interfaces/librobotiq_3f_gripper_ros2_interfaces__rosidl_generator_py.so
[25.109s] -- Installing: /home/xdkazer/Dual_Kuka_LLM_Bachelor/p5_ws/install/robotiq_3f_gripper_ros2_interfaces/local/lib/python3.10/dist-packages/robotiq_3f_gripper_ros2_interfaces/srv
[25.110s] -- Installing: /home/xdkazer/Dual_Kuka_LLM_Bachelor/p5_ws/install/robotiq_3f_gripper_ros2_interfaces/local/lib/python3.10/dist-packages/robotiq_3f_gripper_ros2_interfaces/srv/_robotiq3_f_gripper_output_service_s.c
[25.111s] -- Installing: /home/xdkazer/Dual_Kuka_LLM_Bachelor/p5_ws/install/robotiq_3f_gripper_ros2_interfaces/local/lib/python3.10/dist-packages/robotiq_3f_gripper_ros2_interfaces/srv/__init__.py
[25.111s] -- Installing: /home/xdkazer/Dual_Kuka_LLM_Bachelor/p5_ws/install/robotiq_3f_gripper_ros2_interfaces/local/lib/python3.10/dist-packages/robotiq_3f_gripper_ros2_interfaces/srv/_robotiq3_f_gripper_output_service.py
[25.111s] -- Installing: /home/xdkazer/Dual_Kuka_LLM_Bachelor/p5_ws/install/robotiq_3f_gripper_ros2_interfaces/local/lib/python3.10/dist-packages/robotiq_3f_gripper_ros2_interfaces/robotiq_3f_gripper_ros2_interfaces_s__rosidl_typesupport_introspection_c.cpython-310-x86_64-linux-gnu.so
[25.111s] -- Installing: /home/xdkazer/Dual_Kuka_LLM_Bachelor/p5_ws/install/robotiq_3f_gripper_ros2_interfaces/local/lib/python3.10/dist-packages/robotiq_3f_gripper_ros2_interfaces/action
[25.111s] -- Installing: /home/xdkazer/Dual_Kuka_LLM_Bachelor/p5_ws/install/robotiq_3f_gripper_ros2_interfaces/local/lib/python3.10/dist-packages/robotiq_3f_gripper_ros2_interfaces/action/__init__.py
[25.111s] -- Installing: /home/xdkazer/Dual_Kuka_LLM_Bachelor/p5_ws/install/robotiq_3f_gripper_ros2_interfaces/local/lib/python3.10/dist-packages/robotiq_3f_gripper_ros2_interfaces/action/_robotiq3_f_gripper_output_goal.py
[25.111s] -- Installing: /home/xdkazer/Dual_Kuka_LLM_Bachelor/p5_ws/install/robotiq_3f_gripper_ros2_interfaces/local/lib/python3.10/dist-packages/robotiq_3f_gripper_ros2_interfaces/action/_robotiq3_f_gripper_output_goal_s.c
[25.168s] Listing '/home/xdkazer/Dual_Kuka_LLM_Bachelor/p5_ws/install/robotiq_3f_gripper_ros2_interfaces/local/lib/python3.10/dist-packages/robotiq_3f_gripper_ros2_interfaces'...
[25.169s] Compiling '/home/xdkazer/Dual_Kuka_LLM_Bachelor/p5_ws/install/robotiq_3f_gripper_ros2_interfaces/local/lib/python3.10/dist-packages/robotiq_3f_gripper_ros2_interfaces/__init__.py'...
[25.169s] Listing '/home/xdkazer/Dual_Kuka_LLM_Bachelor/p5_ws/install/robotiq_3f_gripper_ros2_interfaces/local/lib/python3.10/dist-packages/robotiq_3f_gripper_ros2_interfaces/action'...
[25.169s] Compiling '/home/xdkazer/Dual_Kuka_LLM_Bachelor/p5_ws/install/robotiq_3f_gripper_ros2_interfaces/local/lib/python3.10/dist-packages/robotiq_3f_gripper_ros2_interfaces/action/__init__.py'...
[25.169s] Compiling '/home/xdkazer/Dual_Kuka_LLM_Bachelor/p5_ws/install/robotiq_3f_gripper_ros2_interfaces/local/lib/python3.10/dist-packages/robotiq_3f_gripper_ros2_interfaces/action/_robotiq3_f_gripper_output_goal.py'...
[25.169s] Listing '/home/xdkazer/Dual_Kuka_LLM_Bachelor/p5_ws/install/robotiq_3f_gripper_ros2_interfaces/local/lib/python3.10/dist-packages/robotiq_3f_gripper_ros2_interfaces/msg'...
[25.169s] Compiling '/home/xdkazer/Dual_Kuka_LLM_Bachelor/p5_ws/install/robotiq_3f_gripper_ros2_interfaces/local/lib/python3.10/dist-packages/robotiq_3f_gripper_ros2_interfaces/msg/__init__.py'...
[25.169s] Compiling '/home/xdkazer/Dual_Kuka_LLM_Bachelor/p5_ws/install/robotiq_3f_gripper_ros2_interfaces/local/lib/python3.10/dist-packages/robotiq_3f_gripper_ros2_interfaces/msg/_robotiq3_f_gripper_input_registers.py'...
[25.169s] Compiling '/home/xdkazer/Dual_Kuka_LLM_Bachelor/p5_ws/install/robotiq_3f_gripper_ros2_interfaces/local/lib/python3.10/dist-packages/robotiq_3f_gripper_ros2_interfaces/msg/_robotiq3_f_gripper_output_registers.py'...
[25.169s] Listing '/home/xdkazer/Dual_Kuka_LLM_Bachelor/p5_ws/install/robotiq_3f_gripper_ros2_interfaces/local/lib/python3.10/dist-packages/robotiq_3f_gripper_ros2_interfaces/srv'...
[25.169s] Compiling '/home/xdkazer/Dual_Kuka_LLM_Bachelor/p5_ws/install/robotiq_3f_gripper_ros2_interfaces/local/lib/python3.10/dist-packages/robotiq_3f_gripper_ros2_interfaces/srv/__init__.py'...
[25.169s] Compiling '/home/xdkazer/Dual_Kuka_LLM_Bachelor/p5_ws/install/robotiq_3f_gripper_ros2_interfaces/local/lib/python3.10/dist-packages/robotiq_3f_gripper_ros2_interfaces/srv/_robotiq3_f_gripper_output_service.py'...
[25.171s] -- Installing: /home/xdkazer/Dual_Kuka_LLM_Bachelor/p5_ws/install/robotiq_3f_gripper_ros2_interfaces/local/lib/python3.10/dist-packages/robotiq_3f_gripper_ros2_interfaces/robotiq_3f_gripper_ros2_interfaces_s__rosidl_typesupport_fastrtps_c.cpython-310-x86_64-linux-gnu.so
[25.171s] -- Set runtime path of "/home/xdkazer/Dual_Kuka_LLM_Bachelor/p5_ws/install/robotiq_3f_gripper_ros2_interfaces/local/lib/python3.10/dist-packages/robotiq_3f_gripper_ros2_interfaces/robotiq_3f_gripper_ros2_interfaces_s__rosidl_typesupport_fastrtps_c.cpython-310-x86_64-linux-gnu.so" to ""
[25.171s] -- Installing: /home/xdkazer/Dual_Kuka_LLM_Bachelor/p5_ws/install/robotiq_3f_gripper_ros2_interfaces/local/lib/python3.10/dist-packages/robotiq_3f_gripper_ros2_interfaces/robotiq_3f_gripper_ros2_interfaces_s__rosidl_typesupport_introspection_c.cpython-310-x86_64-linux-gnu.so
[25.172s] -- Set runtime path of "/home/xdkazer/Dual_Kuka_LLM_Bachelor/p5_ws/install/robotiq_3f_gripper_ros2_interfaces/local/lib/python3.10/dist-packages/robotiq_3f_gripper_ros2_interfaces/robotiq_3f_gripper_ros2_interfaces_s__rosidl_typesupport_introspection_c.cpython-310-x86_64-linux-gnu.so" to ""
[25.172s] -- Installing: /home/xdkazer/Dual_Kuka_LLM_Bachelor/p5_ws/install/robotiq_3f_gripper_ros2_interfaces/local/lib/python3.10/dist-packages/robotiq_3f_gripper_ros2_interfaces/robotiq_3f_gripper_ros2_interfaces_s__rosidl_typesupport_c.cpython-310-x86_64-linux-gnu.so
[25.172s] -- Set runtime path of "/home/xdkazer/Dual_Kuka_LLM_Bachelor/p5_ws/install/robotiq_3f_gripper_ros2_interfaces/local/lib/python3.10/dist-packages/robotiq_3f_gripper_ros2_interfaces/robotiq_3f_gripper_ros2_interfaces_s__rosidl_typesupport_c.cpython-310-x86_64-linux-gnu.so" to ""
[25.172s] -- Installing: /home/xdkazer/Dual_Kuka_LLM_Bachelor/p5_ws/install/robotiq_3f_gripper_ros2_interfaces/lib/librobotiq_3f_gripper_ros2_interfaces__rosidl_generator_py.so
[25.182s] -- Set runtime path of "/home/xdkazer/Dual_Kuka_LLM_Bachelor/p5_ws/install/robotiq_3f_gripper_ros2_interfaces/lib/librobotiq_3f_gripper_ros2_interfaces__rosidl_generator_py.so" to ""
[25.182s] -- Installing: /home/xdkazer/Dual_Kuka_LLM_Bachelor/p5_ws/install/robotiq_3f_gripper_ros2_interfaces/share/robotiq_3f_gripper_ros2_interfaces/msg/Robotiq3FGripperInputRegisters.idl
[25.182s] -- Installing: /home/xdkazer/Dual_Kuka_LLM_Bachelor/p5_ws/install/robotiq_3f_gripper_ros2_interfaces/share/robotiq_3f_gripper_ros2_interfaces/msg/Robotiq3FGripperOutputRegisters.idl
[25.183s] -- Installing: /home/xdkazer/Dual_Kuka_LLM_Bachelor/p5_ws/install/robotiq_3f_gripper_ros2_interfaces/share/robotiq_3f_gripper_ros2_interfaces/srv/Robotiq3FGripperOutputService.idl
[25.183s] -- Installing: /home/xdkazer/Dual_Kuka_LLM_Bachelor/p5_ws/install/robotiq_3f_gripper_ros2_interfaces/share/robotiq_3f_gripper_ros2_interfaces/action/Robotiq3FGripperOutputGoal.idl
[25.183s] -- Installing: /home/xdkazer/Dual_Kuka_LLM_Bachelor/p5_ws/install/robotiq_3f_gripper_ros2_interfaces/share/robotiq_3f_gripper_ros2_interfaces/msg/Robotiq3FGripperInputRegisters.msg
[25.184s] -- Installing: /home/xdkazer/Dual_Kuka_LLM_Bachelor/p5_ws/install/robotiq_3f_gripper_ros2_interfaces/share/robotiq_3f_gripper_ros2_interfaces/msg/Robotiq3FGripperOutputRegisters.msg
[25.184s] -- Installing: /home/xdkazer/Dual_Kuka_LLM_Bachelor/p5_ws/install/robotiq_3f_gripper_ros2_interfaces/share/robotiq_3f_gripper_ros2_interfaces/srv/Robotiq3FGripperOutputService.srv
[25.184s] -- Installing: /home/xdkazer/Dual_Kuka_LLM_Bachelor/p5_ws/install/robotiq_3f_gripper_ros2_interfaces/share/robotiq_3f_gripper_ros2_interfaces/srv/Robotiq3FGripperOutputService_Request.msg
[25.184s] -- Installing: /home/xdkazer/Dual_Kuka_LLM_Bachelor/p5_ws/install/robotiq_3f_gripper_ros2_interfaces/share/robotiq_3f_gripper_ros2_interfaces/srv/Robotiq3FGripperOutputService_Response.msg
[25.185s] -- Installing: /home/xdkazer/Dual_Kuka_LLM_Bachelor/p5_ws/install/robotiq_3f_gripper_ros2_interfaces/share/robotiq_3f_gripper_ros2_interfaces/action/Robotiq3FGripperOutputGoal.action
[25.185s] -- Installing: /home/xdkazer/Dual_Kuka_LLM_Bachelor/p5_ws/install/robotiq_3f_gripper_ros2_interfaces/share/ament_index/resource_index/package_run_dependencies/robotiq_3f_gripper_ros2_interfaces
[25.185s] -- Installing: /home/xdkazer/Dual_Kuka_LLM_Bachelor/p5_ws/install/robotiq_3f_gripper_ros2_interfaces/share/ament_index/resource_index/parent_prefix_path/robotiq_3f_gripper_ros2_interfaces
[25.186s] -- Installing: /home/xdkazer/Dual_Kuka_LLM_Bachelor/p5_ws/install/robotiq_3f_gripper_ros2_interfaces/share/robotiq_3f_gripper_ros2_interfaces/environment/ament_prefix_path.sh
[25.186s] -- Installing: /home/xdkazer/Dual_Kuka_LLM_Bachelor/p5_ws/install/robotiq_3f_gripper_ros2_interfaces/share/robotiq_3f_gripper_ros2_interfaces/environment/ament_prefix_path.dsv
[25.186s] -- Installing: /home/xdkazer/Dual_Kuka_LLM_Bachelor/p5_ws/install/robotiq_3f_gripper_ros2_interfaces/share/robotiq_3f_gripper_ros2_interfaces/environment/path.sh
[25.186s] -- Installing: /home/xdkazer/Dual_Kuka_LLM_Bachelor/p5_ws/install/robotiq_3f_gripper_ros2_interfaces/share/robotiq_3f_gripper_ros2_interfaces/environment/path.dsv
[25.187s] -- Installing: /home/xdkazer/Dual_Kuka_LLM_Bachelor/p5_ws/install/robotiq_3f_gripper_ros2_interfaces/share/robotiq_3f_gripper_ros2_interfaces/local_setup.bash
[25.187s] -- Installing: /home/xdkazer/Dual_Kuka_LLM_Bachelor/p5_ws/install/robotiq_3f_gripper_ros2_interfaces/share/robotiq_3f_gripper_ros2_interfaces/local_setup.sh
[25.187s] -- Installing: /home/xdkazer/Dual_Kuka_LLM_Bachelor/p5_ws/install/robotiq_3f_gripper_ros2_interfaces/share/robotiq_3f_gripper_ros2_interfaces/local_setup.zsh
[25.187s] -- Installing: /home/xdkazer/Dual_Kuka_LLM_Bachelor/p5_ws/install/robotiq_3f_gripper_ros2_interfaces/share/robotiq_3f_gripper_ros2_interfaces/local_setup.dsv
[25.188s] -- Installing: /home/xdkazer/Dual_Kuka_LLM_Bachelor/p5_ws/install/robotiq_3f_gripper_ros2_interfaces/share/robotiq_3f_gripper_ros2_interfaces/package.dsv
[25.188s] -- Installing: /home/xdkazer/Dual_Kuka_LLM_Bachelor/p5_ws/install/robotiq_3f_gripper_ros2_interfaces/share/ament_index/resource_index/packages/robotiq_3f_gripper_ros2_interfaces
[25.188s] -- Installing: /home/xdkazer/Dual_Kuka_LLM_Bachelor/p5_ws/install/robotiq_3f_gripper_ros2_interfaces/share/robotiq_3f_gripper_ros2_interfaces/cmake/export_robotiq_3f_gripper_ros2_interfaces__rosidl_generator_cExport.cmake
[25.188s] -- Installing: /home/xdkazer/Dual_Kuka_LLM_Bachelor/p5_ws/install/robotiq_3f_gripper_ros2_interfaces/share/robotiq_3f_gripper_ros2_interfaces/cmake/export_robotiq_3f_gripper_ros2_interfaces__rosidl_generator_cExport-release.cmake
[25.189s] -- Installing: /home/xdkazer/Dual_Kuka_LLM_Bachelor/p5_ws/install/robotiq_3f_gripper_ros2_interfaces/share/robotiq_3f_gripper_ros2_interfaces/cmake/export_robotiq_3f_gripper_ros2_interfaces__rosidl_typesupport_fastrtps_cExport.cmake
[25.189s] -- Installing: /home/xdkazer/Dual_Kuka_LLM_Bachelor/p5_ws/install/robotiq_3f_gripper_ros2_interfaces/share/robotiq_3f_gripper_ros2_interfaces/cmake/export_robotiq_3f_gripper_ros2_interfaces__rosidl_typesupport_fastrtps_cExport-release.cmake
[25.189s] -- Installing: /home/xdkazer/Dual_Kuka_LLM_Bachelor/p5_ws/install/robotiq_3f_gripper_ros2_interfaces/share/robotiq_3f_gripper_ros2_interfaces/cmake/export_robotiq_3f_gripper_ros2_interfaces__rosidl_generator_cppExport.cmake
[25.189s] -- Installing: /home/xdkazer/Dual_Kuka_LLM_Bachelor/p5_ws/install/robotiq_3f_gripper_ros2_interfaces/share/robotiq_3f_gripper_ros2_interfaces/cmake/export_robotiq_3f_gripper_ros2_interfaces__rosidl_typesupport_fastrtps_cppExport.cmake
[25.190s] -- Installing: /home/xdkazer/Dual_Kuka_LLM_Bachelor/p5_ws/install/robotiq_3f_gripper_ros2_interfaces/share/robotiq_3f_gripper_ros2_interfaces/cmake/export_robotiq_3f_gripper_ros2_interfaces__rosidl_typesupport_fastrtps_cppExport-release.cmake
[25.190s] -- Installing: /home/xdkazer/Dual_Kuka_LLM_Bachelor/p5_ws/install/robotiq_3f_gripper_ros2_interfaces/share/robotiq_3f_gripper_ros2_interfaces/cmake/robotiq_3f_gripper_ros2_interfaces__rosidl_typesupport_introspection_cExport.cmake
[25.190s] -- Installing: /home/xdkazer/Dual_Kuka_LLM_Bachelor/p5_ws/install/robotiq_3f_gripper_ros2_interfaces/share/robotiq_3f_gripper_ros2_interfaces/cmake/robotiq_3f_gripper_ros2_interfaces__rosidl_typesupport_introspection_cExport-release.cmake
[25.190s] -- Installing: /home/xdkazer/Dual_Kuka_LLM_Bachelor/p5_ws/install/robotiq_3f_gripper_ros2_interfaces/share/robotiq_3f_gripper_ros2_interfaces/cmake/robotiq_3f_gripper_ros2_interfaces__rosidl_typesupport_cExport.cmake
[25.191s] -- Installing: /home/xdkazer/Dual_Kuka_LLM_Bachelor/p5_ws/install/robotiq_3f_gripper_ros2_interfaces/share/robotiq_3f_gripper_ros2_interfaces/cmake/robotiq_3f_gripper_ros2_interfaces__rosidl_typesupport_cExport-release.cmake
[25.191s] -- Installing: /home/xdkazer/Dual_Kuka_LLM_Bachelor/p5_ws/install/robotiq_3f_gripper_ros2_interfaces/share/robotiq_3f_gripper_ros2_interfaces/cmake/robotiq_3f_gripper_ros2_interfaces__rosidl_typesupport_introspection_cppExport.cmake
[25.191s] -- Installing: /home/xdkazer/Dual_Kuka_LLM_Bachelor/p5_ws/install/robotiq_3f_gripper_ros2_interfaces/share/robotiq_3f_gripper_ros2_interfaces/cmake/robotiq_3f_gripper_ros2_interfaces__rosidl_typesupport_introspection_cppExport-release.cmake
[25.191s] -- Installing: /home/xdkazer/Dual_Kuka_LLM_Bachelor/p5_ws/install/robotiq_3f_gripper_ros2_interfaces/share/robotiq_3f_gripper_ros2_interfaces/cmake/robotiq_3f_gripper_ros2_interfaces__rosidl_typesupport_cppExport.cmake
[25.191s] -- Installing: /home/xdkazer/Dual_Kuka_LLM_Bachelor/p5_ws/install/robotiq_3f_gripper_ros2_interfaces/share/robotiq_3f_gripper_ros2_interfaces/cmake/robotiq_3f_gripper_ros2_interfaces__rosidl_typesupport_cppExport-release.cmake
[25.192s] -- Installing: /home/xdkazer/Dual_Kuka_LLM_Bachelor/p5_ws/install/robotiq_3f_gripper_ros2_interfaces/share/robotiq_3f_gripper_ros2_interfaces/cmake/export_robotiq_3f_gripper_ros2_interfaces__rosidl_generator_pyExport.cmake
[25.192s] -- Installing: /home/xdkazer/Dual_Kuka_LLM_Bachelor/p5_ws/install/robotiq_3f_gripper_ros2_interfaces/share/robotiq_3f_gripper_ros2_interfaces/cmake/export_robotiq_3f_gripper_ros2_interfaces__rosidl_generator_pyExport-release.cmake
[25.192s] -- Installing: /home/xdkazer/Dual_Kuka_LLM_Bachelor/p5_ws/install/robotiq_3f_gripper_ros2_interfaces/share/robotiq_3f_gripper_ros2_interfaces/cmake/rosidl_cmake-extras.cmake
[25.192s] -- Installing: /home/xdkazer/Dual_Kuka_LLM_Bachelor/p5_ws/install/robotiq_3f_gripper_ros2_interfaces/share/robotiq_3f_gripper_ros2_interfaces/cmake/ament_cmake_export_dependencies-extras.cmake
[25.193s] -- Installing: /home/xdkazer/Dual_Kuka_LLM_Bachelor/p5_ws/install/robotiq_3f_gripper_ros2_interfaces/share/robotiq_3f_gripper_ros2_interfaces/cmake/ament_cmake_export_include_directories-extras.cmake
[25.193s] -- Installing: /home/xdkazer/Dual_Kuka_LLM_Bachelor/p5_ws/install/robotiq_3f_gripper_ros2_interfaces/share/robotiq_3f_gripper_ros2_interfaces/cmake/ament_cmake_export_libraries-extras.cmake
[25.193s] -- Installing: /home/xdkazer/Dual_Kuka_LLM_Bachelor/p5_ws/install/robotiq_3f_gripper_ros2_interfaces/share/robotiq_3f_gripper_ros2_interfaces/cmake/ament_cmake_export_targets-extras.cmake
[25.193s] -- Installing: /home/xdkazer/Dual_Kuka_LLM_Bachelor/p5_ws/install/robotiq_3f_gripper_ros2_interfaces/share/robotiq_3f_gripper_ros2_interfaces/cmake/rosidl_cmake_export_typesupport_targets-extras.cmake
[25.194s] -- Installing: /home/xdkazer/Dual_Kuka_LLM_Bachelor/p5_ws/install/robotiq_3f_gripper_ros2_interfaces/share/robotiq_3f_gripper_ros2_interfaces/cmake/rosidl_cmake_export_typesupport_libraries-extras.cmake
[25.194s] -- Installing: /home/xdkazer/Dual_Kuka_LLM_Bachelor/p5_ws/install/robotiq_3f_gripper_ros2_interfaces/share/robotiq_3f_gripper_ros2_interfaces/cmake/robotiq_3f_gripper_ros2_interfacesConfig.cmake
[25.194s] -- Installing: /home/xdkazer/Dual_Kuka_LLM_Bachelor/p5_ws/install/robotiq_3f_gripper_ros2_interfaces/share/robotiq_3f_gripper_ros2_interfaces/cmake/robotiq_3f_gripper_ros2_interfacesConfig-version.cmake
[25.195s] -- Installing: /home/xdkazer/Dual_Kuka_LLM_Bachelor/p5_ws/install/robotiq_3f_gripper_ros2_interfaces/share/robotiq_3f_gripper_ros2_interfaces/package.xml
[25.198s] Invoked command in '/home/xdkazer/Dual_Kuka_LLM_Bachelor/p5_ws/build/robotiq_3f_gripper_ros2_interfaces' returned '0': CMAKE_PREFIX_PATH=${CMAKE_PREFIX_PATH}:/home/xdkazer/P5-Kuka-Dual-Arm/p5_ws/install/yolo_world:/home/xdkazer/P5-Kuka-Dual-Arm/p5_ws/install/robotiq_3f_gripper_ros2_control:/home/xdkazer/P5-Kuka-Dual-Arm/p5_ws/install/robotiq_2f_85_control:/home/xdkazer/P5-Kuka-Dual-Arm/p5_ws/install/object_detector:/home/xdkazer/P5-Kuka-Dual-Arm/p5_ws/install/janise:/home/xdkazer/P5-Kuka-Dual-Arm/p5_ws/install/gui_package:/home/xdkazer/P5-Kuka-Dual-Arm/p5_ws/install/moveit_configs_utils:/home/xdkazer/P5-Kuka-Dual-Arm/p5_ws/install/generate_parameter_library_py:/opt/ros/humble /usr/bin/cmake --install /home/xdkazer/Dual_Kuka_LLM_Bachelor/p5_ws/build/robotiq_3f_gripper_ros2_interfaces
