[0.814s] Invoking command in '/home/xdkazer/Dual_Kuka_LLM_Bachelor/p5_ws/src/moveit/moveit2/moveit_configs_utils': PYTHONPATH=/home/xdkazer/Dual_Kuka_LLM_Bachelor/p5_ws/build/moveit_configs_utils/prefix_override:/usr/lib/python3/dist-packages/colcon_core/task/python/colcon_distutils_commands:/home/xdkazer/Dual_Kuka_LLM_Bachelor/p5_ws/install/moveit_configs_utils/lib/python3.10/site-packages:${PYTHONPATH} /usr/bin/python3 -W ignore:setup.py install is deprecated -W ignore:easy_install command is deprecated setup.py egg_info --egg-base ../../../../build/moveit_configs_utils build --build-base /home/xdkazer/Dual_Kuka_LLM_Bachelor/p5_ws/build/moveit_configs_utils/build install --record /home/xdkazer/Dual_Kuka_LLM_Bachelor/p5_ws/build/moveit_configs_utils/install.log --single-version-externally-managed install_data
[1.111s] running egg_info
[1.112s] creating ../../../../build/moveit_configs_utils/moveit_configs_utils.egg-info
[1.112s] writing ../../../../build/moveit_configs_utils/moveit_configs_utils.egg-info/PKG-INFO
[1.112s] writing dependency_links to ../../../../build/moveit_configs_utils/moveit_configs_utils.egg-info/dependency_links.txt
[1.113s] writing entry points to ../../../../build/moveit_configs_utils/moveit_configs_utils.egg-info/entry_points.txt
[1.113s] writing requirements to ../../../../build/moveit_configs_utils/moveit_configs_utils.egg-info/requires.txt
[1.113s] writing top-level names to ../../../../build/moveit_configs_utils/moveit_configs_utils.egg-info/top_level.txt
[1.113s] writing manifest file '../../../../build/moveit_configs_utils/moveit_configs_utils.egg-info/SOURCES.txt'
[1.116s] reading manifest file '../../../../build/moveit_configs_utils/moveit_configs_utils.egg-info/SOURCES.txt'
[1.117s] writing manifest file '../../../../build/moveit_configs_utils/moveit_configs_utils.egg-info/SOURCES.txt'
[1.118s] running build
[1.118s] running build_py
[1.119s] creating /home/xdkazer/Dual_Kuka_LLM_Bachelor/p5_ws/build/moveit_configs_utils/build
[1.119s] creating /home/xdkazer/Dual_Kuka_LLM_Bachelor/p5_ws/build/moveit_configs_utils/build/lib
[1.119s] creating /home/xdkazer/Dual_Kuka_LLM_Bachelor/p5_ws/build/moveit_configs_utils/build/lib/moveit_configs_utils
[1.119s] copying moveit_configs_utils/launch_utils.py -> /home/xdkazer/Dual_Kuka_LLM_Bachelor/p5_ws/build/moveit_configs_utils/build/lib/moveit_configs_utils
[1.119s] copying moveit_configs_utils/launches.py -> /home/xdkazer/Dual_Kuka_LLM_Bachelor/p5_ws/build/moveit_configs_utils/build/lib/moveit_configs_utils
[1.120s] copying moveit_configs_utils/__init__.py -> /home/xdkazer/Dual_Kuka_LLM_Bachelor/p5_ws/build/moveit_configs_utils/build/lib/moveit_configs_utils
[1.120s] copying moveit_configs_utils/moveit_configs_builder.py -> /home/xdkazer/Dual_Kuka_LLM_Bachelor/p5_ws/build/moveit_configs_utils/build/lib/moveit_configs_utils
[1.120s] creating /home/xdkazer/Dual_Kuka_LLM_Bachelor/p5_ws/build/moveit_configs_utils/build/lib/moveit_configs_utils/substitutions
[1.120s] copying moveit_configs_utils/substitutions/xacro.py -> /home/xdkazer/Dual_Kuka_LLM_Bachelor/p5_ws/build/moveit_configs_utils/build/lib/moveit_configs_utils/substitutions
[1.121s] copying moveit_configs_utils/substitutions/__init__.py -> /home/xdkazer/Dual_Kuka_LLM_Bachelor/p5_ws/build/moveit_configs_utils/build/lib/moveit_configs_utils/substitutions
[1.121s] running install
[1.121s] running install_lib
[1.122s] creating /home/xdkazer/Dual_Kuka_LLM_Bachelor/p5_ws/install/moveit_configs_utils/lib/python3.10/site-packages/moveit_configs_utils
[1.122s] copying /home/xdkazer/Dual_Kuka_LLM_Bachelor/p5_ws/build/moveit_configs_utils/build/lib/moveit_configs_utils/launch_utils.py -> /home/xdkazer/Dual_Kuka_LLM_Bachelor/p5_ws/install/moveit_configs_utils/lib/python3.10/site-packages/moveit_configs_utils
[1.123s] copying /home/xdkazer/Dual_Kuka_LLM_Bachelor/p5_ws/build/moveit_configs_utils/build/lib/moveit_configs_utils/launches.py -> /home/xdkazer/Dual_Kuka_LLM_Bachelor/p5_ws/install/moveit_configs_utils/lib/python3.10/site-packages/moveit_configs_utils
[1.123s] copying /home/xdkazer/Dual_Kuka_LLM_Bachelor/p5_ws/build/moveit_configs_utils/build/lib/moveit_configs_utils/__init__.py -> /home/xdkazer/Dual_Kuka_LLM_Bachelor/p5_ws/install/moveit_configs_utils/lib/python3.10/site-packages/moveit_configs_utils
[1.123s] copying /home/xdkazer/Dual_Kuka_LLM_Bachelor/p5_ws/build/moveit_configs_utils/build/lib/moveit_configs_utils/moveit_configs_builder.py -> /home/xdkazer/Dual_Kuka_LLM_Bachelor/p5_ws/install/moveit_configs_utils/lib/python3.10/site-packages/moveit_configs_utils
[1.123s] creating /home/xdkazer/Dual_Kuka_LLM_Bachelor/p5_ws/install/moveit_configs_utils/lib/python3.10/site-packages/moveit_configs_utils/substitutions
[1.124s] copying /home/xdkazer/Dual_Kuka_LLM_Bachelor/p5_ws/build/moveit_configs_utils/build/lib/moveit_configs_utils/substitutions/xacro.py -> /home/xdkazer/Dual_Kuka_LLM_Bachelor/p5_ws/install/moveit_configs_utils/lib/python3.10/site-packages/moveit_configs_utils/substitutions
[1.124s] copying /home/xdkazer/Dual_Kuka_LLM_Bachelor/p5_ws/build/moveit_configs_utils/build/lib/moveit_configs_utils/substitutions/__init__.py -> /home/xdkazer/Dual_Kuka_LLM_Bachelor/p5_ws/install/moveit_configs_utils/lib/python3.10/site-packages/moveit_configs_utils/substitutions
[1.124s] byte-compiling /home/xdkazer/Dual_Kuka_LLM_Bachelor/p5_ws/install/moveit_configs_utils/lib/python3.10/site-packages/moveit_configs_utils/launch_utils.py to launch_utils.cpython-310.pyc
[1.126s] byte-compiling /home/xdkazer/Dual_Kuka_LLM_Bachelor/p5_ws/install/moveit_configs_utils/lib/python3.10/site-packages/moveit_configs_utils/launches.py to launches.cpython-310.pyc
[1.126s] byte-compiling /home/xdkazer/Dual_Kuka_LLM_Bachelor/p5_ws/install/moveit_configs_utils/lib/python3.10/site-packages/moveit_configs_utils/__init__.py to __init__.cpython-310.pyc
[1.126s] byte-compiling /home/xdkazer/Dual_Kuka_LLM_Bachelor/p5_ws/install/moveit_configs_utils/lib/python3.10/site-packages/moveit_configs_utils/moveit_configs_builder.py to moveit_configs_builder.cpython-310.pyc
[1.129s] byte-compiling /home/xdkazer/Dual_Kuka_LLM_Bachelor/p5_ws/install/moveit_configs_utils/lib/python3.10/site-packages/moveit_configs_utils/substitutions/xacro.py to xacro.cpython-310.pyc
[1.129s] byte-compiling /home/xdkazer/Dual_Kuka_LLM_Bachelor/p5_ws/install/moveit_configs_utils/lib/python3.10/site-packages/moveit_configs_utils/substitutions/__init__.py to __init__.cpython-310.pyc
[1.130s] running install_data
[1.130s] creating /home/xdkazer/Dual_Kuka_LLM_Bachelor/p5_ws/install/moveit_configs_utils/share/ament_index
[1.130s] creating /home/xdkazer/Dual_Kuka_LLM_Bachelor/p5_ws/install/moveit_configs_utils/share/ament_index/resource_index
[1.130s] creating /home/xdkazer/Dual_Kuka_LLM_Bachelor/p5_ws/install/moveit_configs_utils/share/ament_index/resource_index/packages
[1.130s] copying resource/moveit_configs_utils -> /home/xdkazer/Dual_Kuka_LLM_Bachelor/p5_ws/install/moveit_configs_utils/share/ament_index/resource_index/packages
[1.131s] copying package.xml -> /home/xdkazer/Dual_Kuka_LLM_Bachelor/p5_ws/install/moveit_configs_utils/share/moveit_configs_utils
[1.131s] creating /home/xdkazer/Dual_Kuka_LLM_Bachelor/p5_ws/install/moveit_configs_utils/share/moveit_configs_utils/default_configs
[1.131s] copying default_configs/ompl_planning.yaml -> /home/xdkazer/Dual_Kuka_LLM_Bachelor/p5_ws/install/moveit_configs_utils/share/moveit_configs_utils/default_configs
[1.131s] copying default_configs/pilz_industrial_motion_planner_planning.yaml -> /home/xdkazer/Dual_Kuka_LLM_Bachelor/p5_ws/install/moveit_configs_utils/share/moveit_configs_utils/default_configs
[1.131s] copying default_configs/ompl_defaults.yaml -> /home/xdkazer/Dual_Kuka_LLM_Bachelor/p5_ws/install/moveit_configs_utils/share/moveit_configs_utils/default_configs
[1.132s] copying default_configs/chomp_planning.yaml -> /home/xdkazer/Dual_Kuka_LLM_Bachelor/p5_ws/install/moveit_configs_utils/share/moveit_configs_utils/default_configs
[1.133s] running install_egg_info
[1.133s] Copying ../../../../build/moveit_configs_utils/moveit_configs_utils.egg-info to /home/xdkazer/Dual_Kuka_LLM_Bachelor/p5_ws/install/moveit_configs_utils/lib/python3.10/site-packages/moveit_configs_utils-2.5.5-py3.10.egg-info
[1.134s] running install_scripts
[1.153s] writing list of installed files to '/home/xdkazer/Dual_Kuka_LLM_Bachelor/p5_ws/build/moveit_configs_utils/install.log'
[1.182s] Invoked command in '/home/xdkazer/Dual_Kuka_LLM_Bachelor/p5_ws/src/moveit/moveit2/moveit_configs_utils' returned '0': PYTHONPATH=/home/xdkazer/Dual_Kuka_LLM_Bachelor/p5_ws/build/moveit_configs_utils/prefix_override:/usr/lib/python3/dist-packages/colcon_core/task/python/colcon_distutils_commands:/home/xdkazer/Dual_Kuka_LLM_Bachelor/p5_ws/install/moveit_configs_utils/lib/python3.10/site-packages:${PYTHONPATH} /usr/bin/python3 -W ignore:setup.py install is deprecated -W ignore:easy_install command is deprecated setup.py egg_info --egg-base ../../../../build/moveit_configs_utils build --build-base /home/xdkazer/Dual_Kuka_LLM_Bachelor/p5_ws/build/moveit_configs_utils/build install --record /home/xdkazer/Dual_Kuka_LLM_Bachelor/p5_ws/build/moveit_configs_utils/install.log --single-version-externally-managed install_data
