[1.061s] Invoking command in '/home/xdkazer/Dual_Kuka_LLM_Bachelor/p5_ws/src/moveit/generate_parameter_library/generate_parameter_library_py': PYTHONPATH=/home/xdkazer/Dual_Kuka_LLM_Bachelor/p5_ws/build/generate_parameter_library_py/prefix_override:/usr/lib/python3/dist-packages/colcon_core/task/python/colcon_distutils_commands:/home/xdkazer/Dual_Kuka_LLM_Bachelor/p5_ws/install/generate_parameter_library_py/lib/python3.10/site-packages:${PYTHONPATH} /usr/bin/python3 -W ignore:setup.py install is deprecated -W ignore:easy_install command is deprecated setup.py egg_info --egg-base ../../../../build/generate_parameter_library_py build --build-base /home/xdkazer/Dual_Kuka_LLM_Bachelor/p5_ws/build/generate_parameter_library_py/build install --record /home/xdkazer/Dual_Kuka_LLM_Bachelor/p5_ws/build/generate_parameter_library_py/install.log --single-version-externally-managed install_data
[1.330s] running egg_info
[1.331s] creating ../../../../build/generate_parameter_library_py/generate_parameter_library_py.egg-info
[1.331s] writing ../../../../build/generate_parameter_library_py/generate_parameter_library_py.egg-info/PKG-INFO
[1.332s] writing dependency_links to ../../../../build/generate_parameter_library_py/generate_parameter_library_py.egg-info/dependency_links.txt
[1.332s] writing entry points to ../../../../build/generate_parameter_library_py/generate_parameter_library_py.egg-info/entry_points.txt
[1.332s] writing requirements to ../../../../build/generate_parameter_library_py/generate_parameter_library_py.egg-info/requires.txt
[1.332s] writing top-level names to ../../../../build/generate_parameter_library_py/generate_parameter_library_py.egg-info/top_level.txt
[1.332s] writing manifest file '../../../../build/generate_parameter_library_py/generate_parameter_library_py.egg-info/SOURCES.txt'
[1.337s] reading manifest file '../../../../build/generate_parameter_library_py/generate_parameter_library_py.egg-info/SOURCES.txt'
[1.338s] writing manifest file '../../../../build/generate_parameter_library_py/generate_parameter_library_py.egg-info/SOURCES.txt'
[1.339s] running build
[1.339s] running build_py
[1.346s] creating /home/xdkazer/Dual_Kuka_LLM_Bachelor/p5_ws/build/generate_parameter_library_py/build
[1.346s] creating /home/xdkazer/Dual_Kuka_LLM_Bachelor/p5_ws/build/generate_parameter_library_py/build/lib
[1.346s] creating /home/xdkazer/Dual_Kuka_LLM_Bachelor/p5_ws/build/generate_parameter_library_py/build/lib/generate_parameter_library_py
[1.346s] copying generate_parameter_library_py/setup_helper.py -> /home/xdkazer/Dual_Kuka_LLM_Bachelor/p5_ws/build/generate_parameter_library_py/build/lib/generate_parameter_library_py
[1.346s] copying generate_parameter_library_py/parse_yaml.py -> /home/xdkazer/Dual_Kuka_LLM_Bachelor/p5_ws/build/generate_parameter_library_py/build/lib/generate_parameter_library_py
[1.346s] copying generate_parameter_library_py/python_convertions.py -> /home/xdkazer/Dual_Kuka_LLM_Bachelor/p5_ws/build/generate_parameter_library_py/build/lib/generate_parameter_library_py
[1.346s] copying generate_parameter_library_py/generate_cpp_header.py -> /home/xdkazer/Dual_Kuka_LLM_Bachelor/p5_ws/build/generate_parameter_library_py/build/lib/generate_parameter_library_py
[1.346s] copying generate_parameter_library_py/__init__.py -> /home/xdkazer/Dual_Kuka_LLM_Bachelor/p5_ws/build/generate_parameter_library_py/build/lib/generate_parameter_library_py
[1.346s] copying generate_parameter_library_py/python_validators.py -> /home/xdkazer/Dual_Kuka_LLM_Bachelor/p5_ws/build/generate_parameter_library_py/build/lib/generate_parameter_library_py
[1.346s] copying generate_parameter_library_py/generate_markdown.py -> /home/xdkazer/Dual_Kuka_LLM_Bachelor/p5_ws/build/generate_parameter_library_py/build/lib/generate_parameter_library_py
[1.346s] copying generate_parameter_library_py/cpp_convertions.py -> /home/xdkazer/Dual_Kuka_LLM_Bachelor/p5_ws/build/generate_parameter_library_py/build/lib/generate_parameter_library_py
[1.346s] copying generate_parameter_library_py/string_filters_cpp.py -> /home/xdkazer/Dual_Kuka_LLM_Bachelor/p5_ws/build/generate_parameter_library_py/build/lib/generate_parameter_library_py
[1.346s] copying generate_parameter_library_py/generate_python_module.py -> /home/xdkazer/Dual_Kuka_LLM_Bachelor/p5_ws/build/generate_parameter_library_py/build/lib/generate_parameter_library_py
[1.346s] creating /home/xdkazer/Dual_Kuka_LLM_Bachelor/p5_ws/build/generate_parameter_library_py/build/lib/generate_parameter_library_py/jinja_templates
[1.346s] creating /home/xdkazer/Dual_Kuka_LLM_Bachelor/p5_ws/build/generate_parameter_library_py/build/lib/generate_parameter_library_py/jinja_templates/cpp
[1.346s] copying generate_parameter_library_py/jinja_templates/cpp/declare_parameter -> /home/xdkazer/Dual_Kuka_LLM_Bachelor/p5_ws/build/generate_parameter_library_py/build/lib/generate_parameter_library_py/jinja_templates/cpp
[1.346s] copying generate_parameter_library_py/jinja_templates/cpp/declare_runtime_parameter -> /home/xdkazer/Dual_Kuka_LLM_Bachelor/p5_ws/build/generate_parameter_library_py/build/lib/generate_parameter_library_py/jinja_templates/cpp
[1.346s] copying generate_parameter_library_py/jinja_templates/cpp/declare_struct -> /home/xdkazer/Dual_Kuka_LLM_Bachelor/p5_ws/build/generate_parameter_library_py/build/lib/generate_parameter_library_py/jinja_templates/cpp
[1.346s] copying generate_parameter_library_py/jinja_templates/cpp/declare_variable -> /home/xdkazer/Dual_Kuka_LLM_Bachelor/p5_ws/build/generate_parameter_library_py/build/lib/generate_parameter_library_py/jinja_templates/cpp
[1.346s] copying generate_parameter_library_py/jinja_templates/cpp/parameter_library_header -> /home/xdkazer/Dual_Kuka_LLM_Bachelor/p5_ws/build/generate_parameter_library_py/build/lib/generate_parameter_library_py/jinja_templates/cpp
[1.347s] copying generate_parameter_library_py/jinja_templates/cpp/parameter_validation -> /home/xdkazer/Dual_Kuka_LLM_Bachelor/p5_ws/build/generate_parameter_library_py/build/lib/generate_parameter_library_py/jinja_templates/cpp
[1.347s] copying generate_parameter_library_py/jinja_templates/cpp/remove_runtime_parameter -> /home/xdkazer/Dual_Kuka_LLM_Bachelor/p5_ws/build/generate_parameter_library_py/build/lib/generate_parameter_library_py/jinja_templates/cpp
[1.347s] copying generate_parameter_library_py/jinja_templates/cpp/set_parameter -> /home/xdkazer/Dual_Kuka_LLM_Bachelor/p5_ws/build/generate_parameter_library_py/build/lib/generate_parameter_library_py/jinja_templates/cpp
[1.360s] copying generate_parameter_library_py/jinja_templates/cpp/set_runtime_parameter -> /home/xdkazer/Dual_Kuka_LLM_Bachelor/p5_ws/build/generate_parameter_library_py/build/lib/generate_parameter_library_py/jinja_templates/cpp
[1.362s] copying generate_parameter_library_py/jinja_templates/cpp/set_stack_params -> /home/xdkazer/Dual_Kuka_LLM_Bachelor/p5_ws/build/generate_parameter_library_py/build/lib/generate_parameter_library_py/jinja_templates/cpp
[1.362s] copying generate_parameter_library_py/jinja_templates/cpp/update_parameter -> /home/xdkazer/Dual_Kuka_LLM_Bachelor/p5_ws/build/generate_parameter_library_py/build/lib/generate_parameter_library_py/jinja_templates/cpp
[1.362s] copying generate_parameter_library_py/jinja_templates/cpp/update_runtime_parameter -> /home/xdkazer/Dual_Kuka_LLM_Bachelor/p5_ws/build/generate_parameter_library_py/build/lib/generate_parameter_library_py/jinja_templates/cpp
[1.362s] creating /home/xdkazer/Dual_Kuka_LLM_Bachelor/p5_ws/build/generate_parameter_library_py/build/lib/generate_parameter_library_py/jinja_templates/markdown
[1.362s] copying generate_parameter_library_py/jinja_templates/markdown/default_config -> /home/xdkazer/Dual_Kuka_LLM_Bachelor/p5_ws/build/generate_parameter_library_py/build/lib/generate_parameter_library_py/jinja_templates/markdown
[1.362s] copying generate_parameter_library_py/jinja_templates/markdown/documentation -> /home/xdkazer/Dual_Kuka_LLM_Bachelor/p5_ws/build/generate_parameter_library_py/build/lib/generate_parameter_library_py/jinja_templates/markdown
[1.362s] copying generate_parameter_library_py/jinja_templates/markdown/parameter_detail -> /home/xdkazer/Dual_Kuka_LLM_Bachelor/p5_ws/build/generate_parameter_library_py/build/lib/generate_parameter_library_py/jinja_templates/markdown
[1.362s] creating /home/xdkazer/Dual_Kuka_LLM_Bachelor/p5_ws/build/generate_parameter_library_py/build/lib/generate_parameter_library_py/jinja_templates/rst
[1.363s] copying generate_parameter_library_py/jinja_templates/rst/default_config -> /home/xdkazer/Dual_Kuka_LLM_Bachelor/p5_ws/build/generate_parameter_library_py/build/lib/generate_parameter_library_py/jinja_templates/rst
[1.363s] copying generate_parameter_library_py/jinja_templates/rst/documentation -> /home/xdkazer/Dual_Kuka_LLM_Bachelor/p5_ws/build/generate_parameter_library_py/build/lib/generate_parameter_library_py/jinja_templates/rst
[1.363s] copying generate_parameter_library_py/jinja_templates/rst/parameter_detail -> /home/xdkazer/Dual_Kuka_LLM_Bachelor/p5_ws/build/generate_parameter_library_py/build/lib/generate_parameter_library_py/jinja_templates/rst
[1.363s] creating /home/xdkazer/Dual_Kuka_LLM_Bachelor/p5_ws/build/generate_parameter_library_py/build/lib/generate_parameter_library_py/jinja_templates/python
[1.363s] copying generate_parameter_library_py/jinja_templates/python/declare_parameter -> /home/xdkazer/Dual_Kuka_LLM_Bachelor/p5_ws/build/generate_parameter_library_py/build/lib/generate_parameter_library_py/jinja_templates/python
[1.363s] copying generate_parameter_library_py/jinja_templates/python/declare_runtime_parameter -> /home/xdkazer/Dual_Kuka_LLM_Bachelor/p5_ws/build/generate_parameter_library_py/build/lib/generate_parameter_library_py/jinja_templates/python
[1.363s] copying generate_parameter_library_py/jinja_templates/python/declare_struct -> /home/xdkazer/Dual_Kuka_LLM_Bachelor/p5_ws/build/generate_parameter_library_py/build/lib/generate_parameter_library_py/jinja_templates/python
[1.363s] copying generate_parameter_library_py/jinja_templates/python/declare_variable -> /home/xdkazer/Dual_Kuka_LLM_Bachelor/p5_ws/build/generate_parameter_library_py/build/lib/generate_parameter_library_py/jinja_templates/python
[1.363s] copying generate_parameter_library_py/jinja_templates/python/parameter_library_header -> /home/xdkazer/Dual_Kuka_LLM_Bachelor/p5_ws/build/generate_parameter_library_py/build/lib/generate_parameter_library_py/jinja_templates/python
[1.363s] copying generate_parameter_library_py/jinja_templates/python/parameter_validation -> /home/xdkazer/Dual_Kuka_LLM_Bachelor/p5_ws/build/generate_parameter_library_py/build/lib/generate_parameter_library_py/jinja_templates/python
[1.364s] copying generate_parameter_library_py/jinja_templates/python/remove_runtime_parameter -> /home/xdkazer/Dual_Kuka_LLM_Bachelor/p5_ws/build/generate_parameter_library_py/build/lib/generate_parameter_library_py/jinja_templates/python
[1.364s] copying generate_parameter_library_py/jinja_templates/python/set_parameter -> /home/xdkazer/Dual_Kuka_LLM_Bachelor/p5_ws/build/generate_parameter_library_py/build/lib/generate_parameter_library_py/jinja_templates/python
[1.364s] copying generate_parameter_library_py/jinja_templates/python/set_runtime_parameter -> /home/xdkazer/Dual_Kuka_LLM_Bachelor/p5_ws/build/generate_parameter_library_py/build/lib/generate_parameter_library_py/jinja_templates/python
[1.364s] copying generate_parameter_library_py/jinja_templates/python/set_stack_params -> /home/xdkazer/Dual_Kuka_LLM_Bachelor/p5_ws/build/generate_parameter_library_py/build/lib/generate_parameter_library_py/jinja_templates/python
[1.364s] copying generate_parameter_library_py/jinja_templates/python/update_parameter -> /home/xdkazer/Dual_Kuka_LLM_Bachelor/p5_ws/build/generate_parameter_library_py/build/lib/generate_parameter_library_py/jinja_templates/python
[1.364s] copying generate_parameter_library_py/jinja_templates/python/update_runtime_parameter -> /home/xdkazer/Dual_Kuka_LLM_Bachelor/p5_ws/build/generate_parameter_library_py/build/lib/generate_parameter_library_py/jinja_templates/python
[1.364s] running install
[1.364s] running install_lib
[1.364s] creating /home/xdkazer/Dual_Kuka_LLM_Bachelor/p5_ws/install/generate_parameter_library_py/lib/python3.10/site-packages/generate_parameter_library_py
[1.364s] copying /home/xdkazer/Dual_Kuka_LLM_Bachelor/p5_ws/build/generate_parameter_library_py/build/lib/generate_parameter_library_py/setup_helper.py -> /home/xdkazer/Dual_Kuka_LLM_Bachelor/p5_ws/install/generate_parameter_library_py/lib/python3.10/site-packages/generate_parameter_library_py
[1.364s] creating /home/xdkazer/Dual_Kuka_LLM_Bachelor/p5_ws/install/generate_parameter_library_py/lib/python3.10/site-packages/generate_parameter_library_py/jinja_templates
[1.364s] creating /home/xdkazer/Dual_Kuka_LLM_Bachelor/p5_ws/install/generate_parameter_library_py/lib/python3.10/site-packages/generate_parameter_library_py/jinja_templates/cpp
[1.374s] copying /home/xdkazer/Dual_Kuka_LLM_Bachelor/p5_ws/build/generate_parameter_library_py/build/lib/generate_parameter_library_py/jinja_templates/cpp/declare_runtime_parameter -> /home/xdkazer/Dual_Kuka_LLM_Bachelor/p5_ws/install/generate_parameter_library_py/lib/python3.10/site-packages/generate_parameter_library_py/jinja_templates/cpp
[1.374s] copying /home/xdkazer/Dual_Kuka_LLM_Bachelor/p5_ws/build/generate_parameter_library_py/build/lib/generate_parameter_library_py/jinja_templates/cpp/declare_struct -> /home/xdkazer/Dual_Kuka_LLM_Bachelor/p5_ws/install/generate_parameter_library_py/lib/python3.10/site-packages/generate_parameter_library_py/jinja_templates/cpp
[1.374s] copying /home/xdkazer/Dual_Kuka_LLM_Bachelor/p5_ws/build/generate_parameter_library_py/build/lib/generate_parameter_library_py/jinja_templates/cpp/declare_parameter -> /home/xdkazer/Dual_Kuka_LLM_Bachelor/p5_ws/install/generate_parameter_library_py/lib/python3.10/site-packages/generate_parameter_library_py/jinja_templates/cpp
[1.374s] copying /home/xdkazer/Dual_Kuka_LLM_Bachelor/p5_ws/build/generate_parameter_library_py/build/lib/generate_parameter_library_py/jinja_templates/cpp/update_parameter -> /home/xdkazer/Dual_Kuka_LLM_Bachelor/p5_ws/install/generate_parameter_library_py/lib/python3.10/site-packages/generate_parameter_library_py/jinja_templates/cpp
[1.374s] copying /home/xdkazer/Dual_Kuka_LLM_Bachelor/p5_ws/build/generate_parameter_library_py/build/lib/generate_parameter_library_py/jinja_templates/cpp/set_stack_params -> /home/xdkazer/Dual_Kuka_LLM_Bachelor/p5_ws/install/generate_parameter_library_py/lib/python3.10/site-packages/generate_parameter_library_py/jinja_templates/cpp
[1.374s] copying /home/xdkazer/Dual_Kuka_LLM_Bachelor/p5_ws/build/generate_parameter_library_py/build/lib/generate_parameter_library_py/jinja_templates/cpp/remove_runtime_parameter -> /home/xdkazer/Dual_Kuka_LLM_Bachelor/p5_ws/install/generate_parameter_library_py/lib/python3.10/site-packages/generate_parameter_library_py/jinja_templates/cpp
[1.374s] copying /home/xdkazer/Dual_Kuka_LLM_Bachelor/p5_ws/build/generate_parameter_library_py/build/lib/generate_parameter_library_py/jinja_templates/cpp/set_runtime_parameter -> /home/xdkazer/Dual_Kuka_LLM_Bachelor/p5_ws/install/generate_parameter_library_py/lib/python3.10/site-packages/generate_parameter_library_py/jinja_templates/cpp
[1.374s] copying /home/xdkazer/Dual_Kuka_LLM_Bachelor/p5_ws/build/generate_parameter_library_py/build/lib/generate_parameter_library_py/jinja_templates/cpp/parameter_library_header -> /home/xdkazer/Dual_Kuka_LLM_Bachelor/p5_ws/install/generate_parameter_library_py/lib/python3.10/site-packages/generate_parameter_library_py/jinja_templates/cpp
[1.374s] copying /home/xdkazer/Dual_Kuka_LLM_Bachelor/p5_ws/build/generate_parameter_library_py/build/lib/generate_parameter_library_py/jinja_templates/cpp/declare_variable -> /home/xdkazer/Dual_Kuka_LLM_Bachelor/p5_ws/install/generate_parameter_library_py/lib/python3.10/site-packages/generate_parameter_library_py/jinja_templates/cpp
[1.374s] copying /home/xdkazer/Dual_Kuka_LLM_Bachelor/p5_ws/build/generate_parameter_library_py/build/lib/generate_parameter_library_py/jinja_templates/cpp/parameter_validation -> /home/xdkazer/Dual_Kuka_LLM_Bachelor/p5_ws/install/generate_parameter_library_py/lib/python3.10/site-packages/generate_parameter_library_py/jinja_templates/cpp
[1.375s] copying /home/xdkazer/Dual_Kuka_LLM_Bachelor/p5_ws/build/generate_parameter_library_py/build/lib/generate_parameter_library_py/jinja_templates/cpp/update_runtime_parameter -> /home/xdkazer/Dual_Kuka_LLM_Bachelor/p5_ws/install/generate_parameter_library_py/lib/python3.10/site-packages/generate_parameter_library_py/jinja_templates/cpp
[1.375s] copying /home/xdkazer/Dual_Kuka_LLM_Bachelor/p5_ws/build/generate_parameter_library_py/build/lib/generate_parameter_library_py/jinja_templates/cpp/set_parameter -> /home/xdkazer/Dual_Kuka_LLM_Bachelor/p5_ws/install/generate_parameter_library_py/lib/python3.10/site-packages/generate_parameter_library_py/jinja_templates/cpp
[1.375s] creating /home/xdkazer/Dual_Kuka_LLM_Bachelor/p5_ws/install/generate_parameter_library_py/lib/python3.10/site-packages/generate_parameter_library_py/jinja_templates/python
[1.375s] copying /home/xdkazer/Dual_Kuka_LLM_Bachelor/p5_ws/build/generate_parameter_library_py/build/lib/generate_parameter_library_py/jinja_templates/python/declare_runtime_parameter -> /home/xdkazer/Dual_Kuka_LLM_Bachelor/p5_ws/install/generate_parameter_library_py/lib/python3.10/site-packages/generate_parameter_library_py/jinja_templates/python
[1.375s] copying /home/xdkazer/Dual_Kuka_LLM_Bachelor/p5_ws/build/generate_parameter_library_py/build/lib/generate_parameter_library_py/jinja_templates/python/declare_struct -> /home/xdkazer/Dual_Kuka_LLM_Bachelor/p5_ws/install/generate_parameter_library_py/lib/python3.10/site-packages/generate_parameter_library_py/jinja_templates/python
[1.375s] copying /home/xdkazer/Dual_Kuka_LLM_Bachelor/p5_ws/build/generate_parameter_library_py/build/lib/generate_parameter_library_py/jinja_templates/python/declare_parameter -> /home/xdkazer/Dual_Kuka_LLM_Bachelor/p5_ws/install/generate_parameter_library_py/lib/python3.10/site-packages/generate_parameter_library_py/jinja_templates/python
[1.375s] copying /home/xdkazer/Dual_Kuka_LLM_Bachelor/p5_ws/build/generate_parameter_library_py/build/lib/generate_parameter_library_py/jinja_templates/python/update_parameter -> /home/xdkazer/Dual_Kuka_LLM_Bachelor/p5_ws/install/generate_parameter_library_py/lib/python3.10/site-packages/generate_parameter_library_py/jinja_templates/python
[1.375s] copying /home/xdkazer/Dual_Kuka_LLM_Bachelor/p5_ws/build/generate_parameter_library_py/build/lib/generate_parameter_library_py/jinja_templates/python/set_stack_params -> /home/xdkazer/Dual_Kuka_LLM_Bachelor/p5_ws/install/generate_parameter_library_py/lib/python3.10/site-packages/generate_parameter_library_py/jinja_templates/python
[1.375s] copying /home/xdkazer/Dual_Kuka_LLM_Bachelor/p5_ws/build/generate_parameter_library_py/build/lib/generate_parameter_library_py/jinja_templates/python/remove_runtime_parameter -> /home/xdkazer/Dual_Kuka_LLM_Bachelor/p5_ws/install/generate_parameter_library_py/lib/python3.10/site-packages/generate_parameter_library_py/jinja_templates/python
[1.375s] copying /home/xdkazer/Dual_Kuka_LLM_Bachelor/p5_ws/build/generate_parameter_library_py/build/lib/generate_parameter_library_py/jinja_templates/python/set_runtime_parameter -> /home/xdkazer/Dual_Kuka_LLM_Bachelor/p5_ws/install/generate_parameter_library_py/lib/python3.10/site-packages/generate_parameter_library_py/jinja_templates/python
[1.375s] copying /home/xdkazer/Dual_Kuka_LLM_Bachelor/p5_ws/build/generate_parameter_library_py/build/lib/generate_parameter_library_py/jinja_templates/python/parameter_library_header -> /home/xdkazer/Dual_Kuka_LLM_Bachelor/p5_ws/install/generate_parameter_library_py/lib/python3.10/site-packages/generate_parameter_library_py/jinja_templates/python
[1.375s] copying /home/xdkazer/Dual_Kuka_LLM_Bachelor/p5_ws/build/generate_parameter_library_py/build/lib/generate_parameter_library_py/jinja_templates/python/declare_variable -> /home/xdkazer/Dual_Kuka_LLM_Bachelor/p5_ws/install/generate_parameter_library_py/lib/python3.10/site-packages/generate_parameter_library_py/jinja_templates/python
[1.375s] copying /home/xdkazer/Dual_Kuka_LLM_Bachelor/p5_ws/build/generate_parameter_library_py/build/lib/generate_parameter_library_py/jinja_templates/python/parameter_validation -> /home/xdkazer/Dual_Kuka_LLM_Bachelor/p5_ws/install/generate_parameter_library_py/lib/python3.10/site-packages/generate_parameter_library_py/jinja_templates/python
[1.375s] copying /home/xdkazer/Dual_Kuka_LLM_Bachelor/p5_ws/build/generate_parameter_library_py/build/lib/generate_parameter_library_py/jinja_templates/python/update_runtime_parameter -> /home/xdkazer/Dual_Kuka_LLM_Bachelor/p5_ws/install/generate_parameter_library_py/lib/python3.10/site-packages/generate_parameter_library_py/jinja_templates/python
[1.375s] copying /home/xdkazer/Dual_Kuka_LLM_Bachelor/p5_ws/build/generate_parameter_library_py/build/lib/generate_parameter_library_py/jinja_templates/python/set_parameter -> /home/xdkazer/Dual_Kuka_LLM_Bachelor/p5_ws/install/generate_parameter_library_py/lib/python3.10/site-packages/generate_parameter_library_py/jinja_templates/python
[1.375s] creating /home/xdkazer/Dual_Kuka_LLM_Bachelor/p5_ws/install/generate_parameter_library_py/lib/python3.10/site-packages/generate_parameter_library_py/jinja_templates/markdown
[1.375s] copying /home/xdkazer/Dual_Kuka_LLM_Bachelor/p5_ws/build/generate_parameter_library_py/build/lib/generate_parameter_library_py/jinja_templates/markdown/default_config -> /home/xdkazer/Dual_Kuka_LLM_Bachelor/p5_ws/install/generate_parameter_library_py/lib/python3.10/site-packages/generate_parameter_library_py/jinja_templates/markdown
[1.375s] copying /home/xdkazer/Dual_Kuka_LLM_Bachelor/p5_ws/build/generate_parameter_library_py/build/lib/generate_parameter_library_py/jinja_templates/markdown/documentation -> /home/xdkazer/Dual_Kuka_LLM_Bachelor/p5_ws/install/generate_parameter_library_py/lib/python3.10/site-packages/generate_parameter_library_py/jinja_templates/markdown
[1.375s] copying /home/xdkazer/Dual_Kuka_LLM_Bachelor/p5_ws/build/generate_parameter_library_py/build/lib/generate_parameter_library_py/jinja_templates/markdown/parameter_detail -> /home/xdkazer/Dual_Kuka_LLM_Bachelor/p5_ws/install/generate_parameter_library_py/lib/python3.10/site-packages/generate_parameter_library_py/jinja_templates/markdown
[1.376s] creating /home/xdkazer/Dual_Kuka_LLM_Bachelor/p5_ws/install/generate_parameter_library_py/lib/python3.10/site-packages/generate_parameter_library_py/jinja_templates/rst
[1.376s] copying /home/xdkazer/Dual_Kuka_LLM_Bachelor/p5_ws/build/generate_parameter_library_py/build/lib/generate_parameter_library_py/jinja_templates/rst/default_config -> /home/xdkazer/Dual_Kuka_LLM_Bachelor/p5_ws/install/generate_parameter_library_py/lib/python3.10/site-packages/generate_parameter_library_py/jinja_templates/rst
[1.376s] copying /home/xdkazer/Dual_Kuka_LLM_Bachelor/p5_ws/build/generate_parameter_library_py/build/lib/generate_parameter_library_py/jinja_templates/rst/documentation -> /home/xdkazer/Dual_Kuka_LLM_Bachelor/p5_ws/install/generate_parameter_library_py/lib/python3.10/site-packages/generate_parameter_library_py/jinja_templates/rst
[1.376s] copying /home/xdkazer/Dual_Kuka_LLM_Bachelor/p5_ws/build/generate_parameter_library_py/build/lib/generate_parameter_library_py/jinja_templates/rst/parameter_detail -> /home/xdkazer/Dual_Kuka_LLM_Bachelor/p5_ws/install/generate_parameter_library_py/lib/python3.10/site-packages/generate_parameter_library_py/jinja_templates/rst
[1.376s] copying /home/xdkazer/Dual_Kuka_LLM_Bachelor/p5_ws/build/generate_parameter_library_py/build/lib/generate_parameter_library_py/parse_yaml.py -> /home/xdkazer/Dual_Kuka_LLM_Bachelor/p5_ws/install/generate_parameter_library_py/lib/python3.10/site-packages/generate_parameter_library_py
[1.376s] copying /home/xdkazer/Dual_Kuka_LLM_Bachelor/p5_ws/build/generate_parameter_library_py/build/lib/generate_parameter_library_py/python_convertions.py -> /home/xdkazer/Dual_Kuka_LLM_Bachelor/p5_ws/install/generate_parameter_library_py/lib/python3.10/site-packages/generate_parameter_library_py
[1.376s] copying /home/xdkazer/Dual_Kuka_LLM_Bachelor/p5_ws/build/generate_parameter_library_py/build/lib/generate_parameter_library_py/generate_cpp_header.py -> /home/xdkazer/Dual_Kuka_LLM_Bachelor/p5_ws/install/generate_parameter_library_py/lib/python3.10/site-packages/generate_parameter_library_py
[1.376s] copying /home/xdkazer/Dual_Kuka_LLM_Bachelor/p5_ws/build/generate_parameter_library_py/build/lib/generate_parameter_library_py/__init__.py -> /home/xdkazer/Dual_Kuka_LLM_Bachelor/p5_ws/install/generate_parameter_library_py/lib/python3.10/site-packages/generate_parameter_library_py
[1.376s] copying /home/xdkazer/Dual_Kuka_LLM_Bachelor/p5_ws/build/generate_parameter_library_py/build/lib/generate_parameter_library_py/python_validators.py -> /home/xdkazer/Dual_Kuka_LLM_Bachelor/p5_ws/install/generate_parameter_library_py/lib/python3.10/site-packages/generate_parameter_library_py
[1.376s] copying /home/xdkazer/Dual_Kuka_LLM_Bachelor/p5_ws/build/generate_parameter_library_py/build/lib/generate_parameter_library_py/generate_markdown.py -> /home/xdkazer/Dual_Kuka_LLM_Bachelor/p5_ws/install/generate_parameter_library_py/lib/python3.10/site-packages/generate_parameter_library_py
[1.376s] copying /home/xdkazer/Dual_Kuka_LLM_Bachelor/p5_ws/build/generate_parameter_library_py/build/lib/generate_parameter_library_py/cpp_convertions.py -> /home/xdkazer/Dual_Kuka_LLM_Bachelor/p5_ws/install/generate_parameter_library_py/lib/python3.10/site-packages/generate_parameter_library_py
[1.376s] copying /home/xdkazer/Dual_Kuka_LLM_Bachelor/p5_ws/build/generate_parameter_library_py/build/lib/generate_parameter_library_py/string_filters_cpp.py -> /home/xdkazer/Dual_Kuka_LLM_Bachelor/p5_ws/install/generate_parameter_library_py/lib/python3.10/site-packages/generate_parameter_library_py
[1.376s] copying /home/xdkazer/Dual_Kuka_LLM_Bachelor/p5_ws/build/generate_parameter_library_py/build/lib/generate_parameter_library_py/generate_python_module.py -> /home/xdkazer/Dual_Kuka_LLM_Bachelor/p5_ws/install/generate_parameter_library_py/lib/python3.10/site-packages/generate_parameter_library_py
[1.376s] byte-compiling /home/xdkazer/Dual_Kuka_LLM_Bachelor/p5_ws/install/generate_parameter_library_py/lib/python3.10/site-packages/generate_parameter_library_py/setup_helper.py to setup_helper.cpython-310.pyc
[1.376s] byte-compiling /home/xdkazer/Dual_Kuka_LLM_Bachelor/p5_ws/install/generate_parameter_library_py/lib/python3.10/site-packages/generate_parameter_library_py/parse_yaml.py to parse_yaml.cpython-310.pyc
[1.376s] byte-compiling /home/xdkazer/Dual_Kuka_LLM_Bachelor/p5_ws/install/generate_parameter_library_py/lib/python3.10/site-packages/generate_parameter_library_py/python_convertions.py to python_convertions.cpython-310.pyc
[1.376s] byte-compiling /home/xdkazer/Dual_Kuka_LLM_Bachelor/p5_ws/install/generate_parameter_library_py/lib/python3.10/site-packages/generate_parameter_library_py/generate_cpp_header.py to generate_cpp_header.cpython-310.pyc
[1.376s] byte-compiling /home/xdkazer/Dual_Kuka_LLM_Bachelor/p5_ws/install/generate_parameter_library_py/lib/python3.10/site-packages/generate_parameter_library_py/__init__.py to __init__.cpython-310.pyc
[1.376s] byte-compiling /home/xdkazer/Dual_Kuka_LLM_Bachelor/p5_ws/install/generate_parameter_library_py/lib/python3.10/site-packages/generate_parameter_library_py/python_validators.py to python_validators.cpython-310.pyc
[1.376s] byte-compiling /home/xdkazer/Dual_Kuka_LLM_Bachelor/p5_ws/install/generate_parameter_library_py/lib/python3.10/site-packages/generate_parameter_library_py/generate_markdown.py to generate_markdown.cpython-310.pyc
[1.376s] byte-compiling /home/xdkazer/Dual_Kuka_LLM_Bachelor/p5_ws/install/generate_parameter_library_py/lib/python3.10/site-packages/generate_parameter_library_py/cpp_convertions.py to cpp_convertions.cpython-310.pyc
[1.376s] byte-compiling /home/xdkazer/Dual_Kuka_LLM_Bachelor/p5_ws/install/generate_parameter_library_py/lib/python3.10/site-packages/generate_parameter_library_py/string_filters_cpp.py to string_filters_cpp.cpython-310.pyc
[1.376s] byte-compiling /home/xdkazer/Dual_Kuka_LLM_Bachelor/p5_ws/install/generate_parameter_library_py/lib/python3.10/site-packages/generate_parameter_library_py/generate_python_module.py to generate_python_module.cpython-310.pyc
[1.377s] running install_data
[1.377s] copying package.xml -> /home/xdkazer/Dual_Kuka_LLM_Bachelor/p5_ws/install/generate_parameter_library_py/share/generate_parameter_library_py
[1.377s] creating /home/xdkazer/Dual_Kuka_LLM_Bachelor/p5_ws/install/generate_parameter_library_py/share/generate_parameter_library_py/test
[1.377s] copying generate_parameter_library_py/test/wrong_default_type.yaml -> /home/xdkazer/Dual_Kuka_LLM_Bachelor/p5_ws/install/generate_parameter_library_py/share/generate_parameter_library_py/test
[1.377s] copying generate_parameter_library_py/test/missing_type.yaml -> /home/xdkazer/Dual_Kuka_LLM_Bachelor/p5_ws/install/generate_parameter_library_py/share/generate_parameter_library_py/test
[1.377s] copying generate_parameter_library_py/test/invalid_syntax.yaml -> /home/xdkazer/Dual_Kuka_LLM_Bachelor/p5_ws/install/generate_parameter_library_py/share/generate_parameter_library_py/test
[1.377s] copying generate_parameter_library_py/test/invalid_parameter_type.yaml -> /home/xdkazer/Dual_Kuka_LLM_Bachelor/p5_ws/install/generate_parameter_library_py/share/generate_parameter_library_py/test
[1.377s] copying generate_parameter_library_py/test/valid_parameters.yaml -> /home/xdkazer/Dual_Kuka_LLM_Bachelor/p5_ws/install/generate_parameter_library_py/share/generate_parameter_library_py/test
[1.377s] copying generate_parameter_library_py/test/valid_parameters_with_none_type.yaml -> /home/xdkazer/Dual_Kuka_LLM_Bachelor/p5_ws/install/generate_parameter_library_py/share/generate_parameter_library_py/test
[1.377s] creating /home/xdkazer/Dual_Kuka_LLM_Bachelor/p5_ws/install/generate_parameter_library_py/share/ament_index
[1.377s] creating /home/xdkazer/Dual_Kuka_LLM_Bachelor/p5_ws/install/generate_parameter_library_py/share/ament_index/resource_index
[1.377s] creating /home/xdkazer/Dual_Kuka_LLM_Bachelor/p5_ws/install/generate_parameter_library_py/share/ament_index/resource_index/packages
[1.377s] copying resource/generate_parameter_library_py -> /home/xdkazer/Dual_Kuka_LLM_Bachelor/p5_ws/install/generate_parameter_library_py/share/ament_index/resource_index/packages
[1.377s] running install_egg_info
[1.377s] Copying ../../../../build/generate_parameter_library_py/generate_parameter_library_py.egg-info to /home/xdkazer/Dual_Kuka_LLM_Bachelor/p5_ws/install/generate_parameter_library_py/lib/python3.10/site-packages/generate_parameter_library_py-0.3.7-py3.10.egg-info
[1.377s] running install_scripts
[1.389s] Installing generate_parameter_library_cpp script to /home/xdkazer/Dual_Kuka_LLM_Bachelor/p5_ws/install/generate_parameter_library_py/bin
[1.389s] Installing generate_parameter_library_markdown script to /home/xdkazer/Dual_Kuka_LLM_Bachelor/p5_ws/install/generate_parameter_library_py/bin
[1.389s] Installing generate_parameter_library_python script to /home/xdkazer/Dual_Kuka_LLM_Bachelor/p5_ws/install/generate_parameter_library_py/bin
[1.390s] writing list of installed files to '/home/xdkazer/Dual_Kuka_LLM_Bachelor/p5_ws/build/generate_parameter_library_py/install.log'
[1.428s] Invoked command in '/home/xdkazer/Dual_Kuka_LLM_Bachelor/p5_ws/src/moveit/generate_parameter_library/generate_parameter_library_py' returned '0': PYTHONPATH=/home/xdkazer/Dual_Kuka_LLM_Bachelor/p5_ws/build/generate_parameter_library_py/prefix_override:/usr/lib/python3/dist-packages/colcon_core/task/python/colcon_distutils_commands:/home/xdkazer/Dual_Kuka_LLM_Bachelor/p5_ws/install/generate_parameter_library_py/lib/python3.10/site-packages:${PYTHONPATH} /usr/bin/python3 -W ignore:setup.py install is deprecated -W ignore:easy_install command is deprecated setup.py egg_info --egg-base ../../../../build/generate_parameter_library_py build --build-base /home/xdkazer/Dual_Kuka_LLM_Bachelor/p5_ws/build/generate_parameter_library_py/build install --record /home/xdkazer/Dual_Kuka_LLM_Bachelor/p5_ws/build/generate_parameter_library_py/install.log --single-version-externally-managed install_data
