running egg_info
creating ../../../../build/robotiq_3f_gripper_ros2_control/robotiq_3f_gripper_ros2_control.egg-info
writing ../../../../build/robotiq_3f_gripper_ros2_control/robotiq_3f_gripper_ros2_control.egg-info/PKG-INFO
writing dependency_links to ../../../../build/robotiq_3f_gripper_ros2_control/robotiq_3f_gripper_ros2_control.egg-info/dependency_links.txt
writing entry points to ../../../../build/robotiq_3f_gripper_ros2_control/robotiq_3f_gripper_ros2_control.egg-info/entry_points.txt
writing requirements to ../../../../build/robotiq_3f_gripper_ros2_control/robotiq_3f_gripper_ros2_control.egg-info/requires.txt
writing top-level names to ../../../../build/robotiq_3f_gripper_ros2_control/robotiq_3f_gripper_ros2_control.egg-info/top_level.txt
writing manifest file '../../../../build/robotiq_3f_gripper_ros2_control/robotiq_3f_gripper_ros2_control.egg-info/SOURCES.txt'
reading manifest file '../../../../build/robotiq_3f_gripper_ros2_control/robotiq_3f_gripper_ros2_control.egg-info/SOURCES.txt'
writing manifest file '../../../../build/robotiq_3f_gripper_ros2_control/robotiq_3f_gripper_ros2_control.egg-info/SOURCES.txt'
running build
running build_py
creating /home/xdkazer/Dual_Kuka_LLM_Bachelor/p5_ws/build/robotiq_3f_gripper_ros2_control/build
creating /home/xdkazer/Dual_Kuka_LLM_Bachelor/p5_ws/build/robotiq_3f_gripper_ros2_control/build/lib
creating /home/xdkazer/Dual_Kuka_LLM_Bachelor/p5_ws/build/robotiq_3f_gripper_ros2_control/build/lib/robotiq_3f_gripper_ros2_control
copying robotiq_3f_gripper_ros2_control/control_service_server.py -> /home/xdkazer/Dual_Kuka_LLM_Bachelor/p5_ws/build/robotiq_3f_gripper_ros2_control/build/lib/robotiq_3f_gripper_ros2_control
copying robotiq_3f_gripper_ros2_control/__init__.py -> /home/xdkazer/Dual_Kuka_LLM_Bachelor/p5_ws/build/robotiq_3f_gripper_ros2_control/build/lib/robotiq_3f_gripper_ros2_control
copying robotiq_3f_gripper_ros2_control/control_listener_node.py -> /home/xdkazer/Dual_Kuka_LLM_Bachelor/p5_ws/build/robotiq_3f_gripper_ros2_control/build/lib/robotiq_3f_gripper_ros2_control
copying robotiq_3f_gripper_ros2_control/control_action_server.py -> /home/xdkazer/Dual_Kuka_LLM_Bachelor/p5_ws/build/robotiq_3f_gripper_ros2_control/build/lib/robotiq_3f_gripper_ros2_control
copying robotiq_3f_gripper_ros2_control/3f_client.py -> /home/xdkazer/Dual_Kuka_LLM_Bachelor/p5_ws/build/robotiq_3f_gripper_ros2_control/build/lib/robotiq_3f_gripper_ros2_control
running install
running install_lib
creating /home/xdkazer/Dual_Kuka_LLM_Bachelor/p5_ws/install/robotiq_3f_gripper_ros2_control/lib/python3.10/site-packages/robotiq_3f_gripper_ros2_control
copying /home/xdkazer/Dual_Kuka_LLM_Bachelor/p5_ws/build/robotiq_3f_gripper_ros2_control/build/lib/robotiq_3f_gripper_ros2_control/control_service_server.py -> /home/xdkazer/Dual_Kuka_LLM_Bachelor/p5_ws/install/robotiq_3f_gripper_ros2_control/lib/python3.10/site-packages/robotiq_3f_gripper_ros2_control
copying /home/xdkazer/Dual_Kuka_LLM_Bachelor/p5_ws/build/robotiq_3f_gripper_ros2_control/build/lib/robotiq_3f_gripper_ros2_control/__init__.py -> /home/xdkazer/Dual_Kuka_LLM_Bachelor/p5_ws/install/robotiq_3f_gripper_ros2_control/lib/python3.10/site-packages/robotiq_3f_gripper_ros2_control
copying /home/xdkazer/Dual_Kuka_LLM_Bachelor/p5_ws/build/robotiq_3f_gripper_ros2_control/build/lib/robotiq_3f_gripper_ros2_control/control_listener_node.py -> /home/xdkazer/Dual_Kuka_LLM_Bachelor/p5_ws/install/robotiq_3f_gripper_ros2_control/lib/python3.10/site-packages/robotiq_3f_gripper_ros2_control
copying /home/xdkazer/Dual_Kuka_LLM_Bachelor/p5_ws/build/robotiq_3f_gripper_ros2_control/build/lib/robotiq_3f_gripper_ros2_control/control_action_server.py -> /home/xdkazer/Dual_Kuka_LLM_Bachelor/p5_ws/install/robotiq_3f_gripper_ros2_control/lib/python3.10/site-packages/robotiq_3f_gripper_ros2_control
copying /home/xdkazer/Dual_Kuka_LLM_Bachelor/p5_ws/build/robotiq_3f_gripper_ros2_control/build/lib/robotiq_3f_gripper_ros2_control/3f_client.py -> /home/xdkazer/Dual_Kuka_LLM_Bachelor/p5_ws/install/robotiq_3f_gripper_ros2_control/lib/python3.10/site-packages/robotiq_3f_gripper_ros2_control
byte-compiling /home/xdkazer/Dual_Kuka_LLM_Bachelor/p5_ws/install/robotiq_3f_gripper_ros2_control/lib/python3.10/site-packages/robotiq_3f_gripper_ros2_control/control_service_server.py to control_service_server.cpython-310.pyc
byte-compiling /home/xdkazer/Dual_Kuka_LLM_Bachelor/p5_ws/install/robotiq_3f_gripper_ros2_control/lib/python3.10/site-packages/robotiq_3f_gripper_ros2_control/__init__.py to __init__.cpython-310.pyc
byte-compiling /home/xdkazer/Dual_Kuka_LLM_Bachelor/p5_ws/install/robotiq_3f_gripper_ros2_control/lib/python3.10/site-packages/robotiq_3f_gripper_ros2_control/control_listener_node.py to control_listener_node.cpython-310.pyc
byte-compiling /home/xdkazer/Dual_Kuka_LLM_Bachelor/p5_ws/install/robotiq_3f_gripper_ros2_control/lib/python3.10/site-packages/robotiq_3f_gripper_ros2_control/control_action_server.py to control_action_server.cpython-310.pyc
byte-compiling /home/xdkazer/Dual_Kuka_LLM_Bachelor/p5_ws/install/robotiq_3f_gripper_ros2_control/lib/python3.10/site-packages/robotiq_3f_gripper_ros2_control/3f_client.py to 3f_client.cpython-310.pyc
running install_data
creating /home/xdkazer/Dual_Kuka_LLM_Bachelor/p5_ws/install/robotiq_3f_gripper_ros2_control/share/ament_index
creating /home/xdkazer/Dual_Kuka_LLM_Bachelor/p5_ws/install/robotiq_3f_gripper_ros2_control/share/ament_index/resource_index
creating /home/xdkazer/Dual_Kuka_LLM_Bachelor/p5_ws/install/robotiq_3f_gripper_ros2_control/share/ament_index/resource_index/packages
copying resource/robotiq_3f_gripper_ros2_control -> /home/xdkazer/Dual_Kuka_LLM_Bachelor/p5_ws/install/robotiq_3f_gripper_ros2_control/share/ament_index/resource_index/packages
copying package.xml -> /home/xdkazer/Dual_Kuka_LLM_Bachelor/p5_ws/install/robotiq_3f_gripper_ros2_control/share/robotiq_3f_gripper_ros2_control
running install_egg_info
Copying ../../../../build/robotiq_3f_gripper_ros2_control/robotiq_3f_gripper_ros2_control.egg-info to /home/xdkazer/Dual_Kuka_LLM_Bachelor/p5_ws/install/robotiq_3f_gripper_ros2_control/lib/python3.10/site-packages/robotiq_3f_gripper_ros2_control-0.1.0-py3.10.egg-info
running install_scripts
Installing client3f script to /home/xdkazer/Dual_Kuka_LLM_Bachelor/p5_ws/install/robotiq_3f_gripper_ros2_control/lib/robotiq_3f_gripper_ros2_control
Installing gripper_control_action_server script to /home/xdkazer/Dual_Kuka_LLM_Bachelor/p5_ws/install/robotiq_3f_gripper_ros2_control/lib/robotiq_3f_gripper_ros2_control
Installing gripper_control_listener_node script to /home/xdkazer/Dual_Kuka_LLM_Bachelor/p5_ws/install/robotiq_3f_gripper_ros2_control/lib/robotiq_3f_gripper_ros2_control
Installing gripper_control_service_server script to /home/xdkazer/Dual_Kuka_LLM_Bachelor/p5_ws/install/robotiq_3f_gripper_ros2_control/lib/robotiq_3f_gripper_ros2_control
writing list of installed files to '/home/xdkazer/Dual_Kuka_LLM_Bachelor/p5_ws/build/robotiq_3f_gripper_ros2_control/install.log'
