[1.066s] Invoking command in '/home/xdkazer/Dual_Kuka_LLM_Bachelor/p5_ws/src/robutler/gripper_control/robotiq_3f_gripper_ros2_control': AMENT_PREFIX_PATH=/home/xdkazer/Dual_Kuka_LLM_Bachelor/p5_ws/install/robotiq_3f_gripper_ros2_interfaces:${AMENT_PREFIX_PATH} CMAKE_PREFIX_PATH=/home/xdkazer/Dual_Kuka_LLM_Bachelor/p5_ws/install/robotiq_3f_gripper_ros2_interfaces:${CMAKE_PREFIX_PATH} LD_LIBRARY_PATH=/home/xdkazer/Dual_Kuka_LLM_Bachelor/p5_ws/install/robotiq_3f_gripper_ros2_interfaces/lib:${LD_LIBRARY_PATH} PYTHONPATH=/home/xdkazer/Dual_Kuka_LLM_Bachelor/p5_ws/build/robotiq_3f_gripper_ros2_control/prefix_override:/usr/lib/python3/dist-packages/colcon_core/task/python/colcon_distutils_commands:/home/xdkazer/Dual_Kuka_LLM_Bachelor/p5_ws/install/robotiq_3f_gripper_ros2_control/lib/python3.10/site-packages:/home/xdkazer/Dual_Kuka_LLM_Bachelor/p5_ws/install/robotiq_3f_gripper_ros2_interfaces/local/lib/python3.10/dist-packages:${PYTHONPATH} /usr/bin/python3 -W ignore:setup.py install is deprecated -W ignore:easy_install command is deprecated setup.py egg_info --egg-base ../../../../build/robotiq_3f_gripper_ros2_control build --build-base /home/xdkazer/Dual_Kuka_LLM_Bachelor/p5_ws/build/robotiq_3f_gripper_ros2_control/build install --record /home/xdkazer/Dual_Kuka_LLM_Bachelor/p5_ws/build/robotiq_3f_gripper_ros2_control/install.log --single-version-externally-managed install_data
[1.067s] running egg_info
[1.067s] creating ../../../../build/robotiq_3f_gripper_ros2_control/robotiq_3f_gripper_ros2_control.egg-info
[1.067s] writing ../../../../build/robotiq_3f_gripper_ros2_control/robotiq_3f_gripper_ros2_control.egg-info/PKG-INFO
[1.067s] writing dependency_links to ../../../../build/robotiq_3f_gripper_ros2_control/robotiq_3f_gripper_ros2_control.egg-info/dependency_links.txt
[1.067s] writing entry points to ../../../../build/robotiq_3f_gripper_ros2_control/robotiq_3f_gripper_ros2_control.egg-info/entry_points.txt
[1.067s] writing requirements to ../../../../build/robotiq_3f_gripper_ros2_control/robotiq_3f_gripper_ros2_control.egg-info/requires.txt
[1.067s] writing top-level names to ../../../../build/robotiq_3f_gripper_ros2_control/robotiq_3f_gripper_ros2_control.egg-info/top_level.txt
[1.067s] writing manifest file '../../../../build/robotiq_3f_gripper_ros2_control/robotiq_3f_gripper_ros2_control.egg-info/SOURCES.txt'
[1.067s] reading manifest file '../../../../build/robotiq_3f_gripper_ros2_control/robotiq_3f_gripper_ros2_control.egg-info/SOURCES.txt'
[1.067s] writing manifest file '../../../../build/robotiq_3f_gripper_ros2_control/robotiq_3f_gripper_ros2_control.egg-info/SOURCES.txt'
[1.067s] running build
[1.067s] running build_py
[1.067s] creating /home/xdkazer/Dual_Kuka_LLM_Bachelor/p5_ws/build/robotiq_3f_gripper_ros2_control/build
[1.067s] creating /home/xdkazer/Dual_Kuka_LLM_Bachelor/p5_ws/build/robotiq_3f_gripper_ros2_control/build/lib
[1.068s] creating /home/xdkazer/Dual_Kuka_LLM_Bachelor/p5_ws/build/robotiq_3f_gripper_ros2_control/build/lib/robotiq_3f_gripper_ros2_control
[1.068s] copying robotiq_3f_gripper_ros2_control/control_service_server.py -> /home/xdkazer/Dual_Kuka_LLM_Bachelor/p5_ws/build/robotiq_3f_gripper_ros2_control/build/lib/robotiq_3f_gripper_ros2_control
[1.068s] copying robotiq_3f_gripper_ros2_control/__init__.py -> /home/xdkazer/Dual_Kuka_LLM_Bachelor/p5_ws/build/robotiq_3f_gripper_ros2_control/build/lib/robotiq_3f_gripper_ros2_control
[1.068s] copying robotiq_3f_gripper_ros2_control/control_listener_node.py -> /home/xdkazer/Dual_Kuka_LLM_Bachelor/p5_ws/build/robotiq_3f_gripper_ros2_control/build/lib/robotiq_3f_gripper_ros2_control
[1.068s] copying robotiq_3f_gripper_ros2_control/control_action_server.py -> /home/xdkazer/Dual_Kuka_LLM_Bachelor/p5_ws/build/robotiq_3f_gripper_ros2_control/build/lib/robotiq_3f_gripper_ros2_control
[1.068s] copying robotiq_3f_gripper_ros2_control/3f_client.py -> /home/xdkazer/Dual_Kuka_LLM_Bachelor/p5_ws/build/robotiq_3f_gripper_ros2_control/build/lib/robotiq_3f_gripper_ros2_control
[1.068s] running install
[1.068s] running install_lib
[1.068s] creating /home/xdkazer/Dual_Kuka_LLM_Bachelor/p5_ws/install/robotiq_3f_gripper_ros2_control/lib/python3.10/site-packages/robotiq_3f_gripper_ros2_control
[1.068s] copying /home/xdkazer/Dual_Kuka_LLM_Bachelor/p5_ws/build/robotiq_3f_gripper_ros2_control/build/lib/robotiq_3f_gripper_ros2_control/control_service_server.py -> /home/xdkazer/Dual_Kuka_LLM_Bachelor/p5_ws/install/robotiq_3f_gripper_ros2_control/lib/python3.10/site-packages/robotiq_3f_gripper_ros2_control
[1.068s] copying /home/xdkazer/Dual_Kuka_LLM_Bachelor/p5_ws/build/robotiq_3f_gripper_ros2_control/build/lib/robotiq_3f_gripper_ros2_control/__init__.py -> /home/xdkazer/Dual_Kuka_LLM_Bachelor/p5_ws/install/robotiq_3f_gripper_ros2_control/lib/python3.10/site-packages/robotiq_3f_gripper_ros2_control
[1.068s] copying /home/xdkazer/Dual_Kuka_LLM_Bachelor/p5_ws/build/robotiq_3f_gripper_ros2_control/build/lib/robotiq_3f_gripper_ros2_control/control_listener_node.py -> /home/xdkazer/Dual_Kuka_LLM_Bachelor/p5_ws/install/robotiq_3f_gripper_ros2_control/lib/python3.10/site-packages/robotiq_3f_gripper_ros2_control
[1.068s] copying /home/xdkazer/Dual_Kuka_LLM_Bachelor/p5_ws/build/robotiq_3f_gripper_ros2_control/build/lib/robotiq_3f_gripper_ros2_control/control_action_server.py -> /home/xdkazer/Dual_Kuka_LLM_Bachelor/p5_ws/install/robotiq_3f_gripper_ros2_control/lib/python3.10/site-packages/robotiq_3f_gripper_ros2_control
[1.068s] copying /home/xdkazer/Dual_Kuka_LLM_Bachelor/p5_ws/build/robotiq_3f_gripper_ros2_control/build/lib/robotiq_3f_gripper_ros2_control/3f_client.py -> /home/xdkazer/Dual_Kuka_LLM_Bachelor/p5_ws/install/robotiq_3f_gripper_ros2_control/lib/python3.10/site-packages/robotiq_3f_gripper_ros2_control
[1.069s] byte-compiling /home/xdkazer/Dual_Kuka_LLM_Bachelor/p5_ws/install/robotiq_3f_gripper_ros2_control/lib/python3.10/site-packages/robotiq_3f_gripper_ros2_control/control_service_server.py to control_service_server.cpython-310.pyc
[1.070s] byte-compiling /home/xdkazer/Dual_Kuka_LLM_Bachelor/p5_ws/install/robotiq_3f_gripper_ros2_control/lib/python3.10/site-packages/robotiq_3f_gripper_ros2_control/__init__.py to __init__.cpython-310.pyc
[1.070s] byte-compiling /home/xdkazer/Dual_Kuka_LLM_Bachelor/p5_ws/install/robotiq_3f_gripper_ros2_control/lib/python3.10/site-packages/robotiq_3f_gripper_ros2_control/control_listener_node.py to control_listener_node.cpython-310.pyc
[1.071s] byte-compiling /home/xdkazer/Dual_Kuka_LLM_Bachelor/p5_ws/install/robotiq_3f_gripper_ros2_control/lib/python3.10/site-packages/robotiq_3f_gripper_ros2_control/control_action_server.py to control_action_server.cpython-310.pyc
[1.072s] byte-compiling /home/xdkazer/Dual_Kuka_LLM_Bachelor/p5_ws/install/robotiq_3f_gripper_ros2_control/lib/python3.10/site-packages/robotiq_3f_gripper_ros2_control/3f_client.py to 3f_client.cpython-310.pyc
[1.073s] running install_data
[1.073s] creating /home/xdkazer/Dual_Kuka_LLM_Bachelor/p5_ws/install/robotiq_3f_gripper_ros2_control/share/ament_index
[1.073s] creating /home/xdkazer/Dual_Kuka_LLM_Bachelor/p5_ws/install/robotiq_3f_gripper_ros2_control/share/ament_index/resource_index
[1.073s] creating /home/xdkazer/Dual_Kuka_LLM_Bachelor/p5_ws/install/robotiq_3f_gripper_ros2_control/share/ament_index/resource_index/packages
[1.073s] copying resource/robotiq_3f_gripper_ros2_control -> /home/xdkazer/Dual_Kuka_LLM_Bachelor/p5_ws/install/robotiq_3f_gripper_ros2_control/share/ament_index/resource_index/packages
[1.073s] copying package.xml -> /home/xdkazer/Dual_Kuka_LLM_Bachelor/p5_ws/install/robotiq_3f_gripper_ros2_control/share/robotiq_3f_gripper_ros2_control
[1.073s] running install_egg_info
[1.076s] Copying ../../../../build/robotiq_3f_gripper_ros2_control/robotiq_3f_gripper_ros2_control.egg-info to /home/xdkazer/Dual_Kuka_LLM_Bachelor/p5_ws/install/robotiq_3f_gripper_ros2_control/lib/python3.10/site-packages/robotiq_3f_gripper_ros2_control-0.1.0-py3.10.egg-info
[1.076s] running install_scripts
[1.102s] Installing client3f script to /home/xdkazer/Dual_Kuka_LLM_Bachelor/p5_ws/install/robotiq_3f_gripper_ros2_control/lib/robotiq_3f_gripper_ros2_control
[1.102s] Installing gripper_control_action_server script to /home/xdkazer/Dual_Kuka_LLM_Bachelor/p5_ws/install/robotiq_3f_gripper_ros2_control/lib/robotiq_3f_gripper_ros2_control
[1.102s] Installing gripper_control_listener_node script to /home/xdkazer/Dual_Kuka_LLM_Bachelor/p5_ws/install/robotiq_3f_gripper_ros2_control/lib/robotiq_3f_gripper_ros2_control
[1.102s] Installing gripper_control_service_server script to /home/xdkazer/Dual_Kuka_LLM_Bachelor/p5_ws/install/robotiq_3f_gripper_ros2_control/lib/robotiq_3f_gripper_ros2_control
[1.103s] writing list of installed files to '/home/xdkazer/Dual_Kuka_LLM_Bachelor/p5_ws/build/robotiq_3f_gripper_ros2_control/install.log'
[1.132s] Invoked command in '/home/xdkazer/Dual_Kuka_LLM_Bachelor/p5_ws/src/robutler/gripper_control/robotiq_3f_gripper_ros2_control' returned '0': AMENT_PREFIX_PATH=/home/xdkazer/Dual_Kuka_LLM_Bachelor/p5_ws/install/robotiq_3f_gripper_ros2_interfaces:${AMENT_PREFIX_PATH} CMAKE_PREFIX_PATH=/home/xdkazer/Dual_Kuka_LLM_Bachelor/p5_ws/install/robotiq_3f_gripper_ros2_interfaces:${CMAKE_PREFIX_PATH} LD_LIBRARY_PATH=/home/xdkazer/Dual_Kuka_LLM_Bachelor/p5_ws/install/robotiq_3f_gripper_ros2_interfaces/lib:${LD_LIBRARY_PATH} PYTHONPATH=/home/xdkazer/Dual_Kuka_LLM_Bachelor/p5_ws/build/robotiq_3f_gripper_ros2_control/prefix_override:/usr/lib/python3/dist-packages/colcon_core/task/python/colcon_distutils_commands:/home/xdkazer/Dual_Kuka_LLM_Bachelor/p5_ws/install/robotiq_3f_gripper_ros2_control/lib/python3.10/site-packages:/home/xdkazer/Dual_Kuka_LLM_Bachelor/p5_ws/install/robotiq_3f_gripper_ros2_interfaces/local/lib/python3.10/dist-packages:${PYTHONPATH} /usr/bin/python3 -W ignore:setup.py install is deprecated -W ignore:easy_install command is deprecated setup.py egg_info --egg-base ../../../../build/robotiq_3f_gripper_ros2_control build --build-base /home/xdkazer/Dual_Kuka_LLM_Bachelor/p5_ws/build/robotiq_3f_gripper_ros2_control/build install --record /home/xdkazer/Dual_Kuka_LLM_Bachelor/p5_ws/build/robotiq_3f_gripper_ros2_control/install.log --single-version-externally-managed install_data
