/home/xdkazer/Dual_Kuka_LLM_Bachelor/p5_ws/install/generate_parameter_library_py/lib/python3.10/site-packages/generate_parameter_library_py/setup_helper.py
/home/xdkazer/Dual_Kuka_LLM_Bachelor/p5_ws/install/generate_parameter_library_py/lib/python3.10/site-packages/generate_parameter_library_py/parse_yaml.py
/home/xdkazer/Dual_Kuka_LLM_Bachelor/p5_ws/install/generate_parameter_library_py/lib/python3.10/site-packages/generate_parameter_library_py/python_convertions.py
/home/xdkazer/Dual_Kuka_LLM_Bachelor/p5_ws/install/generate_parameter_library_py/lib/python3.10/site-packages/generate_parameter_library_py/generate_cpp_header.py
/home/xdkazer/Dual_Kuka_LLM_Bachelor/p5_ws/install/generate_parameter_library_py/lib/python3.10/site-packages/generate_parameter_library_py/__init__.py
/home/xdkazer/Dual_Kuka_LLM_Bachelor/p5_ws/install/generate_parameter_library_py/lib/python3.10/site-packages/generate_parameter_library_py/python_validators.py
/home/xdkazer/Dual_Kuka_LLM_Bachelor/p5_ws/install/generate_parameter_library_py/lib/python3.10/site-packages/generate_parameter_library_py/generate_markdown.py
/home/xdkazer/Dual_Kuka_LLM_Bachelor/p5_ws/install/generate_parameter_library_py/lib/python3.10/site-packages/generate_parameter_library_py/cpp_convertions.py
/home/xdkazer/Dual_Kuka_LLM_Bachelor/p5_ws/install/generate_parameter_library_py/lib/python3.10/site-packages/generate_parameter_library_py/string_filters_cpp.py
/home/xdkazer/Dual_Kuka_LLM_Bachelor/p5_ws/install/generate_parameter_library_py/lib/python3.10/site-packages/generate_parameter_library_py/generate_python_module.py
/home/xdkazer/Dual_Kuka_LLM_Bachelor/p5_ws/install/generate_parameter_library_py/lib/python3.10/site-packages/generate_parameter_library_py/jinja_templates/cpp/declare_parameter
/home/xdkazer/Dual_Kuka_LLM_Bachelor/p5_ws/install/generate_parameter_library_py/lib/python3.10/site-packages/generate_parameter_library_py/jinja_templates/cpp/declare_runtime_parameter
/home/xdkazer/Dual_Kuka_LLM_Bachelor/p5_ws/install/generate_parameter_library_py/lib/python3.10/site-packages/generate_parameter_library_py/jinja_templates/cpp/declare_struct
/home/xdkazer/Dual_Kuka_LLM_Bachelor/p5_ws/install/generate_parameter_library_py/lib/python3.10/site-packages/generate_parameter_library_py/jinja_templates/cpp/declare_variable
/home/xdkazer/Dual_Kuka_LLM_Bachelor/p5_ws/install/generate_parameter_library_py/lib/python3.10/site-packages/generate_parameter_library_py/jinja_templates/cpp/parameter_library_header
/home/xdkazer/Dual_Kuka_LLM_Bachelor/p5_ws/install/generate_parameter_library_py/lib/python3.10/site-packages/generate_parameter_library_py/jinja_templates/cpp/parameter_validation
/home/xdkazer/Dual_Kuka_LLM_Bachelor/p5_ws/install/generate_parameter_library_py/lib/python3.10/site-packages/generate_parameter_library_py/jinja_templates/cpp/remove_runtime_parameter
/home/xdkazer/Dual_Kuka_LLM_Bachelor/p5_ws/install/generate_parameter_library_py/lib/python3.10/site-packages/generate_parameter_library_py/jinja_templates/cpp/set_parameter
/home/xdkazer/Dual_Kuka_LLM_Bachelor/p5_ws/install/generate_parameter_library_py/lib/python3.10/site-packages/generate_parameter_library_py/jinja_templates/cpp/set_runtime_parameter
/home/xdkazer/Dual_Kuka_LLM_Bachelor/p5_ws/install/generate_parameter_library_py/lib/python3.10/site-packages/generate_parameter_library_py/jinja_templates/cpp/set_stack_params
/home/xdkazer/Dual_Kuka_LLM_Bachelor/p5_ws/install/generate_parameter_library_py/lib/python3.10/site-packages/generate_parameter_library_py/jinja_templates/cpp/update_parameter
/home/xdkazer/Dual_Kuka_LLM_Bachelor/p5_ws/install/generate_parameter_library_py/lib/python3.10/site-packages/generate_parameter_library_py/jinja_templates/cpp/update_runtime_parameter
/home/xdkazer/Dual_Kuka_LLM_Bachelor/p5_ws/install/generate_parameter_library_py/lib/python3.10/site-packages/generate_parameter_library_py/jinja_templates/markdown/default_config
/home/xdkazer/Dual_Kuka_LLM_Bachelor/p5_ws/install/generate_parameter_library_py/lib/python3.10/site-packages/generate_parameter_library_py/jinja_templates/markdown/documentation
/home/xdkazer/Dual_Kuka_LLM_Bachelor/p5_ws/install/generate_parameter_library_py/lib/python3.10/site-packages/generate_parameter_library_py/jinja_templates/markdown/parameter_detail
/home/xdkazer/Dual_Kuka_LLM_Bachelor/p5_ws/install/generate_parameter_library_py/lib/python3.10/site-packages/generate_parameter_library_py/jinja_templates/rst/default_config
/home/xdkazer/Dual_Kuka_LLM_Bachelor/p5_ws/install/generate_parameter_library_py/lib/python3.10/site-packages/generate_parameter_library_py/jinja_templates/rst/documentation
/home/xdkazer/Dual_Kuka_LLM_Bachelor/p5_ws/install/generate_parameter_library_py/lib/python3.10/site-packages/generate_parameter_library_py/jinja_templates/rst/parameter_detail
/home/xdkazer/Dual_Kuka_LLM_Bachelor/p5_ws/install/generate_parameter_library_py/lib/python3.10/site-packages/generate_parameter_library_py/jinja_templates/python/declare_parameter
/home/xdkazer/Dual_Kuka_LLM_Bachelor/p5_ws/install/generate_parameter_library_py/lib/python3.10/site-packages/generate_parameter_library_py/jinja_templates/python/declare_runtime_parameter
/home/xdkazer/Dual_Kuka_LLM_Bachelor/p5_ws/install/generate_parameter_library_py/lib/python3.10/site-packages/generate_parameter_library_py/jinja_templates/python/declare_struct
/home/xdkazer/Dual_Kuka_LLM_Bachelor/p5_ws/install/generate_parameter_library_py/lib/python3.10/site-packages/generate_parameter_library_py/jinja_templates/python/declare_variable
/home/xdkazer/Dual_Kuka_LLM_Bachelor/p5_ws/install/generate_parameter_library_py/lib/python3.10/site-packages/generate_parameter_library_py/jinja_templates/python/parameter_library_header
/home/xdkazer/Dual_Kuka_LLM_Bachelor/p5_ws/install/generate_parameter_library_py/lib/python3.10/site-packages/generate_parameter_library_py/jinja_templates/python/parameter_validation
/home/xdkazer/Dual_Kuka_LLM_Bachelor/p5_ws/install/generate_parameter_library_py/lib/python3.10/site-packages/generate_parameter_library_py/jinja_templates/python/remove_runtime_parameter
/home/xdkazer/Dual_Kuka_LLM_Bachelor/p5_ws/install/generate_parameter_library_py/lib/python3.10/site-packages/generate_parameter_library_py/jinja_templates/python/set_parameter
/home/xdkazer/Dual_Kuka_LLM_Bachelor/p5_ws/install/generate_parameter_library_py/lib/python3.10/site-packages/generate_parameter_library_py/jinja_templates/python/set_runtime_parameter
/home/xdkazer/Dual_Kuka_LLM_Bachelor/p5_ws/install/generate_parameter_library_py/lib/python3.10/site-packages/generate_parameter_library_py/jinja_templates/python/set_stack_params
/home/xdkazer/Dual_Kuka_LLM_Bachelor/p5_ws/install/generate_parameter_library_py/lib/python3.10/site-packages/generate_parameter_library_py/jinja_templates/python/update_parameter
/home/xdkazer/Dual_Kuka_LLM_Bachelor/p5_ws/install/generate_parameter_library_py/lib/python3.10/site-packages/generate_parameter_library_py/jinja_templates/python/update_runtime_parameter
/home/xdkazer/Dual_Kuka_LLM_Bachelor/p5_ws/install/generate_parameter_library_py/lib/python3.10/site-packages/generate_parameter_library_py/__pycache__/setup_helper.cpython-310.pyc
/home/xdkazer/Dual_Kuka_LLM_Bachelor/p5_ws/install/generate_parameter_library_py/lib/python3.10/site-packages/generate_parameter_library_py/__pycache__/parse_yaml.cpython-310.pyc
/home/xdkazer/Dual_Kuka_LLM_Bachelor/p5_ws/install/generate_parameter_library_py/lib/python3.10/site-packages/generate_parameter_library_py/__pycache__/python_convertions.cpython-310.pyc
/home/xdkazer/Dual_Kuka_LLM_Bachelor/p5_ws/install/generate_parameter_library_py/lib/python3.10/site-packages/generate_parameter_library_py/__pycache__/generate_cpp_header.cpython-310.pyc
/home/xdkazer/Dual_Kuka_LLM_Bachelor/p5_ws/install/generate_parameter_library_py/lib/python3.10/site-packages/generate_parameter_library_py/__pycache__/__init__.cpython-310.pyc
/home/xdkazer/Dual_Kuka_LLM_Bachelor/p5_ws/install/generate_parameter_library_py/lib/python3.10/site-packages/generate_parameter_library_py/__pycache__/python_validators.cpython-310.pyc
/home/xdkazer/Dual_Kuka_LLM_Bachelor/p5_ws/install/generate_parameter_library_py/lib/python3.10/site-packages/generate_parameter_library_py/__pycache__/generate_markdown.cpython-310.pyc
/home/xdkazer/Dual_Kuka_LLM_Bachelor/p5_ws/install/generate_parameter_library_py/lib/python3.10/site-packages/generate_parameter_library_py/__pycache__/cpp_convertions.cpython-310.pyc
/home/xdkazer/Dual_Kuka_LLM_Bachelor/p5_ws/install/generate_parameter_library_py/lib/python3.10/site-packages/generate_parameter_library_py/__pycache__/string_filters_cpp.cpython-310.pyc
/home/xdkazer/Dual_Kuka_LLM_Bachelor/p5_ws/install/generate_parameter_library_py/lib/python3.10/site-packages/generate_parameter_library_py/__pycache__/generate_python_module.cpython-310.pyc
/home/xdkazer/Dual_Kuka_LLM_Bachelor/p5_ws/install/generate_parameter_library_py/share/generate_parameter_library_py/package.xml
/home/xdkazer/Dual_Kuka_LLM_Bachelor/p5_ws/install/generate_parameter_library_py/share/generate_parameter_library_py/test/wrong_default_type.yaml
/home/xdkazer/Dual_Kuka_LLM_Bachelor/p5_ws/install/generate_parameter_library_py/share/generate_parameter_library_py/test/missing_type.yaml
/home/xdkazer/Dual_Kuka_LLM_Bachelor/p5_ws/install/generate_parameter_library_py/share/generate_parameter_library_py/test/invalid_syntax.yaml
/home/xdkazer/Dual_Kuka_LLM_Bachelor/p5_ws/install/generate_parameter_library_py/share/generate_parameter_library_py/test/invalid_parameter_type.yaml
/home/xdkazer/Dual_Kuka_LLM_Bachelor/p5_ws/install/generate_parameter_library_py/share/generate_parameter_library_py/test/valid_parameters.yaml
/home/xdkazer/Dual_Kuka_LLM_Bachelor/p5_ws/install/generate_parameter_library_py/share/generate_parameter_library_py/test/valid_parameters_with_none_type.yaml
/home/xdkazer/Dual_Kuka_LLM_Bachelor/p5_ws/install/generate_parameter_library_py/share/ament_index/resource_index/packages/generate_parameter_library_py
/home/xdkazer/Dual_Kuka_LLM_Bachelor/p5_ws/install/generate_parameter_library_py/lib/python3.10/site-packages/generate_parameter_library_py-0.3.7-py3.10.egg-info/SOURCES.txt
/home/xdkazer/Dual_Kuka_LLM_Bachelor/p5_ws/install/generate_parameter_library_py/lib/python3.10/site-packages/generate_parameter_library_py-0.3.7-py3.10.egg-info/top_level.txt
/home/xdkazer/Dual_Kuka_LLM_Bachelor/p5_ws/install/generate_parameter_library_py/lib/python3.10/site-packages/generate_parameter_library_py-0.3.7-py3.10.egg-info/entry_points.txt
/home/xdkazer/Dual_Kuka_LLM_Bachelor/p5_ws/install/generate_parameter_library_py/lib/python3.10/site-packages/generate_parameter_library_py-0.3.7-py3.10.egg-info/PKG-INFO
/home/xdkazer/Dual_Kuka_LLM_Bachelor/p5_ws/install/generate_parameter_library_py/lib/python3.10/site-packages/generate_parameter_library_py-0.3.7-py3.10.egg-info/not-zip-safe
/home/xdkazer/Dual_Kuka_LLM_Bachelor/p5_ws/install/generate_parameter_library_py/lib/python3.10/site-packages/generate_parameter_library_py-0.3.7-py3.10.egg-info/requires.txt
/home/xdkazer/Dual_Kuka_LLM_Bachelor/p5_ws/install/generate_parameter_library_py/lib/python3.10/site-packages/generate_parameter_library_py-0.3.7-py3.10.egg-info/dependency_links.txt
/home/xdkazer/Dual_Kuka_LLM_Bachelor/p5_ws/install/generate_parameter_library_py/bin/generate_parameter_library_cpp
/home/xdkazer/Dual_Kuka_LLM_Bachelor/p5_ws/install/generate_parameter_library_py/bin/generate_parameter_library_markdown
/home/xdkazer/Dual_Kuka_LLM_Bachelor/p5_ws/install/generate_parameter_library_py/bin/generate_parameter_library_python
