-- The C compiler identification is GNU 11.4.0
-- The CXX compiler identification is GNU 11.4.0
-- Detecting C compiler ABI info
-- Detecting C compiler ABI info - done
-- Check for working C compiler: /usr/bin/cc - skipped
-- Detecting C compile features
-- Detecting C compile features - done
-- Detecting CXX compiler ABI info
-- Detecting CXX compiler ABI info - done
-- Check for working CXX compiler: /usr/bin/c++ - skipped
-- Detecting CXX compile features
-- Detecting CXX compile features - done
-- Found ament_cmake: 1.3.10 (/opt/ros/humble/share/ament_cmake/cmake)
-- Found Python3: /usr/bin/python3 (found version "3.10.12") found components: Interpreter 
-- Found builtin_interfaces: 1.2.1 (/opt/ros/humble/share/builtin_interfaces/cmake)
-- Found rosidl_generator_c: 3.1.5 (/opt/ros/humble/share/rosidl_generator_c/cmake)
-- Found rosidl_adapter: 3.1.5 (/opt/ros/humble/share/rosidl_adapter/cmake)
-- Found rosidl_generator_cpp: 3.1.5 (/opt/ros/humble/share/rosidl_generator_cpp/cmake)
-- Using all available rosidl_typesupport_c: rosidl_typesupport_fastrtps_c;rosidl_typesupport_introspection_c
-- Using all available rosidl_typesupport_cpp: rosidl_typesupport_fastrtps_cpp;rosidl_typesupport_introspection_cpp
-- Found rosidl_default_generators: 1.2.0 (/opt/ros/humble/share/rosidl_default_generators/cmake)
-- Found ament_cmake_cppcheck: 0.12.11 (/opt/ros/humble/share/ament_cmake_cppcheck/cmake)
-- Found ament_cmake_cpplint: 0.12.11 (/opt/ros/humble/share/ament_cmake_cpplint/cmake)
-- Found ament_cmake_uncrustify: 0.12.11 (/opt/ros/humble/share/ament_cmake_uncrustify/cmake)
-- Found ament_cmake_ros: 0.10.0 (/opt/ros/humble/share/ament_cmake_ros/cmake)
-- Using all available rosidl_typesupport_c: rosidl_typesupport_fastrtps_c;rosidl_typesupport_introspection_c
-- Using all available rosidl_typesupport_cpp: rosidl_typesupport_fastrtps_cpp;rosidl_typesupport_introspection_cpp
-- Found PythonInterp: /usr/bin/python3 (found suitable version "3.10.12", minimum required is "3.6") 
-- Found python_cmake_module: 0.10.0 (/opt/ros/humble/share/python_cmake_module/cmake)
-- Found PythonLibs: /usr/lib/x86_64-linux-gnu/libpython3.10.so (found suitable version "3.10.12", minimum required is "3.5") 
-- Using PYTHON_EXECUTABLE: /usr/bin/python3
-- Using PYTHON_INCLUDE_DIRS: /usr/include/python3.10
-- Using PYTHON_LIBRARIES: /usr/lib/x86_64-linux-gnu/libpython3.10.so
-- Found PythonExtra: .so  
-- Found ament_cmake_flake8: 0.12.11 (/opt/ros/humble/share/ament_cmake_flake8/cmake)
-- Found ament_cmake_pep257: 0.12.11 (/opt/ros/humble/share/ament_cmake_pep257/cmake)
-- Found gtest sources under '/opt/ros/humble/src/gtest_vendor': C++ tests using 'Google Test' will be built
-- Looking for pthread.h
-- Looking for pthread.h - found
-- Performing Test CMAKE_HAVE_LIBC_PTHREAD
-- Performing Test CMAKE_HAVE_LIBC_PTHREAD - Success
-- Found Threads: TRUE  
-- Configuring done
-- Generating done
-- Build files have been written to: /home/xdkazer/Dual_Kuka_LLM_Bachelor/p5_ws/build/lbr_fri_idl
[  1%] [34m[1mGenerating C code for ROS interfaces[0m
[  2%] [34m[1mGenerating C++ code for ROS interfaces[0m
[  2%] Built target ament_cmake_python_copy_lbr_fri_idl
[  4%] [32mBuilding CXX object gtest/CMakeFiles/gtest.dir/src/gtest-all.cc.o[0m
[  5%] [32mBuilding CXX object gtest/CMakeFiles/gtest_main.dir/src/gtest_main.cc.o[0m
[  7%] [32mBuilding C object CMakeFiles/lbr_fri_idl__rosidl_generator_c.dir/rosidl_generator_c/lbr_fri_idl/msg/detail/lbr_command__functions.c.o[0m
[  8%] [32mBuilding C object CMakeFiles/lbr_fri_idl__rosidl_generator_c.dir/rosidl_generator_c/lbr_fri_idl/msg/detail/lbr_joint_position_command__functions.c.o[0m
[ 10%] [32m[1mLinking CXX static library libgtest_main.a[0m
[ 11%] [32mBuilding C object CMakeFiles/lbr_fri_idl__rosidl_generator_c.dir/rosidl_generator_c/lbr_fri_idl/msg/detail/lbr_state__functions.c.o[0m
[ 11%] Built target gtest_main
[ 11%] Built target lbr_fri_idl__cpp
[ 13%] [34m[1mGenerating C++ type support dispatch for ROS interfaces[0m
[ 14%] [32mBuilding C object CMakeFiles/lbr_fri_idl__rosidl_generator_c.dir/rosidl_generator_c/lbr_fri_idl/msg/detail/lbr_torque_command__functions.c.o[0m
running egg_info
creating lbr_fri_idl.egg-info
writing lbr_fri_idl.egg-info/PKG-INFO
writing dependency_links to lbr_fri_idl.egg-info/dependency_links.txt
writing top-level names to lbr_fri_idl.egg-info/top_level.txt
writing manifest file 'lbr_fri_idl.egg-info/SOURCES.txt'
reading manifest file 'lbr_fri_idl.egg-info/SOURCES.txt'
writing manifest file 'lbr_fri_idl.egg-info/SOURCES.txt'
[ 15%] [32mBuilding C object CMakeFiles/lbr_fri_idl__rosidl_generator_c.dir/rosidl_generator_c/lbr_fri_idl/msg/detail/lbr_wrench_command__functions.c.o[0m
[ 15%] Built target ament_cmake_python_build_lbr_fri_idl_egg
[ 17%] [34m[1mGenerating C++ type support for eProsima Fast-RTPS[0m
[ 18%] [32m[1mLinking C shared library liblbr_fri_idl__rosidl_generator_c.so[0m
[ 18%] Built target lbr_fri_idl__rosidl_generator_c
[ 20%] [34m[1mGenerating C++ introspection for ROS interfaces[0m
[ 21%] [32mBuilding CXX object CMakeFiles/lbr_fri_idl__rosidl_typesupport_cpp.dir/rosidl_typesupport_cpp/lbr_fri_idl/msg/lbr_command__type_support.cpp.o[0m
[ 23%] [32mBuilding CXX object CMakeFiles/lbr_fri_idl__rosidl_typesupport_fastrtps_cpp.dir/rosidl_typesupport_fastrtps_cpp/lbr_fri_idl/msg/detail/dds_fastrtps/lbr_command__type_support.cpp.o[0m
[ 24%] [32mBuilding CXX object CMakeFiles/lbr_fri_idl__rosidl_typesupport_cpp.dir/rosidl_typesupport_cpp/lbr_fri_idl/msg/lbr_joint_position_command__type_support.cpp.o[0m
[ 26%] [32mBuilding CXX object CMakeFiles/lbr_fri_idl__rosidl_typesupport_introspection_cpp.dir/rosidl_typesupport_introspection_cpp/lbr_fri_idl/msg/detail/lbr_command__type_support.cpp.o[0m
[ 27%] [32mBuilding CXX object CMakeFiles/lbr_fri_idl__rosidl_typesupport_fastrtps_cpp.dir/rosidl_typesupport_fastrtps_cpp/lbr_fri_idl/msg/detail/dds_fastrtps/lbr_joint_position_command__type_support.cpp.o[0m
[ 28%] [32mBuilding CXX object CMakeFiles/lbr_fri_idl__rosidl_typesupport_cpp.dir/rosidl_typesupport_cpp/lbr_fri_idl/msg/lbr_state__type_support.cpp.o[0m
[ 30%] [32mBuilding CXX object CMakeFiles/lbr_fri_idl__rosidl_typesupport_fastrtps_cpp.dir/rosidl_typesupport_fastrtps_cpp/lbr_fri_idl/msg/detail/dds_fastrtps/lbr_state__type_support.cpp.o[0m
[ 31%] [32mBuilding CXX object CMakeFiles/lbr_fri_idl__rosidl_typesupport_introspection_cpp.dir/rosidl_typesupport_introspection_cpp/lbr_fri_idl/msg/detail/lbr_joint_position_command__type_support.cpp.o[0m
[ 33%] [32mBuilding CXX object CMakeFiles/lbr_fri_idl__rosidl_typesupport_cpp.dir/rosidl_typesupport_cpp/lbr_fri_idl/msg/lbr_torque_command__type_support.cpp.o[0m
[ 34%] [32mBuilding CXX object CMakeFiles/lbr_fri_idl__rosidl_typesupport_cpp.dir/rosidl_typesupport_cpp/lbr_fri_idl/msg/lbr_wrench_command__type_support.cpp.o[0m
[ 36%] [32mBuilding CXX object CMakeFiles/lbr_fri_idl__rosidl_typesupport_fastrtps_cpp.dir/rosidl_typesupport_fastrtps_cpp/lbr_fri_idl/msg/detail/dds_fastrtps/lbr_torque_command__type_support.cpp.o[0m
[ 37%] [32mBuilding CXX object CMakeFiles/lbr_fri_idl__rosidl_typesupport_introspection_cpp.dir/rosidl_typesupport_introspection_cpp/lbr_fri_idl/msg/detail/lbr_state__type_support.cpp.o[0m
[ 39%] [32m[1mLinking CXX shared library liblbr_fri_idl__rosidl_typesupport_cpp.so[0m
[ 39%] Built target lbr_fri_idl__rosidl_typesupport_cpp
[ 40%] [32mBuilding CXX object CMakeFiles/lbr_fri_idl__rosidl_typesupport_fastrtps_cpp.dir/rosidl_typesupport_fastrtps_cpp/lbr_fri_idl/msg/detail/dds_fastrtps/lbr_wrench_command__type_support.cpp.o[0m
[ 42%] [34m[1mGenerating C type support for eProsima Fast-RTPS[0m
[ 43%] [32mBuilding CXX object CMakeFiles/lbr_fri_idl__rosidl_typesupport_introspection_cpp.dir/rosidl_typesupport_introspection_cpp/lbr_fri_idl/msg/detail/lbr_torque_command__type_support.cpp.o[0m
[ 44%] [32m[1mLinking CXX shared library liblbr_fri_idl__rosidl_typesupport_fastrtps_cpp.so[0m
[ 44%] Built target lbr_fri_idl__rosidl_typesupport_fastrtps_cpp
[ 46%] [32mBuilding CXX object CMakeFiles/lbr_fri_idl__rosidl_typesupport_introspection_cpp.dir/rosidl_typesupport_introspection_cpp/lbr_fri_idl/msg/detail/lbr_wrench_command__type_support.cpp.o[0m
[ 47%] [32m[1mLinking CXX shared library liblbr_fri_idl__rosidl_typesupport_introspection_cpp.so[0m
[ 49%] [32mBuilding CXX object CMakeFiles/lbr_fri_idl__rosidl_typesupport_fastrtps_c.dir/rosidl_typesupport_fastrtps_c/lbr_fri_idl/msg/detail/lbr_command__type_support_c.cpp.o[0m
[ 49%] Built target lbr_fri_idl__rosidl_typesupport_introspection_cpp
[ 50%] [32mBuilding CXX object CMakeFiles/lbr_fri_idl__rosidl_typesupport_fastrtps_c.dir/rosidl_typesupport_fastrtps_c/lbr_fri_idl/msg/detail/lbr_joint_position_command__type_support_c.cpp.o[0m
[ 52%] [32mBuilding CXX object CMakeFiles/lbr_fri_idl__rosidl_typesupport_fastrtps_c.dir/rosidl_typesupport_fastrtps_c/lbr_fri_idl/msg/detail/lbr_state__type_support_c.cpp.o[0m
[ 53%] [32mBuilding CXX object CMakeFiles/lbr_fri_idl__rosidl_typesupport_fastrtps_c.dir/rosidl_typesupport_fastrtps_c/lbr_fri_idl/msg/detail/lbr_torque_command__type_support_c.cpp.o[0m
[ 55%] [32mBuilding CXX object CMakeFiles/lbr_fri_idl__rosidl_typesupport_fastrtps_c.dir/rosidl_typesupport_fastrtps_c/lbr_fri_idl/msg/detail/lbr_wrench_command__type_support_c.cpp.o[0m
[ 56%] [32m[1mLinking CXX static library libgtest.a[0m
[ 56%] Built target gtest
[ 57%] [32m[1mLinking CXX shared library liblbr_fri_idl__rosidl_typesupport_fastrtps_c.so[0m
[ 57%] Built target lbr_fri_idl__rosidl_typesupport_fastrtps_c
[ 59%] [32mBuilding CXX object CMakeFiles/lbr_fri_idl_test_command_interfaces.dir/test/test_command_interfaces.cpp.o[0m
[ 60%] [32m[1mLinking CXX executable lbr_fri_idl_test_command_interfaces[0m
[ 60%] Built target lbr_fri_idl_test_command_interfaces
[ 62%] [34m[1mGenerating C type support dispatch for ROS interfaces[0m
[ 63%] [32mBuilding CXX object CMakeFiles/lbr_fri_idl__rosidl_typesupport_c.dir/rosidl_typesupport_c/lbr_fri_idl/msg/lbr_command__type_support.cpp.o[0m
[ 65%] [32mBuilding CXX object CMakeFiles/lbr_fri_idl__rosidl_typesupport_c.dir/rosidl_typesupport_c/lbr_fri_idl/msg/lbr_state__type_support.cpp.o[0m
[ 66%] [32mBuilding CXX object CMakeFiles/lbr_fri_idl__rosidl_typesupport_c.dir/rosidl_typesupport_c/lbr_fri_idl/msg/lbr_torque_command__type_support.cpp.o[0m
[ 68%] [32mBuilding CXX object CMakeFiles/lbr_fri_idl__rosidl_typesupport_c.dir/rosidl_typesupport_c/lbr_fri_idl/msg/lbr_wrench_command__type_support.cpp.o[0m
[ 69%] [32mBuilding CXX object CMakeFiles/lbr_fri_idl__rosidl_typesupport_c.dir/rosidl_typesupport_c/lbr_fri_idl/msg/lbr_joint_position_command__type_support.cpp.o[0m
[ 71%] [32m[1mLinking CXX shared library liblbr_fri_idl__rosidl_typesupport_c.so[0m
[ 71%] Built target lbr_fri_idl__rosidl_typesupport_c
[ 72%] [34m[1mGenerating C introspection for ROS interfaces[0m
[ 73%] [32mBuilding C object CMakeFiles/lbr_fri_idl__rosidl_typesupport_introspection_c.dir/rosidl_typesupport_introspection_c/lbr_fri_idl/msg/detail/lbr_command__type_support.c.o[0m
[ 75%] [32mBuilding C object CMakeFiles/lbr_fri_idl__rosidl_typesupport_introspection_c.dir/rosidl_typesupport_introspection_c/lbr_fri_idl/msg/detail/lbr_torque_command__type_support.c.o[0m
[ 76%] [32mBuilding C object CMakeFiles/lbr_fri_idl__rosidl_typesupport_introspection_c.dir/rosidl_typesupport_introspection_c/lbr_fri_idl/msg/detail/lbr_wrench_command__type_support.c.o[0m
[ 78%] [32mBuilding C object CMakeFiles/lbr_fri_idl__rosidl_typesupport_introspection_c.dir/rosidl_typesupport_introspection_c/lbr_fri_idl/msg/detail/lbr_state__type_support.c.o[0m
[ 79%] [32mBuilding C object CMakeFiles/lbr_fri_idl__rosidl_typesupport_introspection_c.dir/rosidl_typesupport_introspection_c/lbr_fri_idl/msg/detail/lbr_joint_position_command__type_support.c.o[0m
[ 81%] [32m[1mLinking C shared library liblbr_fri_idl__rosidl_typesupport_introspection_c.so[0m
[ 81%] Built target lbr_fri_idl__rosidl_typesupport_introspection_c
[ 81%] Built target lbr_fri_idl
[ 82%] [34m[1mGenerating Python code for ROS interfaces[0m
[ 82%] Built target lbr_fri_idl__py
[ 84%] [32mBuilding C object CMakeFiles/lbr_fri_idl__rosidl_generator_py.dir/rosidl_generator_py/lbr_fri_idl/msg/_lbr_command_s.c.o[0m
[ 85%] [32mBuilding C object CMakeFiles/lbr_fri_idl__rosidl_generator_py.dir/rosidl_generator_py/lbr_fri_idl/msg/_lbr_torque_command_s.c.o[0m
[ 86%] [32mBuilding C object CMakeFiles/lbr_fri_idl__rosidl_generator_py.dir/rosidl_generator_py/lbr_fri_idl/msg/_lbr_wrench_command_s.c.o[0m
[ 88%] [32mBuilding C object CMakeFiles/lbr_fri_idl__rosidl_generator_py.dir/rosidl_generator_py/lbr_fri_idl/msg/_lbr_state_s.c.o[0m
[ 89%] [32mBuilding C object CMakeFiles/lbr_fri_idl__rosidl_generator_py.dir/rosidl_generator_py/lbr_fri_idl/msg/_lbr_joint_position_command_s.c.o[0m
[ 91%] [32m[1mLinking C shared library rosidl_generator_py/lbr_fri_idl/liblbr_fri_idl__rosidl_generator_py.so[0m
[ 91%] Built target lbr_fri_idl__rosidl_generator_py
[ 92%] [32mBuilding C object CMakeFiles/lbr_fri_idl__rosidl_typesupport_fastrtps_c__pyext.dir/rosidl_generator_py/lbr_fri_idl/_lbr_fri_idl_s.ep.rosidl_typesupport_fastrtps_c.c.o[0m
[ 94%] [32m[1mLinking C shared library rosidl_generator_py/lbr_fri_idl/lbr_fri_idl_s__rosidl_typesupport_fastrtps_c.cpython-310-x86_64-linux-gnu.so[0m
[ 94%] Built target lbr_fri_idl__rosidl_typesupport_fastrtps_c__pyext
[ 95%] [32mBuilding C object CMakeFiles/lbr_fri_idl__rosidl_typesupport_c__pyext.dir/rosidl_generator_py/lbr_fri_idl/_lbr_fri_idl_s.ep.rosidl_typesupport_c.c.o[0m
[ 97%] [32m[1mLinking C shared library rosidl_generator_py/lbr_fri_idl/lbr_fri_idl_s__rosidl_typesupport_c.cpython-310-x86_64-linux-gnu.so[0m
[ 97%] Built target lbr_fri_idl__rosidl_typesupport_c__pyext
[ 98%] [32mBuilding C object CMakeFiles/lbr_fri_idl__rosidl_typesupport_introspection_c__pyext.dir/rosidl_generator_py/lbr_fri_idl/_lbr_fri_idl_s.ep.rosidl_typesupport_introspection_c.c.o[0m
[100%] [32m[1mLinking C shared library rosidl_generator_py/lbr_fri_idl/lbr_fri_idl_s__rosidl_typesupport_introspection_c.cpython-310-x86_64-linux-gnu.so[0m
[100%] Built target lbr_fri_idl__rosidl_typesupport_introspection_c__pyext
-- Install configuration: "Release"
-- Installing: /home/xdkazer/Dual_Kuka_LLM_Bachelor/p5_ws/install/lbr_fri_idl/share/ament_index/resource_index/rosidl_interfaces/lbr_fri_idl
-- Installing: /home/xdkazer/Dual_Kuka_LLM_Bachelor/p5_ws/install/lbr_fri_idl/include/lbr_fri_idl/lbr_fri_idl
-- Installing: /home/xdkazer/Dual_Kuka_LLM_Bachelor/p5_ws/install/lbr_fri_idl/include/lbr_fri_idl/lbr_fri_idl/msg
-- Installing: /home/xdkazer/Dual_Kuka_LLM_Bachelor/p5_ws/install/lbr_fri_idl/include/lbr_fri_idl/lbr_fri_idl/msg/lbr_wrench_command.h
-- Installing: /home/xdkazer/Dual_Kuka_LLM_Bachelor/p5_ws/install/lbr_fri_idl/include/lbr_fri_idl/lbr_fri_idl/msg/lbr_torque_command.h
-- Installing: /home/xdkazer/Dual_Kuka_LLM_Bachelor/p5_ws/install/lbr_fri_idl/include/lbr_fri_idl/lbr_fri_idl/msg/rosidl_generator_c__visibility_control.h
-- Installing: /home/xdkazer/Dual_Kuka_LLM_Bachelor/p5_ws/install/lbr_fri_idl/include/lbr_fri_idl/lbr_fri_idl/msg/detail
-- Installing: /home/xdkazer/Dual_Kuka_LLM_Bachelor/p5_ws/install/lbr_fri_idl/include/lbr_fri_idl/lbr_fri_idl/msg/detail/lbr_joint_position_command__struct.h
-- Installing: /home/xdkazer/Dual_Kuka_LLM_Bachelor/p5_ws/install/lbr_fri_idl/include/lbr_fri_idl/lbr_fri_idl/msg/detail/lbr_torque_command__functions.c
-- Installing: /home/xdkazer/Dual_Kuka_LLM_Bachelor/p5_ws/install/lbr_fri_idl/include/lbr_fri_idl/lbr_fri_idl/msg/detail/lbr_command__struct.h
-- Installing: /home/xdkazer/Dual_Kuka_LLM_Bachelor/p5_ws/install/lbr_fri_idl/include/lbr_fri_idl/lbr_fri_idl/msg/detail/lbr_torque_command__type_support.h
-- Installing: /home/xdkazer/Dual_Kuka_LLM_Bachelor/p5_ws/install/lbr_fri_idl/include/lbr_fri_idl/lbr_fri_idl/msg/detail/lbr_joint_position_command__type_support.h
-- Installing: /home/xdkazer/Dual_Kuka_LLM_Bachelor/p5_ws/install/lbr_fri_idl/include/lbr_fri_idl/lbr_fri_idl/msg/detail/lbr_wrench_command__functions.h
-- Installing: /home/xdkazer/Dual_Kuka_LLM_Bachelor/p5_ws/install/lbr_fri_idl/include/lbr_fri_idl/lbr_fri_idl/msg/detail/lbr_joint_position_command__functions.c
-- Installing: /home/xdkazer/Dual_Kuka_LLM_Bachelor/p5_ws/install/lbr_fri_idl/include/lbr_fri_idl/lbr_fri_idl/msg/detail/lbr_command__functions.c
-- Installing: /home/xdkazer/Dual_Kuka_LLM_Bachelor/p5_ws/install/lbr_fri_idl/include/lbr_fri_idl/lbr_fri_idl/msg/detail/lbr_state__struct.h
-- Installing: /home/xdkazer/Dual_Kuka_LLM_Bachelor/p5_ws/install/lbr_fri_idl/include/lbr_fri_idl/lbr_fri_idl/msg/detail/lbr_state__type_support.h
-- Installing: /home/xdkazer/Dual_Kuka_LLM_Bachelor/p5_ws/install/lbr_fri_idl/include/lbr_fri_idl/lbr_fri_idl/msg/detail/lbr_command__type_support.h
-- Installing: /home/xdkazer/Dual_Kuka_LLM_Bachelor/p5_ws/install/lbr_fri_idl/include/lbr_fri_idl/lbr_fri_idl/msg/detail/lbr_command__functions.h
-- Installing: /home/xdkazer/Dual_Kuka_LLM_Bachelor/p5_ws/install/lbr_fri_idl/include/lbr_fri_idl/lbr_fri_idl/msg/detail/lbr_wrench_command__struct.h
-- Installing: /home/xdkazer/Dual_Kuka_LLM_Bachelor/p5_ws/install/lbr_fri_idl/include/lbr_fri_idl/lbr_fri_idl/msg/detail/lbr_state__functions.c
-- Installing: /home/xdkazer/Dual_Kuka_LLM_Bachelor/p5_ws/install/lbr_fri_idl/include/lbr_fri_idl/lbr_fri_idl/msg/detail/lbr_joint_position_command__functions.h
-- Installing: /home/xdkazer/Dual_Kuka_LLM_Bachelor/p5_ws/install/lbr_fri_idl/include/lbr_fri_idl/lbr_fri_idl/msg/detail/lbr_torque_command__struct.h
-- Installing: /home/xdkazer/Dual_Kuka_LLM_Bachelor/p5_ws/install/lbr_fri_idl/include/lbr_fri_idl/lbr_fri_idl/msg/detail/lbr_torque_command__functions.h
-- Installing: /home/xdkazer/Dual_Kuka_LLM_Bachelor/p5_ws/install/lbr_fri_idl/include/lbr_fri_idl/lbr_fri_idl/msg/detail/lbr_wrench_command__type_support.h
-- Installing: /home/xdkazer/Dual_Kuka_LLM_Bachelor/p5_ws/install/lbr_fri_idl/include/lbr_fri_idl/lbr_fri_idl/msg/detail/lbr_wrench_command__functions.c
-- Installing: /home/xdkazer/Dual_Kuka_LLM_Bachelor/p5_ws/install/lbr_fri_idl/include/lbr_fri_idl/lbr_fri_idl/msg/detail/lbr_state__functions.h
-- Installing: /home/xdkazer/Dual_Kuka_LLM_Bachelor/p5_ws/install/lbr_fri_idl/include/lbr_fri_idl/lbr_fri_idl/msg/lbr_state.h
-- Installing: /home/xdkazer/Dual_Kuka_LLM_Bachelor/p5_ws/install/lbr_fri_idl/include/lbr_fri_idl/lbr_fri_idl/msg/lbr_command.h
-- Installing: /home/xdkazer/Dual_Kuka_LLM_Bachelor/p5_ws/install/lbr_fri_idl/include/lbr_fri_idl/lbr_fri_idl/msg/lbr_joint_position_command.h
-- Installing: /home/xdkazer/Dual_Kuka_LLM_Bachelor/p5_ws/install/lbr_fri_idl/share/lbr_fri_idl/environment/library_path.sh
-- Installing: /home/xdkazer/Dual_Kuka_LLM_Bachelor/p5_ws/install/lbr_fri_idl/share/lbr_fri_idl/environment/library_path.dsv
-- Installing: /home/xdkazer/Dual_Kuka_LLM_Bachelor/p5_ws/install/lbr_fri_idl/lib/liblbr_fri_idl__rosidl_generator_c.so
-- Set runtime path of "/home/xdkazer/Dual_Kuka_LLM_Bachelor/p5_ws/install/lbr_fri_idl/lib/liblbr_fri_idl__rosidl_generator_c.so" to ""
-- Up-to-date: /home/xdkazer/Dual_Kuka_LLM_Bachelor/p5_ws/install/lbr_fri_idl/include/lbr_fri_idl/lbr_fri_idl
-- Up-to-date: /home/xdkazer/Dual_Kuka_LLM_Bachelor/p5_ws/install/lbr_fri_idl/include/lbr_fri_idl/lbr_fri_idl/msg
-- Installing: /home/xdkazer/Dual_Kuka_LLM_Bachelor/p5_ws/install/lbr_fri_idl/include/lbr_fri_idl/lbr_fri_idl/msg/rosidl_typesupport_fastrtps_c__visibility_control.h
-- Up-to-date: /home/xdkazer/Dual_Kuka_LLM_Bachelor/p5_ws/install/lbr_fri_idl/include/lbr_fri_idl/lbr_fri_idl/msg/detail
-- Installing: /home/xdkazer/Dual_Kuka_LLM_Bachelor/p5_ws/install/lbr_fri_idl/include/lbr_fri_idl/lbr_fri_idl/msg/detail/lbr_state__rosidl_typesupport_fastrtps_c.h
-- Installing: /home/xdkazer/Dual_Kuka_LLM_Bachelor/p5_ws/install/lbr_fri_idl/include/lbr_fri_idl/lbr_fri_idl/msg/detail/lbr_wrench_command__rosidl_typesupport_fastrtps_c.h
-- Installing: /home/xdkazer/Dual_Kuka_LLM_Bachelor/p5_ws/install/lbr_fri_idl/include/lbr_fri_idl/lbr_fri_idl/msg/detail/lbr_command__rosidl_typesupport_fastrtps_c.h
-- Installing: /home/xdkazer/Dual_Kuka_LLM_Bachelor/p5_ws/install/lbr_fri_idl/include/lbr_fri_idl/lbr_fri_idl/msg/detail/lbr_joint_position_command__rosidl_typesupport_fastrtps_c.h
-- Installing: /home/xdkazer/Dual_Kuka_LLM_Bachelor/p5_ws/install/lbr_fri_idl/include/lbr_fri_idl/lbr_fri_idl/msg/detail/lbr_torque_command__rosidl_typesupport_fastrtps_c.h
-- Installing: /home/xdkazer/Dual_Kuka_LLM_Bachelor/p5_ws/install/lbr_fri_idl/lib/liblbr_fri_idl__rosidl_typesupport_fastrtps_c.so
-- Set runtime path of "/home/xdkazer/Dual_Kuka_LLM_Bachelor/p5_ws/install/lbr_fri_idl/lib/liblbr_fri_idl__rosidl_typesupport_fastrtps_c.so" to ""
-- Up-to-date: /home/xdkazer/Dual_Kuka_LLM_Bachelor/p5_ws/install/lbr_fri_idl/include/lbr_fri_idl/lbr_fri_idl
-- Up-to-date: /home/xdkazer/Dual_Kuka_LLM_Bachelor/p5_ws/install/lbr_fri_idl/include/lbr_fri_idl/lbr_fri_idl/msg
-- Up-to-date: /home/xdkazer/Dual_Kuka_LLM_Bachelor/p5_ws/install/lbr_fri_idl/include/lbr_fri_idl/lbr_fri_idl/msg/detail
-- Installing: /home/xdkazer/Dual_Kuka_LLM_Bachelor/p5_ws/install/lbr_fri_idl/include/lbr_fri_idl/lbr_fri_idl/msg/detail/lbr_state__traits.hpp
-- Installing: /home/xdkazer/Dual_Kuka_LLM_Bachelor/p5_ws/install/lbr_fri_idl/include/lbr_fri_idl/lbr_fri_idl/msg/detail/lbr_state__struct.hpp
-- Installing: /home/xdkazer/Dual_Kuka_LLM_Bachelor/p5_ws/install/lbr_fri_idl/include/lbr_fri_idl/lbr_fri_idl/msg/detail/lbr_torque_command__builder.hpp
-- Installing: /home/xdkazer/Dual_Kuka_LLM_Bachelor/p5_ws/install/lbr_fri_idl/include/lbr_fri_idl/lbr_fri_idl/msg/detail/lbr_wrench_command__struct.hpp
-- Installing: /home/xdkazer/Dual_Kuka_LLM_Bachelor/p5_ws/install/lbr_fri_idl/include/lbr_fri_idl/lbr_fri_idl/msg/detail/lbr_state__builder.hpp
-- Installing: /home/xdkazer/Dual_Kuka_LLM_Bachelor/p5_ws/install/lbr_fri_idl/include/lbr_fri_idl/lbr_fri_idl/msg/detail/lbr_wrench_command__builder.hpp
-- Installing: /home/xdkazer/Dual_Kuka_LLM_Bachelor/p5_ws/install/lbr_fri_idl/include/lbr_fri_idl/lbr_fri_idl/msg/detail/lbr_wrench_command__traits.hpp
-- Installing: /home/xdkazer/Dual_Kuka_LLM_Bachelor/p5_ws/install/lbr_fri_idl/include/lbr_fri_idl/lbr_fri_idl/msg/detail/lbr_command__builder.hpp
-- Installing: /home/xdkazer/Dual_Kuka_LLM_Bachelor/p5_ws/install/lbr_fri_idl/include/lbr_fri_idl/lbr_fri_idl/msg/detail/lbr_joint_position_command__builder.hpp
-- Installing: /home/xdkazer/Dual_Kuka_LLM_Bachelor/p5_ws/install/lbr_fri_idl/include/lbr_fri_idl/lbr_fri_idl/msg/detail/lbr_joint_position_command__struct.hpp
-- Installing: /home/xdkazer/Dual_Kuka_LLM_Bachelor/p5_ws/install/lbr_fri_idl/include/lbr_fri_idl/lbr_fri_idl/msg/detail/lbr_torque_command__traits.hpp
-- Installing: /home/xdkazer/Dual_Kuka_LLM_Bachelor/p5_ws/install/lbr_fri_idl/include/lbr_fri_idl/lbr_fri_idl/msg/detail/lbr_command__struct.hpp
-- Installing: /home/xdkazer/Dual_Kuka_LLM_Bachelor/p5_ws/install/lbr_fri_idl/include/lbr_fri_idl/lbr_fri_idl/msg/detail/lbr_joint_position_command__traits.hpp
-- Installing: /home/xdkazer/Dual_Kuka_LLM_Bachelor/p5_ws/install/lbr_fri_idl/include/lbr_fri_idl/lbr_fri_idl/msg/detail/lbr_torque_command__struct.hpp
-- Installing: /home/xdkazer/Dual_Kuka_LLM_Bachelor/p5_ws/install/lbr_fri_idl/include/lbr_fri_idl/lbr_fri_idl/msg/detail/lbr_command__traits.hpp
-- Installing: /home/xdkazer/Dual_Kuka_LLM_Bachelor/p5_ws/install/lbr_fri_idl/include/lbr_fri_idl/lbr_fri_idl/msg/lbr_wrench_command.hpp
-- Installing: /home/xdkazer/Dual_Kuka_LLM_Bachelor/p5_ws/install/lbr_fri_idl/include/lbr_fri_idl/lbr_fri_idl/msg/lbr_state.hpp
-- Installing: /home/xdkazer/Dual_Kuka_LLM_Bachelor/p5_ws/install/lbr_fri_idl/include/lbr_fri_idl/lbr_fri_idl/msg/lbr_torque_command.hpp
-- Installing: /home/xdkazer/Dual_Kuka_LLM_Bachelor/p5_ws/install/lbr_fri_idl/include/lbr_fri_idl/lbr_fri_idl/msg/lbr_command.hpp
-- Installing: /home/xdkazer/Dual_Kuka_LLM_Bachelor/p5_ws/install/lbr_fri_idl/include/lbr_fri_idl/lbr_fri_idl/msg/lbr_joint_position_command.hpp
-- Up-to-date: /home/xdkazer/Dual_Kuka_LLM_Bachelor/p5_ws/install/lbr_fri_idl/include/lbr_fri_idl/lbr_fri_idl
-- Up-to-date: /home/xdkazer/Dual_Kuka_LLM_Bachelor/p5_ws/install/lbr_fri_idl/include/lbr_fri_idl/lbr_fri_idl/msg
-- Up-to-date: /home/xdkazer/Dual_Kuka_LLM_Bachelor/p5_ws/install/lbr_fri_idl/include/lbr_fri_idl/lbr_fri_idl/msg/detail
-- Installing: /home/xdkazer/Dual_Kuka_LLM_Bachelor/p5_ws/install/lbr_fri_idl/include/lbr_fri_idl/lbr_fri_idl/msg/detail/lbr_command__rosidl_typesupport_fastrtps_cpp.hpp
-- Installing: /home/xdkazer/Dual_Kuka_LLM_Bachelor/p5_ws/install/lbr_fri_idl/include/lbr_fri_idl/lbr_fri_idl/msg/detail/lbr_torque_command__rosidl_typesupport_fastrtps_cpp.hpp
-- Installing: /home/xdkazer/Dual_Kuka_LLM_Bachelor/p5_ws/install/lbr_fri_idl/include/lbr_fri_idl/lbr_fri_idl/msg/detail/lbr_state__rosidl_typesupport_fastrtps_cpp.hpp
-- Installing: /home/xdkazer/Dual_Kuka_LLM_Bachelor/p5_ws/install/lbr_fri_idl/include/lbr_fri_idl/lbr_fri_idl/msg/detail/lbr_joint_position_command__rosidl_typesupport_fastrtps_cpp.hpp
-- Installing: /home/xdkazer/Dual_Kuka_LLM_Bachelor/p5_ws/install/lbr_fri_idl/include/lbr_fri_idl/lbr_fri_idl/msg/detail/dds_fastrtps
-- Installing: /home/xdkazer/Dual_Kuka_LLM_Bachelor/p5_ws/install/lbr_fri_idl/include/lbr_fri_idl/lbr_fri_idl/msg/detail/lbr_wrench_command__rosidl_typesupport_fastrtps_cpp.hpp
-- Installing: /home/xdkazer/Dual_Kuka_LLM_Bachelor/p5_ws/install/lbr_fri_idl/include/lbr_fri_idl/lbr_fri_idl/msg/rosidl_typesupport_fastrtps_cpp__visibility_control.h
-- Installing: /home/xdkazer/Dual_Kuka_LLM_Bachelor/p5_ws/install/lbr_fri_idl/lib/liblbr_fri_idl__rosidl_typesupport_fastrtps_cpp.so
-- Set runtime path of "/home/xdkazer/Dual_Kuka_LLM_Bachelor/p5_ws/install/lbr_fri_idl/lib/liblbr_fri_idl__rosidl_typesupport_fastrtps_cpp.so" to ""
-- Up-to-date: /home/xdkazer/Dual_Kuka_LLM_Bachelor/p5_ws/install/lbr_fri_idl/include/lbr_fri_idl/lbr_fri_idl
-- Up-to-date: /home/xdkazer/Dual_Kuka_LLM_Bachelor/p5_ws/install/lbr_fri_idl/include/lbr_fri_idl/lbr_fri_idl/msg
-- Installing: /home/xdkazer/Dual_Kuka_LLM_Bachelor/p5_ws/install/lbr_fri_idl/include/lbr_fri_idl/lbr_fri_idl/msg/rosidl_typesupport_introspection_c__visibility_control.h
-- Up-to-date: /home/xdkazer/Dual_Kuka_LLM_Bachelor/p5_ws/install/lbr_fri_idl/include/lbr_fri_idl/lbr_fri_idl/msg/detail
-- Installing: /home/xdkazer/Dual_Kuka_LLM_Bachelor/p5_ws/install/lbr_fri_idl/include/lbr_fri_idl/lbr_fri_idl/msg/detail/lbr_command__rosidl_typesupport_introspection_c.h
-- Installing: /home/xdkazer/Dual_Kuka_LLM_Bachelor/p5_ws/install/lbr_fri_idl/include/lbr_fri_idl/lbr_fri_idl/msg/detail/lbr_torque_command__type_support.c
-- Installing: /home/xdkazer/Dual_Kuka_LLM_Bachelor/p5_ws/install/lbr_fri_idl/include/lbr_fri_idl/lbr_fri_idl/msg/detail/lbr_torque_command__rosidl_typesupport_introspection_c.h
-- Installing: /home/xdkazer/Dual_Kuka_LLM_Bachelor/p5_ws/install/lbr_fri_idl/include/lbr_fri_idl/lbr_fri_idl/msg/detail/lbr_joint_position_command__rosidl_typesupport_introspection_c.h
-- Installing: /home/xdkazer/Dual_Kuka_LLM_Bachelor/p5_ws/install/lbr_fri_idl/include/lbr_fri_idl/lbr_fri_idl/msg/detail/lbr_wrench_command__rosidl_typesupport_introspection_c.h
-- Installing: /home/xdkazer/Dual_Kuka_LLM_Bachelor/p5_ws/install/lbr_fri_idl/include/lbr_fri_idl/lbr_fri_idl/msg/detail/lbr_state__rosidl_typesupport_introspection_c.h
-- Installing: /home/xdkazer/Dual_Kuka_LLM_Bachelor/p5_ws/install/lbr_fri_idl/include/lbr_fri_idl/lbr_fri_idl/msg/detail/lbr_command__type_support.c
-- Installing: /home/xdkazer/Dual_Kuka_LLM_Bachelor/p5_ws/install/lbr_fri_idl/include/lbr_fri_idl/lbr_fri_idl/msg/detail/lbr_state__type_support.c
-- Installing: /home/xdkazer/Dual_Kuka_LLM_Bachelor/p5_ws/install/lbr_fri_idl/include/lbr_fri_idl/lbr_fri_idl/msg/detail/lbr_joint_position_command__type_support.c
-- Installing: /home/xdkazer/Dual_Kuka_LLM_Bachelor/p5_ws/install/lbr_fri_idl/include/lbr_fri_idl/lbr_fri_idl/msg/detail/lbr_wrench_command__type_support.c
-- Installing: /home/xdkazer/Dual_Kuka_LLM_Bachelor/p5_ws/install/lbr_fri_idl/lib/liblbr_fri_idl__rosidl_typesupport_introspection_c.so
-- Set runtime path of "/home/xdkazer/Dual_Kuka_LLM_Bachelor/p5_ws/install/lbr_fri_idl/lib/liblbr_fri_idl__rosidl_typesupport_introspection_c.so" to ""
-- Installing: /home/xdkazer/Dual_Kuka_LLM_Bachelor/p5_ws/install/lbr_fri_idl/lib/liblbr_fri_idl__rosidl_typesupport_c.so
-- Set runtime path of "/home/xdkazer/Dual_Kuka_LLM_Bachelor/p5_ws/install/lbr_fri_idl/lib/liblbr_fri_idl__rosidl_typesupport_c.so" to ""
-- Up-to-date: /home/xdkazer/Dual_Kuka_LLM_Bachelor/p5_ws/install/lbr_fri_idl/include/lbr_fri_idl/lbr_fri_idl
-- Up-to-date: /home/xdkazer/Dual_Kuka_LLM_Bachelor/p5_ws/install/lbr_fri_idl/include/lbr_fri_idl/lbr_fri_idl/msg
-- Up-to-date: /home/xdkazer/Dual_Kuka_LLM_Bachelor/p5_ws/install/lbr_fri_idl/include/lbr_fri_idl/lbr_fri_idl/msg/detail
-- Installing: /home/xdkazer/Dual_Kuka_LLM_Bachelor/p5_ws/install/lbr_fri_idl/include/lbr_fri_idl/lbr_fri_idl/msg/detail/lbr_torque_command__type_support.cpp
-- Installing: /home/xdkazer/Dual_Kuka_LLM_Bachelor/p5_ws/install/lbr_fri_idl/include/lbr_fri_idl/lbr_fri_idl/msg/detail/lbr_joint_position_command__type_support.cpp
-- Installing: /home/xdkazer/Dual_Kuka_LLM_Bachelor/p5_ws/install/lbr_fri_idl/include/lbr_fri_idl/lbr_fri_idl/msg/detail/lbr_command__type_support.cpp
-- Installing: /home/xdkazer/Dual_Kuka_LLM_Bachelor/p5_ws/install/lbr_fri_idl/include/lbr_fri_idl/lbr_fri_idl/msg/detail/lbr_wrench_command__type_support.cpp
-- Installing: /home/xdkazer/Dual_Kuka_LLM_Bachelor/p5_ws/install/lbr_fri_idl/include/lbr_fri_idl/lbr_fri_idl/msg/detail/lbr_wrench_command__rosidl_typesupport_introspection_cpp.hpp
-- Installing: /home/xdkazer/Dual_Kuka_LLM_Bachelor/p5_ws/install/lbr_fri_idl/include/lbr_fri_idl/lbr_fri_idl/msg/detail/lbr_state__type_support.cpp
-- Installing: /home/xdkazer/Dual_Kuka_LLM_Bachelor/p5_ws/install/lbr_fri_idl/include/lbr_fri_idl/lbr_fri_idl/msg/detail/lbr_command__rosidl_typesupport_introspection_cpp.hpp
-- Installing: /home/xdkazer/Dual_Kuka_LLM_Bachelor/p5_ws/install/lbr_fri_idl/include/lbr_fri_idl/lbr_fri_idl/msg/detail/lbr_torque_command__rosidl_typesupport_introspection_cpp.hpp
-- Installing: /home/xdkazer/Dual_Kuka_LLM_Bachelor/p5_ws/install/lbr_fri_idl/include/lbr_fri_idl/lbr_fri_idl/msg/detail/lbr_state__rosidl_typesupport_introspection_cpp.hpp
-- Installing: /home/xdkazer/Dual_Kuka_LLM_Bachelor/p5_ws/install/lbr_fri_idl/include/lbr_fri_idl/lbr_fri_idl/msg/detail/lbr_joint_position_command__rosidl_typesupport_introspection_cpp.hpp
-- Installing: /home/xdkazer/Dual_Kuka_LLM_Bachelor/p5_ws/install/lbr_fri_idl/lib/liblbr_fri_idl__rosidl_typesupport_introspection_cpp.so
-- Set runtime path of "/home/xdkazer/Dual_Kuka_LLM_Bachelor/p5_ws/install/lbr_fri_idl/lib/liblbr_fri_idl__rosidl_typesupport_introspection_cpp.so" to ""
-- Installing: /home/xdkazer/Dual_Kuka_LLM_Bachelor/p5_ws/install/lbr_fri_idl/lib/liblbr_fri_idl__rosidl_typesupport_cpp.so
-- Set runtime path of "/home/xdkazer/Dual_Kuka_LLM_Bachelor/p5_ws/install/lbr_fri_idl/lib/liblbr_fri_idl__rosidl_typesupport_cpp.so" to ""
-- Installing: /home/xdkazer/Dual_Kuka_LLM_Bachelor/p5_ws/install/lbr_fri_idl/share/lbr_fri_idl/environment/pythonpath.sh
-- Installing: /home/xdkazer/Dual_Kuka_LLM_Bachelor/p5_ws/install/lbr_fri_idl/share/lbr_fri_idl/environment/pythonpath.dsv
-- Installing: /home/xdkazer/Dual_Kuka_LLM_Bachelor/p5_ws/install/lbr_fri_idl/local/lib/python3.10/dist-packages/lbr_fri_idl-1.5.0-py3.10.egg-info
-- Installing: /home/xdkazer/Dual_Kuka_LLM_Bachelor/p5_ws/install/lbr_fri_idl/local/lib/python3.10/dist-packages/lbr_fri_idl-1.5.0-py3.10.egg-info/SOURCES.txt
-- Installing: /home/xdkazer/Dual_Kuka_LLM_Bachelor/p5_ws/install/lbr_fri_idl/local/lib/python3.10/dist-packages/lbr_fri_idl-1.5.0-py3.10.egg-info/top_level.txt
-- Installing: /home/xdkazer/Dual_Kuka_LLM_Bachelor/p5_ws/install/lbr_fri_idl/local/lib/python3.10/dist-packages/lbr_fri_idl-1.5.0-py3.10.egg-info/PKG-INFO
-- Installing: /home/xdkazer/Dual_Kuka_LLM_Bachelor/p5_ws/install/lbr_fri_idl/local/lib/python3.10/dist-packages/lbr_fri_idl-1.5.0-py3.10.egg-info/dependency_links.txt
-- Installing: /home/xdkazer/Dual_Kuka_LLM_Bachelor/p5_ws/install/lbr_fri_idl/local/lib/python3.10/dist-packages/lbr_fri_idl
-- Installing: /home/xdkazer/Dual_Kuka_LLM_Bachelor/p5_ws/install/lbr_fri_idl/local/lib/python3.10/dist-packages/lbr_fri_idl/lbr_fri_idl_s__rosidl_typesupport_c.cpython-310-x86_64-linux-gnu.so
-- Installing: /home/xdkazer/Dual_Kuka_LLM_Bachelor/p5_ws/install/lbr_fri_idl/local/lib/python3.10/dist-packages/lbr_fri_idl/msg
-- Installing: /home/xdkazer/Dual_Kuka_LLM_Bachelor/p5_ws/install/lbr_fri_idl/local/lib/python3.10/dist-packages/lbr_fri_idl/msg/_lbr_state.py
-- Installing: /home/xdkazer/Dual_Kuka_LLM_Bachelor/p5_ws/install/lbr_fri_idl/local/lib/python3.10/dist-packages/lbr_fri_idl/msg/_lbr_wrench_command_s.c
-- Installing: /home/xdkazer/Dual_Kuka_LLM_Bachelor/p5_ws/install/lbr_fri_idl/local/lib/python3.10/dist-packages/lbr_fri_idl/msg/_lbr_torque_command.py
-- Installing: /home/xdkazer/Dual_Kuka_LLM_Bachelor/p5_ws/install/lbr_fri_idl/local/lib/python3.10/dist-packages/lbr_fri_idl/msg/_lbr_joint_position_command_s.c
-- Installing: /home/xdkazer/Dual_Kuka_LLM_Bachelor/p5_ws/install/lbr_fri_idl/local/lib/python3.10/dist-packages/lbr_fri_idl/msg/_lbr_command_s.c
-- Installing: /home/xdkazer/Dual_Kuka_LLM_Bachelor/p5_ws/install/lbr_fri_idl/local/lib/python3.10/dist-packages/lbr_fri_idl/msg/_lbr_joint_position_command.py
-- Installing: /home/xdkazer/Dual_Kuka_LLM_Bachelor/p5_ws/install/lbr_fri_idl/local/lib/python3.10/dist-packages/lbr_fri_idl/msg/_lbr_state_s.c
-- Installing: /home/xdkazer/Dual_Kuka_LLM_Bachelor/p5_ws/install/lbr_fri_idl/local/lib/python3.10/dist-packages/lbr_fri_idl/msg/__init__.py
-- Installing: /home/xdkazer/Dual_Kuka_LLM_Bachelor/p5_ws/install/lbr_fri_idl/local/lib/python3.10/dist-packages/lbr_fri_idl/msg/_lbr_torque_command_s.c
-- Installing: /home/xdkazer/Dual_Kuka_LLM_Bachelor/p5_ws/install/lbr_fri_idl/local/lib/python3.10/dist-packages/lbr_fri_idl/msg/_lbr_command.py
-- Installing: /home/xdkazer/Dual_Kuka_LLM_Bachelor/p5_ws/install/lbr_fri_idl/local/lib/python3.10/dist-packages/lbr_fri_idl/msg/_lbr_wrench_command.py
-- Installing: /home/xdkazer/Dual_Kuka_LLM_Bachelor/p5_ws/install/lbr_fri_idl/local/lib/python3.10/dist-packages/lbr_fri_idl/lbr_fri_idl_s__rosidl_typesupport_introspection_c.cpython-310-x86_64-linux-gnu.so
-- Installing: /home/xdkazer/Dual_Kuka_LLM_Bachelor/p5_ws/install/lbr_fri_idl/local/lib/python3.10/dist-packages/lbr_fri_idl/liblbr_fri_idl__rosidl_generator_py.so
-- Installing: /home/xdkazer/Dual_Kuka_LLM_Bachelor/p5_ws/install/lbr_fri_idl/local/lib/python3.10/dist-packages/lbr_fri_idl/__init__.py
-- Installing: /home/xdkazer/Dual_Kuka_LLM_Bachelor/p5_ws/install/lbr_fri_idl/local/lib/python3.10/dist-packages/lbr_fri_idl/lbr_fri_idl_s__rosidl_typesupport_fastrtps_c.cpython-310-x86_64-linux-gnu.so
-- Installing: /home/xdkazer/Dual_Kuka_LLM_Bachelor/p5_ws/install/lbr_fri_idl/local/lib/python3.10/dist-packages/lbr_fri_idl/_lbr_fri_idl_s.ep.rosidl_typesupport_c.c
-- Installing: /home/xdkazer/Dual_Kuka_LLM_Bachelor/p5_ws/install/lbr_fri_idl/local/lib/python3.10/dist-packages/lbr_fri_idl/_lbr_fri_idl_s.ep.rosidl_typesupport_fastrtps_c.c
-- Installing: /home/xdkazer/Dual_Kuka_LLM_Bachelor/p5_ws/install/lbr_fri_idl/local/lib/python3.10/dist-packages/lbr_fri_idl/_lbr_fri_idl_s.ep.rosidl_typesupport_introspection_c.c
Listing '/home/xdkazer/Dual_Kuka_LLM_Bachelor/p5_ws/install/lbr_fri_idl/local/lib/python3.10/dist-packages/lbr_fri_idl'...
Compiling '/home/xdkazer/Dual_Kuka_LLM_Bachelor/p5_ws/install/lbr_fri_idl/local/lib/python3.10/dist-packages/lbr_fri_idl/__init__.py'...
Listing '/home/xdkazer/Dual_Kuka_LLM_Bachelor/p5_ws/install/lbr_fri_idl/local/lib/python3.10/dist-packages/lbr_fri_idl/msg'...
Compiling '/home/xdkazer/Dual_Kuka_LLM_Bachelor/p5_ws/install/lbr_fri_idl/local/lib/python3.10/dist-packages/lbr_fri_idl/msg/__init__.py'...
Compiling '/home/xdkazer/Dual_Kuka_LLM_Bachelor/p5_ws/install/lbr_fri_idl/local/lib/python3.10/dist-packages/lbr_fri_idl/msg/_lbr_command.py'...
Compiling '/home/xdkazer/Dual_Kuka_LLM_Bachelor/p5_ws/install/lbr_fri_idl/local/lib/python3.10/dist-packages/lbr_fri_idl/msg/_lbr_joint_position_command.py'...
Compiling '/home/xdkazer/Dual_Kuka_LLM_Bachelor/p5_ws/install/lbr_fri_idl/local/lib/python3.10/dist-packages/lbr_fri_idl/msg/_lbr_state.py'...
Compiling '/home/xdkazer/Dual_Kuka_LLM_Bachelor/p5_ws/install/lbr_fri_idl/local/lib/python3.10/dist-packages/lbr_fri_idl/msg/_lbr_torque_command.py'...
Compiling '/home/xdkazer/Dual_Kuka_LLM_Bachelor/p5_ws/install/lbr_fri_idl/local/lib/python3.10/dist-packages/lbr_fri_idl/msg/_lbr_wrench_command.py'...
-- Installing: /home/xdkazer/Dual_Kuka_LLM_Bachelor/p5_ws/install/lbr_fri_idl/local/lib/python3.10/dist-packages/lbr_fri_idl/lbr_fri_idl_s__rosidl_typesupport_fastrtps_c.cpython-310-x86_64-linux-gnu.so
-- Set runtime path of "/home/xdkazer/Dual_Kuka_LLM_Bachelor/p5_ws/install/lbr_fri_idl/local/lib/python3.10/dist-packages/lbr_fri_idl/lbr_fri_idl_s__rosidl_typesupport_fastrtps_c.cpython-310-x86_64-linux-gnu.so" to ""
-- Installing: /home/xdkazer/Dual_Kuka_LLM_Bachelor/p5_ws/install/lbr_fri_idl/local/lib/python3.10/dist-packages/lbr_fri_idl/lbr_fri_idl_s__rosidl_typesupport_introspection_c.cpython-310-x86_64-linux-gnu.so
-- Set runtime path of "/home/xdkazer/Dual_Kuka_LLM_Bachelor/p5_ws/install/lbr_fri_idl/local/lib/python3.10/dist-packages/lbr_fri_idl/lbr_fri_idl_s__rosidl_typesupport_introspection_c.cpython-310-x86_64-linux-gnu.so" to ""
-- Installing: /home/xdkazer/Dual_Kuka_LLM_Bachelor/p5_ws/install/lbr_fri_idl/local/lib/python3.10/dist-packages/lbr_fri_idl/lbr_fri_idl_s__rosidl_typesupport_c.cpython-310-x86_64-linux-gnu.so
-- Set runtime path of "/home/xdkazer/Dual_Kuka_LLM_Bachelor/p5_ws/install/lbr_fri_idl/local/lib/python3.10/dist-packages/lbr_fri_idl/lbr_fri_idl_s__rosidl_typesupport_c.cpython-310-x86_64-linux-gnu.so" to ""
-- Installing: /home/xdkazer/Dual_Kuka_LLM_Bachelor/p5_ws/install/lbr_fri_idl/lib/liblbr_fri_idl__rosidl_generator_py.so
-- Set runtime path of "/home/xdkazer/Dual_Kuka_LLM_Bachelor/p5_ws/install/lbr_fri_idl/lib/liblbr_fri_idl__rosidl_generator_py.so" to ""
-- Installing: /home/xdkazer/Dual_Kuka_LLM_Bachelor/p5_ws/install/lbr_fri_idl/share/lbr_fri_idl/msg/LBRCommand.idl
-- Installing: /home/xdkazer/Dual_Kuka_LLM_Bachelor/p5_ws/install/lbr_fri_idl/share/lbr_fri_idl/msg/LBRJointPositionCommand.idl
-- Installing: /home/xdkazer/Dual_Kuka_LLM_Bachelor/p5_ws/install/lbr_fri_idl/share/lbr_fri_idl/msg/LBRState.idl
-- Installing: /home/xdkazer/Dual_Kuka_LLM_Bachelor/p5_ws/install/lbr_fri_idl/share/lbr_fri_idl/msg/LBRTorqueCommand.idl
-- Installing: /home/xdkazer/Dual_Kuka_LLM_Bachelor/p5_ws/install/lbr_fri_idl/share/lbr_fri_idl/msg/LBRWrenchCommand.idl
-- Installing: /home/xdkazer/Dual_Kuka_LLM_Bachelor/p5_ws/install/lbr_fri_idl/share/lbr_fri_idl/msg/LBRCommand.msg
-- Installing: /home/xdkazer/Dual_Kuka_LLM_Bachelor/p5_ws/install/lbr_fri_idl/share/lbr_fri_idl/msg/LBRJointPositionCommand.msg
-- Installing: /home/xdkazer/Dual_Kuka_LLM_Bachelor/p5_ws/install/lbr_fri_idl/share/lbr_fri_idl/msg/LBRState.msg
-- Installing: /home/xdkazer/Dual_Kuka_LLM_Bachelor/p5_ws/install/lbr_fri_idl/share/lbr_fri_idl/msg/LBRTorqueCommand.msg
-- Installing: /home/xdkazer/Dual_Kuka_LLM_Bachelor/p5_ws/install/lbr_fri_idl/share/lbr_fri_idl/msg/LBRWrenchCommand.msg
-- Installing: /home/xdkazer/Dual_Kuka_LLM_Bachelor/p5_ws/install/lbr_fri_idl/share/ament_index/resource_index/package_run_dependencies/lbr_fri_idl
-- Installing: /home/xdkazer/Dual_Kuka_LLM_Bachelor/p5_ws/install/lbr_fri_idl/share/ament_index/resource_index/parent_prefix_path/lbr_fri_idl
-- Installing: /home/xdkazer/Dual_Kuka_LLM_Bachelor/p5_ws/install/lbr_fri_idl/share/lbr_fri_idl/environment/ament_prefix_path.sh
-- Installing: /home/xdkazer/Dual_Kuka_LLM_Bachelor/p5_ws/install/lbr_fri_idl/share/lbr_fri_idl/environment/ament_prefix_path.dsv
-- Installing: /home/xdkazer/Dual_Kuka_LLM_Bachelor/p5_ws/install/lbr_fri_idl/share/lbr_fri_idl/environment/path.sh
-- Installing: /home/xdkazer/Dual_Kuka_LLM_Bachelor/p5_ws/install/lbr_fri_idl/share/lbr_fri_idl/environment/path.dsv
-- Installing: /home/xdkazer/Dual_Kuka_LLM_Bachelor/p5_ws/install/lbr_fri_idl/share/lbr_fri_idl/local_setup.bash
-- Installing: /home/xdkazer/Dual_Kuka_LLM_Bachelor/p5_ws/install/lbr_fri_idl/share/lbr_fri_idl/local_setup.sh
-- Installing: /home/xdkazer/Dual_Kuka_LLM_Bachelor/p5_ws/install/lbr_fri_idl/share/lbr_fri_idl/local_setup.zsh
-- Installing: /home/xdkazer/Dual_Kuka_LLM_Bachelor/p5_ws/install/lbr_fri_idl/share/lbr_fri_idl/local_setup.dsv
-- Installing: /home/xdkazer/Dual_Kuka_LLM_Bachelor/p5_ws/install/lbr_fri_idl/share/lbr_fri_idl/package.dsv
-- Installing: /home/xdkazer/Dual_Kuka_LLM_Bachelor/p5_ws/install/lbr_fri_idl/share/ament_index/resource_index/packages/lbr_fri_idl
-- Installing: /home/xdkazer/Dual_Kuka_LLM_Bachelor/p5_ws/install/lbr_fri_idl/share/lbr_fri_idl/cmake/export_lbr_fri_idl__rosidl_generator_cExport.cmake
-- Installing: /home/xdkazer/Dual_Kuka_LLM_Bachelor/p5_ws/install/lbr_fri_idl/share/lbr_fri_idl/cmake/export_lbr_fri_idl__rosidl_generator_cExport-release.cmake
-- Installing: /home/xdkazer/Dual_Kuka_LLM_Bachelor/p5_ws/install/lbr_fri_idl/share/lbr_fri_idl/cmake/export_lbr_fri_idl__rosidl_typesupport_fastrtps_cExport.cmake
-- Installing: /home/xdkazer/Dual_Kuka_LLM_Bachelor/p5_ws/install/lbr_fri_idl/share/lbr_fri_idl/cmake/export_lbr_fri_idl__rosidl_typesupport_fastrtps_cExport-release.cmake
-- Installing: /home/xdkazer/Dual_Kuka_LLM_Bachelor/p5_ws/install/lbr_fri_idl/share/lbr_fri_idl/cmake/export_lbr_fri_idl__rosidl_generator_cppExport.cmake
-- Installing: /home/xdkazer/Dual_Kuka_LLM_Bachelor/p5_ws/install/lbr_fri_idl/share/lbr_fri_idl/cmake/export_lbr_fri_idl__rosidl_typesupport_fastrtps_cppExport.cmake
-- Installing: /home/xdkazer/Dual_Kuka_LLM_Bachelor/p5_ws/install/lbr_fri_idl/share/lbr_fri_idl/cmake/export_lbr_fri_idl__rosidl_typesupport_fastrtps_cppExport-release.cmake
-- Installing: /home/xdkazer/Dual_Kuka_LLM_Bachelor/p5_ws/install/lbr_fri_idl/share/lbr_fri_idl/cmake/lbr_fri_idl__rosidl_typesupport_introspection_cExport.cmake
-- Installing: /home/xdkazer/Dual_Kuka_LLM_Bachelor/p5_ws/install/lbr_fri_idl/share/lbr_fri_idl/cmake/lbr_fri_idl__rosidl_typesupport_introspection_cExport-release.cmake
-- Installing: /home/xdkazer/Dual_Kuka_LLM_Bachelor/p5_ws/install/lbr_fri_idl/share/lbr_fri_idl/cmake/lbr_fri_idl__rosidl_typesupport_cExport.cmake
-- Installing: /home/xdkazer/Dual_Kuka_LLM_Bachelor/p5_ws/install/lbr_fri_idl/share/lbr_fri_idl/cmake/lbr_fri_idl__rosidl_typesupport_cExport-release.cmake
-- Installing: /home/xdkazer/Dual_Kuka_LLM_Bachelor/p5_ws/install/lbr_fri_idl/share/lbr_fri_idl/cmake/lbr_fri_idl__rosidl_typesupport_introspection_cppExport.cmake
-- Installing: /home/xdkazer/Dual_Kuka_LLM_Bachelor/p5_ws/install/lbr_fri_idl/share/lbr_fri_idl/cmake/lbr_fri_idl__rosidl_typesupport_introspection_cppExport-release.cmake
-- Installing: /home/xdkazer/Dual_Kuka_LLM_Bachelor/p5_ws/install/lbr_fri_idl/share/lbr_fri_idl/cmake/lbr_fri_idl__rosidl_typesupport_cppExport.cmake
-- Installing: /home/xdkazer/Dual_Kuka_LLM_Bachelor/p5_ws/install/lbr_fri_idl/share/lbr_fri_idl/cmake/lbr_fri_idl__rosidl_typesupport_cppExport-release.cmake
-- Installing: /home/xdkazer/Dual_Kuka_LLM_Bachelor/p5_ws/install/lbr_fri_idl/share/lbr_fri_idl/cmake/export_lbr_fri_idl__rosidl_generator_pyExport.cmake
-- Installing: /home/xdkazer/Dual_Kuka_LLM_Bachelor/p5_ws/install/lbr_fri_idl/share/lbr_fri_idl/cmake/export_lbr_fri_idl__rosidl_generator_pyExport-release.cmake
-- Installing: /home/xdkazer/Dual_Kuka_LLM_Bachelor/p5_ws/install/lbr_fri_idl/share/lbr_fri_idl/cmake/rosidl_cmake-extras.cmake
-- Installing: /home/xdkazer/Dual_Kuka_LLM_Bachelor/p5_ws/install/lbr_fri_idl/share/lbr_fri_idl/cmake/ament_cmake_export_dependencies-extras.cmake
-- Installing: /home/xdkazer/Dual_Kuka_LLM_Bachelor/p5_ws/install/lbr_fri_idl/share/lbr_fri_idl/cmake/ament_cmake_export_include_directories-extras.cmake
-- Installing: /home/xdkazer/Dual_Kuka_LLM_Bachelor/p5_ws/install/lbr_fri_idl/share/lbr_fri_idl/cmake/ament_cmake_export_libraries-extras.cmake
-- Installing: /home/xdkazer/Dual_Kuka_LLM_Bachelor/p5_ws/install/lbr_fri_idl/share/lbr_fri_idl/cmake/ament_cmake_export_targets-extras.cmake
-- Installing: /home/xdkazer/Dual_Kuka_LLM_Bachelor/p5_ws/install/lbr_fri_idl/share/lbr_fri_idl/cmake/rosidl_cmake_export_typesupport_targets-extras.cmake
-- Installing: /home/xdkazer/Dual_Kuka_LLM_Bachelor/p5_ws/install/lbr_fri_idl/share/lbr_fri_idl/cmake/rosidl_cmake_export_typesupport_libraries-extras.cmake
-- Installing: /home/xdkazer/Dual_Kuka_LLM_Bachelor/p5_ws/install/lbr_fri_idl/share/lbr_fri_idl/cmake/lbr_fri_idlConfig.cmake
-- Installing: /home/xdkazer/Dual_Kuka_LLM_Bachelor/p5_ws/install/lbr_fri_idl/share/lbr_fri_idl/cmake/lbr_fri_idlConfig-version.cmake
-- Installing: /home/xdkazer/Dual_Kuka_LLM_Bachelor/p5_ws/install/lbr_fri_idl/share/lbr_fri_idl/package.xml
