[0.067s] Invoking command in '/home/xdkazer/Dual_Kuka_LLM_Bachelor/p5_ws/build/lbr_fri_idl': CMAKE_PREFIX_PATH=/home/xdkazer/Dual_Kuka_LLM_Bachelor/p5_ws/install/fri_client_sdk:/home/xdkazer/P5-Kuka-Dual-Arm/p5_ws/install/set_moveit_coords:/home/xdkazer/P5-Kuka-Dual-Arm/p5_ws/install/robutler_bringup:/home/xdkazer/P5-Kuka-Dual-Arm/p5_ws/install/robotiq_3f_gripper_ros2_interfaces:/home/xdkazer/P5-Kuka-Dual-Arm/p5_ws/install/robotiq_2f_85_interfaces:/home/xdkazer/P5-Kuka-Dual-Arm/p5_ws/install/realsense2_description:/home/xdkazer/P5-Kuka-Dual-Arm/p5_ws/install/realsense2_camera:/home/xdkazer/P5-Kuka-Dual-Arm/p5_ws/install/realsense2_camera_msgs:/home/xdkazer/P5-Kuka-Dual-Arm/p5_ws/install/project_interfaces:/home/xdkazer/P5-Kuka-Dual-Arm/p5_ws/install/pilz_industrial_motion_planner_testutils:/home/xdkazer/P5-Kuka-Dual-Arm/p5_ws/install/moveit_runtime:/home/xdkazer/P5-Kuka-Dual-Arm/p5_ws/install/moveit:/home/xdkazer/P5-Kuka-Dual-Arm/p5_ws/install/iiwa7_table_moveit_config:/home/xdkazer/P5-Kuka-Dual-Arm/p5_ws/install/iiwa7_table_cali_moveit_config:/home/xdkazer/P5-Kuka-Dual-Arm/p5_ws/install/iiwa7_moveit_config:/home/xdkazer/P5-Kuka-Dual-Arm/p5_ws/install/dual_arm_moveit_config:/home/xdkazer/P5-Kuka-Dual-Arm/p5_ws/install/moveit_planners:/home/xdkazer/P5-Kuka-Dual-Arm/p5_ws/install/pilz_industrial_motion_planner:/home/xdkazer/P5-Kuka-Dual-Arm/p5_ws/install/moveit_ros_control_interface:/home/xdkazer/P5-Kuka-Dual-Arm/p5_ws/install/moveit_plugins:/home/xdkazer/P5-Kuka-Dual-Arm/p5_ws/install/moveit_simple_controller_manager:/home/xdkazer/P5-Kuka-Dual-Arm/p5_ws/install/moveit_servo:/home/xdkazer/P5-Kuka-Dual-Arm/p5_ws/install/moveit_ros:/home/xdkazer/P5-Kuka-Dual-Arm/p5_ws/install/moveit_ros_visualization:/home/xdkazer/P5-Kuka-Dual-Arm/p5_ws/install/moveit_hybrid_planning:/home/xdkazer/P5-Kuka-Dual-Arm/p5_ws/install/moveit_ros_planning_interface:/home/xdkazer/P5-Kuka-Dual-Arm/p5_ws/install/moveit_ros_benchmarks:/home/xdkazer/P5-Kuka-Dual-Arm/p5_ws/install/moveit_ros_warehouse:/home/xdkazer/P5-Kuka-Dual-Arm/p5_ws/install/moveit_ros_robot_interaction:/home/xdkazer/P5-Kuka-Dual-Arm/p5_ws/install/moveit_ros_perception:/home/xdkazer/P5-Kuka-Dual-Arm/p5_ws/install/moveit_resources_prbt_pg70_support:/home/xdkazer/P5-Kuka-Dual-Arm/p5_ws/install/moveit_resources_prbt_moveit_config:/home/xdkazer/P5-Kuka-Dual-Arm/p5_ws/install/moveit_ros_move_group:/home/xdkazer/P5-Kuka-Dual-Arm/p5_ws/install/moveit_planners_ompl:/home/xdkazer/P5-Kuka-Dual-Arm/p5_ws/install/moveit_ros_planning:/home/xdkazer/P5-Kuka-Dual-Arm/p5_ws/install/moveit_ros_occupancy_map_monitor:/home/xdkazer/P5-Kuka-Dual-Arm/p5_ws/install/moveit_resources_prbt_ikfast_manipulator_plugin:/home/xdkazer/P5-Kuka-Dual-Arm/p5_ws/install/moveit_planners_chomp:/home/xdkazer/P5-Kuka-Dual-Arm/p5_ws/install/moveit_kinematics:/home/xdkazer/P5-Kuka-Dual-Arm/p5_ws/install/moveit_chomp_optimizer_adapter:/home/xdkazer/P5-Kuka-Dual-Arm/p5_ws/install/chomp_motion_planner:/home/xdkazer/P5-Kuka-Dual-Arm/p5_ws/install/moveit_core:/home/xdkazer/P5-Kuka-Dual-Arm/p5_ws/install/generate_parameter_library:/home/xdkazer/P5-Kuka-Dual-Arm/p5_ws/install/parameter_traits:/home/xdkazer/P5-Kuka-Dual-Arm/p5_ws/install/moveit_resources_prbt_support:/home/xdkazer/P5-Kuka-Dual-Arm/p5_ws/install/moveit_msgs:/home/xdkazer/P5-Kuka-Dual-Arm/p5_ws/install/moveit_common:/home/xdkazer/P5-Kuka-Dual-Arm/p5_ws/install/lbr_fri_ros2_stack:/home/xdkazer/P5-Kuka-Dual-Arm/p5_ws/install/lbr_bringup:/home/xdkazer/P5-Kuka-Dual-Arm/p5_ws/install/lbr_ros2_control_right:/home/xdkazer/P5-Kuka-Dual-Arm/p5_ws/install/lbr_ros2_control_left:/home/xdkazer/P5-Kuka-Dual-Arm/p5_ws/install/lbr_ros2_control:/home/xdkazer/P5-Kuka-Dual-Arm/p5_ws/install/lbr_fri_ros2:/home/xdkazer/P5-Kuka-Dual-Arm/p5_ws/install/lbr_fri_idl:/home/xdkazer/P5-Kuka-Dual-Arm/p5_ws/install/lbr_description:/home/xdkazer/P5-Kuka-Dual-Arm/p5_ws/install/fri_client_sdk:/home/xdkazer/P5-Kuka-Dual-Arm/p5_ws/install/yolo_world:/home/xdkazer/P5-Kuka-Dual-Arm/p5_ws/install/robotiq_3f_gripper_ros2_control:/home/xdkazer/P5-Kuka-Dual-Arm/p5_ws/install/robotiq_2f_85_control:/home/xdkazer/P5-Kuka-Dual-Arm/p5_ws/install/object_detector:/home/xdkazer/P5-Kuka-Dual-Arm/p5_ws/install/janise:/home/xdkazer/P5-Kuka-Dual-Arm/p5_ws/install/gui_package:/home/xdkazer/P5-Kuka-Dual-Arm/p5_ws/install/moveit_configs_utils:/home/xdkazer/P5-Kuka-Dual-Arm/p5_ws/install/generate_parameter_library_py:/opt/ros/humble LD_LIBRARY_PATH=/home/xdkazer/Dual_Kuka_LLM_Bachelor/p5_ws/install/fri_client_sdk/lib:${LD_LIBRARY_PATH} PKG_CONFIG_PATH=/home/xdkazer/Dual_Kuka_LLM_Bachelor/p5_ws/install/fri_client_sdk/lib/x86_64-linux-gnu/pkgconfig:/home/xdkazer/Dual_Kuka_LLM_Bachelor/p5_ws/install/fri_client_sdk/lib/pkgconfig:${PKG_CONFIG_PATH} /usr/bin/cmake /home/xdkazer/Dual_Kuka_LLM_Bachelor/p5_ws/src/lbr_fri/lbr_fri_idl -DCMAKE_BUILD_TYPE=Release -DCMAKE_INSTALL_PREFIX=/home/xdkazer/Dual_Kuka_LLM_Bachelor/p5_ws/install/lbr_fri_idl
[0.154s] -- The C compiler identification is GNU 11.4.0
[0.225s] -- The CXX compiler identification is GNU 11.4.0
[0.238s] -- Detecting C compiler ABI info
[0.366s] -- Detecting C compiler ABI info - done
[0.375s] -- Check for working C compiler: /usr/bin/cc - skipped
[0.375s] -- Detecting C compile features
[0.375s] -- Detecting C compile features - done
[0.378s] -- Detecting CXX compiler ABI info
[0.534s] -- Detecting CXX compiler ABI info - done
[0.542s] -- Check for working CXX compiler: /usr/bin/c++ - skipped
[0.542s] -- Detecting CXX compile features
[0.543s] -- Detecting CXX compile features - done
[0.565s] -- Found ament_cmake: 1.3.10 (/opt/ros/humble/share/ament_cmake/cmake)
[0.757s] -- Found Python3: /usr/bin/python3 (found version "3.10.12") found components: Interpreter 
[0.957s] -- Found builtin_interfaces: 1.2.1 (/opt/ros/humble/share/builtin_interfaces/cmake)
[1.014s] -- Found rosidl_generator_c: 3.1.5 (/opt/ros/humble/share/rosidl_generator_c/cmake)
[1.093s] -- Found rosidl_adapter: 3.1.5 (/opt/ros/humble/share/rosidl_adapter/cmake)
[1.119s] -- Found rosidl_generator_cpp: 3.1.5 (/opt/ros/humble/share/rosidl_generator_cpp/cmake)
[1.149s] -- Using all available rosidl_typesupport_c: rosidl_typesupport_fastrtps_c;rosidl_typesupport_introspection_c
[1.181s] -- Using all available rosidl_typesupport_cpp: rosidl_typesupport_fastrtps_cpp;rosidl_typesupport_introspection_cpp
[1.213s] -- Found rosidl_default_generators: 1.2.0 (/opt/ros/humble/share/rosidl_default_generators/cmake)
[1.645s] -- Found ament_cmake_cppcheck: 0.12.11 (/opt/ros/humble/share/ament_cmake_cppcheck/cmake)
[1.651s] -- Found ament_cmake_cpplint: 0.12.11 (/opt/ros/humble/share/ament_cmake_cpplint/cmake)
[1.663s] -- Found ament_cmake_uncrustify: 0.12.11 (/opt/ros/humble/share/ament_cmake_uncrustify/cmake)
[1.674s] -- Found ament_cmake_ros: 0.10.0 (/opt/ros/humble/share/ament_cmake_ros/cmake)
[2.208s] -- Using all available rosidl_typesupport_c: rosidl_typesupport_fastrtps_c;rosidl_typesupport_introspection_c
[2.553s] -- Using all available rosidl_typesupport_cpp: rosidl_typesupport_fastrtps_cpp;rosidl_typesupport_introspection_cpp
[2.601s] -- Found PythonInterp: /usr/bin/python3 (found suitable version "3.10.12", minimum required is "3.6") 
[2.611s] -- Found python_cmake_module: 0.10.0 (/opt/ros/humble/share/python_cmake_module/cmake)
[2.685s] -- Found PythonLibs: /usr/lib/x86_64-linux-gnu/libpython3.10.so (found suitable version "3.10.12", minimum required is "3.5") 
[2.686s] -- Using PYTHON_EXECUTABLE: /usr/bin/python3
[2.687s] -- Using PYTHON_INCLUDE_DIRS: /usr/include/python3.10
[2.687s] -- Using PYTHON_LIBRARIES: /usr/lib/x86_64-linux-gnu/libpython3.10.so
[2.761s] -- Found PythonExtra: .so  
[2.872s] -- Found ament_cmake_flake8: 0.12.11 (/opt/ros/humble/share/ament_cmake_flake8/cmake)
[2.880s] -- Found ament_cmake_pep257: 0.12.11 (/opt/ros/humble/share/ament_cmake_pep257/cmake)
[2.890s] -- Found gtest sources under '/opt/ros/humble/src/gtest_vendor': C++ tests using 'Google Test' will be built
[2.893s] -- Looking for pthread.h
[3.148s] -- Looking for pthread.h - found
[3.148s] -- Performing Test CMAKE_HAVE_LIBC_PTHREAD
[3.878s] -- Performing Test CMAKE_HAVE_LIBC_PTHREAD - Success
[3.882s] -- Found Threads: TRUE  
[3.895s] -- Configuring done
[4.371s] -- Generating done
[4.396s] -- Build files have been written to: /home/xdkazer/Dual_Kuka_LLM_Bachelor/p5_ws/build/lbr_fri_idl
[4.415s] Invoked command in '/home/xdkazer/Dual_Kuka_LLM_Bachelor/p5_ws/build/lbr_fri_idl' returned '0': CMAKE_PREFIX_PATH=/home/xdkazer/Dual_Kuka_LLM_Bachelor/p5_ws/install/fri_client_sdk:/home/xdkazer/P5-Kuka-Dual-Arm/p5_ws/install/set_moveit_coords:/home/xdkazer/P5-Kuka-Dual-Arm/p5_ws/install/robutler_bringup:/home/xdkazer/P5-Kuka-Dual-Arm/p5_ws/install/robotiq_3f_gripper_ros2_interfaces:/home/xdkazer/P5-Kuka-Dual-Arm/p5_ws/install/robotiq_2f_85_interfaces:/home/xdkazer/P5-Kuka-Dual-Arm/p5_ws/install/realsense2_description:/home/xdkazer/P5-Kuka-Dual-Arm/p5_ws/install/realsense2_camera:/home/xdkazer/P5-Kuka-Dual-Arm/p5_ws/install/realsense2_camera_msgs:/home/xdkazer/P5-Kuka-Dual-Arm/p5_ws/install/project_interfaces:/home/xdkazer/P5-Kuka-Dual-Arm/p5_ws/install/pilz_industrial_motion_planner_testutils:/home/xdkazer/P5-Kuka-Dual-Arm/p5_ws/install/moveit_runtime:/home/xdkazer/P5-Kuka-Dual-Arm/p5_ws/install/moveit:/home/xdkazer/P5-Kuka-Dual-Arm/p5_ws/install/iiwa7_table_moveit_config:/home/xdkazer/P5-Kuka-Dual-Arm/p5_ws/install/iiwa7_table_cali_moveit_config:/home/xdkazer/P5-Kuka-Dual-Arm/p5_ws/install/iiwa7_moveit_config:/home/xdkazer/P5-Kuka-Dual-Arm/p5_ws/install/dual_arm_moveit_config:/home/xdkazer/P5-Kuka-Dual-Arm/p5_ws/install/moveit_planners:/home/xdkazer/P5-Kuka-Dual-Arm/p5_ws/install/pilz_industrial_motion_planner:/home/xdkazer/P5-Kuka-Dual-Arm/p5_ws/install/moveit_ros_control_interface:/home/xdkazer/P5-Kuka-Dual-Arm/p5_ws/install/moveit_plugins:/home/xdkazer/P5-Kuka-Dual-Arm/p5_ws/install/moveit_simple_controller_manager:/home/xdkazer/P5-Kuka-Dual-Arm/p5_ws/install/moveit_servo:/home/xdkazer/P5-Kuka-Dual-Arm/p5_ws/install/moveit_ros:/home/xdkazer/P5-Kuka-Dual-Arm/p5_ws/install/moveit_ros_visualization:/home/xdkazer/P5-Kuka-Dual-Arm/p5_ws/install/moveit_hybrid_planning:/home/xdkazer/P5-Kuka-Dual-Arm/p5_ws/install/moveit_ros_planning_interface:/home/xdkazer/P5-Kuka-Dual-Arm/p5_ws/install/moveit_ros_benchmarks:/home/xdkazer/P5-Kuka-Dual-Arm/p5_ws/install/moveit_ros_warehouse:/home/xdkazer/P5-Kuka-Dual-Arm/p5_ws/install/moveit_ros_robot_interaction:/home/xdkazer/P5-Kuka-Dual-Arm/p5_ws/install/moveit_ros_perception:/home/xdkazer/P5-Kuka-Dual-Arm/p5_ws/install/moveit_resources_prbt_pg70_support:/home/xdkazer/P5-Kuka-Dual-Arm/p5_ws/install/moveit_resources_prbt_moveit_config:/home/xdkazer/P5-Kuka-Dual-Arm/p5_ws/install/moveit_ros_move_group:/home/xdkazer/P5-Kuka-Dual-Arm/p5_ws/install/moveit_planners_ompl:/home/xdkazer/P5-Kuka-Dual-Arm/p5_ws/install/moveit_ros_planning:/home/xdkazer/P5-Kuka-Dual-Arm/p5_ws/install/moveit_ros_occupancy_map_monitor:/home/xdkazer/P5-Kuka-Dual-Arm/p5_ws/install/moveit_resources_prbt_ikfast_manipulator_plugin:/home/xdkazer/P5-Kuka-Dual-Arm/p5_ws/install/moveit_planners_chomp:/home/xdkazer/P5-Kuka-Dual-Arm/p5_ws/install/moveit_kinematics:/home/xdkazer/P5-Kuka-Dual-Arm/p5_ws/install/moveit_chomp_optimizer_adapter:/home/xdkazer/P5-Kuka-Dual-Arm/p5_ws/install/chomp_motion_planner:/home/xdkazer/P5-Kuka-Dual-Arm/p5_ws/install/moveit_core:/home/xdkazer/P5-Kuka-Dual-Arm/p5_ws/install/generate_parameter_library:/home/xdkazer/P5-Kuka-Dual-Arm/p5_ws/install/parameter_traits:/home/xdkazer/P5-Kuka-Dual-Arm/p5_ws/install/moveit_resources_prbt_support:/home/xdkazer/P5-Kuka-Dual-Arm/p5_ws/install/moveit_msgs:/home/xdkazer/P5-Kuka-Dual-Arm/p5_ws/install/moveit_common:/home/xdkazer/P5-Kuka-Dual-Arm/p5_ws/install/lbr_fri_ros2_stack:/home/xdkazer/P5-Kuka-Dual-Arm/p5_ws/install/lbr_bringup:/home/xdkazer/P5-Kuka-Dual-Arm/p5_ws/install/lbr_ros2_control_right:/home/xdkazer/P5-Kuka-Dual-Arm/p5_ws/install/lbr_ros2_control_left:/home/xdkazer/P5-Kuka-Dual-Arm/p5_ws/install/lbr_ros2_control:/home/xdkazer/P5-Kuka-Dual-Arm/p5_ws/install/lbr_fri_ros2:/home/xdkazer/P5-Kuka-Dual-Arm/p5_ws/install/lbr_fri_idl:/home/xdkazer/P5-Kuka-Dual-Arm/p5_ws/install/lbr_description:/home/xdkazer/P5-Kuka-Dual-Arm/p5_ws/install/fri_client_sdk:/home/xdkazer/P5-Kuka-Dual-Arm/p5_ws/install/yolo_world:/home/xdkazer/P5-Kuka-Dual-Arm/p5_ws/install/robotiq_3f_gripper_ros2_control:/home/xdkazer/P5-Kuka-Dual-Arm/p5_ws/install/robotiq_2f_85_control:/home/xdkazer/P5-Kuka-Dual-Arm/p5_ws/install/object_detector:/home/xdkazer/P5-Kuka-Dual-Arm/p5_ws/install/janise:/home/xdkazer/P5-Kuka-Dual-Arm/p5_ws/install/gui_package:/home/xdkazer/P5-Kuka-Dual-Arm/p5_ws/install/moveit_configs_utils:/home/xdkazer/P5-Kuka-Dual-Arm/p5_ws/install/generate_parameter_library_py:/opt/ros/humble LD_LIBRARY_PATH=/home/xdkazer/Dual_Kuka_LLM_Bachelor/p5_ws/install/fri_client_sdk/lib:${LD_LIBRARY_PATH} PKG_CONFIG_PATH=/home/xdkazer/Dual_Kuka_LLM_Bachelor/p5_ws/install/fri_client_sdk/lib/x86_64-linux-gnu/pkgconfig:/home/xdkazer/Dual_Kuka_LLM_Bachelor/p5_ws/install/fri_client_sdk/lib/pkgconfig:${PKG_CONFIG_PATH} /usr/bin/cmake /home/xdkazer/Dual_Kuka_LLM_Bachelor/p5_ws/src/lbr_fri/lbr_fri_idl -DCMAKE_BUILD_TYPE=Release -DCMAKE_INSTALL_PREFIX=/home/xdkazer/Dual_Kuka_LLM_Bachelor/p5_ws/install/lbr_fri_idl
[4.416s] Invoking command in '/home/xdkazer/Dual_Kuka_LLM_Bachelor/p5_ws/build/lbr_fri_idl': CMAKE_PREFIX_PATH=/home/xdkazer/Dual_Kuka_LLM_Bachelor/p5_ws/install/fri_client_sdk:/home/xdkazer/P5-Kuka-Dual-Arm/p5_ws/install/set_moveit_coords:/home/xdkazer/P5-Kuka-Dual-Arm/p5_ws/install/robutler_bringup:/home/xdkazer/P5-Kuka-Dual-Arm/p5_ws/install/robotiq_3f_gripper_ros2_interfaces:/home/xdkazer/P5-Kuka-Dual-Arm/p5_ws/install/robotiq_2f_85_interfaces:/home/xdkazer/P5-Kuka-Dual-Arm/p5_ws/install/realsense2_description:/home/xdkazer/P5-Kuka-Dual-Arm/p5_ws/install/realsense2_camera:/home/xdkazer/P5-Kuka-Dual-Arm/p5_ws/install/realsense2_camera_msgs:/home/xdkazer/P5-Kuka-Dual-Arm/p5_ws/install/project_interfaces:/home/xdkazer/P5-Kuka-Dual-Arm/p5_ws/install/pilz_industrial_motion_planner_testutils:/home/xdkazer/P5-Kuka-Dual-Arm/p5_ws/install/moveit_runtime:/home/xdkazer/P5-Kuka-Dual-Arm/p5_ws/install/moveit:/home/xdkazer/P5-Kuka-Dual-Arm/p5_ws/install/iiwa7_table_moveit_config:/home/xdkazer/P5-Kuka-Dual-Arm/p5_ws/install/iiwa7_table_cali_moveit_config:/home/xdkazer/P5-Kuka-Dual-Arm/p5_ws/install/iiwa7_moveit_config:/home/xdkazer/P5-Kuka-Dual-Arm/p5_ws/install/dual_arm_moveit_config:/home/xdkazer/P5-Kuka-Dual-Arm/p5_ws/install/moveit_planners:/home/xdkazer/P5-Kuka-Dual-Arm/p5_ws/install/pilz_industrial_motion_planner:/home/xdkazer/P5-Kuka-Dual-Arm/p5_ws/install/moveit_ros_control_interface:/home/xdkazer/P5-Kuka-Dual-Arm/p5_ws/install/moveit_plugins:/home/xdkazer/P5-Kuka-Dual-Arm/p5_ws/install/moveit_simple_controller_manager:/home/xdkazer/P5-Kuka-Dual-Arm/p5_ws/install/moveit_servo:/home/xdkazer/P5-Kuka-Dual-Arm/p5_ws/install/moveit_ros:/home/xdkazer/P5-Kuka-Dual-Arm/p5_ws/install/moveit_ros_visualization:/home/xdkazer/P5-Kuka-Dual-Arm/p5_ws/install/moveit_hybrid_planning:/home/xdkazer/P5-Kuka-Dual-Arm/p5_ws/install/moveit_ros_planning_interface:/home/xdkazer/P5-Kuka-Dual-Arm/p5_ws/install/moveit_ros_benchmarks:/home/xdkazer/P5-Kuka-Dual-Arm/p5_ws/install/moveit_ros_warehouse:/home/xdkazer/P5-Kuka-Dual-Arm/p5_ws/install/moveit_ros_robot_interaction:/home/xdkazer/P5-Kuka-Dual-Arm/p5_ws/install/moveit_ros_perception:/home/xdkazer/P5-Kuka-Dual-Arm/p5_ws/install/moveit_resources_prbt_pg70_support:/home/xdkazer/P5-Kuka-Dual-Arm/p5_ws/install/moveit_resources_prbt_moveit_config:/home/xdkazer/P5-Kuka-Dual-Arm/p5_ws/install/moveit_ros_move_group:/home/xdkazer/P5-Kuka-Dual-Arm/p5_ws/install/moveit_planners_ompl:/home/xdkazer/P5-Kuka-Dual-Arm/p5_ws/install/moveit_ros_planning:/home/xdkazer/P5-Kuka-Dual-Arm/p5_ws/install/moveit_ros_occupancy_map_monitor:/home/xdkazer/P5-Kuka-Dual-Arm/p5_ws/install/moveit_resources_prbt_ikfast_manipulator_plugin:/home/xdkazer/P5-Kuka-Dual-Arm/p5_ws/install/moveit_planners_chomp:/home/xdkazer/P5-Kuka-Dual-Arm/p5_ws/install/moveit_kinematics:/home/xdkazer/P5-Kuka-Dual-Arm/p5_ws/install/moveit_chomp_optimizer_adapter:/home/xdkazer/P5-Kuka-Dual-Arm/p5_ws/install/chomp_motion_planner:/home/xdkazer/P5-Kuka-Dual-Arm/p5_ws/install/moveit_core:/home/xdkazer/P5-Kuka-Dual-Arm/p5_ws/install/generate_parameter_library:/home/xdkazer/P5-Kuka-Dual-Arm/p5_ws/install/parameter_traits:/home/xdkazer/P5-Kuka-Dual-Arm/p5_ws/install/moveit_resources_prbt_support:/home/xdkazer/P5-Kuka-Dual-Arm/p5_ws/install/moveit_msgs:/home/xdkazer/P5-Kuka-Dual-Arm/p5_ws/install/moveit_common:/home/xdkazer/P5-Kuka-Dual-Arm/p5_ws/install/lbr_fri_ros2_stack:/home/xdkazer/P5-Kuka-Dual-Arm/p5_ws/install/lbr_bringup:/home/xdkazer/P5-Kuka-Dual-Arm/p5_ws/install/lbr_ros2_control_right:/home/xdkazer/P5-Kuka-Dual-Arm/p5_ws/install/lbr_ros2_control_left:/home/xdkazer/P5-Kuka-Dual-Arm/p5_ws/install/lbr_ros2_control:/home/xdkazer/P5-Kuka-Dual-Arm/p5_ws/install/lbr_fri_ros2:/home/xdkazer/P5-Kuka-Dual-Arm/p5_ws/install/lbr_fri_idl:/home/xdkazer/P5-Kuka-Dual-Arm/p5_ws/install/lbr_description:/home/xdkazer/P5-Kuka-Dual-Arm/p5_ws/install/fri_client_sdk:/home/xdkazer/P5-Kuka-Dual-Arm/p5_ws/install/yolo_world:/home/xdkazer/P5-Kuka-Dual-Arm/p5_ws/install/robotiq_3f_gripper_ros2_control:/home/xdkazer/P5-Kuka-Dual-Arm/p5_ws/install/robotiq_2f_85_control:/home/xdkazer/P5-Kuka-Dual-Arm/p5_ws/install/object_detector:/home/xdkazer/P5-Kuka-Dual-Arm/p5_ws/install/janise:/home/xdkazer/P5-Kuka-Dual-Arm/p5_ws/install/gui_package:/home/xdkazer/P5-Kuka-Dual-Arm/p5_ws/install/moveit_configs_utils:/home/xdkazer/P5-Kuka-Dual-Arm/p5_ws/install/generate_parameter_library_py:/opt/ros/humble LD_LIBRARY_PATH=/home/xdkazer/Dual_Kuka_LLM_Bachelor/p5_ws/install/fri_client_sdk/lib:${LD_LIBRARY_PATH} PKG_CONFIG_PATH=/home/xdkazer/Dual_Kuka_LLM_Bachelor/p5_ws/install/fri_client_sdk/lib/x86_64-linux-gnu/pkgconfig:/home/xdkazer/Dual_Kuka_LLM_Bachelor/p5_ws/install/fri_client_sdk/lib/pkgconfig:${PKG_CONFIG_PATH} /usr/bin/cmake --build /home/xdkazer/Dual_Kuka_LLM_Bachelor/p5_ws/build/lbr_fri_idl -- -j4 -l4
[4.552s] [  1%] [34m[1mGenerating C code for ROS interfaces[0m
[4.627s] [  2%] [34m[1mGenerating C++ code for ROS interfaces[0m
[4.877s] [  2%] Built target ament_cmake_python_copy_lbr_fri_idl
[5.135s] [  4%] [32mBuilding CXX object gtest/CMakeFiles/gtest.dir/src/gtest-all.cc.o[0m
[5.379s] [  5%] [32mBuilding CXX object gtest/CMakeFiles/gtest_main.dir/src/gtest_main.cc.o[0m
[6.653s] [  7%] [32mBuilding C object CMakeFiles/lbr_fri_idl__rosidl_generator_c.dir/rosidl_generator_c/lbr_fri_idl/msg/detail/lbr_command__functions.c.o[0m
[7.003s] [  8%] [32mBuilding C object CMakeFiles/lbr_fri_idl__rosidl_generator_c.dir/rosidl_generator_c/lbr_fri_idl/msg/detail/lbr_joint_position_command__functions.c.o[0m
[7.813s] [ 10%] [32m[1mLinking CXX static library libgtest_main.a[0m
[7.954s] [ 11%] [32mBuilding C object CMakeFiles/lbr_fri_idl__rosidl_generator_c.dir/rosidl_generator_c/lbr_fri_idl/msg/detail/lbr_state__functions.c.o[0m
[8.066s] [ 11%] Built target gtest_main
[8.111s] [ 11%] Built target lbr_fri_idl__cpp
[8.686s] [ 13%] [34m[1mGenerating C++ type support dispatch for ROS interfaces[0m
[8.802s] [ 14%] [32mBuilding C object CMakeFiles/lbr_fri_idl__rosidl_generator_c.dir/rosidl_generator_c/lbr_fri_idl/msg/detail/lbr_torque_command__functions.c.o[0m
[9.222s] running egg_info
[9.240s] creating lbr_fri_idl.egg-info
[9.240s] writing lbr_fri_idl.egg-info/PKG-INFO
[9.240s] writing dependency_links to lbr_fri_idl.egg-info/dependency_links.txt
[9.240s] writing top-level names to lbr_fri_idl.egg-info/top_level.txt
[9.240s] writing manifest file 'lbr_fri_idl.egg-info/SOURCES.txt'
[9.240s] reading manifest file 'lbr_fri_idl.egg-info/SOURCES.txt'
[9.241s] writing manifest file 'lbr_fri_idl.egg-info/SOURCES.txt'
[9.290s] [ 15%] [32mBuilding C object CMakeFiles/lbr_fri_idl__rosidl_generator_c.dir/rosidl_generator_c/lbr_fri_idl/msg/detail/lbr_wrench_command__functions.c.o[0m
[9.354s] [ 15%] Built target ament_cmake_python_build_lbr_fri_idl_egg
[9.401s] [ 17%] [34m[1mGenerating C++ type support for eProsima Fast-RTPS[0m
[9.609s] [ 18%] [32m[1mLinking C shared library liblbr_fri_idl__rosidl_generator_c.so[0m
[10.858s] [ 18%] Built target lbr_fri_idl__rosidl_generator_c
[10.908s] [ 20%] [34m[1mGenerating C++ introspection for ROS interfaces[0m
[11.722s] [ 21%] [32mBuilding CXX object CMakeFiles/lbr_fri_idl__rosidl_typesupport_cpp.dir/rosidl_typesupport_cpp/lbr_fri_idl/msg/lbr_command__type_support.cpp.o[0m
[12.030s] [ 23%] [32mBuilding CXX object CMakeFiles/lbr_fri_idl__rosidl_typesupport_fastrtps_cpp.dir/rosidl_typesupport_fastrtps_cpp/lbr_fri_idl/msg/detail/dds_fastrtps/lbr_command__type_support.cpp.o[0m
[12.579s] [ 24%] [32mBuilding CXX object CMakeFiles/lbr_fri_idl__rosidl_typesupport_cpp.dir/rosidl_typesupport_cpp/lbr_fri_idl/msg/lbr_joint_position_command__type_support.cpp.o[0m
[13.256s] [ 26%] [32mBuilding CXX object CMakeFiles/lbr_fri_idl__rosidl_typesupport_introspection_cpp.dir/rosidl_typesupport_introspection_cpp/lbr_fri_idl/msg/detail/lbr_command__type_support.cpp.o[0m
[13.388s] [ 27%] [32mBuilding CXX object CMakeFiles/lbr_fri_idl__rosidl_typesupport_fastrtps_cpp.dir/rosidl_typesupport_fastrtps_cpp/lbr_fri_idl/msg/detail/dds_fastrtps/lbr_joint_position_command__type_support.cpp.o[0m
[14.021s] [ 28%] [32mBuilding CXX object CMakeFiles/lbr_fri_idl__rosidl_typesupport_cpp.dir/rosidl_typesupport_cpp/lbr_fri_idl/msg/lbr_state__type_support.cpp.o[0m
[14.708s] [ 30%] [32mBuilding CXX object CMakeFiles/lbr_fri_idl__rosidl_typesupport_fastrtps_cpp.dir/rosidl_typesupport_fastrtps_cpp/lbr_fri_idl/msg/detail/dds_fastrtps/lbr_state__type_support.cpp.o[0m
[15.657s] [ 31%] [32mBuilding CXX object CMakeFiles/lbr_fri_idl__rosidl_typesupport_introspection_cpp.dir/rosidl_typesupport_introspection_cpp/lbr_fri_idl/msg/detail/lbr_joint_position_command__type_support.cpp.o[0m
[15.819s] [ 33%] [32mBuilding CXX object CMakeFiles/lbr_fri_idl__rosidl_typesupport_cpp.dir/rosidl_typesupport_cpp/lbr_fri_idl/msg/lbr_torque_command__type_support.cpp.o[0m
[16.982s] [ 34%] [32mBuilding CXX object CMakeFiles/lbr_fri_idl__rosidl_typesupport_cpp.dir/rosidl_typesupport_cpp/lbr_fri_idl/msg/lbr_wrench_command__type_support.cpp.o[0m
[17.357s] [ 36%] [32mBuilding CXX object CMakeFiles/lbr_fri_idl__rosidl_typesupport_fastrtps_cpp.dir/rosidl_typesupport_fastrtps_cpp/lbr_fri_idl/msg/detail/dds_fastrtps/lbr_torque_command__type_support.cpp.o[0m
[17.514s] [ 37%] [32mBuilding CXX object CMakeFiles/lbr_fri_idl__rosidl_typesupport_introspection_cpp.dir/rosidl_typesupport_introspection_cpp/lbr_fri_idl/msg/detail/lbr_state__type_support.cpp.o[0m
[17.567s] [ 39%] [32m[1mLinking CXX shared library liblbr_fri_idl__rosidl_typesupport_cpp.so[0m
[18.563s] [ 39%] Built target lbr_fri_idl__rosidl_typesupport_cpp
[18.677s] [ 40%] [32mBuilding CXX object CMakeFiles/lbr_fri_idl__rosidl_typesupport_fastrtps_cpp.dir/rosidl_typesupport_fastrtps_cpp/lbr_fri_idl/msg/detail/dds_fastrtps/lbr_wrench_command__type_support.cpp.o[0m
[18.703s] [ 42%] [34m[1mGenerating C type support for eProsima Fast-RTPS[0m
[19.119s] [ 43%] [32mBuilding CXX object CMakeFiles/lbr_fri_idl__rosidl_typesupport_introspection_cpp.dir/rosidl_typesupport_introspection_cpp/lbr_fri_idl/msg/detail/lbr_torque_command__type_support.cpp.o[0m
[19.783s] [ 44%] [32m[1mLinking CXX shared library liblbr_fri_idl__rosidl_typesupport_fastrtps_cpp.so[0m
[20.418s] [ 44%] Built target lbr_fri_idl__rosidl_typesupport_fastrtps_cpp
[20.500s] [ 46%] [32mBuilding CXX object CMakeFiles/lbr_fri_idl__rosidl_typesupport_introspection_cpp.dir/rosidl_typesupport_introspection_cpp/lbr_fri_idl/msg/detail/lbr_wrench_command__type_support.cpp.o[0m
[21.047s] [ 47%] [32m[1mLinking CXX shared library liblbr_fri_idl__rosidl_typesupport_introspection_cpp.so[0m
[21.065s] [ 49%] [32mBuilding CXX object CMakeFiles/lbr_fri_idl__rosidl_typesupport_fastrtps_c.dir/rosidl_typesupport_fastrtps_c/lbr_fri_idl/msg/detail/lbr_command__type_support_c.cpp.o[0m
[21.267s] [ 49%] Built target lbr_fri_idl__rosidl_typesupport_introspection_cpp
[21.570s] [ 50%] [32mBuilding CXX object CMakeFiles/lbr_fri_idl__rosidl_typesupport_fastrtps_c.dir/rosidl_typesupport_fastrtps_c/lbr_fri_idl/msg/detail/lbr_joint_position_command__type_support_c.cpp.o[0m
[22.028s] [ 52%] [32mBuilding CXX object CMakeFiles/lbr_fri_idl__rosidl_typesupport_fastrtps_c.dir/rosidl_typesupport_fastrtps_c/lbr_fri_idl/msg/detail/lbr_state__type_support_c.cpp.o[0m
[22.409s] [ 53%] [32mBuilding CXX object CMakeFiles/lbr_fri_idl__rosidl_typesupport_fastrtps_c.dir/rosidl_typesupport_fastrtps_c/lbr_fri_idl/msg/detail/lbr_torque_command__type_support_c.cpp.o[0m
[22.817s] [ 55%] [32mBuilding CXX object CMakeFiles/lbr_fri_idl__rosidl_typesupport_fastrtps_c.dir/rosidl_typesupport_fastrtps_c/lbr_fri_idl/msg/detail/lbr_wrench_command__type_support_c.cpp.o[0m
[23.159s] [ 56%] [32m[1mLinking CXX static library libgtest.a[0m
[23.265s] [ 56%] Built target gtest
[23.336s] [ 57%] [32m[1mLinking CXX shared library liblbr_fri_idl__rosidl_typesupport_fastrtps_c.so[0m
[23.461s] [ 57%] Built target lbr_fri_idl__rosidl_typesupport_fastrtps_c
[23.496s] [ 59%] [32mBuilding CXX object CMakeFiles/lbr_fri_idl_test_command_interfaces.dir/test/test_command_interfaces.cpp.o[0m
[24.477s] [ 60%] [32m[1mLinking CXX executable lbr_fri_idl_test_command_interfaces[0m
[24.599s] [ 60%] Built target lbr_fri_idl_test_command_interfaces
[24.625s] [ 62%] [34m[1mGenerating C type support dispatch for ROS interfaces[0m
[25.152s] [ 63%] [32mBuilding CXX object CMakeFiles/lbr_fri_idl__rosidl_typesupport_c.dir/rosidl_typesupport_c/lbr_fri_idl/msg/lbr_command__type_support.cpp.o[0m
[25.239s] [ 65%] [32mBuilding CXX object CMakeFiles/lbr_fri_idl__rosidl_typesupport_c.dir/rosidl_typesupport_c/lbr_fri_idl/msg/lbr_state__type_support.cpp.o[0m
[25.342s] [ 66%] [32mBuilding CXX object CMakeFiles/lbr_fri_idl__rosidl_typesupport_c.dir/rosidl_typesupport_c/lbr_fri_idl/msg/lbr_torque_command__type_support.cpp.o[0m
[25.433s] [ 68%] [32mBuilding CXX object CMakeFiles/lbr_fri_idl__rosidl_typesupport_c.dir/rosidl_typesupport_c/lbr_fri_idl/msg/lbr_wrench_command__type_support.cpp.o[0m
[25.522s] [ 69%] [32mBuilding CXX object CMakeFiles/lbr_fri_idl__rosidl_typesupport_c.dir/rosidl_typesupport_c/lbr_fri_idl/msg/lbr_joint_position_command__type_support.cpp.o[0m
[25.564s] [ 71%] [32m[1mLinking CXX shared library liblbr_fri_idl__rosidl_typesupport_c.so[0m
[25.669s] [ 71%] Built target lbr_fri_idl__rosidl_typesupport_c
[25.692s] [ 72%] [34m[1mGenerating C introspection for ROS interfaces[0m
[26.415s] [ 73%] [32mBuilding C object CMakeFiles/lbr_fri_idl__rosidl_typesupport_introspection_c.dir/rosidl_typesupport_introspection_c/lbr_fri_idl/msg/detail/lbr_command__type_support.c.o[0m
[26.506s] [ 75%] [32mBuilding C object CMakeFiles/lbr_fri_idl__rosidl_typesupport_introspection_c.dir/rosidl_typesupport_introspection_c/lbr_fri_idl/msg/detail/lbr_torque_command__type_support.c.o[0m
[26.585s] [ 76%] [32mBuilding C object CMakeFiles/lbr_fri_idl__rosidl_typesupport_introspection_c.dir/rosidl_typesupport_introspection_c/lbr_fri_idl/msg/detail/lbr_wrench_command__type_support.c.o[0m
[26.660s] [ 78%] [32mBuilding C object CMakeFiles/lbr_fri_idl__rosidl_typesupport_introspection_c.dir/rosidl_typesupport_introspection_c/lbr_fri_idl/msg/detail/lbr_state__type_support.c.o[0m
[26.744s] [ 79%] [32mBuilding C object CMakeFiles/lbr_fri_idl__rosidl_typesupport_introspection_c.dir/rosidl_typesupport_introspection_c/lbr_fri_idl/msg/detail/lbr_joint_position_command__type_support.c.o[0m
[26.819s] [ 81%] [32m[1mLinking C shared library liblbr_fri_idl__rosidl_typesupport_introspection_c.so[0m
[26.882s] [ 81%] Built target lbr_fri_idl__rosidl_typesupport_introspection_c
[26.929s] [ 81%] Built target lbr_fri_idl
[26.994s] [ 82%] [34m[1mGenerating Python code for ROS interfaces[0m
[28.273s] [ 82%] Built target lbr_fri_idl__py
[28.302s] [ 84%] [32mBuilding C object CMakeFiles/lbr_fri_idl__rosidl_generator_py.dir/rosidl_generator_py/lbr_fri_idl/msg/_lbr_command_s.c.o[0m
[28.426s] [ 85%] [32mBuilding C object CMakeFiles/lbr_fri_idl__rosidl_generator_py.dir/rosidl_generator_py/lbr_fri_idl/msg/_lbr_torque_command_s.c.o[0m
[28.552s] [ 86%] [32mBuilding C object CMakeFiles/lbr_fri_idl__rosidl_generator_py.dir/rosidl_generator_py/lbr_fri_idl/msg/_lbr_wrench_command_s.c.o[0m
[28.700s] [ 88%] [32mBuilding C object CMakeFiles/lbr_fri_idl__rosidl_generator_py.dir/rosidl_generator_py/lbr_fri_idl/msg/_lbr_state_s.c.o[0m
[28.923s] [ 89%] [32mBuilding C object CMakeFiles/lbr_fri_idl__rosidl_generator_py.dir/rosidl_generator_py/lbr_fri_idl/msg/_lbr_joint_position_command_s.c.o[0m
[29.073s] [ 91%] [32m[1mLinking C shared library rosidl_generator_py/lbr_fri_idl/liblbr_fri_idl__rosidl_generator_py.so[0m
[29.131s] [ 91%] Built target lbr_fri_idl__rosidl_generator_py
[29.177s] [ 92%] [32mBuilding C object CMakeFiles/lbr_fri_idl__rosidl_typesupport_fastrtps_c__pyext.dir/rosidl_generator_py/lbr_fri_idl/_lbr_fri_idl_s.ep.rosidl_typesupport_fastrtps_c.c.o[0m
[29.376s] [ 94%] [32m[1mLinking C shared library rosidl_generator_py/lbr_fri_idl/lbr_fri_idl_s__rosidl_typesupport_fastrtps_c.cpython-310-x86_64-linux-gnu.so[0m
[29.446s] [ 94%] Built target lbr_fri_idl__rosidl_typesupport_fastrtps_c__pyext
[29.485s] [ 95%] [32mBuilding C object CMakeFiles/lbr_fri_idl__rosidl_typesupport_c__pyext.dir/rosidl_generator_py/lbr_fri_idl/_lbr_fri_idl_s.ep.rosidl_typesupport_c.c.o[0m
[29.693s] [ 97%] [32m[1mLinking C shared library rosidl_generator_py/lbr_fri_idl/lbr_fri_idl_s__rosidl_typesupport_c.cpython-310-x86_64-linux-gnu.so[0m
[29.747s] [ 97%] Built target lbr_fri_idl__rosidl_typesupport_c__pyext
[29.796s] [ 98%] [32mBuilding C object CMakeFiles/lbr_fri_idl__rosidl_typesupport_introspection_c__pyext.dir/rosidl_generator_py/lbr_fri_idl/_lbr_fri_idl_s.ep.rosidl_typesupport_introspection_c.c.o[0m
[29.996s] [100%] [32m[1mLinking C shared library rosidl_generator_py/lbr_fri_idl/lbr_fri_idl_s__rosidl_typesupport_introspection_c.cpython-310-x86_64-linux-gnu.so[0m
[30.068s] [100%] Built target lbr_fri_idl__rosidl_typesupport_introspection_c__pyext
[30.120s] Invoked command in '/home/xdkazer/Dual_Kuka_LLM_Bachelor/p5_ws/build/lbr_fri_idl' returned '0': CMAKE_PREFIX_PATH=/home/xdkazer/Dual_Kuka_LLM_Bachelor/p5_ws/install/fri_client_sdk:/home/xdkazer/P5-Kuka-Dual-Arm/p5_ws/install/set_moveit_coords:/home/xdkazer/P5-Kuka-Dual-Arm/p5_ws/install/robutler_bringup:/home/xdkazer/P5-Kuka-Dual-Arm/p5_ws/install/robotiq_3f_gripper_ros2_interfaces:/home/xdkazer/P5-Kuka-Dual-Arm/p5_ws/install/robotiq_2f_85_interfaces:/home/xdkazer/P5-Kuka-Dual-Arm/p5_ws/install/realsense2_description:/home/xdkazer/P5-Kuka-Dual-Arm/p5_ws/install/realsense2_camera:/home/xdkazer/P5-Kuka-Dual-Arm/p5_ws/install/realsense2_camera_msgs:/home/xdkazer/P5-Kuka-Dual-Arm/p5_ws/install/project_interfaces:/home/xdkazer/P5-Kuka-Dual-Arm/p5_ws/install/pilz_industrial_motion_planner_testutils:/home/xdkazer/P5-Kuka-Dual-Arm/p5_ws/install/moveit_runtime:/home/xdkazer/P5-Kuka-Dual-Arm/p5_ws/install/moveit:/home/xdkazer/P5-Kuka-Dual-Arm/p5_ws/install/iiwa7_table_moveit_config:/home/xdkazer/P5-Kuka-Dual-Arm/p5_ws/install/iiwa7_table_cali_moveit_config:/home/xdkazer/P5-Kuka-Dual-Arm/p5_ws/install/iiwa7_moveit_config:/home/xdkazer/P5-Kuka-Dual-Arm/p5_ws/install/dual_arm_moveit_config:/home/xdkazer/P5-Kuka-Dual-Arm/p5_ws/install/moveit_planners:/home/xdkazer/P5-Kuka-Dual-Arm/p5_ws/install/pilz_industrial_motion_planner:/home/xdkazer/P5-Kuka-Dual-Arm/p5_ws/install/moveit_ros_control_interface:/home/xdkazer/P5-Kuka-Dual-Arm/p5_ws/install/moveit_plugins:/home/xdkazer/P5-Kuka-Dual-Arm/p5_ws/install/moveit_simple_controller_manager:/home/xdkazer/P5-Kuka-Dual-Arm/p5_ws/install/moveit_servo:/home/xdkazer/P5-Kuka-Dual-Arm/p5_ws/install/moveit_ros:/home/xdkazer/P5-Kuka-Dual-Arm/p5_ws/install/moveit_ros_visualization:/home/xdkazer/P5-Kuka-Dual-Arm/p5_ws/install/moveit_hybrid_planning:/home/xdkazer/P5-Kuka-Dual-Arm/p5_ws/install/moveit_ros_planning_interface:/home/xdkazer/P5-Kuka-Dual-Arm/p5_ws/install/moveit_ros_benchmarks:/home/xdkazer/P5-Kuka-Dual-Arm/p5_ws/install/moveit_ros_warehouse:/home/xdkazer/P5-Kuka-Dual-Arm/p5_ws/install/moveit_ros_robot_interaction:/home/xdkazer/P5-Kuka-Dual-Arm/p5_ws/install/moveit_ros_perception:/home/xdkazer/P5-Kuka-Dual-Arm/p5_ws/install/moveit_resources_prbt_pg70_support:/home/xdkazer/P5-Kuka-Dual-Arm/p5_ws/install/moveit_resources_prbt_moveit_config:/home/xdkazer/P5-Kuka-Dual-Arm/p5_ws/install/moveit_ros_move_group:/home/xdkazer/P5-Kuka-Dual-Arm/p5_ws/install/moveit_planners_ompl:/home/xdkazer/P5-Kuka-Dual-Arm/p5_ws/install/moveit_ros_planning:/home/xdkazer/P5-Kuka-Dual-Arm/p5_ws/install/moveit_ros_occupancy_map_monitor:/home/xdkazer/P5-Kuka-Dual-Arm/p5_ws/install/moveit_resources_prbt_ikfast_manipulator_plugin:/home/xdkazer/P5-Kuka-Dual-Arm/p5_ws/install/moveit_planners_chomp:/home/xdkazer/P5-Kuka-Dual-Arm/p5_ws/install/moveit_kinematics:/home/xdkazer/P5-Kuka-Dual-Arm/p5_ws/install/moveit_chomp_optimizer_adapter:/home/xdkazer/P5-Kuka-Dual-Arm/p5_ws/install/chomp_motion_planner:/home/xdkazer/P5-Kuka-Dual-Arm/p5_ws/install/moveit_core:/home/xdkazer/P5-Kuka-Dual-Arm/p5_ws/install/generate_parameter_library:/home/xdkazer/P5-Kuka-Dual-Arm/p5_ws/install/parameter_traits:/home/xdkazer/P5-Kuka-Dual-Arm/p5_ws/install/moveit_resources_prbt_support:/home/xdkazer/P5-Kuka-Dual-Arm/p5_ws/install/moveit_msgs:/home/xdkazer/P5-Kuka-Dual-Arm/p5_ws/install/moveit_common:/home/xdkazer/P5-Kuka-Dual-Arm/p5_ws/install/lbr_fri_ros2_stack:/home/xdkazer/P5-Kuka-Dual-Arm/p5_ws/install/lbr_bringup:/home/xdkazer/P5-Kuka-Dual-Arm/p5_ws/install/lbr_ros2_control_right:/home/xdkazer/P5-Kuka-Dual-Arm/p5_ws/install/lbr_ros2_control_left:/home/xdkazer/P5-Kuka-Dual-Arm/p5_ws/install/lbr_ros2_control:/home/xdkazer/P5-Kuka-Dual-Arm/p5_ws/install/lbr_fri_ros2:/home/xdkazer/P5-Kuka-Dual-Arm/p5_ws/install/lbr_fri_idl:/home/xdkazer/P5-Kuka-Dual-Arm/p5_ws/install/lbr_description:/home/xdkazer/P5-Kuka-Dual-Arm/p5_ws/install/fri_client_sdk:/home/xdkazer/P5-Kuka-Dual-Arm/p5_ws/install/yolo_world:/home/xdkazer/P5-Kuka-Dual-Arm/p5_ws/install/robotiq_3f_gripper_ros2_control:/home/xdkazer/P5-Kuka-Dual-Arm/p5_ws/install/robotiq_2f_85_control:/home/xdkazer/P5-Kuka-Dual-Arm/p5_ws/install/object_detector:/home/xdkazer/P5-Kuka-Dual-Arm/p5_ws/install/janise:/home/xdkazer/P5-Kuka-Dual-Arm/p5_ws/install/gui_package:/home/xdkazer/P5-Kuka-Dual-Arm/p5_ws/install/moveit_configs_utils:/home/xdkazer/P5-Kuka-Dual-Arm/p5_ws/install/generate_parameter_library_py:/opt/ros/humble LD_LIBRARY_PATH=/home/xdkazer/Dual_Kuka_LLM_Bachelor/p5_ws/install/fri_client_sdk/lib:${LD_LIBRARY_PATH} PKG_CONFIG_PATH=/home/xdkazer/Dual_Kuka_LLM_Bachelor/p5_ws/install/fri_client_sdk/lib/x86_64-linux-gnu/pkgconfig:/home/xdkazer/Dual_Kuka_LLM_Bachelor/p5_ws/install/fri_client_sdk/lib/pkgconfig:${PKG_CONFIG_PATH} /usr/bin/cmake --build /home/xdkazer/Dual_Kuka_LLM_Bachelor/p5_ws/build/lbr_fri_idl -- -j4 -l4
[30.127s] Invoking command in '/home/xdkazer/Dual_Kuka_LLM_Bachelor/p5_ws/build/lbr_fri_idl': CMAKE_PREFIX_PATH=/home/xdkazer/Dual_Kuka_LLM_Bachelor/p5_ws/install/fri_client_sdk:/home/xdkazer/P5-Kuka-Dual-Arm/p5_ws/install/set_moveit_coords:/home/xdkazer/P5-Kuka-Dual-Arm/p5_ws/install/robutler_bringup:/home/xdkazer/P5-Kuka-Dual-Arm/p5_ws/install/robotiq_3f_gripper_ros2_interfaces:/home/xdkazer/P5-Kuka-Dual-Arm/p5_ws/install/robotiq_2f_85_interfaces:/home/xdkazer/P5-Kuka-Dual-Arm/p5_ws/install/realsense2_description:/home/xdkazer/P5-Kuka-Dual-Arm/p5_ws/install/realsense2_camera:/home/xdkazer/P5-Kuka-Dual-Arm/p5_ws/install/realsense2_camera_msgs:/home/xdkazer/P5-Kuka-Dual-Arm/p5_ws/install/project_interfaces:/home/xdkazer/P5-Kuka-Dual-Arm/p5_ws/install/pilz_industrial_motion_planner_testutils:/home/xdkazer/P5-Kuka-Dual-Arm/p5_ws/install/moveit_runtime:/home/xdkazer/P5-Kuka-Dual-Arm/p5_ws/install/moveit:/home/xdkazer/P5-Kuka-Dual-Arm/p5_ws/install/iiwa7_table_moveit_config:/home/xdkazer/P5-Kuka-Dual-Arm/p5_ws/install/iiwa7_table_cali_moveit_config:/home/xdkazer/P5-Kuka-Dual-Arm/p5_ws/install/iiwa7_moveit_config:/home/xdkazer/P5-Kuka-Dual-Arm/p5_ws/install/dual_arm_moveit_config:/home/xdkazer/P5-Kuka-Dual-Arm/p5_ws/install/moveit_planners:/home/xdkazer/P5-Kuka-Dual-Arm/p5_ws/install/pilz_industrial_motion_planner:/home/xdkazer/P5-Kuka-Dual-Arm/p5_ws/install/moveit_ros_control_interface:/home/xdkazer/P5-Kuka-Dual-Arm/p5_ws/install/moveit_plugins:/home/xdkazer/P5-Kuka-Dual-Arm/p5_ws/install/moveit_simple_controller_manager:/home/xdkazer/P5-Kuka-Dual-Arm/p5_ws/install/moveit_servo:/home/xdkazer/P5-Kuka-Dual-Arm/p5_ws/install/moveit_ros:/home/xdkazer/P5-Kuka-Dual-Arm/p5_ws/install/moveit_ros_visualization:/home/xdkazer/P5-Kuka-Dual-Arm/p5_ws/install/moveit_hybrid_planning:/home/xdkazer/P5-Kuka-Dual-Arm/p5_ws/install/moveit_ros_planning_interface:/home/xdkazer/P5-Kuka-Dual-Arm/p5_ws/install/moveit_ros_benchmarks:/home/xdkazer/P5-Kuka-Dual-Arm/p5_ws/install/moveit_ros_warehouse:/home/xdkazer/P5-Kuka-Dual-Arm/p5_ws/install/moveit_ros_robot_interaction:/home/xdkazer/P5-Kuka-Dual-Arm/p5_ws/install/moveit_ros_perception:/home/xdkazer/P5-Kuka-Dual-Arm/p5_ws/install/moveit_resources_prbt_pg70_support:/home/xdkazer/P5-Kuka-Dual-Arm/p5_ws/install/moveit_resources_prbt_moveit_config:/home/xdkazer/P5-Kuka-Dual-Arm/p5_ws/install/moveit_ros_move_group:/home/xdkazer/P5-Kuka-Dual-Arm/p5_ws/install/moveit_planners_ompl:/home/xdkazer/P5-Kuka-Dual-Arm/p5_ws/install/moveit_ros_planning:/home/xdkazer/P5-Kuka-Dual-Arm/p5_ws/install/moveit_ros_occupancy_map_monitor:/home/xdkazer/P5-Kuka-Dual-Arm/p5_ws/install/moveit_resources_prbt_ikfast_manipulator_plugin:/home/xdkazer/P5-Kuka-Dual-Arm/p5_ws/install/moveit_planners_chomp:/home/xdkazer/P5-Kuka-Dual-Arm/p5_ws/install/moveit_kinematics:/home/xdkazer/P5-Kuka-Dual-Arm/p5_ws/install/moveit_chomp_optimizer_adapter:/home/xdkazer/P5-Kuka-Dual-Arm/p5_ws/install/chomp_motion_planner:/home/xdkazer/P5-Kuka-Dual-Arm/p5_ws/install/moveit_core:/home/xdkazer/P5-Kuka-Dual-Arm/p5_ws/install/generate_parameter_library:/home/xdkazer/P5-Kuka-Dual-Arm/p5_ws/install/parameter_traits:/home/xdkazer/P5-Kuka-Dual-Arm/p5_ws/install/moveit_resources_prbt_support:/home/xdkazer/P5-Kuka-Dual-Arm/p5_ws/install/moveit_msgs:/home/xdkazer/P5-Kuka-Dual-Arm/p5_ws/install/moveit_common:/home/xdkazer/P5-Kuka-Dual-Arm/p5_ws/install/lbr_fri_ros2_stack:/home/xdkazer/P5-Kuka-Dual-Arm/p5_ws/install/lbr_bringup:/home/xdkazer/P5-Kuka-Dual-Arm/p5_ws/install/lbr_ros2_control_right:/home/xdkazer/P5-Kuka-Dual-Arm/p5_ws/install/lbr_ros2_control_left:/home/xdkazer/P5-Kuka-Dual-Arm/p5_ws/install/lbr_ros2_control:/home/xdkazer/P5-Kuka-Dual-Arm/p5_ws/install/lbr_fri_ros2:/home/xdkazer/P5-Kuka-Dual-Arm/p5_ws/install/lbr_fri_idl:/home/xdkazer/P5-Kuka-Dual-Arm/p5_ws/install/lbr_description:/home/xdkazer/P5-Kuka-Dual-Arm/p5_ws/install/fri_client_sdk:/home/xdkazer/P5-Kuka-Dual-Arm/p5_ws/install/yolo_world:/home/xdkazer/P5-Kuka-Dual-Arm/p5_ws/install/robotiq_3f_gripper_ros2_control:/home/xdkazer/P5-Kuka-Dual-Arm/p5_ws/install/robotiq_2f_85_control:/home/xdkazer/P5-Kuka-Dual-Arm/p5_ws/install/object_detector:/home/xdkazer/P5-Kuka-Dual-Arm/p5_ws/install/janise:/home/xdkazer/P5-Kuka-Dual-Arm/p5_ws/install/gui_package:/home/xdkazer/P5-Kuka-Dual-Arm/p5_ws/install/moveit_configs_utils:/home/xdkazer/P5-Kuka-Dual-Arm/p5_ws/install/generate_parameter_library_py:/opt/ros/humble LD_LIBRARY_PATH=/home/xdkazer/Dual_Kuka_LLM_Bachelor/p5_ws/install/fri_client_sdk/lib:${LD_LIBRARY_PATH} PKG_CONFIG_PATH=/home/xdkazer/Dual_Kuka_LLM_Bachelor/p5_ws/install/fri_client_sdk/lib/x86_64-linux-gnu/pkgconfig:/home/xdkazer/Dual_Kuka_LLM_Bachelor/p5_ws/install/fri_client_sdk/lib/pkgconfig:${PKG_CONFIG_PATH} /usr/bin/cmake --install /home/xdkazer/Dual_Kuka_LLM_Bachelor/p5_ws/build/lbr_fri_idl
[30.139s] -- Install configuration: "Release"
[30.139s] -- Installing: /home/xdkazer/Dual_Kuka_LLM_Bachelor/p5_ws/install/lbr_fri_idl/share/ament_index/resource_index/rosidl_interfaces/lbr_fri_idl
[30.139s] -- Installing: /home/xdkazer/Dual_Kuka_LLM_Bachelor/p5_ws/install/lbr_fri_idl/include/lbr_fri_idl/lbr_fri_idl
[30.139s] -- Installing: /home/xdkazer/Dual_Kuka_LLM_Bachelor/p5_ws/install/lbr_fri_idl/include/lbr_fri_idl/lbr_fri_idl/msg
[30.139s] -- Installing: /home/xdkazer/Dual_Kuka_LLM_Bachelor/p5_ws/install/lbr_fri_idl/include/lbr_fri_idl/lbr_fri_idl/msg/lbr_wrench_command.h
[30.139s] -- Installing: /home/xdkazer/Dual_Kuka_LLM_Bachelor/p5_ws/install/lbr_fri_idl/include/lbr_fri_idl/lbr_fri_idl/msg/lbr_torque_command.h
[30.139s] -- Installing: /home/xdkazer/Dual_Kuka_LLM_Bachelor/p5_ws/install/lbr_fri_idl/include/lbr_fri_idl/lbr_fri_idl/msg/rosidl_generator_c__visibility_control.h
[30.139s] -- Installing: /home/xdkazer/Dual_Kuka_LLM_Bachelor/p5_ws/install/lbr_fri_idl/include/lbr_fri_idl/lbr_fri_idl/msg/detail
[30.139s] -- Installing: /home/xdkazer/Dual_Kuka_LLM_Bachelor/p5_ws/install/lbr_fri_idl/include/lbr_fri_idl/lbr_fri_idl/msg/detail/lbr_joint_position_command__struct.h
[30.139s] -- Installing: /home/xdkazer/Dual_Kuka_LLM_Bachelor/p5_ws/install/lbr_fri_idl/include/lbr_fri_idl/lbr_fri_idl/msg/detail/lbr_torque_command__functions.c
[30.139s] -- Installing: /home/xdkazer/Dual_Kuka_LLM_Bachelor/p5_ws/install/lbr_fri_idl/include/lbr_fri_idl/lbr_fri_idl/msg/detail/lbr_command__struct.h
[30.139s] -- Installing: /home/xdkazer/Dual_Kuka_LLM_Bachelor/p5_ws/install/lbr_fri_idl/include/lbr_fri_idl/lbr_fri_idl/msg/detail/lbr_torque_command__type_support.h
[30.139s] -- Installing: /home/xdkazer/Dual_Kuka_LLM_Bachelor/p5_ws/install/lbr_fri_idl/include/lbr_fri_idl/lbr_fri_idl/msg/detail/lbr_joint_position_command__type_support.h
[30.139s] -- Installing: /home/xdkazer/Dual_Kuka_LLM_Bachelor/p5_ws/install/lbr_fri_idl/include/lbr_fri_idl/lbr_fri_idl/msg/detail/lbr_wrench_command__functions.h
[30.139s] -- Installing: /home/xdkazer/Dual_Kuka_LLM_Bachelor/p5_ws/install/lbr_fri_idl/include/lbr_fri_idl/lbr_fri_idl/msg/detail/lbr_joint_position_command__functions.c
[30.139s] -- Installing: /home/xdkazer/Dual_Kuka_LLM_Bachelor/p5_ws/install/lbr_fri_idl/include/lbr_fri_idl/lbr_fri_idl/msg/detail/lbr_command__functions.c
[30.139s] -- Installing: /home/xdkazer/Dual_Kuka_LLM_Bachelor/p5_ws/install/lbr_fri_idl/include/lbr_fri_idl/lbr_fri_idl/msg/detail/lbr_state__struct.h
[30.140s] -- Installing: /home/xdkazer/Dual_Kuka_LLM_Bachelor/p5_ws/install/lbr_fri_idl/include/lbr_fri_idl/lbr_fri_idl/msg/detail/lbr_state__type_support.h
[30.140s] -- Installing: /home/xdkazer/Dual_Kuka_LLM_Bachelor/p5_ws/install/lbr_fri_idl/include/lbr_fri_idl/lbr_fri_idl/msg/detail/lbr_command__type_support.h
[30.140s] -- Installing: /home/xdkazer/Dual_Kuka_LLM_Bachelor/p5_ws/install/lbr_fri_idl/include/lbr_fri_idl/lbr_fri_idl/msg/detail/lbr_command__functions.h
[30.140s] -- Installing: /home/xdkazer/Dual_Kuka_LLM_Bachelor/p5_ws/install/lbr_fri_idl/include/lbr_fri_idl/lbr_fri_idl/msg/detail/lbr_wrench_command__struct.h
[30.140s] -- Installing: /home/xdkazer/Dual_Kuka_LLM_Bachelor/p5_ws/install/lbr_fri_idl/include/lbr_fri_idl/lbr_fri_idl/msg/detail/lbr_state__functions.c
[30.140s] -- Installing: /home/xdkazer/Dual_Kuka_LLM_Bachelor/p5_ws/install/lbr_fri_idl/include/lbr_fri_idl/lbr_fri_idl/msg/detail/lbr_joint_position_command__functions.h
[30.140s] -- Installing: /home/xdkazer/Dual_Kuka_LLM_Bachelor/p5_ws/install/lbr_fri_idl/include/lbr_fri_idl/lbr_fri_idl/msg/detail/lbr_torque_command__struct.h
[30.140s] -- Installing: /home/xdkazer/Dual_Kuka_LLM_Bachelor/p5_ws/install/lbr_fri_idl/include/lbr_fri_idl/lbr_fri_idl/msg/detail/lbr_torque_command__functions.h
[30.140s] -- Installing: /home/xdkazer/Dual_Kuka_LLM_Bachelor/p5_ws/install/lbr_fri_idl/include/lbr_fri_idl/lbr_fri_idl/msg/detail/lbr_wrench_command__type_support.h
[30.140s] -- Installing: /home/xdkazer/Dual_Kuka_LLM_Bachelor/p5_ws/install/lbr_fri_idl/include/lbr_fri_idl/lbr_fri_idl/msg/detail/lbr_wrench_command__functions.c
[30.147s] -- Installing: /home/xdkazer/Dual_Kuka_LLM_Bachelor/p5_ws/install/lbr_fri_idl/include/lbr_fri_idl/lbr_fri_idl/msg/detail/lbr_state__functions.h
[30.147s] -- Installing: /home/xdkazer/Dual_Kuka_LLM_Bachelor/p5_ws/install/lbr_fri_idl/include/lbr_fri_idl/lbr_fri_idl/msg/lbr_state.h
[30.147s] -- Installing: /home/xdkazer/Dual_Kuka_LLM_Bachelor/p5_ws/install/lbr_fri_idl/include/lbr_fri_idl/lbr_fri_idl/msg/lbr_command.h
[30.147s] -- Installing: /home/xdkazer/Dual_Kuka_LLM_Bachelor/p5_ws/install/lbr_fri_idl/include/lbr_fri_idl/lbr_fri_idl/msg/lbr_joint_position_command.h
[30.148s] -- Installing: /home/xdkazer/Dual_Kuka_LLM_Bachelor/p5_ws/install/lbr_fri_idl/share/lbr_fri_idl/environment/library_path.sh
[30.148s] -- Installing: /home/xdkazer/Dual_Kuka_LLM_Bachelor/p5_ws/install/lbr_fri_idl/share/lbr_fri_idl/environment/library_path.dsv
[30.148s] -- Installing: /home/xdkazer/Dual_Kuka_LLM_Bachelor/p5_ws/install/lbr_fri_idl/lib/liblbr_fri_idl__rosidl_generator_c.so
[30.154s] -- Set runtime path of "/home/xdkazer/Dual_Kuka_LLM_Bachelor/p5_ws/install/lbr_fri_idl/lib/liblbr_fri_idl__rosidl_generator_c.so" to ""
[30.154s] -- Up-to-date: /home/xdkazer/Dual_Kuka_LLM_Bachelor/p5_ws/install/lbr_fri_idl/include/lbr_fri_idl/lbr_fri_idl
[30.154s] -- Up-to-date: /home/xdkazer/Dual_Kuka_LLM_Bachelor/p5_ws/install/lbr_fri_idl/include/lbr_fri_idl/lbr_fri_idl/msg
[30.154s] -- Installing: /home/xdkazer/Dual_Kuka_LLM_Bachelor/p5_ws/install/lbr_fri_idl/include/lbr_fri_idl/lbr_fri_idl/msg/rosidl_typesupport_fastrtps_c__visibility_control.h
[30.154s] -- Up-to-date: /home/xdkazer/Dual_Kuka_LLM_Bachelor/p5_ws/install/lbr_fri_idl/include/lbr_fri_idl/lbr_fri_idl/msg/detail
[30.155s] -- Installing: /home/xdkazer/Dual_Kuka_LLM_Bachelor/p5_ws/install/lbr_fri_idl/include/lbr_fri_idl/lbr_fri_idl/msg/detail/lbr_state__rosidl_typesupport_fastrtps_c.h
[30.155s] -- Installing: /home/xdkazer/Dual_Kuka_LLM_Bachelor/p5_ws/install/lbr_fri_idl/include/lbr_fri_idl/lbr_fri_idl/msg/detail/lbr_wrench_command__rosidl_typesupport_fastrtps_c.h
[30.155s] -- Installing: /home/xdkazer/Dual_Kuka_LLM_Bachelor/p5_ws/install/lbr_fri_idl/include/lbr_fri_idl/lbr_fri_idl/msg/detail/lbr_command__rosidl_typesupport_fastrtps_c.h
[30.155s] -- Installing: /home/xdkazer/Dual_Kuka_LLM_Bachelor/p5_ws/install/lbr_fri_idl/include/lbr_fri_idl/lbr_fri_idl/msg/detail/lbr_joint_position_command__rosidl_typesupport_fastrtps_c.h
[30.155s] -- Installing: /home/xdkazer/Dual_Kuka_LLM_Bachelor/p5_ws/install/lbr_fri_idl/include/lbr_fri_idl/lbr_fri_idl/msg/detail/lbr_torque_command__rosidl_typesupport_fastrtps_c.h
[30.155s] -- Installing: /home/xdkazer/Dual_Kuka_LLM_Bachelor/p5_ws/install/lbr_fri_idl/lib/liblbr_fri_idl__rosidl_typesupport_fastrtps_c.so
[30.155s] -- Set runtime path of "/home/xdkazer/Dual_Kuka_LLM_Bachelor/p5_ws/install/lbr_fri_idl/lib/liblbr_fri_idl__rosidl_typesupport_fastrtps_c.so" to ""
[30.155s] -- Up-to-date: /home/xdkazer/Dual_Kuka_LLM_Bachelor/p5_ws/install/lbr_fri_idl/include/lbr_fri_idl/lbr_fri_idl
[30.155s] -- Up-to-date: /home/xdkazer/Dual_Kuka_LLM_Bachelor/p5_ws/install/lbr_fri_idl/include/lbr_fri_idl/lbr_fri_idl/msg
[30.155s] -- Up-to-date: /home/xdkazer/Dual_Kuka_LLM_Bachelor/p5_ws/install/lbr_fri_idl/include/lbr_fri_idl/lbr_fri_idl/msg/detail
[30.155s] -- Installing: /home/xdkazer/Dual_Kuka_LLM_Bachelor/p5_ws/install/lbr_fri_idl/include/lbr_fri_idl/lbr_fri_idl/msg/detail/lbr_state__traits.hpp
[30.155s] -- Installing: /home/xdkazer/Dual_Kuka_LLM_Bachelor/p5_ws/install/lbr_fri_idl/include/lbr_fri_idl/lbr_fri_idl/msg/detail/lbr_state__struct.hpp
[30.155s] -- Installing: /home/xdkazer/Dual_Kuka_LLM_Bachelor/p5_ws/install/lbr_fri_idl/include/lbr_fri_idl/lbr_fri_idl/msg/detail/lbr_torque_command__builder.hpp
[30.156s] -- Installing: /home/xdkazer/Dual_Kuka_LLM_Bachelor/p5_ws/install/lbr_fri_idl/include/lbr_fri_idl/lbr_fri_idl/msg/detail/lbr_wrench_command__struct.hpp
[30.156s] -- Installing: /home/xdkazer/Dual_Kuka_LLM_Bachelor/p5_ws/install/lbr_fri_idl/include/lbr_fri_idl/lbr_fri_idl/msg/detail/lbr_state__builder.hpp
[30.156s] -- Installing: /home/xdkazer/Dual_Kuka_LLM_Bachelor/p5_ws/install/lbr_fri_idl/include/lbr_fri_idl/lbr_fri_idl/msg/detail/lbr_wrench_command__builder.hpp
[30.156s] -- Installing: /home/xdkazer/Dual_Kuka_LLM_Bachelor/p5_ws/install/lbr_fri_idl/include/lbr_fri_idl/lbr_fri_idl/msg/detail/lbr_wrench_command__traits.hpp
[30.156s] -- Installing: /home/xdkazer/Dual_Kuka_LLM_Bachelor/p5_ws/install/lbr_fri_idl/include/lbr_fri_idl/lbr_fri_idl/msg/detail/lbr_command__builder.hpp
[30.156s] -- Installing: /home/xdkazer/Dual_Kuka_LLM_Bachelor/p5_ws/install/lbr_fri_idl/include/lbr_fri_idl/lbr_fri_idl/msg/detail/lbr_joint_position_command__builder.hpp
[30.156s] -- Installing: /home/xdkazer/Dual_Kuka_LLM_Bachelor/p5_ws/install/lbr_fri_idl/include/lbr_fri_idl/lbr_fri_idl/msg/detail/lbr_joint_position_command__struct.hpp
[30.156s] -- Installing: /home/xdkazer/Dual_Kuka_LLM_Bachelor/p5_ws/install/lbr_fri_idl/include/lbr_fri_idl/lbr_fri_idl/msg/detail/lbr_torque_command__traits.hpp
[30.156s] -- Installing: /home/xdkazer/Dual_Kuka_LLM_Bachelor/p5_ws/install/lbr_fri_idl/include/lbr_fri_idl/lbr_fri_idl/msg/detail/lbr_command__struct.hpp
[30.156s] -- Installing: /home/xdkazer/Dual_Kuka_LLM_Bachelor/p5_ws/install/lbr_fri_idl/include/lbr_fri_idl/lbr_fri_idl/msg/detail/lbr_joint_position_command__traits.hpp
[30.156s] -- Installing: /home/xdkazer/Dual_Kuka_LLM_Bachelor/p5_ws/install/lbr_fri_idl/include/lbr_fri_idl/lbr_fri_idl/msg/detail/lbr_torque_command__struct.hpp
[30.156s] -- Installing: /home/xdkazer/Dual_Kuka_LLM_Bachelor/p5_ws/install/lbr_fri_idl/include/lbr_fri_idl/lbr_fri_idl/msg/detail/lbr_command__traits.hpp
[30.156s] -- Installing: /home/xdkazer/Dual_Kuka_LLM_Bachelor/p5_ws/install/lbr_fri_idl/include/lbr_fri_idl/lbr_fri_idl/msg/lbr_wrench_command.hpp
[30.156s] -- Installing: /home/xdkazer/Dual_Kuka_LLM_Bachelor/p5_ws/install/lbr_fri_idl/include/lbr_fri_idl/lbr_fri_idl/msg/lbr_state.hpp
[30.156s] -- Installing: /home/xdkazer/Dual_Kuka_LLM_Bachelor/p5_ws/install/lbr_fri_idl/include/lbr_fri_idl/lbr_fri_idl/msg/lbr_torque_command.hpp
[30.156s] -- Installing: /home/xdkazer/Dual_Kuka_LLM_Bachelor/p5_ws/install/lbr_fri_idl/include/lbr_fri_idl/lbr_fri_idl/msg/lbr_command.hpp
[30.156s] -- Installing: /home/xdkazer/Dual_Kuka_LLM_Bachelor/p5_ws/install/lbr_fri_idl/include/lbr_fri_idl/lbr_fri_idl/msg/lbr_joint_position_command.hpp
[30.156s] -- Up-to-date: /home/xdkazer/Dual_Kuka_LLM_Bachelor/p5_ws/install/lbr_fri_idl/include/lbr_fri_idl/lbr_fri_idl
[30.157s] -- Up-to-date: /home/xdkazer/Dual_Kuka_LLM_Bachelor/p5_ws/install/lbr_fri_idl/include/lbr_fri_idl/lbr_fri_idl/msg
[30.157s] -- Up-to-date: /home/xdkazer/Dual_Kuka_LLM_Bachelor/p5_ws/install/lbr_fri_idl/include/lbr_fri_idl/lbr_fri_idl/msg/detail
[30.157s] -- Installing: /home/xdkazer/Dual_Kuka_LLM_Bachelor/p5_ws/install/lbr_fri_idl/include/lbr_fri_idl/lbr_fri_idl/msg/detail/lbr_command__rosidl_typesupport_fastrtps_cpp.hpp
[30.157s] -- Installing: /home/xdkazer/Dual_Kuka_LLM_Bachelor/p5_ws/install/lbr_fri_idl/include/lbr_fri_idl/lbr_fri_idl/msg/detail/lbr_torque_command__rosidl_typesupport_fastrtps_cpp.hpp
[30.157s] -- Installing: /home/xdkazer/Dual_Kuka_LLM_Bachelor/p5_ws/install/lbr_fri_idl/include/lbr_fri_idl/lbr_fri_idl/msg/detail/lbr_state__rosidl_typesupport_fastrtps_cpp.hpp
[30.157s] -- Installing: /home/xdkazer/Dual_Kuka_LLM_Bachelor/p5_ws/install/lbr_fri_idl/include/lbr_fri_idl/lbr_fri_idl/msg/detail/lbr_joint_position_command__rosidl_typesupport_fastrtps_cpp.hpp
[30.157s] -- Installing: /home/xdkazer/Dual_Kuka_LLM_Bachelor/p5_ws/install/lbr_fri_idl/include/lbr_fri_idl/lbr_fri_idl/msg/detail/dds_fastrtps
[30.158s] -- Installing: /home/xdkazer/Dual_Kuka_LLM_Bachelor/p5_ws/install/lbr_fri_idl/include/lbr_fri_idl/lbr_fri_idl/msg/detail/lbr_wrench_command__rosidl_typesupport_fastrtps_cpp.hpp
[30.158s] -- Installing: /home/xdkazer/Dual_Kuka_LLM_Bachelor/p5_ws/install/lbr_fri_idl/include/lbr_fri_idl/lbr_fri_idl/msg/rosidl_typesupport_fastrtps_cpp__visibility_control.h
[30.158s] -- Installing: /home/xdkazer/Dual_Kuka_LLM_Bachelor/p5_ws/install/lbr_fri_idl/lib/liblbr_fri_idl__rosidl_typesupport_fastrtps_cpp.so
[30.158s] -- Set runtime path of "/home/xdkazer/Dual_Kuka_LLM_Bachelor/p5_ws/install/lbr_fri_idl/lib/liblbr_fri_idl__rosidl_typesupport_fastrtps_cpp.so" to ""
[30.158s] -- Up-to-date: /home/xdkazer/Dual_Kuka_LLM_Bachelor/p5_ws/install/lbr_fri_idl/include/lbr_fri_idl/lbr_fri_idl
[30.158s] -- Up-to-date: /home/xdkazer/Dual_Kuka_LLM_Bachelor/p5_ws/install/lbr_fri_idl/include/lbr_fri_idl/lbr_fri_idl/msg
[30.158s] -- Installing: /home/xdkazer/Dual_Kuka_LLM_Bachelor/p5_ws/install/lbr_fri_idl/include/lbr_fri_idl/lbr_fri_idl/msg/rosidl_typesupport_introspection_c__visibility_control.h
[30.158s] -- Up-to-date: /home/xdkazer/Dual_Kuka_LLM_Bachelor/p5_ws/install/lbr_fri_idl/include/lbr_fri_idl/lbr_fri_idl/msg/detail
[30.159s] -- Installing: /home/xdkazer/Dual_Kuka_LLM_Bachelor/p5_ws/install/lbr_fri_idl/include/lbr_fri_idl/lbr_fri_idl/msg/detail/lbr_command__rosidl_typesupport_introspection_c.h
[30.159s] -- Installing: /home/xdkazer/Dual_Kuka_LLM_Bachelor/p5_ws/install/lbr_fri_idl/include/lbr_fri_idl/lbr_fri_idl/msg/detail/lbr_torque_command__type_support.c
[30.159s] -- Installing: /home/xdkazer/Dual_Kuka_LLM_Bachelor/p5_ws/install/lbr_fri_idl/include/lbr_fri_idl/lbr_fri_idl/msg/detail/lbr_torque_command__rosidl_typesupport_introspection_c.h
[30.159s] -- Installing: /home/xdkazer/Dual_Kuka_LLM_Bachelor/p5_ws/install/lbr_fri_idl/include/lbr_fri_idl/lbr_fri_idl/msg/detail/lbr_joint_position_command__rosidl_typesupport_introspection_c.h
[30.159s] -- Installing: /home/xdkazer/Dual_Kuka_LLM_Bachelor/p5_ws/install/lbr_fri_idl/include/lbr_fri_idl/lbr_fri_idl/msg/detail/lbr_wrench_command__rosidl_typesupport_introspection_c.h
[30.159s] -- Installing: /home/xdkazer/Dual_Kuka_LLM_Bachelor/p5_ws/install/lbr_fri_idl/include/lbr_fri_idl/lbr_fri_idl/msg/detail/lbr_state__rosidl_typesupport_introspection_c.h
[30.159s] -- Installing: /home/xdkazer/Dual_Kuka_LLM_Bachelor/p5_ws/install/lbr_fri_idl/include/lbr_fri_idl/lbr_fri_idl/msg/detail/lbr_command__type_support.c
[30.159s] -- Installing: /home/xdkazer/Dual_Kuka_LLM_Bachelor/p5_ws/install/lbr_fri_idl/include/lbr_fri_idl/lbr_fri_idl/msg/detail/lbr_state__type_support.c
[30.159s] -- Installing: /home/xdkazer/Dual_Kuka_LLM_Bachelor/p5_ws/install/lbr_fri_idl/include/lbr_fri_idl/lbr_fri_idl/msg/detail/lbr_joint_position_command__type_support.c
[30.159s] -- Installing: /home/xdkazer/Dual_Kuka_LLM_Bachelor/p5_ws/install/lbr_fri_idl/include/lbr_fri_idl/lbr_fri_idl/msg/detail/lbr_wrench_command__type_support.c
[30.159s] -- Installing: /home/xdkazer/Dual_Kuka_LLM_Bachelor/p5_ws/install/lbr_fri_idl/lib/liblbr_fri_idl__rosidl_typesupport_introspection_c.so
[30.159s] -- Set runtime path of "/home/xdkazer/Dual_Kuka_LLM_Bachelor/p5_ws/install/lbr_fri_idl/lib/liblbr_fri_idl__rosidl_typesupport_introspection_c.so" to ""
[30.159s] -- Installing: /home/xdkazer/Dual_Kuka_LLM_Bachelor/p5_ws/install/lbr_fri_idl/lib/liblbr_fri_idl__rosidl_typesupport_c.so
[30.159s] -- Set runtime path of "/home/xdkazer/Dual_Kuka_LLM_Bachelor/p5_ws/install/lbr_fri_idl/lib/liblbr_fri_idl__rosidl_typesupport_c.so" to ""
[30.160s] -- Up-to-date: /home/xdkazer/Dual_Kuka_LLM_Bachelor/p5_ws/install/lbr_fri_idl/include/lbr_fri_idl/lbr_fri_idl
[30.160s] -- Up-to-date: /home/xdkazer/Dual_Kuka_LLM_Bachelor/p5_ws/install/lbr_fri_idl/include/lbr_fri_idl/lbr_fri_idl/msg
[30.160s] -- Up-to-date: /home/xdkazer/Dual_Kuka_LLM_Bachelor/p5_ws/install/lbr_fri_idl/include/lbr_fri_idl/lbr_fri_idl/msg/detail
[30.160s] -- Installing: /home/xdkazer/Dual_Kuka_LLM_Bachelor/p5_ws/install/lbr_fri_idl/include/lbr_fri_idl/lbr_fri_idl/msg/detail/lbr_torque_command__type_support.cpp
[30.160s] -- Installing: /home/xdkazer/Dual_Kuka_LLM_Bachelor/p5_ws/install/lbr_fri_idl/include/lbr_fri_idl/lbr_fri_idl/msg/detail/lbr_joint_position_command__type_support.cpp
[30.160s] -- Installing: /home/xdkazer/Dual_Kuka_LLM_Bachelor/p5_ws/install/lbr_fri_idl/include/lbr_fri_idl/lbr_fri_idl/msg/detail/lbr_command__type_support.cpp
[30.160s] -- Installing: /home/xdkazer/Dual_Kuka_LLM_Bachelor/p5_ws/install/lbr_fri_idl/include/lbr_fri_idl/lbr_fri_idl/msg/detail/lbr_wrench_command__type_support.cpp
[30.160s] -- Installing: /home/xdkazer/Dual_Kuka_LLM_Bachelor/p5_ws/install/lbr_fri_idl/include/lbr_fri_idl/lbr_fri_idl/msg/detail/lbr_wrench_command__rosidl_typesupport_introspection_cpp.hpp
[30.160s] -- Installing: /home/xdkazer/Dual_Kuka_LLM_Bachelor/p5_ws/install/lbr_fri_idl/include/lbr_fri_idl/lbr_fri_idl/msg/detail/lbr_state__type_support.cpp
[30.160s] -- Installing: /home/xdkazer/Dual_Kuka_LLM_Bachelor/p5_ws/install/lbr_fri_idl/include/lbr_fri_idl/lbr_fri_idl/msg/detail/lbr_command__rosidl_typesupport_introspection_cpp.hpp
[30.160s] -- Installing: /home/xdkazer/Dual_Kuka_LLM_Bachelor/p5_ws/install/lbr_fri_idl/include/lbr_fri_idl/lbr_fri_idl/msg/detail/lbr_torque_command__rosidl_typesupport_introspection_cpp.hpp
[30.160s] -- Installing: /home/xdkazer/Dual_Kuka_LLM_Bachelor/p5_ws/install/lbr_fri_idl/include/lbr_fri_idl/lbr_fri_idl/msg/detail/lbr_state__rosidl_typesupport_introspection_cpp.hpp
[30.160s] -- Installing: /home/xdkazer/Dual_Kuka_LLM_Bachelor/p5_ws/install/lbr_fri_idl/include/lbr_fri_idl/lbr_fri_idl/msg/detail/lbr_joint_position_command__rosidl_typesupport_introspection_cpp.hpp
[30.160s] -- Installing: /home/xdkazer/Dual_Kuka_LLM_Bachelor/p5_ws/install/lbr_fri_idl/lib/liblbr_fri_idl__rosidl_typesupport_introspection_cpp.so
[30.160s] -- Set runtime path of "/home/xdkazer/Dual_Kuka_LLM_Bachelor/p5_ws/install/lbr_fri_idl/lib/liblbr_fri_idl__rosidl_typesupport_introspection_cpp.so" to ""
[30.160s] -- Installing: /home/xdkazer/Dual_Kuka_LLM_Bachelor/p5_ws/install/lbr_fri_idl/lib/liblbr_fri_idl__rosidl_typesupport_cpp.so
[30.160s] -- Set runtime path of "/home/xdkazer/Dual_Kuka_LLM_Bachelor/p5_ws/install/lbr_fri_idl/lib/liblbr_fri_idl__rosidl_typesupport_cpp.so" to ""
[30.160s] -- Installing: /home/xdkazer/Dual_Kuka_LLM_Bachelor/p5_ws/install/lbr_fri_idl/share/lbr_fri_idl/environment/pythonpath.sh
[30.160s] -- Installing: /home/xdkazer/Dual_Kuka_LLM_Bachelor/p5_ws/install/lbr_fri_idl/share/lbr_fri_idl/environment/pythonpath.dsv
[30.160s] -- Installing: /home/xdkazer/Dual_Kuka_LLM_Bachelor/p5_ws/install/lbr_fri_idl/local/lib/python3.10/dist-packages/lbr_fri_idl-1.5.0-py3.10.egg-info
[30.161s] -- Installing: /home/xdkazer/Dual_Kuka_LLM_Bachelor/p5_ws/install/lbr_fri_idl/local/lib/python3.10/dist-packages/lbr_fri_idl-1.5.0-py3.10.egg-info/SOURCES.txt
[30.161s] -- Installing: /home/xdkazer/Dual_Kuka_LLM_Bachelor/p5_ws/install/lbr_fri_idl/local/lib/python3.10/dist-packages/lbr_fri_idl-1.5.0-py3.10.egg-info/top_level.txt
[30.169s] -- Installing: /home/xdkazer/Dual_Kuka_LLM_Bachelor/p5_ws/install/lbr_fri_idl/local/lib/python3.10/dist-packages/lbr_fri_idl-1.5.0-py3.10.egg-info/PKG-INFO
[30.169s] -- Installing: /home/xdkazer/Dual_Kuka_LLM_Bachelor/p5_ws/install/lbr_fri_idl/local/lib/python3.10/dist-packages/lbr_fri_idl-1.5.0-py3.10.egg-info/dependency_links.txt
[30.169s] -- Installing: /home/xdkazer/Dual_Kuka_LLM_Bachelor/p5_ws/install/lbr_fri_idl/local/lib/python3.10/dist-packages/lbr_fri_idl
[30.169s] -- Installing: /home/xdkazer/Dual_Kuka_LLM_Bachelor/p5_ws/install/lbr_fri_idl/local/lib/python3.10/dist-packages/lbr_fri_idl/lbr_fri_idl_s__rosidl_typesupport_c.cpython-310-x86_64-linux-gnu.so
[30.169s] -- Installing: /home/xdkazer/Dual_Kuka_LLM_Bachelor/p5_ws/install/lbr_fri_idl/local/lib/python3.10/dist-packages/lbr_fri_idl/msg
[30.169s] -- Installing: /home/xdkazer/Dual_Kuka_LLM_Bachelor/p5_ws/install/lbr_fri_idl/local/lib/python3.10/dist-packages/lbr_fri_idl/msg/_lbr_state.py
[30.169s] -- Installing: /home/xdkazer/Dual_Kuka_LLM_Bachelor/p5_ws/install/lbr_fri_idl/local/lib/python3.10/dist-packages/lbr_fri_idl/msg/_lbr_wrench_command_s.c
[30.169s] -- Installing: /home/xdkazer/Dual_Kuka_LLM_Bachelor/p5_ws/install/lbr_fri_idl/local/lib/python3.10/dist-packages/lbr_fri_idl/msg/_lbr_torque_command.py
[30.169s] -- Installing: /home/xdkazer/Dual_Kuka_LLM_Bachelor/p5_ws/install/lbr_fri_idl/local/lib/python3.10/dist-packages/lbr_fri_idl/msg/_lbr_joint_position_command_s.c
[30.169s] -- Installing: /home/xdkazer/Dual_Kuka_LLM_Bachelor/p5_ws/install/lbr_fri_idl/local/lib/python3.10/dist-packages/lbr_fri_idl/msg/_lbr_command_s.c
[30.169s] -- Installing: /home/xdkazer/Dual_Kuka_LLM_Bachelor/p5_ws/install/lbr_fri_idl/local/lib/python3.10/dist-packages/lbr_fri_idl/msg/_lbr_joint_position_command.py
[30.169s] -- Installing: /home/xdkazer/Dual_Kuka_LLM_Bachelor/p5_ws/install/lbr_fri_idl/local/lib/python3.10/dist-packages/lbr_fri_idl/msg/_lbr_state_s.c
[30.169s] -- Installing: /home/xdkazer/Dual_Kuka_LLM_Bachelor/p5_ws/install/lbr_fri_idl/local/lib/python3.10/dist-packages/lbr_fri_idl/msg/__init__.py
[30.169s] -- Installing: /home/xdkazer/Dual_Kuka_LLM_Bachelor/p5_ws/install/lbr_fri_idl/local/lib/python3.10/dist-packages/lbr_fri_idl/msg/_lbr_torque_command_s.c
[30.169s] -- Installing: /home/xdkazer/Dual_Kuka_LLM_Bachelor/p5_ws/install/lbr_fri_idl/local/lib/python3.10/dist-packages/lbr_fri_idl/msg/_lbr_command.py
[30.169s] -- Installing: /home/xdkazer/Dual_Kuka_LLM_Bachelor/p5_ws/install/lbr_fri_idl/local/lib/python3.10/dist-packages/lbr_fri_idl/msg/_lbr_wrench_command.py
[30.169s] -- Installing: /home/xdkazer/Dual_Kuka_LLM_Bachelor/p5_ws/install/lbr_fri_idl/local/lib/python3.10/dist-packages/lbr_fri_idl/lbr_fri_idl_s__rosidl_typesupport_introspection_c.cpython-310-x86_64-linux-gnu.so
[30.169s] -- Installing: /home/xdkazer/Dual_Kuka_LLM_Bachelor/p5_ws/install/lbr_fri_idl/local/lib/python3.10/dist-packages/lbr_fri_idl/liblbr_fri_idl__rosidl_generator_py.so
[30.169s] -- Installing: /home/xdkazer/Dual_Kuka_LLM_Bachelor/p5_ws/install/lbr_fri_idl/local/lib/python3.10/dist-packages/lbr_fri_idl/__init__.py
[30.169s] -- Installing: /home/xdkazer/Dual_Kuka_LLM_Bachelor/p5_ws/install/lbr_fri_idl/local/lib/python3.10/dist-packages/lbr_fri_idl/lbr_fri_idl_s__rosidl_typesupport_fastrtps_c.cpython-310-x86_64-linux-gnu.so
[30.169s] -- Installing: /home/xdkazer/Dual_Kuka_LLM_Bachelor/p5_ws/install/lbr_fri_idl/local/lib/python3.10/dist-packages/lbr_fri_idl/_lbr_fri_idl_s.ep.rosidl_typesupport_c.c
[30.169s] -- Installing: /home/xdkazer/Dual_Kuka_LLM_Bachelor/p5_ws/install/lbr_fri_idl/local/lib/python3.10/dist-packages/lbr_fri_idl/_lbr_fri_idl_s.ep.rosidl_typesupport_fastrtps_c.c
[30.170s] -- Installing: /home/xdkazer/Dual_Kuka_LLM_Bachelor/p5_ws/install/lbr_fri_idl/local/lib/python3.10/dist-packages/lbr_fri_idl/_lbr_fri_idl_s.ep.rosidl_typesupport_introspection_c.c
[30.206s] Listing '/home/xdkazer/Dual_Kuka_LLM_Bachelor/p5_ws/install/lbr_fri_idl/local/lib/python3.10/dist-packages/lbr_fri_idl'...
[30.206s] Compiling '/home/xdkazer/Dual_Kuka_LLM_Bachelor/p5_ws/install/lbr_fri_idl/local/lib/python3.10/dist-packages/lbr_fri_idl/__init__.py'...
[30.206s] Listing '/home/xdkazer/Dual_Kuka_LLM_Bachelor/p5_ws/install/lbr_fri_idl/local/lib/python3.10/dist-packages/lbr_fri_idl/msg'...
[30.206s] Compiling '/home/xdkazer/Dual_Kuka_LLM_Bachelor/p5_ws/install/lbr_fri_idl/local/lib/python3.10/dist-packages/lbr_fri_idl/msg/__init__.py'...
[30.206s] Compiling '/home/xdkazer/Dual_Kuka_LLM_Bachelor/p5_ws/install/lbr_fri_idl/local/lib/python3.10/dist-packages/lbr_fri_idl/msg/_lbr_command.py'...
[30.206s] Compiling '/home/xdkazer/Dual_Kuka_LLM_Bachelor/p5_ws/install/lbr_fri_idl/local/lib/python3.10/dist-packages/lbr_fri_idl/msg/_lbr_joint_position_command.py'...
[30.206s] Compiling '/home/xdkazer/Dual_Kuka_LLM_Bachelor/p5_ws/install/lbr_fri_idl/local/lib/python3.10/dist-packages/lbr_fri_idl/msg/_lbr_state.py'...
[30.206s] Compiling '/home/xdkazer/Dual_Kuka_LLM_Bachelor/p5_ws/install/lbr_fri_idl/local/lib/python3.10/dist-packages/lbr_fri_idl/msg/_lbr_torque_command.py'...
[30.207s] Compiling '/home/xdkazer/Dual_Kuka_LLM_Bachelor/p5_ws/install/lbr_fri_idl/local/lib/python3.10/dist-packages/lbr_fri_idl/msg/_lbr_wrench_command.py'...
[30.211s] -- Installing: /home/xdkazer/Dual_Kuka_LLM_Bachelor/p5_ws/install/lbr_fri_idl/local/lib/python3.10/dist-packages/lbr_fri_idl/lbr_fri_idl_s__rosidl_typesupport_fastrtps_c.cpython-310-x86_64-linux-gnu.so
[30.211s] -- Set runtime path of "/home/xdkazer/Dual_Kuka_LLM_Bachelor/p5_ws/install/lbr_fri_idl/local/lib/python3.10/dist-packages/lbr_fri_idl/lbr_fri_idl_s__rosidl_typesupport_fastrtps_c.cpython-310-x86_64-linux-gnu.so" to ""
[30.212s] -- Installing: /home/xdkazer/Dual_Kuka_LLM_Bachelor/p5_ws/install/lbr_fri_idl/local/lib/python3.10/dist-packages/lbr_fri_idl/lbr_fri_idl_s__rosidl_typesupport_introspection_c.cpython-310-x86_64-linux-gnu.so
[30.212s] -- Set runtime path of "/home/xdkazer/Dual_Kuka_LLM_Bachelor/p5_ws/install/lbr_fri_idl/local/lib/python3.10/dist-packages/lbr_fri_idl/lbr_fri_idl_s__rosidl_typesupport_introspection_c.cpython-310-x86_64-linux-gnu.so" to ""
[30.212s] -- Installing: /home/xdkazer/Dual_Kuka_LLM_Bachelor/p5_ws/install/lbr_fri_idl/local/lib/python3.10/dist-packages/lbr_fri_idl/lbr_fri_idl_s__rosidl_typesupport_c.cpython-310-x86_64-linux-gnu.so
[30.212s] -- Set runtime path of "/home/xdkazer/Dual_Kuka_LLM_Bachelor/p5_ws/install/lbr_fri_idl/local/lib/python3.10/dist-packages/lbr_fri_idl/lbr_fri_idl_s__rosidl_typesupport_c.cpython-310-x86_64-linux-gnu.so" to ""
[30.212s] -- Installing: /home/xdkazer/Dual_Kuka_LLM_Bachelor/p5_ws/install/lbr_fri_idl/lib/liblbr_fri_idl__rosidl_generator_py.so
[30.212s] -- Set runtime path of "/home/xdkazer/Dual_Kuka_LLM_Bachelor/p5_ws/install/lbr_fri_idl/lib/liblbr_fri_idl__rosidl_generator_py.so" to ""
[30.213s] -- Installing: /home/xdkazer/Dual_Kuka_LLM_Bachelor/p5_ws/install/lbr_fri_idl/share/lbr_fri_idl/msg/LBRCommand.idl
[30.213s] -- Installing: /home/xdkazer/Dual_Kuka_LLM_Bachelor/p5_ws/install/lbr_fri_idl/share/lbr_fri_idl/msg/LBRJointPositionCommand.idl
[30.213s] -- Installing: /home/xdkazer/Dual_Kuka_LLM_Bachelor/p5_ws/install/lbr_fri_idl/share/lbr_fri_idl/msg/LBRState.idl
[30.213s] -- Installing: /home/xdkazer/Dual_Kuka_LLM_Bachelor/p5_ws/install/lbr_fri_idl/share/lbr_fri_idl/msg/LBRTorqueCommand.idl
[30.213s] -- Installing: /home/xdkazer/Dual_Kuka_LLM_Bachelor/p5_ws/install/lbr_fri_idl/share/lbr_fri_idl/msg/LBRWrenchCommand.idl
[30.213s] -- Installing: /home/xdkazer/Dual_Kuka_LLM_Bachelor/p5_ws/install/lbr_fri_idl/share/lbr_fri_idl/msg/LBRCommand.msg
[30.213s] -- Installing: /home/xdkazer/Dual_Kuka_LLM_Bachelor/p5_ws/install/lbr_fri_idl/share/lbr_fri_idl/msg/LBRJointPositionCommand.msg
[30.213s] -- Installing: /home/xdkazer/Dual_Kuka_LLM_Bachelor/p5_ws/install/lbr_fri_idl/share/lbr_fri_idl/msg/LBRState.msg
[30.213s] -- Installing: /home/xdkazer/Dual_Kuka_LLM_Bachelor/p5_ws/install/lbr_fri_idl/share/lbr_fri_idl/msg/LBRTorqueCommand.msg
[30.213s] -- Installing: /home/xdkazer/Dual_Kuka_LLM_Bachelor/p5_ws/install/lbr_fri_idl/share/lbr_fri_idl/msg/LBRWrenchCommand.msg
[30.213s] -- Installing: /home/xdkazer/Dual_Kuka_LLM_Bachelor/p5_ws/install/lbr_fri_idl/share/ament_index/resource_index/package_run_dependencies/lbr_fri_idl
[30.214s] -- Installing: /home/xdkazer/Dual_Kuka_LLM_Bachelor/p5_ws/install/lbr_fri_idl/share/ament_index/resource_index/parent_prefix_path/lbr_fri_idl
[30.214s] -- Installing: /home/xdkazer/Dual_Kuka_LLM_Bachelor/p5_ws/install/lbr_fri_idl/share/lbr_fri_idl/environment/ament_prefix_path.sh
[30.214s] -- Installing: /home/xdkazer/Dual_Kuka_LLM_Bachelor/p5_ws/install/lbr_fri_idl/share/lbr_fri_idl/environment/ament_prefix_path.dsv
[30.214s] -- Installing: /home/xdkazer/Dual_Kuka_LLM_Bachelor/p5_ws/install/lbr_fri_idl/share/lbr_fri_idl/environment/path.sh
[30.215s] -- Installing: /home/xdkazer/Dual_Kuka_LLM_Bachelor/p5_ws/install/lbr_fri_idl/share/lbr_fri_idl/environment/path.dsv
[30.215s] -- Installing: /home/xdkazer/Dual_Kuka_LLM_Bachelor/p5_ws/install/lbr_fri_idl/share/lbr_fri_idl/local_setup.bash
[30.215s] -- Installing: /home/xdkazer/Dual_Kuka_LLM_Bachelor/p5_ws/install/lbr_fri_idl/share/lbr_fri_idl/local_setup.sh
[30.215s] -- Installing: /home/xdkazer/Dual_Kuka_LLM_Bachelor/p5_ws/install/lbr_fri_idl/share/lbr_fri_idl/local_setup.zsh
[30.215s] -- Installing: /home/xdkazer/Dual_Kuka_LLM_Bachelor/p5_ws/install/lbr_fri_idl/share/lbr_fri_idl/local_setup.dsv
[30.215s] -- Installing: /home/xdkazer/Dual_Kuka_LLM_Bachelor/p5_ws/install/lbr_fri_idl/share/lbr_fri_idl/package.dsv
[30.215s] -- Installing: /home/xdkazer/Dual_Kuka_LLM_Bachelor/p5_ws/install/lbr_fri_idl/share/ament_index/resource_index/packages/lbr_fri_idl
[30.215s] -- Installing: /home/xdkazer/Dual_Kuka_LLM_Bachelor/p5_ws/install/lbr_fri_idl/share/lbr_fri_idl/cmake/export_lbr_fri_idl__rosidl_generator_cExport.cmake
[30.215s] -- Installing: /home/xdkazer/Dual_Kuka_LLM_Bachelor/p5_ws/install/lbr_fri_idl/share/lbr_fri_idl/cmake/export_lbr_fri_idl__rosidl_generator_cExport-release.cmake
[30.215s] -- Installing: /home/xdkazer/Dual_Kuka_LLM_Bachelor/p5_ws/install/lbr_fri_idl/share/lbr_fri_idl/cmake/export_lbr_fri_idl__rosidl_typesupport_fastrtps_cExport.cmake
[30.216s] -- Installing: /home/xdkazer/Dual_Kuka_LLM_Bachelor/p5_ws/install/lbr_fri_idl/share/lbr_fri_idl/cmake/export_lbr_fri_idl__rosidl_typesupport_fastrtps_cExport-release.cmake
[30.216s] -- Installing: /home/xdkazer/Dual_Kuka_LLM_Bachelor/p5_ws/install/lbr_fri_idl/share/lbr_fri_idl/cmake/export_lbr_fri_idl__rosidl_generator_cppExport.cmake
[30.216s] -- Installing: /home/xdkazer/Dual_Kuka_LLM_Bachelor/p5_ws/install/lbr_fri_idl/share/lbr_fri_idl/cmake/export_lbr_fri_idl__rosidl_typesupport_fastrtps_cppExport.cmake
[30.216s] -- Installing: /home/xdkazer/Dual_Kuka_LLM_Bachelor/p5_ws/install/lbr_fri_idl/share/lbr_fri_idl/cmake/export_lbr_fri_idl__rosidl_typesupport_fastrtps_cppExport-release.cmake
[30.216s] -- Installing: /home/xdkazer/Dual_Kuka_LLM_Bachelor/p5_ws/install/lbr_fri_idl/share/lbr_fri_idl/cmake/lbr_fri_idl__rosidl_typesupport_introspection_cExport.cmake
[30.216s] -- Installing: /home/xdkazer/Dual_Kuka_LLM_Bachelor/p5_ws/install/lbr_fri_idl/share/lbr_fri_idl/cmake/lbr_fri_idl__rosidl_typesupport_introspection_cExport-release.cmake
[30.216s] -- Installing: /home/xdkazer/Dual_Kuka_LLM_Bachelor/p5_ws/install/lbr_fri_idl/share/lbr_fri_idl/cmake/lbr_fri_idl__rosidl_typesupport_cExport.cmake
[30.216s] -- Installing: /home/xdkazer/Dual_Kuka_LLM_Bachelor/p5_ws/install/lbr_fri_idl/share/lbr_fri_idl/cmake/lbr_fri_idl__rosidl_typesupport_cExport-release.cmake
[30.217s] -- Installing: /home/xdkazer/Dual_Kuka_LLM_Bachelor/p5_ws/install/lbr_fri_idl/share/lbr_fri_idl/cmake/lbr_fri_idl__rosidl_typesupport_introspection_cppExport.cmake
[30.217s] -- Installing: /home/xdkazer/Dual_Kuka_LLM_Bachelor/p5_ws/install/lbr_fri_idl/share/lbr_fri_idl/cmake/lbr_fri_idl__rosidl_typesupport_introspection_cppExport-release.cmake
[30.217s] -- Installing: /home/xdkazer/Dual_Kuka_LLM_Bachelor/p5_ws/install/lbr_fri_idl/share/lbr_fri_idl/cmake/lbr_fri_idl__rosidl_typesupport_cppExport.cmake
[30.217s] -- Installing: /home/xdkazer/Dual_Kuka_LLM_Bachelor/p5_ws/install/lbr_fri_idl/share/lbr_fri_idl/cmake/lbr_fri_idl__rosidl_typesupport_cppExport-release.cmake
[30.217s] -- Installing: /home/xdkazer/Dual_Kuka_LLM_Bachelor/p5_ws/install/lbr_fri_idl/share/lbr_fri_idl/cmake/export_lbr_fri_idl__rosidl_generator_pyExport.cmake
[30.217s] -- Installing: /home/xdkazer/Dual_Kuka_LLM_Bachelor/p5_ws/install/lbr_fri_idl/share/lbr_fri_idl/cmake/export_lbr_fri_idl__rosidl_generator_pyExport-release.cmake
[30.217s] -- Installing: /home/xdkazer/Dual_Kuka_LLM_Bachelor/p5_ws/install/lbr_fri_idl/share/lbr_fri_idl/cmake/rosidl_cmake-extras.cmake
[30.217s] -- Installing: /home/xdkazer/Dual_Kuka_LLM_Bachelor/p5_ws/install/lbr_fri_idl/share/lbr_fri_idl/cmake/ament_cmake_export_dependencies-extras.cmake
[30.217s] -- Installing: /home/xdkazer/Dual_Kuka_LLM_Bachelor/p5_ws/install/lbr_fri_idl/share/lbr_fri_idl/cmake/ament_cmake_export_include_directories-extras.cmake
[30.218s] -- Installing: /home/xdkazer/Dual_Kuka_LLM_Bachelor/p5_ws/install/lbr_fri_idl/share/lbr_fri_idl/cmake/ament_cmake_export_libraries-extras.cmake
[30.218s] -- Installing: /home/xdkazer/Dual_Kuka_LLM_Bachelor/p5_ws/install/lbr_fri_idl/share/lbr_fri_idl/cmake/ament_cmake_export_targets-extras.cmake
[30.218s] -- Installing: /home/xdkazer/Dual_Kuka_LLM_Bachelor/p5_ws/install/lbr_fri_idl/share/lbr_fri_idl/cmake/rosidl_cmake_export_typesupport_targets-extras.cmake
[30.218s] -- Installing: /home/xdkazer/Dual_Kuka_LLM_Bachelor/p5_ws/install/lbr_fri_idl/share/lbr_fri_idl/cmake/rosidl_cmake_export_typesupport_libraries-extras.cmake
[30.218s] -- Installing: /home/xdkazer/Dual_Kuka_LLM_Bachelor/p5_ws/install/lbr_fri_idl/share/lbr_fri_idl/cmake/lbr_fri_idlConfig.cmake
[30.218s] -- Installing: /home/xdkazer/Dual_Kuka_LLM_Bachelor/p5_ws/install/lbr_fri_idl/share/lbr_fri_idl/cmake/lbr_fri_idlConfig-version.cmake
[30.218s] -- Installing: /home/xdkazer/Dual_Kuka_LLM_Bachelor/p5_ws/install/lbr_fri_idl/share/lbr_fri_idl/package.xml
[30.228s] Invoked command in '/home/xdkazer/Dual_Kuka_LLM_Bachelor/p5_ws/build/lbr_fri_idl' returned '0': CMAKE_PREFIX_PATH=/home/xdkazer/Dual_Kuka_LLM_Bachelor/p5_ws/install/fri_client_sdk:/home/xdkazer/P5-Kuka-Dual-Arm/p5_ws/install/set_moveit_coords:/home/xdkazer/P5-Kuka-Dual-Arm/p5_ws/install/robutler_bringup:/home/xdkazer/P5-Kuka-Dual-Arm/p5_ws/install/robotiq_3f_gripper_ros2_interfaces:/home/xdkazer/P5-Kuka-Dual-Arm/p5_ws/install/robotiq_2f_85_interfaces:/home/xdkazer/P5-Kuka-Dual-Arm/p5_ws/install/realsense2_description:/home/xdkazer/P5-Kuka-Dual-Arm/p5_ws/install/realsense2_camera:/home/xdkazer/P5-Kuka-Dual-Arm/p5_ws/install/realsense2_camera_msgs:/home/xdkazer/P5-Kuka-Dual-Arm/p5_ws/install/project_interfaces:/home/xdkazer/P5-Kuka-Dual-Arm/p5_ws/install/pilz_industrial_motion_planner_testutils:/home/xdkazer/P5-Kuka-Dual-Arm/p5_ws/install/moveit_runtime:/home/xdkazer/P5-Kuka-Dual-Arm/p5_ws/install/moveit:/home/xdkazer/P5-Kuka-Dual-Arm/p5_ws/install/iiwa7_table_moveit_config:/home/xdkazer/P5-Kuka-Dual-Arm/p5_ws/install/iiwa7_table_cali_moveit_config:/home/xdkazer/P5-Kuka-Dual-Arm/p5_ws/install/iiwa7_moveit_config:/home/xdkazer/P5-Kuka-Dual-Arm/p5_ws/install/dual_arm_moveit_config:/home/xdkazer/P5-Kuka-Dual-Arm/p5_ws/install/moveit_planners:/home/xdkazer/P5-Kuka-Dual-Arm/p5_ws/install/pilz_industrial_motion_planner:/home/xdkazer/P5-Kuka-Dual-Arm/p5_ws/install/moveit_ros_control_interface:/home/xdkazer/P5-Kuka-Dual-Arm/p5_ws/install/moveit_plugins:/home/xdkazer/P5-Kuka-Dual-Arm/p5_ws/install/moveit_simple_controller_manager:/home/xdkazer/P5-Kuka-Dual-Arm/p5_ws/install/moveit_servo:/home/xdkazer/P5-Kuka-Dual-Arm/p5_ws/install/moveit_ros:/home/xdkazer/P5-Kuka-Dual-Arm/p5_ws/install/moveit_ros_visualization:/home/xdkazer/P5-Kuka-Dual-Arm/p5_ws/install/moveit_hybrid_planning:/home/xdkazer/P5-Kuka-Dual-Arm/p5_ws/install/moveit_ros_planning_interface:/home/xdkazer/P5-Kuka-Dual-Arm/p5_ws/install/moveit_ros_benchmarks:/home/xdkazer/P5-Kuka-Dual-Arm/p5_ws/install/moveit_ros_warehouse:/home/xdkazer/P5-Kuka-Dual-Arm/p5_ws/install/moveit_ros_robot_interaction:/home/xdkazer/P5-Kuka-Dual-Arm/p5_ws/install/moveit_ros_perception:/home/xdkazer/P5-Kuka-Dual-Arm/p5_ws/install/moveit_resources_prbt_pg70_support:/home/xdkazer/P5-Kuka-Dual-Arm/p5_ws/install/moveit_resources_prbt_moveit_config:/home/xdkazer/P5-Kuka-Dual-Arm/p5_ws/install/moveit_ros_move_group:/home/xdkazer/P5-Kuka-Dual-Arm/p5_ws/install/moveit_planners_ompl:/home/xdkazer/P5-Kuka-Dual-Arm/p5_ws/install/moveit_ros_planning:/home/xdkazer/P5-Kuka-Dual-Arm/p5_ws/install/moveit_ros_occupancy_map_monitor:/home/xdkazer/P5-Kuka-Dual-Arm/p5_ws/install/moveit_resources_prbt_ikfast_manipulator_plugin:/home/xdkazer/P5-Kuka-Dual-Arm/p5_ws/install/moveit_planners_chomp:/home/xdkazer/P5-Kuka-Dual-Arm/p5_ws/install/moveit_kinematics:/home/xdkazer/P5-Kuka-Dual-Arm/p5_ws/install/moveit_chomp_optimizer_adapter:/home/xdkazer/P5-Kuka-Dual-Arm/p5_ws/install/chomp_motion_planner:/home/xdkazer/P5-Kuka-Dual-Arm/p5_ws/install/moveit_core:/home/xdkazer/P5-Kuka-Dual-Arm/p5_ws/install/generate_parameter_library:/home/xdkazer/P5-Kuka-Dual-Arm/p5_ws/install/parameter_traits:/home/xdkazer/P5-Kuka-Dual-Arm/p5_ws/install/moveit_resources_prbt_support:/home/xdkazer/P5-Kuka-Dual-Arm/p5_ws/install/moveit_msgs:/home/xdkazer/P5-Kuka-Dual-Arm/p5_ws/install/moveit_common:/home/xdkazer/P5-Kuka-Dual-Arm/p5_ws/install/lbr_fri_ros2_stack:/home/xdkazer/P5-Kuka-Dual-Arm/p5_ws/install/lbr_bringup:/home/xdkazer/P5-Kuka-Dual-Arm/p5_ws/install/lbr_ros2_control_right:/home/xdkazer/P5-Kuka-Dual-Arm/p5_ws/install/lbr_ros2_control_left:/home/xdkazer/P5-Kuka-Dual-Arm/p5_ws/install/lbr_ros2_control:/home/xdkazer/P5-Kuka-Dual-Arm/p5_ws/install/lbr_fri_ros2:/home/xdkazer/P5-Kuka-Dual-Arm/p5_ws/install/lbr_fri_idl:/home/xdkazer/P5-Kuka-Dual-Arm/p5_ws/install/lbr_description:/home/xdkazer/P5-Kuka-Dual-Arm/p5_ws/install/fri_client_sdk:/home/xdkazer/P5-Kuka-Dual-Arm/p5_ws/install/yolo_world:/home/xdkazer/P5-Kuka-Dual-Arm/p5_ws/install/robotiq_3f_gripper_ros2_control:/home/xdkazer/P5-Kuka-Dual-Arm/p5_ws/install/robotiq_2f_85_control:/home/xdkazer/P5-Kuka-Dual-Arm/p5_ws/install/object_detector:/home/xdkazer/P5-Kuka-Dual-Arm/p5_ws/install/janise:/home/xdkazer/P5-Kuka-Dual-Arm/p5_ws/install/gui_package:/home/xdkazer/P5-Kuka-Dual-Arm/p5_ws/install/moveit_configs_utils:/home/xdkazer/P5-Kuka-Dual-Arm/p5_ws/install/generate_parameter_library_py:/opt/ros/humble LD_LIBRARY_PATH=/home/xdkazer/Dual_Kuka_LLM_Bachelor/p5_ws/install/fri_client_sdk/lib:${LD_LIBRARY_PATH} PKG_CONFIG_PATH=/home/xdkazer/Dual_Kuka_LLM_Bachelor/p5_ws/install/fri_client_sdk/lib/x86_64-linux-gnu/pkgconfig:/home/xdkazer/Dual_Kuka_LLM_Bachelor/p5_ws/install/fri_client_sdk/lib/pkgconfig:${PKG_CONFIG_PATH} /usr/bin/cmake --install /home/xdkazer/Dual_Kuka_LLM_Bachelor/p5_ws/build/lbr_fri_idl
