/home/xdkazer/Dual_Kuka_LLM_Bachelor/p5_ws/install/robotiq_2f_85_control/lib/python3.10/site-packages/robotiq_2f_85_control/gripper.py
/home/xdkazer/Dual_Kuka_LLM_Bachelor/p5_ws/install/robotiq_2f_85_control/lib/python3.10/site-packages/robotiq_2f_85_control/gripper_service.py
/home/xdkazer/Dual_Kuka_LLM_Bachelor/p5_ws/install/robotiq_2f_85_control/lib/python3.10/site-packages/robotiq_2f_85_control/__init__.py
/home/xdkazer/Dual_Kuka_LLM_Bachelor/p5_ws/install/robotiq_2f_85_control/lib/python3.10/site-packages/robotiq_2f_85_control/gripper_client.py
/home/xdkazer/Dual_Kuka_LLM_Bachelor/p5_ws/install/robotiq_2f_85_control/lib/python3.10/site-packages/robotiq_2f_85_control/Robotiq2F85Driver.py
/home/xdkazer/Dual_Kuka_LLM_Bachelor/p5_ws/install/robotiq_2f_85_control/lib/python3.10/site-packages/robotiq_2f_85_control/__pycache__/gripper.cpython-310.pyc
/home/xdkazer/Dual_Kuka_LLM_Bachelor/p5_ws/install/robotiq_2f_85_control/lib/python3.10/site-packages/robotiq_2f_85_control/__pycache__/gripper_service.cpython-310.pyc
/home/xdkazer/Dual_Kuka_LLM_Bachelor/p5_ws/install/robotiq_2f_85_control/lib/python3.10/site-packages/robotiq_2f_85_control/__pycache__/__init__.cpython-310.pyc
/home/xdkazer/Dual_Kuka_LLM_Bachelor/p5_ws/install/robotiq_2f_85_control/lib/python3.10/site-packages/robotiq_2f_85_control/__pycache__/gripper_client.cpython-310.pyc
/home/xdkazer/Dual_Kuka_LLM_Bachelor/p5_ws/install/robotiq_2f_85_control/lib/python3.10/site-packages/robotiq_2f_85_control/__pycache__/Robotiq2F85Driver.cpython-310.pyc
/home/xdkazer/Dual_Kuka_LLM_Bachelor/p5_ws/install/robotiq_2f_85_control/share/ament_index/resource_index/packages/robotiq_2f_85_control
/home/xdkazer/Dual_Kuka_LLM_Bachelor/p5_ws/install/robotiq_2f_85_control/share/robotiq_2f_85_control/package.xml
/home/xdkazer/Dual_Kuka_LLM_Bachelor/p5_ws/install/robotiq_2f_85_control/lib/python3.10/site-packages/robotiq_2f_85_control-0.0.0-py3.10.egg-info/SOURCES.txt
/home/xdkazer/Dual_Kuka_LLM_Bachelor/p5_ws/install/robotiq_2f_85_control/lib/python3.10/site-packages/robotiq_2f_85_control-0.0.0-py3.10.egg-info/top_level.txt
/home/xdkazer/Dual_Kuka_LLM_Bachelor/p5_ws/install/robotiq_2f_85_control/lib/python3.10/site-packages/robotiq_2f_85_control-0.0.0-py3.10.egg-info/zip-safe
/home/xdkazer/Dual_Kuka_LLM_Bachelor/p5_ws/install/robotiq_2f_85_control/lib/python3.10/site-packages/robotiq_2f_85_control-0.0.0-py3.10.egg-info/entry_points.txt
/home/xdkazer/Dual_Kuka_LLM_Bachelor/p5_ws/install/robotiq_2f_85_control/lib/python3.10/site-packages/robotiq_2f_85_control-0.0.0-py3.10.egg-info/PKG-INFO
/home/xdkazer/Dual_Kuka_LLM_Bachelor/p5_ws/install/robotiq_2f_85_control/lib/python3.10/site-packages/robotiq_2f_85_control-0.0.0-py3.10.egg-info/requires.txt
/home/xdkazer/Dual_Kuka_LLM_Bachelor/p5_ws/install/robotiq_2f_85_control/lib/python3.10/site-packages/robotiq_2f_85_control-0.0.0-py3.10.egg-info/dependency_links.txt
/home/xdkazer/Dual_Kuka_LLM_Bachelor/p5_ws/install/robotiq_2f_85_control/lib/robotiq_2f_85_control/gripper_client_node
/home/xdkazer/Dual_Kuka_LLM_Bachelor/p5_ws/install/robotiq_2f_85_control/lib/robotiq_2f_85_control/gripper_control_service_node
