[0.150s] Invoking command in '/home/xdkazer/Dual_Kuka_LLM_Bachelor/p5_ws/build/moveit_ros_visualization': AMENT_PREFIX_PATH=/home/xdkazer/Dual_Kuka_LLM_Bachelor/p5_ws/install/moveit_ros_planning_interface:/home/xdkazer/Dual_Kuka_LLM_Bachelor/p5_ws/install/moveit_ros_move_group:/home/xdkazer/Dual_Kuka_LLM_Bachelor/p5_ws/install/moveit_ros_warehouse:/home/xdkazer/Dual_Kuka_LLM_Bachelor/p5_ws/install/moveit_ros_robot_interaction:/home/xdkazer/Dual_Kuka_LLM_Bachelor/p5_ws/install/moveit_planners_ompl:/home/xdkazer/Dual_Kuka_LLM_Bachelor/p5_ws/install/moveit_kinematics:/home/xdkazer/Dual_Kuka_LLM_Bachelor/p5_ws/install/moveit_ros_planning:/home/xdkazer/Dual_Kuka_LLM_Bachelor/p5_ws/install/moveit_simple_controller_manager:/home/xdkazer/Dual_Kuka_LLM_Bachelor/p5_ws/install/moveit_ros_occupancy_map_monitor:/home/xdkazer/Dual_Kuka_LLM_Bachelor/p5_ws/install/moveit_core:/home/xdkazer/Dual_Kuka_LLM_Bachelor/p5_ws/install/generate_parameter_library:/home/xdkazer/Dual_Kuka_LLM_Bachelor/p5_ws/install/parameter_traits:/home/xdkazer/Dual_Kuka_LLM_Bachelor/p5_ws/install/moveit_msgs:/home/xdkazer/Dual_Kuka_LLM_Bachelor/p5_ws/install/moveit_configs_utils:/home/xdkazer/Dual_Kuka_LLM_Bachelor/p5_ws/install/moveit_common:/home/xdkazer/Dual_Kuka_LLM_Bachelor/p5_ws/install/generate_parameter_library_py:${AMENT_PREFIX_PATH} CMAKE_PREFIX_PATH=/home/xdkazer/Dual_Kuka_LLM_Bachelor/p5_ws/install/moveit_ros_planning_interface:/home/xdkazer/Dual_Kuka_LLM_Bachelor/p5_ws/install/moveit_ros_move_group:/home/xdkazer/Dual_Kuka_LLM_Bachelor/p5_ws/install/moveit_ros_warehouse:/home/xdkazer/Dual_Kuka_LLM_Bachelor/p5_ws/install/moveit_ros_robot_interaction:/home/xdkazer/Dual_Kuka_LLM_Bachelor/p5_ws/install/moveit_planners_ompl:/home/xdkazer/Dual_Kuka_LLM_Bachelor/p5_ws/install/moveit_kinematics:/home/xdkazer/Dual_Kuka_LLM_Bachelor/p5_ws/install/moveit_ros_planning:/home/xdkazer/Dual_Kuka_LLM_Bachelor/p5_ws/install/moveit_simple_controller_manager:/home/xdkazer/Dual_Kuka_LLM_Bachelor/p5_ws/install/moveit_ros_occupancy_map_monitor:/home/xdkazer/Dual_Kuka_LLM_Bachelor/p5_ws/install/moveit_core:/home/xdkazer/Dual_Kuka_LLM_Bachelor/p5_ws/install/generate_parameter_library:/home/xdkazer/Dual_Kuka_LLM_Bachelor/p5_ws/install/parameter_traits:/home/xdkazer/Dual_Kuka_LLM_Bachelor/p5_ws/install/moveit_msgs:/home/xdkazer/Dual_Kuka_LLM_Bachelor/p5_ws/install/moveit_common:/home/xdkazer/P5-Kuka-Dual-Arm/p5_ws/install/set_moveit_coords:/home/xdkazer/P5-Kuka-Dual-Arm/p5_ws/install/robutler_bringup:/home/xdkazer/P5-Kuka-Dual-Arm/p5_ws/install/robotiq_3f_gripper_ros2_interfaces:/home/xdkazer/P5-Kuka-Dual-Arm/p5_ws/install/robotiq_2f_85_interfaces:/home/xdkazer/P5-Kuka-Dual-Arm/p5_ws/install/realsense2_description:/home/xdkazer/P5-Kuka-Dual-Arm/p5_ws/install/realsense2_camera:/home/xdkazer/P5-Kuka-Dual-Arm/p5_ws/install/realsense2_camera_msgs:/home/xdkazer/P5-Kuka-Dual-Arm/p5_ws/install/project_interfaces:/home/xdkazer/P5-Kuka-Dual-Arm/p5_ws/install/pilz_industrial_motion_planner_testutils:/home/xdkazer/P5-Kuka-Dual-Arm/p5_ws/install/moveit_runtime:/home/xdkazer/P5-Kuka-Dual-Arm/p5_ws/install/moveit:/home/xdkazer/P5-Kuka-Dual-Arm/p5_ws/install/iiwa7_table_moveit_config:/home/xdkazer/P5-Kuka-Dual-Arm/p5_ws/install/iiwa7_table_cali_moveit_config:/home/xdkazer/P5-Kuka-Dual-Arm/p5_ws/install/iiwa7_moveit_config:/home/xdkazer/P5-Kuka-Dual-Arm/p5_ws/install/dual_arm_moveit_config:/home/xdkazer/P5-Kuka-Dual-Arm/p5_ws/install/moveit_planners:/home/xdkazer/P5-Kuka-Dual-Arm/p5_ws/install/pilz_industrial_motion_planner:/home/xdkazer/P5-Kuka-Dual-Arm/p5_ws/install/moveit_ros_control_interface:/home/xdkazer/P5-Kuka-Dual-Arm/p5_ws/install/moveit_plugins:/home/xdkazer/P5-Kuka-Dual-Arm/p5_ws/install/moveit_simple_controller_manager:/home/xdkazer/P5-Kuka-Dual-Arm/p5_ws/install/moveit_servo:/home/xdkazer/P5-Kuka-Dual-Arm/p5_ws/install/moveit_ros:/home/xdkazer/P5-Kuka-Dual-Arm/p5_ws/install/moveit_ros_visualization:/home/xdkazer/P5-Kuka-Dual-Arm/p5_ws/install/moveit_hybrid_planning:/home/xdkazer/P5-Kuka-Dual-Arm/p5_ws/install/moveit_ros_planning_interface:/home/xdkazer/P5-Kuka-Dual-Arm/p5_ws/install/moveit_ros_benchmarks:/home/xdkazer/P5-Kuka-Dual-Arm/p5_ws/install/moveit_ros_warehouse:/home/xdkazer/P5-Kuka-Dual-Arm/p5_ws/install/moveit_ros_robot_interaction:/home/xdkazer/P5-Kuka-Dual-Arm/p5_ws/install/moveit_ros_perception:/home/xdkazer/P5-Kuka-Dual-Arm/p5_ws/install/moveit_resources_prbt_pg70_support:/home/xdkazer/P5-Kuka-Dual-Arm/p5_ws/install/moveit_resources_prbt_moveit_config:/home/xdkazer/P5-Kuka-Dual-Arm/p5_ws/install/moveit_ros_move_group:/home/xdkazer/P5-Kuka-Dual-Arm/p5_ws/install/moveit_planners_ompl:/home/xdkazer/P5-Kuka-Dual-Arm/p5_ws/install/moveit_ros_planning:/home/xdkazer/P5-Kuka-Dual-Arm/p5_ws/install/moveit_ros_occupancy_map_monitor:/home/xdkazer/P5-Kuka-Dual-Arm/p5_ws/install/moveit_resources_prbt_ikfast_manipulator_plugin:/home/xdkazer/P5-Kuka-Dual-Arm/p5_ws/install/moveit_planners_chomp:/home/xdkazer/P5-Kuka-Dual-Arm/p5_ws/install/moveit_kinematics:/home/xdkazer/P5-Kuka-Dual-Arm/p5_ws/install/moveit_chomp_optimizer_adapter:/home/xdkazer/P5-Kuka-Dual-Arm/p5_ws/install/chomp_motion_planner:/home/xdkazer/P5-Kuka-Dual-Arm/p5_ws/install/moveit_core:/home/xdkazer/P5-Kuka-Dual-Arm/p5_ws/install/generate_parameter_library:/home/xdkazer/P5-Kuka-Dual-Arm/p5_ws/install/parameter_traits:/home/xdkazer/P5-Kuka-Dual-Arm/p5_ws/install/moveit_resources_prbt_support:/home/xdkazer/P5-Kuka-Dual-Arm/p5_ws/install/moveit_msgs:/home/xdkazer/P5-Kuka-Dual-Arm/p5_ws/install/moveit_common:/home/xdkazer/P5-Kuka-Dual-Arm/p5_ws/install/lbr_fri_ros2_stack:/home/xdkazer/P5-Kuka-Dual-Arm/p5_ws/install/lbr_bringup:/home/xdkazer/P5-Kuka-Dual-Arm/p5_ws/install/lbr_ros2_control_right:/home/xdkazer/P5-Kuka-Dual-Arm/p5_ws/install/lbr_ros2_control_left:/home/xdkazer/P5-Kuka-Dual-Arm/p5_ws/install/lbr_ros2_control:/home/xdkazer/P5-Kuka-Dual-Arm/p5_ws/install/lbr_fri_ros2:/home/xdkazer/P5-Kuka-Dual-Arm/p5_ws/install/lbr_fri_idl:/home/xdkazer/P5-Kuka-Dual-Arm/p5_ws/install/lbr_description:/home/xdkazer/P5-Kuka-Dual-Arm/p5_ws/install/fri_client_sdk:/home/xdkazer/P5-Kuka-Dual-Arm/p5_ws/install/yolo_world:/home/xdkazer/P5-Kuka-Dual-Arm/p5_ws/install/robotiq_3f_gripper_ros2_control:/home/xdkazer/P5-Kuka-Dual-Arm/p5_ws/install/robotiq_2f_85_control:/home/xdkazer/P5-Kuka-Dual-Arm/p5_ws/install/object_detector:/home/xdkazer/P5-Kuka-Dual-Arm/p5_ws/install/janise:/home/xdkazer/P5-Kuka-Dual-Arm/p5_ws/install/gui_package:/home/xdkazer/P5-Kuka-Dual-Arm/p5_ws/install/moveit_configs_utils:/home/xdkazer/P5-Kuka-Dual-Arm/p5_ws/install/generate_parameter_library_py:/opt/ros/humble LD_LIBRARY_PATH=/home/xdkazer/Dual_Kuka_LLM_Bachelor/p5_ws/install/moveit_ros_planning_interface/lib:/home/xdkazer/Dual_Kuka_LLM_Bachelor/p5_ws/install/moveit_ros_move_group/lib:/home/xdkazer/Dual_Kuka_LLM_Bachelor/p5_ws/install/moveit_ros_warehouse/lib:/home/xdkazer/Dual_Kuka_LLM_Bachelor/p5_ws/install/moveit_ros_robot_interaction/lib:/home/xdkazer/Dual_Kuka_LLM_Bachelor/p5_ws/install/moveit_planners_ompl/lib:/home/xdkazer/Dual_Kuka_LLM_Bachelor/p5_ws/install/moveit_kinematics/lib:/home/xdkazer/Dual_Kuka_LLM_Bachelor/p5_ws/install/moveit_ros_planning/lib:/home/xdkazer/Dual_Kuka_LLM_Bachelor/p5_ws/install/moveit_simple_controller_manager/lib:/home/xdkazer/Dual_Kuka_LLM_Bachelor/p5_ws/install/moveit_ros_occupancy_map_monitor/lib:/home/xdkazer/Dual_Kuka_LLM_Bachelor/p5_ws/install/moveit_core/lib:/home/xdkazer/Dual_Kuka_LLM_Bachelor/p5_ws/install/parameter_traits/lib:/home/xdkazer/Dual_Kuka_LLM_Bachelor/p5_ws/install/moveit_msgs/lib:${LD_LIBRARY_PATH} PATH=/home/xdkazer/Dual_Kuka_LLM_Bachelor/p5_ws/install/moveit_core/bin:/home/xdkazer/Dual_Kuka_LLM_Bachelor/p5_ws/install/generate_parameter_library_py/bin:${PATH} PYTHONPATH=/home/xdkazer/Dual_Kuka_LLM_Bachelor/p5_ws/install/moveit_msgs/local/lib/python3.10/dist-packages:/home/xdkazer/Dual_Kuka_LLM_Bachelor/p5_ws/install/moveit_configs_utils/lib/python3.10/site-packages:/home/xdkazer/Dual_Kuka_LLM_Bachelor/p5_ws/install/generate_parameter_library_py/lib/python3.10/site-packages:${PYTHONPATH} /usr/bin/cmake /home/xdkazer/Dual_Kuka_LLM_Bachelor/p5_ws/src/moveit/moveit2/moveit_ros/visualization -DCMAKE_BUILD_TYPE=Release -DCMAKE_INSTALL_PREFIX=/home/xdkazer/Dual_Kuka_LLM_Bachelor/p5_ws/install/moveit_ros_visualization
[0.313s] -- The C compiler identification is GNU 11.4.0
[0.429s] -- The CXX compiler identification is GNU 11.4.0
[0.447s] -- Detecting C compiler ABI info
[0.611s] -- Detecting C compiler ABI info - done
[0.623s] -- Check for working C compiler: /usr/bin/cc - skipped
[0.624s] -- Detecting C compile features
[0.624s] -- Detecting C compile features - done
[0.632s] -- Detecting CXX compiler ABI info
[0.824s] -- Detecting CXX compiler ABI info - done
[0.843s] -- Check for working CXX compiler: /usr/bin/c++ - skipped
[0.844s] -- Detecting CXX compile features
[0.848s] -- Detecting CXX compile features - done
[0.849s] -- Found moveit_common: 2.5.5 (/home/xdkazer/Dual_Kuka_LLM_Bachelor/p5_ws/install/moveit_common/share/moveit_common/cmake)
[0.859s] -- Found ament_cmake: 1.3.10 (/opt/ros/humble/share/ament_cmake/cmake)
[1.150s] -- Found Python3: /usr/bin/python3 (found version "3.10.12") found components: Interpreter 
[1.551s] -- Found class_loader: 2.2.0 (/opt/ros/humble/share/class_loader/cmake)
[1.647s] -- Found geometric_shapes: 2.1.3 (/opt/ros/humble/share/geometric_shapes/cmake)
[1.768s] -- Found Boost: /usr/lib/x86_64-linux-gnu/cmake/Boost-1.74.0/BoostConfig.cmake (found version "1.74.0") found components: filesystem 
[1.948s] -- Found rosidl_generator_c: 3.1.5 (/opt/ros/humble/share/rosidl_generator_c/cmake)
[2.041s] -- Found rosidl_adapter: 3.1.5 (/opt/ros/humble/share/rosidl_adapter/cmake)
[2.041s] -- Found rosidl_generator_cpp: 3.1.5 (/opt/ros/humble/share/rosidl_generator_cpp/cmake)
[2.076s] -- Using all available rosidl_typesupport_c: rosidl_typesupport_fastrtps_c;rosidl_typesupport_introspection_c
[2.132s] -- Using all available rosidl_typesupport_cpp: rosidl_typesupport_fastrtps_cpp;rosidl_typesupport_introspection_cpp
[2.367s] -- Found rmw_implementation_cmake: 6.1.2 (/opt/ros/humble/share/rmw_implementation_cmake/cmake)
[2.389s] -- Found rmw_fastrtps_cpp: 6.2.7 (/opt/ros/humble/share/rmw_fastrtps_cpp/cmake)
[2.712s] -- Found OpenSSL: /usr/lib/x86_64-linux-gnu/libcrypto.so (found version "3.0.2")  
[2.793s] -- Found FastRTPS: /opt/ros/humble/include  
[2.861s] -- Using RMW implementation 'rmw_fastrtps_cpp' as default
[2.885s] -- Looking for pthread.h
[3.087s] -- Looking for pthread.h - found
[3.087s] -- Performing Test CMAKE_HAVE_LIBC_PTHREAD
[3.298s] -- Performing Test CMAKE_HAVE_LIBC_PTHREAD - Success
[3.298s] -- Found Threads: TRUE  
[3.659s] -- library: /usr/lib/x86_64-linux-gnu/libcurl.so
[3.747s] -- Found interactive_markers: 2.3.2 (/opt/ros/humble/share/interactive_markers/cmake)
[3.763s] -- Found moveit_ros_planning: 2.5.5 (/home/xdkazer/Dual_Kuka_LLM_Bachelor/p5_ws/install/moveit_ros_planning/share/moveit_ros_planning/cmake)
[3.862s] -- Found Boost: /usr/lib/x86_64-linux-gnu/cmake/Boost-1.74.0/BoostConfig.cmake (found version "1.74.0") found components: system filesystem date_time program_options thread chrono 
[4.316s] -- Found Boost: /usr/lib/x86_64-linux-gnu/cmake/Boost-1.74.0/BoostConfig.cmake (found version "1.74.0") found components: chrono date_time filesystem iostreams program_options regex serialization system thread 
[4.428s] -- Found parameter_traits: 0.3.7 (/home/xdkazer/Dual_Kuka_LLM_Bachelor/p5_ws/install/parameter_traits/share/parameter_traits/cmake)
[4.484s] -- Found Eigen3: TRUE (found version "3.4.0") 
[4.502s] -- Found rclcpp_lifecycle: 16.0.10 (/opt/ros/humble/share/rclcpp_lifecycle/cmake)
[4.666s] -- Ensuring Eigen3 include directory is part of orocos-kdl CMake target
[5.019s] -- Found moveit_ros_planning_interface: 2.5.5 (/home/xdkazer/Dual_Kuka_LLM_Bachelor/p5_ws/install/moveit_ros_planning_interface/share/moveit_ros_planning_interface/cmake)
[5.029s] -- Found Boost: /usr/lib/x86_64-linux-gnu/cmake/Boost-1.74.0/BoostConfig.cmake (found version "1.74.0") found components: date_time filesystem program_options system thread 
[5.056s] -- Found Boost: /usr/lib/x86_64-linux-gnu/cmake/Boost-1.74.0/BoostConfig.cmake (found version "1.74.0") found components: thread system filesystem regex date_time program_options 
[5.106s] -- Found Boost: /usr/lib/x86_64-linux-gnu/cmake/Boost-1.74.0/BoostConfig.cmake (found version "1.74.0") found components: system filesystem date_time program_options thread 
[5.175s] -- Found moveit_ros_robot_interaction: 2.5.5 (/home/xdkazer/Dual_Kuka_LLM_Bachelor/p5_ws/install/moveit_ros_robot_interaction/share/moveit_ros_robot_interaction/cmake)
[5.208s] -- Found rclpy: 3.3.14 (/opt/ros/humble/share/rclpy/cmake)
[5.223s] -- Found rviz2: 11.2.13 (/opt/ros/humble/share/rviz2/cmake)
[5.245s] -- Found rviz_common: 11.2.13 (/opt/ros/humble/share/rviz_common/cmake)
[5.435s] -- Setting assimp_DIR to: '/opt/ros/humble/share/rviz_assimp_vendor/cmake/../../../opt/rviz_assimp_vendor/lib/cmake/assimp-4.1'
[5.476s] -- Setting OGRE_DIR to: '/opt/ros/humble/share/rviz_ogre_vendor/cmake/../../../opt/rviz_ogre_vendor/lib/OGRE/cmake'
[5.482s] -- Found OGRE
[5.482s] --   static     : OFF
[5.482s] --   components : HLMS;MeshLodGenerator;Overlay;Paging;Property;RTShaderSystem;Terrain;Volume
[5.482s] --   plugins    : Plugin_BSPSceneManager;Plugin_OctreeSceneManager;Plugin_PCZSceneManager;Plugin_ParticleFX;RenderSystem_GL;RenderSystem_GL3Plus;Codec_STBI
[5.482s] --   media      : /opt/ros/humble/opt/rviz_ogre_vendor/share/OGRE/Media
[5.482s] -- OGRE_LIBRARIES: OgreHLMS;OgreMeshLodGenerator;OgreOverlay;OgrePaging;OgreProperty;OgreRTShaderSystem;OgreTerrain;OgreVolume;OgreMain
[5.482s] -- OGRE_LIBRARY_DIRS: /opt/ros/humble/opt/rviz_ogre_vendor/lib
[5.482s] -- OGRE_PLUGINS: Plugin_BSPSceneManager;Plugin_OctreeSceneManager;Plugin_PCZSceneManager;Plugin_ParticleFX;RenderSystem_GL;RenderSystem_GL3Plus;Codec_STBI
[5.482s] -- OGRE_PLUGIN_DIR: /opt/ros/humble/opt/rviz_ogre_vendor/lib/OGRE
[5.483s] -- rviz_ogre_vendor::OgreOverlay for IMPORTED_LOCATION_RELEASE: /opt/ros/humble/opt/rviz_ogre_vendor/lib/libOgreOverlay.so
[5.483s] -- rviz_ogre_vendor::OgreOverlay for IMPORTED_LOCATION_DEBUG: /opt/ros/humble/opt/rviz_ogre_vendor/lib/libOgreOverlay.so
[5.483s] -- rviz_ogre_vendor::OgreMain for IMPORTED_LOCATION_RELEASE: /opt/ros/humble/opt/rviz_ogre_vendor/lib/libOgreMain.so
[5.483s] -- rviz_ogre_vendor::OgreMain for IMPORTED_LOCATION_DEBUG: /opt/ros/humble/opt/rviz_ogre_vendor/lib/libOgreMain.so
[5.545s] -- Found ZLIB: /usr/lib/x86_64-linux-gnu/libz.so (found version "1.2.11") 
[5.562s] -- Found OpenGL: /usr/lib/x86_64-linux-gnu/libOpenGL.so   
[5.857s] -- Found X11: /usr/include   
[5.859s] -- Looking for XOpenDisplay in /usr/lib/x86_64-linux-gnu/libX11.so;/usr/lib/x86_64-linux-gnu/libXext.so
[6.063s] -- Looking for XOpenDisplay in /usr/lib/x86_64-linux-gnu/libX11.so;/usr/lib/x86_64-linux-gnu/libXext.so - found
[6.064s] -- Looking for gethostbyname
[6.220s] -- Looking for gethostbyname - found
[6.220s] -- Looking for connect
[6.358s] -- Looking for connect - found
[6.358s] -- Looking for remove
[6.577s] -- Looking for remove - found
[6.578s] -- Looking for shmat
[6.735s] -- Looking for shmat - found
[6.735s] -- Looking for IceConnectionNumber in ICE
[6.938s] -- Looking for IceConnectionNumber in ICE - found
[7.090s] -- Found rviz_default_plugins: 11.2.13 (/opt/ros/humble/share/rviz_default_plugins/cmake)
[7.750s] -- Found Boost: /usr/lib/x86_64-linux-gnu/cmake/Boost-1.74.0/BoostConfig.cmake (found version "1.74.0") found components: thread date_time system filesystem 
[9.267s] -- Performing Test COMPILER_HAS_HIDDEN_VISIBILITY
[16.891s] -- Performing Test COMPILER_HAS_HIDDEN_VISIBILITY - Success
[16.891s] -- Performing Test COMPILER_HAS_HIDDEN_INLINE_VISIBILITY
[29.726s] -- Performing Test COMPILER_HAS_HIDDEN_INLINE_VISIBILITY - Success
[29.727s] -- Performing Test COMPILER_HAS_DEPRECATED_ATTR
[37.872s] -- Performing Test COMPILER_HAS_DEPRECATED_ATTR - Success
[42.747s] -- Found ament_lint_auto: 0.12.11 (/opt/ros/humble/share/ament_lint_auto/cmake)
[42.748s] -- Added test 'cppcheck' to perform static code analysis on C / C++ code
[42.748s] -- Configured cppcheck include dirs: /home/xdkazer/Dual_Kuka_LLM_Bachelor/p5_ws/src/moveit/moveit2/moveit_ros/visualization/rviz_plugin_render_tools/include;/home/xdkazer/Dual_Kuka_LLM_Bachelor/p5_ws/src/moveit/moveit2/moveit_ros/visualization/robot_state_rviz_plugin/include;/home/xdkazer/Dual_Kuka_LLM_Bachelor/p5_ws/src/moveit/moveit2/moveit_ros/visualization/planning_scene_rviz_plugin/include;/home/xdkazer/Dual_Kuka_LLM_Bachelor/p5_ws/src/moveit/moveit2/moveit_ros/visualization/motion_planning_rviz_plugin/include;/home/xdkazer/Dual_Kuka_LLM_Bachelor/p5_ws/src/moveit/moveit2/moveit_ros/visualization/trajectory_rviz_plugin/include
[42.748s] -- Configured cppcheck exclude dirs and/or files: 
[42.748s] -- Added test 'lint_cmake' to check CMake code style
[42.748s] -- Added test 'pep257' to check Python code against some of the docstring style conventions in PEP 257
[42.749s] -- Added test 'xmllint' to check XML markup files
[42.750s] -- Configuring done
[51.833s] -- Generating done
[51.838s] -- Build files have been written to: /home/xdkazer/Dual_Kuka_LLM_Bachelor/p5_ws/build/moveit_ros_visualization
[54.688s] Invoked command in '/home/xdkazer/Dual_Kuka_LLM_Bachelor/p5_ws/build/moveit_ros_visualization' returned '0': AMENT_PREFIX_PATH=/home/xdkazer/Dual_Kuka_LLM_Bachelor/p5_ws/install/moveit_ros_planning_interface:/home/xdkazer/Dual_Kuka_LLM_Bachelor/p5_ws/install/moveit_ros_move_group:/home/xdkazer/Dual_Kuka_LLM_Bachelor/p5_ws/install/moveit_ros_warehouse:/home/xdkazer/Dual_Kuka_LLM_Bachelor/p5_ws/install/moveit_ros_robot_interaction:/home/xdkazer/Dual_Kuka_LLM_Bachelor/p5_ws/install/moveit_planners_ompl:/home/xdkazer/Dual_Kuka_LLM_Bachelor/p5_ws/install/moveit_kinematics:/home/xdkazer/Dual_Kuka_LLM_Bachelor/p5_ws/install/moveit_ros_planning:/home/xdkazer/Dual_Kuka_LLM_Bachelor/p5_ws/install/moveit_simple_controller_manager:/home/xdkazer/Dual_Kuka_LLM_Bachelor/p5_ws/install/moveit_ros_occupancy_map_monitor:/home/xdkazer/Dual_Kuka_LLM_Bachelor/p5_ws/install/moveit_core:/home/xdkazer/Dual_Kuka_LLM_Bachelor/p5_ws/install/generate_parameter_library:/home/xdkazer/Dual_Kuka_LLM_Bachelor/p5_ws/install/parameter_traits:/home/xdkazer/Dual_Kuka_LLM_Bachelor/p5_ws/install/moveit_msgs:/home/xdkazer/Dual_Kuka_LLM_Bachelor/p5_ws/install/moveit_configs_utils:/home/xdkazer/Dual_Kuka_LLM_Bachelor/p5_ws/install/moveit_common:/home/xdkazer/Dual_Kuka_LLM_Bachelor/p5_ws/install/generate_parameter_library_py:${AMENT_PREFIX_PATH} CMAKE_PREFIX_PATH=/home/xdkazer/Dual_Kuka_LLM_Bachelor/p5_ws/install/moveit_ros_planning_interface:/home/xdkazer/Dual_Kuka_LLM_Bachelor/p5_ws/install/moveit_ros_move_group:/home/xdkazer/Dual_Kuka_LLM_Bachelor/p5_ws/install/moveit_ros_warehouse:/home/xdkazer/Dual_Kuka_LLM_Bachelor/p5_ws/install/moveit_ros_robot_interaction:/home/xdkazer/Dual_Kuka_LLM_Bachelor/p5_ws/install/moveit_planners_ompl:/home/xdkazer/Dual_Kuka_LLM_Bachelor/p5_ws/install/moveit_kinematics:/home/xdkazer/Dual_Kuka_LLM_Bachelor/p5_ws/install/moveit_ros_planning:/home/xdkazer/Dual_Kuka_LLM_Bachelor/p5_ws/install/moveit_simple_controller_manager:/home/xdkazer/Dual_Kuka_LLM_Bachelor/p5_ws/install/moveit_ros_occupancy_map_monitor:/home/xdkazer/Dual_Kuka_LLM_Bachelor/p5_ws/install/moveit_core:/home/xdkazer/Dual_Kuka_LLM_Bachelor/p5_ws/install/generate_parameter_library:/home/xdkazer/Dual_Kuka_LLM_Bachelor/p5_ws/install/parameter_traits:/home/xdkazer/Dual_Kuka_LLM_Bachelor/p5_ws/install/moveit_msgs:/home/xdkazer/Dual_Kuka_LLM_Bachelor/p5_ws/install/moveit_common:/home/xdkazer/P5-Kuka-Dual-Arm/p5_ws/install/set_moveit_coords:/home/xdkazer/P5-Kuka-Dual-Arm/p5_ws/install/robutler_bringup:/home/xdkazer/P5-Kuka-Dual-Arm/p5_ws/install/robotiq_3f_gripper_ros2_interfaces:/home/xdkazer/P5-Kuka-Dual-Arm/p5_ws/install/robotiq_2f_85_interfaces:/home/xdkazer/P5-Kuka-Dual-Arm/p5_ws/install/realsense2_description:/home/xdkazer/P5-Kuka-Dual-Arm/p5_ws/install/realsense2_camera:/home/xdkazer/P5-Kuka-Dual-Arm/p5_ws/install/realsense2_camera_msgs:/home/xdkazer/P5-Kuka-Dual-Arm/p5_ws/install/project_interfaces:/home/xdkazer/P5-Kuka-Dual-Arm/p5_ws/install/pilz_industrial_motion_planner_testutils:/home/xdkazer/P5-Kuka-Dual-Arm/p5_ws/install/moveit_runtime:/home/xdkazer/P5-Kuka-Dual-Arm/p5_ws/install/moveit:/home/xdkazer/P5-Kuka-Dual-Arm/p5_ws/install/iiwa7_table_moveit_config:/home/xdkazer/P5-Kuka-Dual-Arm/p5_ws/install/iiwa7_table_cali_moveit_config:/home/xdkazer/P5-Kuka-Dual-Arm/p5_ws/install/iiwa7_moveit_config:/home/xdkazer/P5-Kuka-Dual-Arm/p5_ws/install/dual_arm_moveit_config:/home/xdkazer/P5-Kuka-Dual-Arm/p5_ws/install/moveit_planners:/home/xdkazer/P5-Kuka-Dual-Arm/p5_ws/install/pilz_industrial_motion_planner:/home/xdkazer/P5-Kuka-Dual-Arm/p5_ws/install/moveit_ros_control_interface:/home/xdkazer/P5-Kuka-Dual-Arm/p5_ws/install/moveit_plugins:/home/xdkazer/P5-Kuka-Dual-Arm/p5_ws/install/moveit_simple_controller_manager:/home/xdkazer/P5-Kuka-Dual-Arm/p5_ws/install/moveit_servo:/home/xdkazer/P5-Kuka-Dual-Arm/p5_ws/install/moveit_ros:/home/xdkazer/P5-Kuka-Dual-Arm/p5_ws/install/moveit_ros_visualization:/home/xdkazer/P5-Kuka-Dual-Arm/p5_ws/install/moveit_hybrid_planning:/home/xdkazer/P5-Kuka-Dual-Arm/p5_ws/install/moveit_ros_planning_interface:/home/xdkazer/P5-Kuka-Dual-Arm/p5_ws/install/moveit_ros_benchmarks:/home/xdkazer/P5-Kuka-Dual-Arm/p5_ws/install/moveit_ros_warehouse:/home/xdkazer/P5-Kuka-Dual-Arm/p5_ws/install/moveit_ros_robot_interaction:/home/xdkazer/P5-Kuka-Dual-Arm/p5_ws/install/moveit_ros_perception:/home/xdkazer/P5-Kuka-Dual-Arm/p5_ws/install/moveit_resources_prbt_pg70_support:/home/xdkazer/P5-Kuka-Dual-Arm/p5_ws/install/moveit_resources_prbt_moveit_config:/home/xdkazer/P5-Kuka-Dual-Arm/p5_ws/install/moveit_ros_move_group:/home/xdkazer/P5-Kuka-Dual-Arm/p5_ws/install/moveit_planners_ompl:/home/xdkazer/P5-Kuka-Dual-Arm/p5_ws/install/moveit_ros_planning:/home/xdkazer/P5-Kuka-Dual-Arm/p5_ws/install/moveit_ros_occupancy_map_monitor:/home/xdkazer/P5-Kuka-Dual-Arm/p5_ws/install/moveit_resources_prbt_ikfast_manipulator_plugin:/home/xdkazer/P5-Kuka-Dual-Arm/p5_ws/install/moveit_planners_chomp:/home/xdkazer/P5-Kuka-Dual-Arm/p5_ws/install/moveit_kinematics:/home/xdkazer/P5-Kuka-Dual-Arm/p5_ws/install/moveit_chomp_optimizer_adapter:/home/xdkazer/P5-Kuka-Dual-Arm/p5_ws/install/chomp_motion_planner:/home/xdkazer/P5-Kuka-Dual-Arm/p5_ws/install/moveit_core:/home/xdkazer/P5-Kuka-Dual-Arm/p5_ws/install/generate_parameter_library:/home/xdkazer/P5-Kuka-Dual-Arm/p5_ws/install/parameter_traits:/home/xdkazer/P5-Kuka-Dual-Arm/p5_ws/install/moveit_resources_prbt_support:/home/xdkazer/P5-Kuka-Dual-Arm/p5_ws/install/moveit_msgs:/home/xdkazer/P5-Kuka-Dual-Arm/p5_ws/install/moveit_common:/home/xdkazer/P5-Kuka-Dual-Arm/p5_ws/install/lbr_fri_ros2_stack:/home/xdkazer/P5-Kuka-Dual-Arm/p5_ws/install/lbr_bringup:/home/xdkazer/P5-Kuka-Dual-Arm/p5_ws/install/lbr_ros2_control_right:/home/xdkazer/P5-Kuka-Dual-Arm/p5_ws/install/lbr_ros2_control_left:/home/xdkazer/P5-Kuka-Dual-Arm/p5_ws/install/lbr_ros2_control:/home/xdkazer/P5-Kuka-Dual-Arm/p5_ws/install/lbr_fri_ros2:/home/xdkazer/P5-Kuka-Dual-Arm/p5_ws/install/lbr_fri_idl:/home/xdkazer/P5-Kuka-Dual-Arm/p5_ws/install/lbr_description:/home/xdkazer/P5-Kuka-Dual-Arm/p5_ws/install/fri_client_sdk:/home/xdkazer/P5-Kuka-Dual-Arm/p5_ws/install/yolo_world:/home/xdkazer/P5-Kuka-Dual-Arm/p5_ws/install/robotiq_3f_gripper_ros2_control:/home/xdkazer/P5-Kuka-Dual-Arm/p5_ws/install/robotiq_2f_85_control:/home/xdkazer/P5-Kuka-Dual-Arm/p5_ws/install/object_detector:/home/xdkazer/P5-Kuka-Dual-Arm/p5_ws/install/janise:/home/xdkazer/P5-Kuka-Dual-Arm/p5_ws/install/gui_package:/home/xdkazer/P5-Kuka-Dual-Arm/p5_ws/install/moveit_configs_utils:/home/xdkazer/P5-Kuka-Dual-Arm/p5_ws/install/generate_parameter_library_py:/opt/ros/humble LD_LIBRARY_PATH=/home/xdkazer/Dual_Kuka_LLM_Bachelor/p5_ws/install/moveit_ros_planning_interface/lib:/home/xdkazer/Dual_Kuka_LLM_Bachelor/p5_ws/install/moveit_ros_move_group/lib:/home/xdkazer/Dual_Kuka_LLM_Bachelor/p5_ws/install/moveit_ros_warehouse/lib:/home/xdkazer/Dual_Kuka_LLM_Bachelor/p5_ws/install/moveit_ros_robot_interaction/lib:/home/xdkazer/Dual_Kuka_LLM_Bachelor/p5_ws/install/moveit_planners_ompl/lib:/home/xdkazer/Dual_Kuka_LLM_Bachelor/p5_ws/install/moveit_kinematics/lib:/home/xdkazer/Dual_Kuka_LLM_Bachelor/p5_ws/install/moveit_ros_planning/lib:/home/xdkazer/Dual_Kuka_LLM_Bachelor/p5_ws/install/moveit_simple_controller_manager/lib:/home/xdkazer/Dual_Kuka_LLM_Bachelor/p5_ws/install/moveit_ros_occupancy_map_monitor/lib:/home/xdkazer/Dual_Kuka_LLM_Bachelor/p5_ws/install/moveit_core/lib:/home/xdkazer/Dual_Kuka_LLM_Bachelor/p5_ws/install/parameter_traits/lib:/home/xdkazer/Dual_Kuka_LLM_Bachelor/p5_ws/install/moveit_msgs/lib:${LD_LIBRARY_PATH} PATH=/home/xdkazer/Dual_Kuka_LLM_Bachelor/p5_ws/install/moveit_core/bin:/home/xdkazer/Dual_Kuka_LLM_Bachelor/p5_ws/install/generate_parameter_library_py/bin:${PATH} PYTHONPATH=/home/xdkazer/Dual_Kuka_LLM_Bachelor/p5_ws/install/moveit_msgs/local/lib/python3.10/dist-packages:/home/xdkazer/Dual_Kuka_LLM_Bachelor/p5_ws/install/moveit_configs_utils/lib/python3.10/site-packages:/home/xdkazer/Dual_Kuka_LLM_Bachelor/p5_ws/install/generate_parameter_library_py/lib/python3.10/site-packages:${PYTHONPATH} /usr/bin/cmake /home/xdkazer/Dual_Kuka_LLM_Bachelor/p5_ws/src/moveit/moveit2/moveit_ros/visualization -DCMAKE_BUILD_TYPE=Release -DCMAKE_INSTALL_PREFIX=/home/xdkazer/Dual_Kuka_LLM_Bachelor/p5_ws/install/moveit_ros_visualization
[54.811s] Invoking command in '/home/xdkazer/Dual_Kuka_LLM_Bachelor/p5_ws/build/moveit_ros_visualization': AMENT_PREFIX_PATH=/home/xdkazer/Dual_Kuka_LLM_Bachelor/p5_ws/install/moveit_ros_planning_interface:/home/xdkazer/Dual_Kuka_LLM_Bachelor/p5_ws/install/moveit_ros_move_group:/home/xdkazer/Dual_Kuka_LLM_Bachelor/p5_ws/install/moveit_ros_warehouse:/home/xdkazer/Dual_Kuka_LLM_Bachelor/p5_ws/install/moveit_ros_robot_interaction:/home/xdkazer/Dual_Kuka_LLM_Bachelor/p5_ws/install/moveit_planners_ompl:/home/xdkazer/Dual_Kuka_LLM_Bachelor/p5_ws/install/moveit_kinematics:/home/xdkazer/Dual_Kuka_LLM_Bachelor/p5_ws/install/moveit_ros_planning:/home/xdkazer/Dual_Kuka_LLM_Bachelor/p5_ws/install/moveit_simple_controller_manager:/home/xdkazer/Dual_Kuka_LLM_Bachelor/p5_ws/install/moveit_ros_occupancy_map_monitor:/home/xdkazer/Dual_Kuka_LLM_Bachelor/p5_ws/install/moveit_core:/home/xdkazer/Dual_Kuka_LLM_Bachelor/p5_ws/install/generate_parameter_library:/home/xdkazer/Dual_Kuka_LLM_Bachelor/p5_ws/install/parameter_traits:/home/xdkazer/Dual_Kuka_LLM_Bachelor/p5_ws/install/moveit_msgs:/home/xdkazer/Dual_Kuka_LLM_Bachelor/p5_ws/install/moveit_configs_utils:/home/xdkazer/Dual_Kuka_LLM_Bachelor/p5_ws/install/moveit_common:/home/xdkazer/Dual_Kuka_LLM_Bachelor/p5_ws/install/generate_parameter_library_py:${AMENT_PREFIX_PATH} CMAKE_PREFIX_PATH=/home/xdkazer/Dual_Kuka_LLM_Bachelor/p5_ws/install/moveit_ros_planning_interface:/home/xdkazer/Dual_Kuka_LLM_Bachelor/p5_ws/install/moveit_ros_move_group:/home/xdkazer/Dual_Kuka_LLM_Bachelor/p5_ws/install/moveit_ros_warehouse:/home/xdkazer/Dual_Kuka_LLM_Bachelor/p5_ws/install/moveit_ros_robot_interaction:/home/xdkazer/Dual_Kuka_LLM_Bachelor/p5_ws/install/moveit_planners_ompl:/home/xdkazer/Dual_Kuka_LLM_Bachelor/p5_ws/install/moveit_kinematics:/home/xdkazer/Dual_Kuka_LLM_Bachelor/p5_ws/install/moveit_ros_planning:/home/xdkazer/Dual_Kuka_LLM_Bachelor/p5_ws/install/moveit_simple_controller_manager:/home/xdkazer/Dual_Kuka_LLM_Bachelor/p5_ws/install/moveit_ros_occupancy_map_monitor:/home/xdkazer/Dual_Kuka_LLM_Bachelor/p5_ws/install/moveit_core:/home/xdkazer/Dual_Kuka_LLM_Bachelor/p5_ws/install/generate_parameter_library:/home/xdkazer/Dual_Kuka_LLM_Bachelor/p5_ws/install/parameter_traits:/home/xdkazer/Dual_Kuka_LLM_Bachelor/p5_ws/install/moveit_msgs:/home/xdkazer/Dual_Kuka_LLM_Bachelor/p5_ws/install/moveit_common:/home/xdkazer/P5-Kuka-Dual-Arm/p5_ws/install/set_moveit_coords:/home/xdkazer/P5-Kuka-Dual-Arm/p5_ws/install/robutler_bringup:/home/xdkazer/P5-Kuka-Dual-Arm/p5_ws/install/robotiq_3f_gripper_ros2_interfaces:/home/xdkazer/P5-Kuka-Dual-Arm/p5_ws/install/robotiq_2f_85_interfaces:/home/xdkazer/P5-Kuka-Dual-Arm/p5_ws/install/realsense2_description:/home/xdkazer/P5-Kuka-Dual-Arm/p5_ws/install/realsense2_camera:/home/xdkazer/P5-Kuka-Dual-Arm/p5_ws/install/realsense2_camera_msgs:/home/xdkazer/P5-Kuka-Dual-Arm/p5_ws/install/project_interfaces:/home/xdkazer/P5-Kuka-Dual-Arm/p5_ws/install/pilz_industrial_motion_planner_testutils:/home/xdkazer/P5-Kuka-Dual-Arm/p5_ws/install/moveit_runtime:/home/xdkazer/P5-Kuka-Dual-Arm/p5_ws/install/moveit:/home/xdkazer/P5-Kuka-Dual-Arm/p5_ws/install/iiwa7_table_moveit_config:/home/xdkazer/P5-Kuka-Dual-Arm/p5_ws/install/iiwa7_table_cali_moveit_config:/home/xdkazer/P5-Kuka-Dual-Arm/p5_ws/install/iiwa7_moveit_config:/home/xdkazer/P5-Kuka-Dual-Arm/p5_ws/install/dual_arm_moveit_config:/home/xdkazer/P5-Kuka-Dual-Arm/p5_ws/install/moveit_planners:/home/xdkazer/P5-Kuka-Dual-Arm/p5_ws/install/pilz_industrial_motion_planner:/home/xdkazer/P5-Kuka-Dual-Arm/p5_ws/install/moveit_ros_control_interface:/home/xdkazer/P5-Kuka-Dual-Arm/p5_ws/install/moveit_plugins:/home/xdkazer/P5-Kuka-Dual-Arm/p5_ws/install/moveit_simple_controller_manager:/home/xdkazer/P5-Kuka-Dual-Arm/p5_ws/install/moveit_servo:/home/xdkazer/P5-Kuka-Dual-Arm/p5_ws/install/moveit_ros:/home/xdkazer/P5-Kuka-Dual-Arm/p5_ws/install/moveit_ros_visualization:/home/xdkazer/P5-Kuka-Dual-Arm/p5_ws/install/moveit_hybrid_planning:/home/xdkazer/P5-Kuka-Dual-Arm/p5_ws/install/moveit_ros_planning_interface:/home/xdkazer/P5-Kuka-Dual-Arm/p5_ws/install/moveit_ros_benchmarks:/home/xdkazer/P5-Kuka-Dual-Arm/p5_ws/install/moveit_ros_warehouse:/home/xdkazer/P5-Kuka-Dual-Arm/p5_ws/install/moveit_ros_robot_interaction:/home/xdkazer/P5-Kuka-Dual-Arm/p5_ws/install/moveit_ros_perception:/home/xdkazer/P5-Kuka-Dual-Arm/p5_ws/install/moveit_resources_prbt_pg70_support:/home/xdkazer/P5-Kuka-Dual-Arm/p5_ws/install/moveit_resources_prbt_moveit_config:/home/xdkazer/P5-Kuka-Dual-Arm/p5_ws/install/moveit_ros_move_group:/home/xdkazer/P5-Kuka-Dual-Arm/p5_ws/install/moveit_planners_ompl:/home/xdkazer/P5-Kuka-Dual-Arm/p5_ws/install/moveit_ros_planning:/home/xdkazer/P5-Kuka-Dual-Arm/p5_ws/install/moveit_ros_occupancy_map_monitor:/home/xdkazer/P5-Kuka-Dual-Arm/p5_ws/install/moveit_resources_prbt_ikfast_manipulator_plugin:/home/xdkazer/P5-Kuka-Dual-Arm/p5_ws/install/moveit_planners_chomp:/home/xdkazer/P5-Kuka-Dual-Arm/p5_ws/install/moveit_kinematics:/home/xdkazer/P5-Kuka-Dual-Arm/p5_ws/install/moveit_chomp_optimizer_adapter:/home/xdkazer/P5-Kuka-Dual-Arm/p5_ws/install/chomp_motion_planner:/home/xdkazer/P5-Kuka-Dual-Arm/p5_ws/install/moveit_core:/home/xdkazer/P5-Kuka-Dual-Arm/p5_ws/install/generate_parameter_library:/home/xdkazer/P5-Kuka-Dual-Arm/p5_ws/install/parameter_traits:/home/xdkazer/P5-Kuka-Dual-Arm/p5_ws/install/moveit_resources_prbt_support:/home/xdkazer/P5-Kuka-Dual-Arm/p5_ws/install/moveit_msgs:/home/xdkazer/P5-Kuka-Dual-Arm/p5_ws/install/moveit_common:/home/xdkazer/P5-Kuka-Dual-Arm/p5_ws/install/lbr_fri_ros2_stack:/home/xdkazer/P5-Kuka-Dual-Arm/p5_ws/install/lbr_bringup:/home/xdkazer/P5-Kuka-Dual-Arm/p5_ws/install/lbr_ros2_control_right:/home/xdkazer/P5-Kuka-Dual-Arm/p5_ws/install/lbr_ros2_control_left:/home/xdkazer/P5-Kuka-Dual-Arm/p5_ws/install/lbr_ros2_control:/home/xdkazer/P5-Kuka-Dual-Arm/p5_ws/install/lbr_fri_ros2:/home/xdkazer/P5-Kuka-Dual-Arm/p5_ws/install/lbr_fri_idl:/home/xdkazer/P5-Kuka-Dual-Arm/p5_ws/install/lbr_description:/home/xdkazer/P5-Kuka-Dual-Arm/p5_ws/install/fri_client_sdk:/home/xdkazer/P5-Kuka-Dual-Arm/p5_ws/install/yolo_world:/home/xdkazer/P5-Kuka-Dual-Arm/p5_ws/install/robotiq_3f_gripper_ros2_control:/home/xdkazer/P5-Kuka-Dual-Arm/p5_ws/install/robotiq_2f_85_control:/home/xdkazer/P5-Kuka-Dual-Arm/p5_ws/install/object_detector:/home/xdkazer/P5-Kuka-Dual-Arm/p5_ws/install/janise:/home/xdkazer/P5-Kuka-Dual-Arm/p5_ws/install/gui_package:/home/xdkazer/P5-Kuka-Dual-Arm/p5_ws/install/moveit_configs_utils:/home/xdkazer/P5-Kuka-Dual-Arm/p5_ws/install/generate_parameter_library_py:/opt/ros/humble LD_LIBRARY_PATH=/home/xdkazer/Dual_Kuka_LLM_Bachelor/p5_ws/install/moveit_ros_planning_interface/lib:/home/xdkazer/Dual_Kuka_LLM_Bachelor/p5_ws/install/moveit_ros_move_group/lib:/home/xdkazer/Dual_Kuka_LLM_Bachelor/p5_ws/install/moveit_ros_warehouse/lib:/home/xdkazer/Dual_Kuka_LLM_Bachelor/p5_ws/install/moveit_ros_robot_interaction/lib:/home/xdkazer/Dual_Kuka_LLM_Bachelor/p5_ws/install/moveit_planners_ompl/lib:/home/xdkazer/Dual_Kuka_LLM_Bachelor/p5_ws/install/moveit_kinematics/lib:/home/xdkazer/Dual_Kuka_LLM_Bachelor/p5_ws/install/moveit_ros_planning/lib:/home/xdkazer/Dual_Kuka_LLM_Bachelor/p5_ws/install/moveit_simple_controller_manager/lib:/home/xdkazer/Dual_Kuka_LLM_Bachelor/p5_ws/install/moveit_ros_occupancy_map_monitor/lib:/home/xdkazer/Dual_Kuka_LLM_Bachelor/p5_ws/install/moveit_core/lib:/home/xdkazer/Dual_Kuka_LLM_Bachelor/p5_ws/install/parameter_traits/lib:/home/xdkazer/Dual_Kuka_LLM_Bachelor/p5_ws/install/moveit_msgs/lib:${LD_LIBRARY_PATH} PATH=/home/xdkazer/Dual_Kuka_LLM_Bachelor/p5_ws/install/moveit_core/bin:/home/xdkazer/Dual_Kuka_LLM_Bachelor/p5_ws/install/generate_parameter_library_py/bin:${PATH} PYTHONPATH=/home/xdkazer/Dual_Kuka_LLM_Bachelor/p5_ws/install/moveit_msgs/local/lib/python3.10/dist-packages:/home/xdkazer/Dual_Kuka_LLM_Bachelor/p5_ws/install/moveit_configs_utils/lib/python3.10/site-packages:/home/xdkazer/Dual_Kuka_LLM_Bachelor/p5_ws/install/generate_parameter_library_py/lib/python3.10/site-packages:${PYTHONPATH} /usr/bin/cmake --build /home/xdkazer/Dual_Kuka_LLM_Bachelor/p5_ws/build/moveit_ros_visualization -- -j4 -l4
[57.834s] [  1%] [34m[1mAutomatic MOC for target moveit_rviz_plugin_render_tools[0m
[66.848s] [  1%] Built target moveit_rviz_plugin_render_tools_autogen
[69.835s] [  3%] [32mBuilding CXX object rviz_plugin_render_tools/CMakeFiles/moveit_rviz_plugin_render_tools.dir/moveit_rviz_plugin_render_tools_autogen/mocs_compilation.cpp.o[0m
[91.812s] [  5%] [32mBuilding CXX object rviz_plugin_render_tools/CMakeFiles/moveit_rviz_plugin_render_tools.dir/src/planning_scene_render.cpp.o[0m
[108.132s] [  6%] [32mBuilding CXX object rviz_plugin_render_tools/CMakeFiles/moveit_rviz_plugin_render_tools.dir/src/planning_link_updater.cpp.o[0m
[117.490s] [  8%] [32mBuilding CXX object rviz_plugin_render_tools/CMakeFiles/moveit_rviz_plugin_render_tools.dir/src/octomap_render.cpp.o[0m
[123.629s] [ 10%] [32mBuilding CXX object rviz_plugin_render_tools/CMakeFiles/moveit_rviz_plugin_render_tools.dir/src/trajectory_visualization.cpp.o[0m
[153.472s] [ 12%] [32mBuilding CXX object rviz_plugin_render_tools/CMakeFiles/moveit_rviz_plugin_render_tools.dir/src/trajectory_panel.cpp.o[0m
[158.338s] [ 13%] [32mBuilding CXX object rviz_plugin_render_tools/CMakeFiles/moveit_rviz_plugin_render_tools.dir/src/mesh_shape.cpp.o[0m
[161.440s] [ 15%] [32mBuilding CXX object rviz_plugin_render_tools/CMakeFiles/moveit_rviz_plugin_render_tools.dir/src/robot_state_visualization.cpp.o[0m
[176.454s] [ 17%] [32mBuilding CXX object rviz_plugin_render_tools/CMakeFiles/moveit_rviz_plugin_render_tools.dir/src/render_shapes.cpp.o[0m
[188.593s] [ 18%] [32m[1mLinking CXX shared library libmoveit_rviz_plugin_render_tools.so[0m
[193.477s] [ 18%] Built target moveit_rviz_plugin_render_tools
[193.530s] [ 20%] [34m[1mAutomatic MOC for target moveit_robot_state_rviz_plugin_core[0m
[193.925s] [ 20%] Built target moveit_robot_state_rviz_plugin_core_autogen
[193.986s] [ 22%] [34m[1mAutomatic MOC for target moveit_planning_scene_rviz_plugin_core[0m
[194.557s] [ 22%] Built target moveit_planning_scene_rviz_plugin_core_autogen
[194.613s] [ 24%] [32mBuilding CXX object robot_state_rviz_plugin/CMakeFiles/moveit_robot_state_rviz_plugin_core.dir/moveit_robot_state_rviz_plugin_core_autogen/mocs_compilation.cpp.o[0m
[207.509s] [ 25%] [32mBuilding CXX object robot_state_rviz_plugin/CMakeFiles/moveit_robot_state_rviz_plugin_core.dir/src/robot_state_display.cpp.o[0m
[233.095s] [ 27%] [32m[1mLinking CXX shared library libmoveit_robot_state_rviz_plugin_core.so[0m
[238.452s] [ 27%] Built target moveit_robot_state_rviz_plugin_core
[238.516s] [ 29%] [32mBuilding CXX object planning_scene_rviz_plugin/CMakeFiles/moveit_planning_scene_rviz_plugin_core.dir/moveit_planning_scene_rviz_plugin_core_autogen/mocs_compilation.cpp.o[0m
[255.642s] [ 31%] [32mBuilding CXX object planning_scene_rviz_plugin/CMakeFiles/moveit_planning_scene_rviz_plugin_core.dir/src/background_processing.cpp.o[0m
[255.658s] [ 32%] [32mBuilding CXX object planning_scene_rviz_plugin/CMakeFiles/moveit_planning_scene_rviz_plugin_core.dir/src/planning_scene_display.cpp.o[0m
[281.389s] [ 34%] [32m[1mLinking CXX shared library libmoveit_planning_scene_rviz_plugin_core.so[0m
[285.277s] [ 34%] Built target moveit_planning_scene_rviz_plugin_core
[285.342s] [ 36%] [34m[1mAutomatic MOC for target moveit_robot_state_rviz_plugin[0m
[285.415s] [ 36%] Built target moveit_robot_state_rviz_plugin_autogen
[285.473s] [ 37%] [34m[1mAutomatic MOC for target moveit_trajectory_rviz_plugin_core[0m
[285.925s] [ 37%] Built target moveit_trajectory_rviz_plugin_core_autogen
[285.997s] [ 39%] [32mBuilding CXX object robot_state_rviz_plugin/CMakeFiles/moveit_robot_state_rviz_plugin.dir/moveit_robot_state_rviz_plugin_autogen/mocs_compilation.cpp.o[0m
[286.059s] [ 41%] [32mBuilding CXX object robot_state_rviz_plugin/CMakeFiles/moveit_robot_state_rviz_plugin.dir/src/plugin_init.cpp.o[0m
[298.648s] [ 43%] [32m[1mLinking CXX shared library libmoveit_robot_state_rviz_plugin.so[0m
[300.007s] [ 43%] Built target moveit_robot_state_rviz_plugin
[300.064s] [ 44%] [32mBuilding CXX object trajectory_rviz_plugin/CMakeFiles/moveit_trajectory_rviz_plugin_core.dir/moveit_trajectory_rviz_plugin_core_autogen/mocs_compilation.cpp.o[0m
[316.004s] [ 46%] [32mBuilding CXX object trajectory_rviz_plugin/CMakeFiles/moveit_trajectory_rviz_plugin_core.dir/src/trajectory_display.cpp.o[0m
[332.338s] [ 48%] [32m[1mLinking CXX shared library libmoveit_trajectory_rviz_plugin_core.so[0m
[333.774s] [ 48%] Built target moveit_trajectory_rviz_plugin_core
[333.839s] [ 50%] [34m[1mAutomatic MOC for target moveit_planning_scene_rviz_plugin[0m
[333.916s] [ 50%] Built target moveit_planning_scene_rviz_plugin_autogen
[333.984s] [ 51%] [34m[1mAutomatic MOC for target moveit_trajectory_rviz_plugin[0m
[334.061s] [ 51%] Built target moveit_trajectory_rviz_plugin_autogen
[334.104s] [ 53%] [32mBuilding CXX object planning_scene_rviz_plugin/CMakeFiles/moveit_planning_scene_rviz_plugin.dir/moveit_planning_scene_rviz_plugin_autogen/mocs_compilation.cpp.o[0m
[334.146s] [ 55%] [32mBuilding CXX object planning_scene_rviz_plugin/CMakeFiles/moveit_planning_scene_rviz_plugin.dir/src/plugin_init.cpp.o[0m
[348.960s] [ 56%] [32m[1mLinking CXX shared library libmoveit_planning_scene_rviz_plugin.so[0m
[350.359s] [ 56%] Built target moveit_planning_scene_rviz_plugin
[350.430s] [ 58%] [32mBuilding CXX object trajectory_rviz_plugin/CMakeFiles/moveit_trajectory_rviz_plugin.dir/moveit_trajectory_rviz_plugin_autogen/mocs_compilation.cpp.o[0m
[350.485s] [ 60%] [32mBuilding CXX object trajectory_rviz_plugin/CMakeFiles/moveit_trajectory_rviz_plugin.dir/src/plugin_init.cpp.o[0m
[368.375s] [ 62%] [32m[1mLinking CXX shared library libmoveit_trajectory_rviz_plugin.so[0m
[370.828s] [ 62%] Built target moveit_trajectory_rviz_plugin
[370.889s] [ 63%] [34m[1mAutomatic MOC for target moveit_motion_planning_rviz_plugin_core[0m
[378.513s] [ 63%] Built target moveit_motion_planning_rviz_plugin_core_autogen
[378.568s] [ 65%] [34m[1mGenerating ui_motion_planning_rviz_plugin_frame_joints.h[0m
[378.750s] [ 67%] [34m[1mGenerating ui_motion_planning_rviz_plugin_frame.h[0m
[378.832s] [ 68%] [34m[1mAutomatic RCC for src/icons/icons.qrc[0m
[379.547s] [ 70%] [32mBuilding CXX object motion_planning_rviz_plugin/CMakeFiles/moveit_motion_planning_rviz_plugin_core.dir/moveit_motion_planning_rviz_plugin_core_autogen/mocs_compilation.cpp.o[0m
[400.133s] [ 72%] [32mBuilding CXX object motion_planning_rviz_plugin/CMakeFiles/moveit_motion_planning_rviz_plugin_core.dir/src/motion_planning_frame_planning.cpp.o[0m
[410.849s] [ 74%] [32mBuilding CXX object motion_planning_rviz_plugin/CMakeFiles/moveit_motion_planning_rviz_plugin_core.dir/src/motion_planning_frame_objects.cpp.o[0m
[413.249s] [ 75%] [32mBuilding CXX object motion_planning_rviz_plugin/CMakeFiles/moveit_motion_planning_rviz_plugin_core.dir/src/motion_planning_frame_context.cpp.o[0m
[416.098s] [ 77%] [32mBuilding CXX object motion_planning_rviz_plugin/CMakeFiles/moveit_motion_planning_rviz_plugin_core.dir/src/motion_planning_frame.cpp.o[0m
[476.830s] [ 79%] [32mBuilding CXX object motion_planning_rviz_plugin/CMakeFiles/moveit_motion_planning_rviz_plugin_core.dir/src/motion_planning_frame_joints_widget.cpp.o[0m
[490.156s] [ 81%] [32mBuilding CXX object motion_planning_rviz_plugin/CMakeFiles/moveit_motion_planning_rviz_plugin_core.dir/src/motion_planning_display.cpp.o[0m
[491.183s] [ 82%] [32mBuilding CXX object motion_planning_rviz_plugin/CMakeFiles/moveit_motion_planning_rviz_plugin_core.dir/src/motion_planning_frame_states.cpp.o[0m
[492.226s] [ 84%] [32mBuilding CXX object motion_planning_rviz_plugin/CMakeFiles/moveit_motion_planning_rviz_plugin_core.dir/src/motion_planning_frame_scenes.cpp.o[0m
[508.871s] [ 86%] [32mBuilding CXX object motion_planning_rviz_plugin/CMakeFiles/moveit_motion_planning_rviz_plugin_core.dir/src/motion_planning_frame_manipulation.cpp.o[0m
[516.054s] [ 87%] [32mBuilding CXX object motion_planning_rviz_plugin/CMakeFiles/moveit_motion_planning_rviz_plugin_core.dir/src/motion_planning_param_widget.cpp.o[0m
[516.838s] [ 89%] [32mBuilding CXX object motion_planning_rviz_plugin/CMakeFiles/moveit_motion_planning_rviz_plugin_core.dir/src/interactive_marker_display.cpp.o[0m
[533.883s] [ 91%] [32mBuilding CXX object motion_planning_rviz_plugin/CMakeFiles/moveit_motion_planning_rviz_plugin_core.dir/moveit_motion_planning_rviz_plugin_core_autogen/2OST2OT5Q2/qrc_icons.cpp.o[0m
[533.943s] [ 93%] [32m[1mLinking CXX shared library libmoveit_motion_planning_rviz_plugin_core.so[0m
[539.078s] [ 93%] Built target moveit_motion_planning_rviz_plugin_core
[539.128s] [ 94%] [34m[1mAutomatic MOC for target moveit_motion_planning_rviz_plugin[0m
[539.193s] [ 94%] Built target moveit_motion_planning_rviz_plugin_autogen
[539.241s] [ 98%] [32mBuilding CXX object motion_planning_rviz_plugin/CMakeFiles/moveit_motion_planning_rviz_plugin.dir/src/plugin_init.cpp.o[0m
[539.241s] [ 98%] [32mBuilding CXX object motion_planning_rviz_plugin/CMakeFiles/moveit_motion_planning_rviz_plugin.dir/moveit_motion_planning_rviz_plugin_autogen/mocs_compilation.cpp.o[0m
[552.254s] [100%] [32m[1mLinking CXX shared library libmoveit_motion_planning_rviz_plugin.so[0m
[553.451s] [100%] Built target moveit_motion_planning_rviz_plugin
[553.476s] Invoked command in '/home/xdkazer/Dual_Kuka_LLM_Bachelor/p5_ws/build/moveit_ros_visualization' returned '0': AMENT_PREFIX_PATH=/home/xdkazer/Dual_Kuka_LLM_Bachelor/p5_ws/install/moveit_ros_planning_interface:/home/xdkazer/Dual_Kuka_LLM_Bachelor/p5_ws/install/moveit_ros_move_group:/home/xdkazer/Dual_Kuka_LLM_Bachelor/p5_ws/install/moveit_ros_warehouse:/home/xdkazer/Dual_Kuka_LLM_Bachelor/p5_ws/install/moveit_ros_robot_interaction:/home/xdkazer/Dual_Kuka_LLM_Bachelor/p5_ws/install/moveit_planners_ompl:/home/xdkazer/Dual_Kuka_LLM_Bachelor/p5_ws/install/moveit_kinematics:/home/xdkazer/Dual_Kuka_LLM_Bachelor/p5_ws/install/moveit_ros_planning:/home/xdkazer/Dual_Kuka_LLM_Bachelor/p5_ws/install/moveit_simple_controller_manager:/home/xdkazer/Dual_Kuka_LLM_Bachelor/p5_ws/install/moveit_ros_occupancy_map_monitor:/home/xdkazer/Dual_Kuka_LLM_Bachelor/p5_ws/install/moveit_core:/home/xdkazer/Dual_Kuka_LLM_Bachelor/p5_ws/install/generate_parameter_library:/home/xdkazer/Dual_Kuka_LLM_Bachelor/p5_ws/install/parameter_traits:/home/xdkazer/Dual_Kuka_LLM_Bachelor/p5_ws/install/moveit_msgs:/home/xdkazer/Dual_Kuka_LLM_Bachelor/p5_ws/install/moveit_configs_utils:/home/xdkazer/Dual_Kuka_LLM_Bachelor/p5_ws/install/moveit_common:/home/xdkazer/Dual_Kuka_LLM_Bachelor/p5_ws/install/generate_parameter_library_py:${AMENT_PREFIX_PATH} CMAKE_PREFIX_PATH=/home/xdkazer/Dual_Kuka_LLM_Bachelor/p5_ws/install/moveit_ros_planning_interface:/home/xdkazer/Dual_Kuka_LLM_Bachelor/p5_ws/install/moveit_ros_move_group:/home/xdkazer/Dual_Kuka_LLM_Bachelor/p5_ws/install/moveit_ros_warehouse:/home/xdkazer/Dual_Kuka_LLM_Bachelor/p5_ws/install/moveit_ros_robot_interaction:/home/xdkazer/Dual_Kuka_LLM_Bachelor/p5_ws/install/moveit_planners_ompl:/home/xdkazer/Dual_Kuka_LLM_Bachelor/p5_ws/install/moveit_kinematics:/home/xdkazer/Dual_Kuka_LLM_Bachelor/p5_ws/install/moveit_ros_planning:/home/xdkazer/Dual_Kuka_LLM_Bachelor/p5_ws/install/moveit_simple_controller_manager:/home/xdkazer/Dual_Kuka_LLM_Bachelor/p5_ws/install/moveit_ros_occupancy_map_monitor:/home/xdkazer/Dual_Kuka_LLM_Bachelor/p5_ws/install/moveit_core:/home/xdkazer/Dual_Kuka_LLM_Bachelor/p5_ws/install/generate_parameter_library:/home/xdkazer/Dual_Kuka_LLM_Bachelor/p5_ws/install/parameter_traits:/home/xdkazer/Dual_Kuka_LLM_Bachelor/p5_ws/install/moveit_msgs:/home/xdkazer/Dual_Kuka_LLM_Bachelor/p5_ws/install/moveit_common:/home/xdkazer/P5-Kuka-Dual-Arm/p5_ws/install/set_moveit_coords:/home/xdkazer/P5-Kuka-Dual-Arm/p5_ws/install/robutler_bringup:/home/xdkazer/P5-Kuka-Dual-Arm/p5_ws/install/robotiq_3f_gripper_ros2_interfaces:/home/xdkazer/P5-Kuka-Dual-Arm/p5_ws/install/robotiq_2f_85_interfaces:/home/xdkazer/P5-Kuka-Dual-Arm/p5_ws/install/realsense2_description:/home/xdkazer/P5-Kuka-Dual-Arm/p5_ws/install/realsense2_camera:/home/xdkazer/P5-Kuka-Dual-Arm/p5_ws/install/realsense2_camera_msgs:/home/xdkazer/P5-Kuka-Dual-Arm/p5_ws/install/project_interfaces:/home/xdkazer/P5-Kuka-Dual-Arm/p5_ws/install/pilz_industrial_motion_planner_testutils:/home/xdkazer/P5-Kuka-Dual-Arm/p5_ws/install/moveit_runtime:/home/xdkazer/P5-Kuka-Dual-Arm/p5_ws/install/moveit:/home/xdkazer/P5-Kuka-Dual-Arm/p5_ws/install/iiwa7_table_moveit_config:/home/xdkazer/P5-Kuka-Dual-Arm/p5_ws/install/iiwa7_table_cali_moveit_config:/home/xdkazer/P5-Kuka-Dual-Arm/p5_ws/install/iiwa7_moveit_config:/home/xdkazer/P5-Kuka-Dual-Arm/p5_ws/install/dual_arm_moveit_config:/home/xdkazer/P5-Kuka-Dual-Arm/p5_ws/install/moveit_planners:/home/xdkazer/P5-Kuka-Dual-Arm/p5_ws/install/pilz_industrial_motion_planner:/home/xdkazer/P5-Kuka-Dual-Arm/p5_ws/install/moveit_ros_control_interface:/home/xdkazer/P5-Kuka-Dual-Arm/p5_ws/install/moveit_plugins:/home/xdkazer/P5-Kuka-Dual-Arm/p5_ws/install/moveit_simple_controller_manager:/home/xdkazer/P5-Kuka-Dual-Arm/p5_ws/install/moveit_servo:/home/xdkazer/P5-Kuka-Dual-Arm/p5_ws/install/moveit_ros:/home/xdkazer/P5-Kuka-Dual-Arm/p5_ws/install/moveit_ros_visualization:/home/xdkazer/P5-Kuka-Dual-Arm/p5_ws/install/moveit_hybrid_planning:/home/xdkazer/P5-Kuka-Dual-Arm/p5_ws/install/moveit_ros_planning_interface:/home/xdkazer/P5-Kuka-Dual-Arm/p5_ws/install/moveit_ros_benchmarks:/home/xdkazer/P5-Kuka-Dual-Arm/p5_ws/install/moveit_ros_warehouse:/home/xdkazer/P5-Kuka-Dual-Arm/p5_ws/install/moveit_ros_robot_interaction:/home/xdkazer/P5-Kuka-Dual-Arm/p5_ws/install/moveit_ros_perception:/home/xdkazer/P5-Kuka-Dual-Arm/p5_ws/install/moveit_resources_prbt_pg70_support:/home/xdkazer/P5-Kuka-Dual-Arm/p5_ws/install/moveit_resources_prbt_moveit_config:/home/xdkazer/P5-Kuka-Dual-Arm/p5_ws/install/moveit_ros_move_group:/home/xdkazer/P5-Kuka-Dual-Arm/p5_ws/install/moveit_planners_ompl:/home/xdkazer/P5-Kuka-Dual-Arm/p5_ws/install/moveit_ros_planning:/home/xdkazer/P5-Kuka-Dual-Arm/p5_ws/install/moveit_ros_occupancy_map_monitor:/home/xdkazer/P5-Kuka-Dual-Arm/p5_ws/install/moveit_resources_prbt_ikfast_manipulator_plugin:/home/xdkazer/P5-Kuka-Dual-Arm/p5_ws/install/moveit_planners_chomp:/home/xdkazer/P5-Kuka-Dual-Arm/p5_ws/install/moveit_kinematics:/home/xdkazer/P5-Kuka-Dual-Arm/p5_ws/install/moveit_chomp_optimizer_adapter:/home/xdkazer/P5-Kuka-Dual-Arm/p5_ws/install/chomp_motion_planner:/home/xdkazer/P5-Kuka-Dual-Arm/p5_ws/install/moveit_core:/home/xdkazer/P5-Kuka-Dual-Arm/p5_ws/install/generate_parameter_library:/home/xdkazer/P5-Kuka-Dual-Arm/p5_ws/install/parameter_traits:/home/xdkazer/P5-Kuka-Dual-Arm/p5_ws/install/moveit_resources_prbt_support:/home/xdkazer/P5-Kuka-Dual-Arm/p5_ws/install/moveit_msgs:/home/xdkazer/P5-Kuka-Dual-Arm/p5_ws/install/moveit_common:/home/xdkazer/P5-Kuka-Dual-Arm/p5_ws/install/lbr_fri_ros2_stack:/home/xdkazer/P5-Kuka-Dual-Arm/p5_ws/install/lbr_bringup:/home/xdkazer/P5-Kuka-Dual-Arm/p5_ws/install/lbr_ros2_control_right:/home/xdkazer/P5-Kuka-Dual-Arm/p5_ws/install/lbr_ros2_control_left:/home/xdkazer/P5-Kuka-Dual-Arm/p5_ws/install/lbr_ros2_control:/home/xdkazer/P5-Kuka-Dual-Arm/p5_ws/install/lbr_fri_ros2:/home/xdkazer/P5-Kuka-Dual-Arm/p5_ws/install/lbr_fri_idl:/home/xdkazer/P5-Kuka-Dual-Arm/p5_ws/install/lbr_description:/home/xdkazer/P5-Kuka-Dual-Arm/p5_ws/install/fri_client_sdk:/home/xdkazer/P5-Kuka-Dual-Arm/p5_ws/install/yolo_world:/home/xdkazer/P5-Kuka-Dual-Arm/p5_ws/install/robotiq_3f_gripper_ros2_control:/home/xdkazer/P5-Kuka-Dual-Arm/p5_ws/install/robotiq_2f_85_control:/home/xdkazer/P5-Kuka-Dual-Arm/p5_ws/install/object_detector:/home/xdkazer/P5-Kuka-Dual-Arm/p5_ws/install/janise:/home/xdkazer/P5-Kuka-Dual-Arm/p5_ws/install/gui_package:/home/xdkazer/P5-Kuka-Dual-Arm/p5_ws/install/moveit_configs_utils:/home/xdkazer/P5-Kuka-Dual-Arm/p5_ws/install/generate_parameter_library_py:/opt/ros/humble LD_LIBRARY_PATH=/home/xdkazer/Dual_Kuka_LLM_Bachelor/p5_ws/install/moveit_ros_planning_interface/lib:/home/xdkazer/Dual_Kuka_LLM_Bachelor/p5_ws/install/moveit_ros_move_group/lib:/home/xdkazer/Dual_Kuka_LLM_Bachelor/p5_ws/install/moveit_ros_warehouse/lib:/home/xdkazer/Dual_Kuka_LLM_Bachelor/p5_ws/install/moveit_ros_robot_interaction/lib:/home/xdkazer/Dual_Kuka_LLM_Bachelor/p5_ws/install/moveit_planners_ompl/lib:/home/xdkazer/Dual_Kuka_LLM_Bachelor/p5_ws/install/moveit_kinematics/lib:/home/xdkazer/Dual_Kuka_LLM_Bachelor/p5_ws/install/moveit_ros_planning/lib:/home/xdkazer/Dual_Kuka_LLM_Bachelor/p5_ws/install/moveit_simple_controller_manager/lib:/home/xdkazer/Dual_Kuka_LLM_Bachelor/p5_ws/install/moveit_ros_occupancy_map_monitor/lib:/home/xdkazer/Dual_Kuka_LLM_Bachelor/p5_ws/install/moveit_core/lib:/home/xdkazer/Dual_Kuka_LLM_Bachelor/p5_ws/install/parameter_traits/lib:/home/xdkazer/Dual_Kuka_LLM_Bachelor/p5_ws/install/moveit_msgs/lib:${LD_LIBRARY_PATH} PATH=/home/xdkazer/Dual_Kuka_LLM_Bachelor/p5_ws/install/moveit_core/bin:/home/xdkazer/Dual_Kuka_LLM_Bachelor/p5_ws/install/generate_parameter_library_py/bin:${PATH} PYTHONPATH=/home/xdkazer/Dual_Kuka_LLM_Bachelor/p5_ws/install/moveit_msgs/local/lib/python3.10/dist-packages:/home/xdkazer/Dual_Kuka_LLM_Bachelor/p5_ws/install/moveit_configs_utils/lib/python3.10/site-packages:/home/xdkazer/Dual_Kuka_LLM_Bachelor/p5_ws/install/generate_parameter_library_py/lib/python3.10/site-packages:${PYTHONPATH} /usr/bin/cmake --build /home/xdkazer/Dual_Kuka_LLM_Bachelor/p5_ws/build/moveit_ros_visualization -- -j4 -l4
[553.486s] Invoking command in '/home/xdkazer/Dual_Kuka_LLM_Bachelor/p5_ws/build/moveit_ros_visualization': AMENT_PREFIX_PATH=/home/xdkazer/Dual_Kuka_LLM_Bachelor/p5_ws/install/moveit_ros_planning_interface:/home/xdkazer/Dual_Kuka_LLM_Bachelor/p5_ws/install/moveit_ros_move_group:/home/xdkazer/Dual_Kuka_LLM_Bachelor/p5_ws/install/moveit_ros_warehouse:/home/xdkazer/Dual_Kuka_LLM_Bachelor/p5_ws/install/moveit_ros_robot_interaction:/home/xdkazer/Dual_Kuka_LLM_Bachelor/p5_ws/install/moveit_planners_ompl:/home/xdkazer/Dual_Kuka_LLM_Bachelor/p5_ws/install/moveit_kinematics:/home/xdkazer/Dual_Kuka_LLM_Bachelor/p5_ws/install/moveit_ros_planning:/home/xdkazer/Dual_Kuka_LLM_Bachelor/p5_ws/install/moveit_simple_controller_manager:/home/xdkazer/Dual_Kuka_LLM_Bachelor/p5_ws/install/moveit_ros_occupancy_map_monitor:/home/xdkazer/Dual_Kuka_LLM_Bachelor/p5_ws/install/moveit_core:/home/xdkazer/Dual_Kuka_LLM_Bachelor/p5_ws/install/generate_parameter_library:/home/xdkazer/Dual_Kuka_LLM_Bachelor/p5_ws/install/parameter_traits:/home/xdkazer/Dual_Kuka_LLM_Bachelor/p5_ws/install/moveit_msgs:/home/xdkazer/Dual_Kuka_LLM_Bachelor/p5_ws/install/moveit_configs_utils:/home/xdkazer/Dual_Kuka_LLM_Bachelor/p5_ws/install/moveit_common:/home/xdkazer/Dual_Kuka_LLM_Bachelor/p5_ws/install/generate_parameter_library_py:${AMENT_PREFIX_PATH} CMAKE_PREFIX_PATH=/home/xdkazer/Dual_Kuka_LLM_Bachelor/p5_ws/install/moveit_ros_planning_interface:/home/xdkazer/Dual_Kuka_LLM_Bachelor/p5_ws/install/moveit_ros_move_group:/home/xdkazer/Dual_Kuka_LLM_Bachelor/p5_ws/install/moveit_ros_warehouse:/home/xdkazer/Dual_Kuka_LLM_Bachelor/p5_ws/install/moveit_ros_robot_interaction:/home/xdkazer/Dual_Kuka_LLM_Bachelor/p5_ws/install/moveit_planners_ompl:/home/xdkazer/Dual_Kuka_LLM_Bachelor/p5_ws/install/moveit_kinematics:/home/xdkazer/Dual_Kuka_LLM_Bachelor/p5_ws/install/moveit_ros_planning:/home/xdkazer/Dual_Kuka_LLM_Bachelor/p5_ws/install/moveit_simple_controller_manager:/home/xdkazer/Dual_Kuka_LLM_Bachelor/p5_ws/install/moveit_ros_occupancy_map_monitor:/home/xdkazer/Dual_Kuka_LLM_Bachelor/p5_ws/install/moveit_core:/home/xdkazer/Dual_Kuka_LLM_Bachelor/p5_ws/install/generate_parameter_library:/home/xdkazer/Dual_Kuka_LLM_Bachelor/p5_ws/install/parameter_traits:/home/xdkazer/Dual_Kuka_LLM_Bachelor/p5_ws/install/moveit_msgs:/home/xdkazer/Dual_Kuka_LLM_Bachelor/p5_ws/install/moveit_common:/home/xdkazer/P5-Kuka-Dual-Arm/p5_ws/install/set_moveit_coords:/home/xdkazer/P5-Kuka-Dual-Arm/p5_ws/install/robutler_bringup:/home/xdkazer/P5-Kuka-Dual-Arm/p5_ws/install/robotiq_3f_gripper_ros2_interfaces:/home/xdkazer/P5-Kuka-Dual-Arm/p5_ws/install/robotiq_2f_85_interfaces:/home/xdkazer/P5-Kuka-Dual-Arm/p5_ws/install/realsense2_description:/home/xdkazer/P5-Kuka-Dual-Arm/p5_ws/install/realsense2_camera:/home/xdkazer/P5-Kuka-Dual-Arm/p5_ws/install/realsense2_camera_msgs:/home/xdkazer/P5-Kuka-Dual-Arm/p5_ws/install/project_interfaces:/home/xdkazer/P5-Kuka-Dual-Arm/p5_ws/install/pilz_industrial_motion_planner_testutils:/home/xdkazer/P5-Kuka-Dual-Arm/p5_ws/install/moveit_runtime:/home/xdkazer/P5-Kuka-Dual-Arm/p5_ws/install/moveit:/home/xdkazer/P5-Kuka-Dual-Arm/p5_ws/install/iiwa7_table_moveit_config:/home/xdkazer/P5-Kuka-Dual-Arm/p5_ws/install/iiwa7_table_cali_moveit_config:/home/xdkazer/P5-Kuka-Dual-Arm/p5_ws/install/iiwa7_moveit_config:/home/xdkazer/P5-Kuka-Dual-Arm/p5_ws/install/dual_arm_moveit_config:/home/xdkazer/P5-Kuka-Dual-Arm/p5_ws/install/moveit_planners:/home/xdkazer/P5-Kuka-Dual-Arm/p5_ws/install/pilz_industrial_motion_planner:/home/xdkazer/P5-Kuka-Dual-Arm/p5_ws/install/moveit_ros_control_interface:/home/xdkazer/P5-Kuka-Dual-Arm/p5_ws/install/moveit_plugins:/home/xdkazer/P5-Kuka-Dual-Arm/p5_ws/install/moveit_simple_controller_manager:/home/xdkazer/P5-Kuka-Dual-Arm/p5_ws/install/moveit_servo:/home/xdkazer/P5-Kuka-Dual-Arm/p5_ws/install/moveit_ros:/home/xdkazer/P5-Kuka-Dual-Arm/p5_ws/install/moveit_ros_visualization:/home/xdkazer/P5-Kuka-Dual-Arm/p5_ws/install/moveit_hybrid_planning:/home/xdkazer/P5-Kuka-Dual-Arm/p5_ws/install/moveit_ros_planning_interface:/home/xdkazer/P5-Kuka-Dual-Arm/p5_ws/install/moveit_ros_benchmarks:/home/xdkazer/P5-Kuka-Dual-Arm/p5_ws/install/moveit_ros_warehouse:/home/xdkazer/P5-Kuka-Dual-Arm/p5_ws/install/moveit_ros_robot_interaction:/home/xdkazer/P5-Kuka-Dual-Arm/p5_ws/install/moveit_ros_perception:/home/xdkazer/P5-Kuka-Dual-Arm/p5_ws/install/moveit_resources_prbt_pg70_support:/home/xdkazer/P5-Kuka-Dual-Arm/p5_ws/install/moveit_resources_prbt_moveit_config:/home/xdkazer/P5-Kuka-Dual-Arm/p5_ws/install/moveit_ros_move_group:/home/xdkazer/P5-Kuka-Dual-Arm/p5_ws/install/moveit_planners_ompl:/home/xdkazer/P5-Kuka-Dual-Arm/p5_ws/install/moveit_ros_planning:/home/xdkazer/P5-Kuka-Dual-Arm/p5_ws/install/moveit_ros_occupancy_map_monitor:/home/xdkazer/P5-Kuka-Dual-Arm/p5_ws/install/moveit_resources_prbt_ikfast_manipulator_plugin:/home/xdkazer/P5-Kuka-Dual-Arm/p5_ws/install/moveit_planners_chomp:/home/xdkazer/P5-Kuka-Dual-Arm/p5_ws/install/moveit_kinematics:/home/xdkazer/P5-Kuka-Dual-Arm/p5_ws/install/moveit_chomp_optimizer_adapter:/home/xdkazer/P5-Kuka-Dual-Arm/p5_ws/install/chomp_motion_planner:/home/xdkazer/P5-Kuka-Dual-Arm/p5_ws/install/moveit_core:/home/xdkazer/P5-Kuka-Dual-Arm/p5_ws/install/generate_parameter_library:/home/xdkazer/P5-Kuka-Dual-Arm/p5_ws/install/parameter_traits:/home/xdkazer/P5-Kuka-Dual-Arm/p5_ws/install/moveit_resources_prbt_support:/home/xdkazer/P5-Kuka-Dual-Arm/p5_ws/install/moveit_msgs:/home/xdkazer/P5-Kuka-Dual-Arm/p5_ws/install/moveit_common:/home/xdkazer/P5-Kuka-Dual-Arm/p5_ws/install/lbr_fri_ros2_stack:/home/xdkazer/P5-Kuka-Dual-Arm/p5_ws/install/lbr_bringup:/home/xdkazer/P5-Kuka-Dual-Arm/p5_ws/install/lbr_ros2_control_right:/home/xdkazer/P5-Kuka-Dual-Arm/p5_ws/install/lbr_ros2_control_left:/home/xdkazer/P5-Kuka-Dual-Arm/p5_ws/install/lbr_ros2_control:/home/xdkazer/P5-Kuka-Dual-Arm/p5_ws/install/lbr_fri_ros2:/home/xdkazer/P5-Kuka-Dual-Arm/p5_ws/install/lbr_fri_idl:/home/xdkazer/P5-Kuka-Dual-Arm/p5_ws/install/lbr_description:/home/xdkazer/P5-Kuka-Dual-Arm/p5_ws/install/fri_client_sdk:/home/xdkazer/P5-Kuka-Dual-Arm/p5_ws/install/yolo_world:/home/xdkazer/P5-Kuka-Dual-Arm/p5_ws/install/robotiq_3f_gripper_ros2_control:/home/xdkazer/P5-Kuka-Dual-Arm/p5_ws/install/robotiq_2f_85_control:/home/xdkazer/P5-Kuka-Dual-Arm/p5_ws/install/object_detector:/home/xdkazer/P5-Kuka-Dual-Arm/p5_ws/install/janise:/home/xdkazer/P5-Kuka-Dual-Arm/p5_ws/install/gui_package:/home/xdkazer/P5-Kuka-Dual-Arm/p5_ws/install/moveit_configs_utils:/home/xdkazer/P5-Kuka-Dual-Arm/p5_ws/install/generate_parameter_library_py:/opt/ros/humble LD_LIBRARY_PATH=/home/xdkazer/Dual_Kuka_LLM_Bachelor/p5_ws/install/moveit_ros_planning_interface/lib:/home/xdkazer/Dual_Kuka_LLM_Bachelor/p5_ws/install/moveit_ros_move_group/lib:/home/xdkazer/Dual_Kuka_LLM_Bachelor/p5_ws/install/moveit_ros_warehouse/lib:/home/xdkazer/Dual_Kuka_LLM_Bachelor/p5_ws/install/moveit_ros_robot_interaction/lib:/home/xdkazer/Dual_Kuka_LLM_Bachelor/p5_ws/install/moveit_planners_ompl/lib:/home/xdkazer/Dual_Kuka_LLM_Bachelor/p5_ws/install/moveit_kinematics/lib:/home/xdkazer/Dual_Kuka_LLM_Bachelor/p5_ws/install/moveit_ros_planning/lib:/home/xdkazer/Dual_Kuka_LLM_Bachelor/p5_ws/install/moveit_simple_controller_manager/lib:/home/xdkazer/Dual_Kuka_LLM_Bachelor/p5_ws/install/moveit_ros_occupancy_map_monitor/lib:/home/xdkazer/Dual_Kuka_LLM_Bachelor/p5_ws/install/moveit_core/lib:/home/xdkazer/Dual_Kuka_LLM_Bachelor/p5_ws/install/parameter_traits/lib:/home/xdkazer/Dual_Kuka_LLM_Bachelor/p5_ws/install/moveit_msgs/lib:${LD_LIBRARY_PATH} PATH=/home/xdkazer/Dual_Kuka_LLM_Bachelor/p5_ws/install/moveit_core/bin:/home/xdkazer/Dual_Kuka_LLM_Bachelor/p5_ws/install/generate_parameter_library_py/bin:${PATH} PYTHONPATH=/home/xdkazer/Dual_Kuka_LLM_Bachelor/p5_ws/install/moveit_msgs/local/lib/python3.10/dist-packages:/home/xdkazer/Dual_Kuka_LLM_Bachelor/p5_ws/install/moveit_configs_utils/lib/python3.10/site-packages:/home/xdkazer/Dual_Kuka_LLM_Bachelor/p5_ws/install/generate_parameter_library_py/lib/python3.10/site-packages:${PYTHONPATH} /usr/bin/cmake --install /home/xdkazer/Dual_Kuka_LLM_Bachelor/p5_ws/build/moveit_ros_visualization
[553.501s] -- Install configuration: "Release"
[553.502s] -- Installing: /home/xdkazer/Dual_Kuka_LLM_Bachelor/p5_ws/install/moveit_ros_visualization/include
[553.502s] -- Installing: /home/xdkazer/Dual_Kuka_LLM_Bachelor/p5_ws/install/moveit_ros_visualization/include/ogre_helpers
[553.502s] -- Installing: /home/xdkazer/Dual_Kuka_LLM_Bachelor/p5_ws/install/moveit_ros_visualization/include/ogre_helpers/mesh_shape.hpp
[553.502s] -- Installing: /home/xdkazer/Dual_Kuka_LLM_Bachelor/p5_ws/install/moveit_ros_visualization/include/moveit
[553.503s] -- Installing: /home/xdkazer/Dual_Kuka_LLM_Bachelor/p5_ws/install/moveit_ros_visualization/include/moveit/rviz_plugin_render_tools
[553.503s] -- Installing: /home/xdkazer/Dual_Kuka_LLM_Bachelor/p5_ws/install/moveit_ros_visualization/include/moveit/rviz_plugin_render_tools/trajectory_visualization.h
[553.503s] -- Installing: /home/xdkazer/Dual_Kuka_LLM_Bachelor/p5_ws/install/moveit_ros_visualization/include/moveit/rviz_plugin_render_tools/robot_state_visualization.h
[553.503s] -- Installing: /home/xdkazer/Dual_Kuka_LLM_Bachelor/p5_ws/install/moveit_ros_visualization/include/moveit/rviz_plugin_render_tools/trajectory_panel.h
[553.503s] -- Installing: /home/xdkazer/Dual_Kuka_LLM_Bachelor/p5_ws/install/moveit_ros_visualization/include/moveit/rviz_plugin_render_tools/octomap_render.h
[553.503s] -- Installing: /home/xdkazer/Dual_Kuka_LLM_Bachelor/p5_ws/install/moveit_ros_visualization/include/moveit/rviz_plugin_render_tools/planning_link_updater.h
[553.504s] -- Installing: /home/xdkazer/Dual_Kuka_LLM_Bachelor/p5_ws/install/moveit_ros_visualization/include/moveit/rviz_plugin_render_tools/render_shapes.h
[553.504s] -- Installing: /home/xdkazer/Dual_Kuka_LLM_Bachelor/p5_ws/install/moveit_ros_visualization/include/moveit/rviz_plugin_render_tools/planning_scene_render.h
[553.504s] -- Up-to-date: /home/xdkazer/Dual_Kuka_LLM_Bachelor/p5_ws/install/moveit_ros_visualization/include
[553.504s] -- Up-to-date: /home/xdkazer/Dual_Kuka_LLM_Bachelor/p5_ws/install/moveit_ros_visualization/include/moveit
[553.504s] -- Installing: /home/xdkazer/Dual_Kuka_LLM_Bachelor/p5_ws/install/moveit_ros_visualization/include/moveit/robot_state_rviz_plugin
[553.505s] -- Installing: /home/xdkazer/Dual_Kuka_LLM_Bachelor/p5_ws/install/moveit_ros_visualization/include/moveit/robot_state_rviz_plugin/robot_state_display.h
[553.505s] -- Up-to-date: /home/xdkazer/Dual_Kuka_LLM_Bachelor/p5_ws/install/moveit_ros_visualization/include
[553.505s] -- Up-to-date: /home/xdkazer/Dual_Kuka_LLM_Bachelor/p5_ws/install/moveit_ros_visualization/include/moveit
[553.505s] -- Installing: /home/xdkazer/Dual_Kuka_LLM_Bachelor/p5_ws/install/moveit_ros_visualization/include/moveit/planning_scene_rviz_plugin
[553.505s] -- Installing: /home/xdkazer/Dual_Kuka_LLM_Bachelor/p5_ws/install/moveit_ros_visualization/include/moveit/planning_scene_rviz_plugin/planning_scene_display.h
[553.506s] -- Installing: /home/xdkazer/Dual_Kuka_LLM_Bachelor/p5_ws/install/moveit_ros_visualization/include/moveit/planning_scene_rviz_plugin/background_processing.hpp
[553.506s] -- Installing: /home/xdkazer/Dual_Kuka_LLM_Bachelor/p5_ws/install/moveit_ros_visualization/include/moveit_planning_scene_rviz_plugin_core_export.h
[553.506s] -- Up-to-date: /home/xdkazer/Dual_Kuka_LLM_Bachelor/p5_ws/install/moveit_ros_visualization/include
[553.506s] -- Up-to-date: /home/xdkazer/Dual_Kuka_LLM_Bachelor/p5_ws/install/moveit_ros_visualization/include/moveit
[553.507s] -- Installing: /home/xdkazer/Dual_Kuka_LLM_Bachelor/p5_ws/install/moveit_ros_visualization/include/moveit/motion_planning_rviz_plugin
[553.507s] -- Installing: /home/xdkazer/Dual_Kuka_LLM_Bachelor/p5_ws/install/moveit_ros_visualization/include/moveit/motion_planning_rviz_plugin/motion_planning_frame_joints_widget.h
[553.507s] -- Installing: /home/xdkazer/Dual_Kuka_LLM_Bachelor/p5_ws/install/moveit_ros_visualization/include/moveit/motion_planning_rviz_plugin/motion_planning_frame.h
[553.507s] -- Installing: /home/xdkazer/Dual_Kuka_LLM_Bachelor/p5_ws/install/moveit_ros_visualization/include/moveit/motion_planning_rviz_plugin/motion_planning_display.h
[553.507s] -- Installing: /home/xdkazer/Dual_Kuka_LLM_Bachelor/p5_ws/install/moveit_ros_visualization/include/moveit/motion_planning_rviz_plugin/interactive_marker_display.h
[553.507s] -- Installing: /home/xdkazer/Dual_Kuka_LLM_Bachelor/p5_ws/install/moveit_ros_visualization/include/moveit/motion_planning_rviz_plugin/motion_planning_param_widget.h
[553.508s] -- Up-to-date: /home/xdkazer/Dual_Kuka_LLM_Bachelor/p5_ws/install/moveit_ros_visualization/include
[553.508s] -- Up-to-date: /home/xdkazer/Dual_Kuka_LLM_Bachelor/p5_ws/install/moveit_ros_visualization/include/moveit
[553.508s] -- Installing: /home/xdkazer/Dual_Kuka_LLM_Bachelor/p5_ws/install/moveit_ros_visualization/include/moveit/trajectory_rviz_plugin
[553.508s] -- Installing: /home/xdkazer/Dual_Kuka_LLM_Bachelor/p5_ws/install/moveit_ros_visualization/include/moveit/trajectory_rviz_plugin/trajectory_display.h
[553.508s] -- Installing: /home/xdkazer/Dual_Kuka_LLM_Bachelor/p5_ws/install/moveit_ros_visualization/share/moveit_ros_visualization/icons
[553.508s] -- Installing: /home/xdkazer/Dual_Kuka_LLM_Bachelor/p5_ws/install/moveit_ros_visualization/share/moveit_ros_visualization/icons/classes
[553.508s] -- Installing: /home/xdkazer/Dual_Kuka_LLM_Bachelor/p5_ws/install/moveit_ros_visualization/share/moveit_ros_visualization/icons/classes/PlanningScene.png
[553.510s] -- Installing: /home/xdkazer/Dual_Kuka_LLM_Bachelor/p5_ws/install/moveit_ros_visualization/share/moveit_ros_visualization/icons/classes/MotionPlanning.png
[553.511s] -- Installing: /home/xdkazer/Dual_Kuka_LLM_Bachelor/p5_ws/install/moveit_ros_visualization/share/moveit_ros_visualization/icons/classes/Trajectory.png
[553.513s] -- Installing: /home/xdkazer/Dual_Kuka_LLM_Bachelor/p5_ws/install/moveit_ros_visualization/share/moveit_ros_visualization/icons/classes/RobotState.png
[553.514s] -- Installing: /home/xdkazer/Dual_Kuka_LLM_Bachelor/p5_ws/install/moveit_ros_visualization/share/moveit_ros_visualization/motion_planning_rviz_plugin_description.xml
[553.514s] -- Installing: /home/xdkazer/Dual_Kuka_LLM_Bachelor/p5_ws/install/moveit_ros_visualization/share/moveit_ros_visualization/trajectory_rviz_plugin_description.xml
[553.515s] -- Installing: /home/xdkazer/Dual_Kuka_LLM_Bachelor/p5_ws/install/moveit_ros_visualization/share/moveit_ros_visualization/planning_scene_rviz_plugin_description.xml
[553.515s] -- Installing: /home/xdkazer/Dual_Kuka_LLM_Bachelor/p5_ws/install/moveit_ros_visualization/share/moveit_ros_visualization/robot_state_rviz_plugin_description.xml
[553.518s] -- Installing: /home/xdkazer/Dual_Kuka_LLM_Bachelor/p5_ws/install/moveit_ros_visualization/lib/libmoveit_motion_planning_rviz_plugin.so.2.5.5
[553.518s] -- Set runtime path of "/home/xdkazer/Dual_Kuka_LLM_Bachelor/p5_ws/install/moveit_ros_visualization/lib/libmoveit_motion_planning_rviz_plugin.so.2.5.5" to ""
[553.518s] -- Installing: /home/xdkazer/Dual_Kuka_LLM_Bachelor/p5_ws/install/moveit_ros_visualization/lib/libmoveit_motion_planning_rviz_plugin.so
[553.518s] -- Installing: /home/xdkazer/Dual_Kuka_LLM_Bachelor/p5_ws/install/moveit_ros_visualization/lib/libmoveit_motion_planning_rviz_plugin_core.so.2.5.5
[553.520s] -- Set runtime path of "/home/xdkazer/Dual_Kuka_LLM_Bachelor/p5_ws/install/moveit_ros_visualization/lib/libmoveit_motion_planning_rviz_plugin_core.so.2.5.5" to ""
[553.520s] -- Installing: /home/xdkazer/Dual_Kuka_LLM_Bachelor/p5_ws/install/moveit_ros_visualization/lib/libmoveit_motion_planning_rviz_plugin_core.so
[553.520s] -- Installing: /home/xdkazer/Dual_Kuka_LLM_Bachelor/p5_ws/install/moveit_ros_visualization/lib/libmoveit_planning_scene_rviz_plugin.so.2.5.5
[553.520s] -- Set runtime path of "/home/xdkazer/Dual_Kuka_LLM_Bachelor/p5_ws/install/moveit_ros_visualization/lib/libmoveit_planning_scene_rviz_plugin.so.2.5.5" to ""
[553.520s] -- Installing: /home/xdkazer/Dual_Kuka_LLM_Bachelor/p5_ws/install/moveit_ros_visualization/lib/libmoveit_planning_scene_rviz_plugin.so
[553.520s] -- Installing: /home/xdkazer/Dual_Kuka_LLM_Bachelor/p5_ws/install/moveit_ros_visualization/lib/libmoveit_planning_scene_rviz_plugin_core.so.2.5.5
[553.520s] -- Set runtime path of "/home/xdkazer/Dual_Kuka_LLM_Bachelor/p5_ws/install/moveit_ros_visualization/lib/libmoveit_planning_scene_rviz_plugin_core.so.2.5.5" to ""
[553.520s] -- Installing: /home/xdkazer/Dual_Kuka_LLM_Bachelor/p5_ws/install/moveit_ros_visualization/lib/libmoveit_planning_scene_rviz_plugin_core.so
[553.520s] -- Installing: /home/xdkazer/Dual_Kuka_LLM_Bachelor/p5_ws/install/moveit_ros_visualization/lib/libmoveit_robot_state_rviz_plugin.so.2.5.5
[553.522s] -- Set runtime path of "/home/xdkazer/Dual_Kuka_LLM_Bachelor/p5_ws/install/moveit_ros_visualization/lib/libmoveit_robot_state_rviz_plugin.so.2.5.5" to ""
[553.522s] -- Installing: /home/xdkazer/Dual_Kuka_LLM_Bachelor/p5_ws/install/moveit_ros_visualization/lib/libmoveit_robot_state_rviz_plugin.so
[553.522s] -- Installing: /home/xdkazer/Dual_Kuka_LLM_Bachelor/p5_ws/install/moveit_ros_visualization/lib/libmoveit_robot_state_rviz_plugin_core.so.2.5.5
[553.522s] -- Set runtime path of "/home/xdkazer/Dual_Kuka_LLM_Bachelor/p5_ws/install/moveit_ros_visualization/lib/libmoveit_robot_state_rviz_plugin_core.so.2.5.5" to ""
[553.522s] -- Installing: /home/xdkazer/Dual_Kuka_LLM_Bachelor/p5_ws/install/moveit_ros_visualization/lib/libmoveit_robot_state_rviz_plugin_core.so
[553.522s] -- Installing: /home/xdkazer/Dual_Kuka_LLM_Bachelor/p5_ws/install/moveit_ros_visualization/lib/libmoveit_rviz_plugin_render_tools.so.2.5.5
[553.523s] -- Set runtime path of "/home/xdkazer/Dual_Kuka_LLM_Bachelor/p5_ws/install/moveit_ros_visualization/lib/libmoveit_rviz_plugin_render_tools.so.2.5.5" to ""
[553.523s] -- Installing: /home/xdkazer/Dual_Kuka_LLM_Bachelor/p5_ws/install/moveit_ros_visualization/lib/libmoveit_rviz_plugin_render_tools.so
[553.523s] -- Installing: /home/xdkazer/Dual_Kuka_LLM_Bachelor/p5_ws/install/moveit_ros_visualization/lib/libmoveit_trajectory_rviz_plugin.so.2.5.5
[553.523s] -- Set runtime path of "/home/xdkazer/Dual_Kuka_LLM_Bachelor/p5_ws/install/moveit_ros_visualization/lib/libmoveit_trajectory_rviz_plugin.so.2.5.5" to ""
[553.523s] -- Installing: /home/xdkazer/Dual_Kuka_LLM_Bachelor/p5_ws/install/moveit_ros_visualization/lib/libmoveit_trajectory_rviz_plugin.so
[553.523s] -- Installing: /home/xdkazer/Dual_Kuka_LLM_Bachelor/p5_ws/install/moveit_ros_visualization/lib/libmoveit_trajectory_rviz_plugin_core.so.2.5.5
[553.524s] -- Set runtime path of "/home/xdkazer/Dual_Kuka_LLM_Bachelor/p5_ws/install/moveit_ros_visualization/lib/libmoveit_trajectory_rviz_plugin_core.so.2.5.5" to ""
[553.524s] -- Installing: /home/xdkazer/Dual_Kuka_LLM_Bachelor/p5_ws/install/moveit_ros_visualization/lib/libmoveit_trajectory_rviz_plugin_core.so
[553.524s] -- Installing: /home/xdkazer/Dual_Kuka_LLM_Bachelor/p5_ws/install/moveit_ros_visualization/share/moveit_ros_visualization/environment/library_path.sh
[553.524s] -- Installing: /home/xdkazer/Dual_Kuka_LLM_Bachelor/p5_ws/install/moveit_ros_visualization/share/moveit_ros_visualization/environment/library_path.dsv
[553.524s] -- Installing: /home/xdkazer/Dual_Kuka_LLM_Bachelor/p5_ws/install/moveit_ros_visualization/share/ament_index/resource_index/package_run_dependencies/moveit_ros_visualization
[553.524s] -- Installing: /home/xdkazer/Dual_Kuka_LLM_Bachelor/p5_ws/install/moveit_ros_visualization/share/ament_index/resource_index/parent_prefix_path/moveit_ros_visualization
[553.525s] -- Installing: /home/xdkazer/Dual_Kuka_LLM_Bachelor/p5_ws/install/moveit_ros_visualization/share/moveit_ros_visualization/environment/ament_prefix_path.sh
[553.525s] -- Installing: /home/xdkazer/Dual_Kuka_LLM_Bachelor/p5_ws/install/moveit_ros_visualization/share/moveit_ros_visualization/environment/ament_prefix_path.dsv
[553.525s] -- Installing: /home/xdkazer/Dual_Kuka_LLM_Bachelor/p5_ws/install/moveit_ros_visualization/share/moveit_ros_visualization/environment/path.sh
[553.525s] -- Installing: /home/xdkazer/Dual_Kuka_LLM_Bachelor/p5_ws/install/moveit_ros_visualization/share/moveit_ros_visualization/environment/path.dsv
[553.525s] -- Installing: /home/xdkazer/Dual_Kuka_LLM_Bachelor/p5_ws/install/moveit_ros_visualization/share/moveit_ros_visualization/local_setup.bash
[553.526s] -- Installing: /home/xdkazer/Dual_Kuka_LLM_Bachelor/p5_ws/install/moveit_ros_visualization/share/moveit_ros_visualization/local_setup.sh
[553.526s] -- Installing: /home/xdkazer/Dual_Kuka_LLM_Bachelor/p5_ws/install/moveit_ros_visualization/share/moveit_ros_visualization/local_setup.zsh
[553.526s] -- Installing: /home/xdkazer/Dual_Kuka_LLM_Bachelor/p5_ws/install/moveit_ros_visualization/share/moveit_ros_visualization/local_setup.dsv
[553.526s] -- Installing: /home/xdkazer/Dual_Kuka_LLM_Bachelor/p5_ws/install/moveit_ros_visualization/share/moveit_ros_visualization/package.dsv
[553.526s] -- Installing: /home/xdkazer/Dual_Kuka_LLM_Bachelor/p5_ws/install/moveit_ros_visualization/share/ament_index/resource_index/packages/moveit_ros_visualization
[553.526s] -- Installing: /home/xdkazer/Dual_Kuka_LLM_Bachelor/p5_ws/install/moveit_ros_visualization/share/ament_index/resource_index/rviz_common__pluginlib__plugin/moveit_ros_visualization
[553.527s] -- Installing: /home/xdkazer/Dual_Kuka_LLM_Bachelor/p5_ws/install/moveit_ros_visualization/share/moveit_ros_visualization/cmake/export_moveit_ros_visualizationExport.cmake
[553.527s] -- Installing: /home/xdkazer/Dual_Kuka_LLM_Bachelor/p5_ws/install/moveit_ros_visualization/share/moveit_ros_visualization/cmake/export_moveit_ros_visualizationExport-release.cmake
[553.527s] -- Installing: /home/xdkazer/Dual_Kuka_LLM_Bachelor/p5_ws/install/moveit_ros_visualization/share/moveit_ros_visualization/cmake/ConfigExtras.cmake
[553.531s] -- Installing: /home/xdkazer/Dual_Kuka_LLM_Bachelor/p5_ws/install/moveit_ros_visualization/share/moveit_ros_visualization/cmake/ament_cmake_export_targets-extras.cmake
[553.531s] -- Installing: /home/xdkazer/Dual_Kuka_LLM_Bachelor/p5_ws/install/moveit_ros_visualization/share/moveit_ros_visualization/cmake/ament_cmake_export_dependencies-extras.cmake
[553.531s] -- Installing: /home/xdkazer/Dual_Kuka_LLM_Bachelor/p5_ws/install/moveit_ros_visualization/share/moveit_ros_visualization/cmake/moveit_ros_visualizationConfig.cmake
[553.532s] -- Installing: /home/xdkazer/Dual_Kuka_LLM_Bachelor/p5_ws/install/moveit_ros_visualization/share/moveit_ros_visualization/cmake/moveit_ros_visualizationConfig-version.cmake
[553.532s] -- Installing: /home/xdkazer/Dual_Kuka_LLM_Bachelor/p5_ws/install/moveit_ros_visualization/share/moveit_ros_visualization/package.xml
[553.543s] Invoked command in '/home/xdkazer/Dual_Kuka_LLM_Bachelor/p5_ws/build/moveit_ros_visualization' returned '0': AMENT_PREFIX_PATH=/home/xdkazer/Dual_Kuka_LLM_Bachelor/p5_ws/install/moveit_ros_planning_interface:/home/xdkazer/Dual_Kuka_LLM_Bachelor/p5_ws/install/moveit_ros_move_group:/home/xdkazer/Dual_Kuka_LLM_Bachelor/p5_ws/install/moveit_ros_warehouse:/home/xdkazer/Dual_Kuka_LLM_Bachelor/p5_ws/install/moveit_ros_robot_interaction:/home/xdkazer/Dual_Kuka_LLM_Bachelor/p5_ws/install/moveit_planners_ompl:/home/xdkazer/Dual_Kuka_LLM_Bachelor/p5_ws/install/moveit_kinematics:/home/xdkazer/Dual_Kuka_LLM_Bachelor/p5_ws/install/moveit_ros_planning:/home/xdkazer/Dual_Kuka_LLM_Bachelor/p5_ws/install/moveit_simple_controller_manager:/home/xdkazer/Dual_Kuka_LLM_Bachelor/p5_ws/install/moveit_ros_occupancy_map_monitor:/home/xdkazer/Dual_Kuka_LLM_Bachelor/p5_ws/install/moveit_core:/home/xdkazer/Dual_Kuka_LLM_Bachelor/p5_ws/install/generate_parameter_library:/home/xdkazer/Dual_Kuka_LLM_Bachelor/p5_ws/install/parameter_traits:/home/xdkazer/Dual_Kuka_LLM_Bachelor/p5_ws/install/moveit_msgs:/home/xdkazer/Dual_Kuka_LLM_Bachelor/p5_ws/install/moveit_configs_utils:/home/xdkazer/Dual_Kuka_LLM_Bachelor/p5_ws/install/moveit_common:/home/xdkazer/Dual_Kuka_LLM_Bachelor/p5_ws/install/generate_parameter_library_py:${AMENT_PREFIX_PATH} CMAKE_PREFIX_PATH=/home/xdkazer/Dual_Kuka_LLM_Bachelor/p5_ws/install/moveit_ros_planning_interface:/home/xdkazer/Dual_Kuka_LLM_Bachelor/p5_ws/install/moveit_ros_move_group:/home/xdkazer/Dual_Kuka_LLM_Bachelor/p5_ws/install/moveit_ros_warehouse:/home/xdkazer/Dual_Kuka_LLM_Bachelor/p5_ws/install/moveit_ros_robot_interaction:/home/xdkazer/Dual_Kuka_LLM_Bachelor/p5_ws/install/moveit_planners_ompl:/home/xdkazer/Dual_Kuka_LLM_Bachelor/p5_ws/install/moveit_kinematics:/home/xdkazer/Dual_Kuka_LLM_Bachelor/p5_ws/install/moveit_ros_planning:/home/xdkazer/Dual_Kuka_LLM_Bachelor/p5_ws/install/moveit_simple_controller_manager:/home/xdkazer/Dual_Kuka_LLM_Bachelor/p5_ws/install/moveit_ros_occupancy_map_monitor:/home/xdkazer/Dual_Kuka_LLM_Bachelor/p5_ws/install/moveit_core:/home/xdkazer/Dual_Kuka_LLM_Bachelor/p5_ws/install/generate_parameter_library:/home/xdkazer/Dual_Kuka_LLM_Bachelor/p5_ws/install/parameter_traits:/home/xdkazer/Dual_Kuka_LLM_Bachelor/p5_ws/install/moveit_msgs:/home/xdkazer/Dual_Kuka_LLM_Bachelor/p5_ws/install/moveit_common:/home/xdkazer/P5-Kuka-Dual-Arm/p5_ws/install/set_moveit_coords:/home/xdkazer/P5-Kuka-Dual-Arm/p5_ws/install/robutler_bringup:/home/xdkazer/P5-Kuka-Dual-Arm/p5_ws/install/robotiq_3f_gripper_ros2_interfaces:/home/xdkazer/P5-Kuka-Dual-Arm/p5_ws/install/robotiq_2f_85_interfaces:/home/xdkazer/P5-Kuka-Dual-Arm/p5_ws/install/realsense2_description:/home/xdkazer/P5-Kuka-Dual-Arm/p5_ws/install/realsense2_camera:/home/xdkazer/P5-Kuka-Dual-Arm/p5_ws/install/realsense2_camera_msgs:/home/xdkazer/P5-Kuka-Dual-Arm/p5_ws/install/project_interfaces:/home/xdkazer/P5-Kuka-Dual-Arm/p5_ws/install/pilz_industrial_motion_planner_testutils:/home/xdkazer/P5-Kuka-Dual-Arm/p5_ws/install/moveit_runtime:/home/xdkazer/P5-Kuka-Dual-Arm/p5_ws/install/moveit:/home/xdkazer/P5-Kuka-Dual-Arm/p5_ws/install/iiwa7_table_moveit_config:/home/xdkazer/P5-Kuka-Dual-Arm/p5_ws/install/iiwa7_table_cali_moveit_config:/home/xdkazer/P5-Kuka-Dual-Arm/p5_ws/install/iiwa7_moveit_config:/home/xdkazer/P5-Kuka-Dual-Arm/p5_ws/install/dual_arm_moveit_config:/home/xdkazer/P5-Kuka-Dual-Arm/p5_ws/install/moveit_planners:/home/xdkazer/P5-Kuka-Dual-Arm/p5_ws/install/pilz_industrial_motion_planner:/home/xdkazer/P5-Kuka-Dual-Arm/p5_ws/install/moveit_ros_control_interface:/home/xdkazer/P5-Kuka-Dual-Arm/p5_ws/install/moveit_plugins:/home/xdkazer/P5-Kuka-Dual-Arm/p5_ws/install/moveit_simple_controller_manager:/home/xdkazer/P5-Kuka-Dual-Arm/p5_ws/install/moveit_servo:/home/xdkazer/P5-Kuka-Dual-Arm/p5_ws/install/moveit_ros:/home/xdkazer/P5-Kuka-Dual-Arm/p5_ws/install/moveit_ros_visualization:/home/xdkazer/P5-Kuka-Dual-Arm/p5_ws/install/moveit_hybrid_planning:/home/xdkazer/P5-Kuka-Dual-Arm/p5_ws/install/moveit_ros_planning_interface:/home/xdkazer/P5-Kuka-Dual-Arm/p5_ws/install/moveit_ros_benchmarks:/home/xdkazer/P5-Kuka-Dual-Arm/p5_ws/install/moveit_ros_warehouse:/home/xdkazer/P5-Kuka-Dual-Arm/p5_ws/install/moveit_ros_robot_interaction:/home/xdkazer/P5-Kuka-Dual-Arm/p5_ws/install/moveit_ros_perception:/home/xdkazer/P5-Kuka-Dual-Arm/p5_ws/install/moveit_resources_prbt_pg70_support:/home/xdkazer/P5-Kuka-Dual-Arm/p5_ws/install/moveit_resources_prbt_moveit_config:/home/xdkazer/P5-Kuka-Dual-Arm/p5_ws/install/moveit_ros_move_group:/home/xdkazer/P5-Kuka-Dual-Arm/p5_ws/install/moveit_planners_ompl:/home/xdkazer/P5-Kuka-Dual-Arm/p5_ws/install/moveit_ros_planning:/home/xdkazer/P5-Kuka-Dual-Arm/p5_ws/install/moveit_ros_occupancy_map_monitor:/home/xdkazer/P5-Kuka-Dual-Arm/p5_ws/install/moveit_resources_prbt_ikfast_manipulator_plugin:/home/xdkazer/P5-Kuka-Dual-Arm/p5_ws/install/moveit_planners_chomp:/home/xdkazer/P5-Kuka-Dual-Arm/p5_ws/install/moveit_kinematics:/home/xdkazer/P5-Kuka-Dual-Arm/p5_ws/install/moveit_chomp_optimizer_adapter:/home/xdkazer/P5-Kuka-Dual-Arm/p5_ws/install/chomp_motion_planner:/home/xdkazer/P5-Kuka-Dual-Arm/p5_ws/install/moveit_core:/home/xdkazer/P5-Kuka-Dual-Arm/p5_ws/install/generate_parameter_library:/home/xdkazer/P5-Kuka-Dual-Arm/p5_ws/install/parameter_traits:/home/xdkazer/P5-Kuka-Dual-Arm/p5_ws/install/moveit_resources_prbt_support:/home/xdkazer/P5-Kuka-Dual-Arm/p5_ws/install/moveit_msgs:/home/xdkazer/P5-Kuka-Dual-Arm/p5_ws/install/moveit_common:/home/xdkazer/P5-Kuka-Dual-Arm/p5_ws/install/lbr_fri_ros2_stack:/home/xdkazer/P5-Kuka-Dual-Arm/p5_ws/install/lbr_bringup:/home/xdkazer/P5-Kuka-Dual-Arm/p5_ws/install/lbr_ros2_control_right:/home/xdkazer/P5-Kuka-Dual-Arm/p5_ws/install/lbr_ros2_control_left:/home/xdkazer/P5-Kuka-Dual-Arm/p5_ws/install/lbr_ros2_control:/home/xdkazer/P5-Kuka-Dual-Arm/p5_ws/install/lbr_fri_ros2:/home/xdkazer/P5-Kuka-Dual-Arm/p5_ws/install/lbr_fri_idl:/home/xdkazer/P5-Kuka-Dual-Arm/p5_ws/install/lbr_description:/home/xdkazer/P5-Kuka-Dual-Arm/p5_ws/install/fri_client_sdk:/home/xdkazer/P5-Kuka-Dual-Arm/p5_ws/install/yolo_world:/home/xdkazer/P5-Kuka-Dual-Arm/p5_ws/install/robotiq_3f_gripper_ros2_control:/home/xdkazer/P5-Kuka-Dual-Arm/p5_ws/install/robotiq_2f_85_control:/home/xdkazer/P5-Kuka-Dual-Arm/p5_ws/install/object_detector:/home/xdkazer/P5-Kuka-Dual-Arm/p5_ws/install/janise:/home/xdkazer/P5-Kuka-Dual-Arm/p5_ws/install/gui_package:/home/xdkazer/P5-Kuka-Dual-Arm/p5_ws/install/moveit_configs_utils:/home/xdkazer/P5-Kuka-Dual-Arm/p5_ws/install/generate_parameter_library_py:/opt/ros/humble LD_LIBRARY_PATH=/home/xdkazer/Dual_Kuka_LLM_Bachelor/p5_ws/install/moveit_ros_planning_interface/lib:/home/xdkazer/Dual_Kuka_LLM_Bachelor/p5_ws/install/moveit_ros_move_group/lib:/home/xdkazer/Dual_Kuka_LLM_Bachelor/p5_ws/install/moveit_ros_warehouse/lib:/home/xdkazer/Dual_Kuka_LLM_Bachelor/p5_ws/install/moveit_ros_robot_interaction/lib:/home/xdkazer/Dual_Kuka_LLM_Bachelor/p5_ws/install/moveit_planners_ompl/lib:/home/xdkazer/Dual_Kuka_LLM_Bachelor/p5_ws/install/moveit_kinematics/lib:/home/xdkazer/Dual_Kuka_LLM_Bachelor/p5_ws/install/moveit_ros_planning/lib:/home/xdkazer/Dual_Kuka_LLM_Bachelor/p5_ws/install/moveit_simple_controller_manager/lib:/home/xdkazer/Dual_Kuka_LLM_Bachelor/p5_ws/install/moveit_ros_occupancy_map_monitor/lib:/home/xdkazer/Dual_Kuka_LLM_Bachelor/p5_ws/install/moveit_core/lib:/home/xdkazer/Dual_Kuka_LLM_Bachelor/p5_ws/install/parameter_traits/lib:/home/xdkazer/Dual_Kuka_LLM_Bachelor/p5_ws/install/moveit_msgs/lib:${LD_LIBRARY_PATH} PATH=/home/xdkazer/Dual_Kuka_LLM_Bachelor/p5_ws/install/moveit_core/bin:/home/xdkazer/Dual_Kuka_LLM_Bachelor/p5_ws/install/generate_parameter_library_py/bin:${PATH} PYTHONPATH=/home/xdkazer/Dual_Kuka_LLM_Bachelor/p5_ws/install/moveit_msgs/local/lib/python3.10/dist-packages:/home/xdkazer/Dual_Kuka_LLM_Bachelor/p5_ws/install/moveit_configs_utils/lib/python3.10/site-packages:/home/xdkazer/Dual_Kuka_LLM_Bachelor/p5_ws/install/generate_parameter_library_py/lib/python3.10/site-packages:${PYTHONPATH} /usr/bin/cmake --install /home/xdkazer/Dual_Kuka_LLM_Bachelor/p5_ws/build/moveit_ros_visualization
