running egg_info
creating ../../../build/object_detector/object_detector.egg-info
writing ../../../build/object_detector/object_detector.egg-info/PKG-INFO
writing dependency_links to ../../../build/object_detector/object_detector.egg-info/dependency_links.txt
writing entry points to ../../../build/object_detector/object_detector.egg-info/entry_points.txt
writing requirements to ../../../build/object_detector/object_detector.egg-info/requires.txt
writing top-level names to ../../../build/object_detector/object_detector.egg-info/top_level.txt
writing manifest file '../../../build/object_detector/object_detector.egg-info/SOURCES.txt'
reading manifest file '../../../build/object_detector/object_detector.egg-info/SOURCES.txt'
writing manifest file '../../../build/object_detector/object_detector.egg-info/SOURCES.txt'
running build
running build_py
creating /home/xdkazer/Dual_Kuka_LLM_Bachelor/p5_ws/build/object_detector/build
creating /home/xdkazer/Dual_Kuka_LLM_Bachelor/p5_ws/build/object_detector/build/lib
creating /home/xdkazer/Dual_Kuka_LLM_Bachelor/p5_ws/build/object_detector/build/lib/object_detector
copying object_detector/object_detector.py -> /home/xdkazer/Dual_Kuka_LLM_Bachelor/p5_ws/build/object_detector/build/lib/object_detector
copying object_detector/__init__.py -> /home/xdkazer/Dual_Kuka_LLM_Bachelor/p5_ws/build/object_detector/build/lib/object_detector
running install
running install_lib
creating /home/xdkazer/Dual_Kuka_LLM_Bachelor/p5_ws/install/object_detector/lib/python3.10/site-packages/object_detector
copying /home/xdkazer/Dual_Kuka_LLM_Bachelor/p5_ws/build/object_detector/build/lib/object_detector/object_detector.py -> /home/xdkazer/Dual_Kuka_LLM_Bachelor/p5_ws/install/object_detector/lib/python3.10/site-packages/object_detector
copying /home/xdkazer/Dual_Kuka_LLM_Bachelor/p5_ws/build/object_detector/build/lib/object_detector/__init__.py -> /home/xdkazer/Dual_Kuka_LLM_Bachelor/p5_ws/install/object_detector/lib/python3.10/site-packages/object_detector
byte-compiling /home/xdkazer/Dual_Kuka_LLM_Bachelor/p5_ws/install/object_detector/lib/python3.10/site-packages/object_detector/object_detector.py to object_detector.cpython-310.pyc
byte-compiling /home/xdkazer/Dual_Kuka_LLM_Bachelor/p5_ws/install/object_detector/lib/python3.10/site-packages/object_detector/__init__.py to __init__.cpython-310.pyc
running install_data
creating /home/xdkazer/Dual_Kuka_LLM_Bachelor/p5_ws/install/object_detector/share/ament_index
creating /home/xdkazer/Dual_Kuka_LLM_Bachelor/p5_ws/install/object_detector/share/ament_index/resource_index
creating /home/xdkazer/Dual_Kuka_LLM_Bachelor/p5_ws/install/object_detector/share/ament_index/resource_index/packages
copying resource/object_detector -> /home/xdkazer/Dual_Kuka_LLM_Bachelor/p5_ws/install/object_detector/share/ament_index/resource_index/packages
copying package.xml -> /home/xdkazer/Dual_Kuka_LLM_Bachelor/p5_ws/install/object_detector/share/object_detector
running install_egg_info
Copying ../../../build/object_detector/object_detector.egg-info to /home/xdkazer/Dual_Kuka_LLM_Bachelor/p5_ws/install/object_detector/lib/python3.10/site-packages/object_detector-0.0.0-py3.10.egg-info
running install_scripts
Installing detector_client script to /home/xdkazer/Dual_Kuka_LLM_Bachelor/p5_ws/install/object_detector/lib/object_detector
Installing detector_service script to /home/xdkazer/Dual_Kuka_LLM_Bachelor/p5_ws/install/object_detector/lib/object_detector
writing list of installed files to '/home/xdkazer/Dual_Kuka_LLM_Bachelor/p5_ws/build/object_detector/install.log'
