[0.742s] Invoking command in '/home/xdkazer/Dual_Kuka_LLM_Bachelor/p5_ws/src/robutler/object_detector': AMENT_PREFIX_PATH=/home/xdkazer/Dual_Kuka_LLM_Bachelor/p5_ws/install/project_interfaces:${AMENT_PREFIX_PATH} CMAKE_PREFIX_PATH=/home/xdkazer/Dual_Kuka_LLM_Bachelor/p5_ws/install/project_interfaces:${CMAKE_PREFIX_PATH} LD_LIBRARY_PATH=/home/xdkazer/Dual_Kuka_LLM_Bachelor/p5_ws/install/project_interfaces/lib:${LD_LIBRARY_PATH} PYTHONPATH=/home/xdkazer/Dual_Kuka_LLM_Bachelor/p5_ws/build/object_detector/prefix_override:/usr/lib/python3/dist-packages/colcon_core/task/python/colcon_distutils_commands:/home/xdkazer/Dual_Kuka_LLM_Bachelor/p5_ws/install/object_detector/lib/python3.10/site-packages:/home/xdkazer/Dual_Kuka_LLM_Bachelor/p5_ws/install/project_interfaces/local/lib/python3.10/dist-packages:${PYTHONPATH} /usr/bin/python3 -W ignore:setup.py install is deprecated -W ignore:easy_install command is deprecated setup.py egg_info --egg-base ../../../build/object_detector build --build-base /home/xdkazer/Dual_Kuka_LLM_Bachelor/p5_ws/build/object_detector/build install --record /home/xdkazer/Dual_Kuka_LLM_Bachelor/p5_ws/build/object_detector/install.log --single-version-externally-managed install_data
[0.983s] running egg_info
[0.984s] creating ../../../build/object_detector/object_detector.egg-info
[0.985s] writing ../../../build/object_detector/object_detector.egg-info/PKG-INFO
[0.985s] writing dependency_links to ../../../build/object_detector/object_detector.egg-info/dependency_links.txt
[0.985s] writing entry points to ../../../build/object_detector/object_detector.egg-info/entry_points.txt
[0.986s] writing requirements to ../../../build/object_detector/object_detector.egg-info/requires.txt
[0.986s] writing top-level names to ../../../build/object_detector/object_detector.egg-info/top_level.txt
[0.986s] writing manifest file '../../../build/object_detector/object_detector.egg-info/SOURCES.txt'
[0.988s] reading manifest file '../../../build/object_detector/object_detector.egg-info/SOURCES.txt'
[0.989s] writing manifest file '../../../build/object_detector/object_detector.egg-info/SOURCES.txt'
[0.990s] running build
[0.990s] running build_py
[0.990s] creating /home/xdkazer/Dual_Kuka_LLM_Bachelor/p5_ws/build/object_detector/build
[0.990s] creating /home/xdkazer/Dual_Kuka_LLM_Bachelor/p5_ws/build/object_detector/build/lib
[0.991s] creating /home/xdkazer/Dual_Kuka_LLM_Bachelor/p5_ws/build/object_detector/build/lib/object_detector
[0.991s] copying object_detector/object_detector.py -> /home/xdkazer/Dual_Kuka_LLM_Bachelor/p5_ws/build/object_detector/build/lib/object_detector
[0.991s] copying object_detector/__init__.py -> /home/xdkazer/Dual_Kuka_LLM_Bachelor/p5_ws/build/object_detector/build/lib/object_detector
[0.992s] running install
[0.992s] running install_lib
[0.993s] creating /home/xdkazer/Dual_Kuka_LLM_Bachelor/p5_ws/install/object_detector/lib/python3.10/site-packages/object_detector
[0.993s] copying /home/xdkazer/Dual_Kuka_LLM_Bachelor/p5_ws/build/object_detector/build/lib/object_detector/object_detector.py -> /home/xdkazer/Dual_Kuka_LLM_Bachelor/p5_ws/install/object_detector/lib/python3.10/site-packages/object_detector
[0.994s] copying /home/xdkazer/Dual_Kuka_LLM_Bachelor/p5_ws/build/object_detector/build/lib/object_detector/__init__.py -> /home/xdkazer/Dual_Kuka_LLM_Bachelor/p5_ws/install/object_detector/lib/python3.10/site-packages/object_detector
[0.994s] byte-compiling /home/xdkazer/Dual_Kuka_LLM_Bachelor/p5_ws/install/object_detector/lib/python3.10/site-packages/object_detector/object_detector.py to object_detector.cpython-310.pyc
[0.999s] byte-compiling /home/xdkazer/Dual_Kuka_LLM_Bachelor/p5_ws/install/object_detector/lib/python3.10/site-packages/object_detector/__init__.py to __init__.cpython-310.pyc
[0.999s] running install_data
[1.000s] creating /home/xdkazer/Dual_Kuka_LLM_Bachelor/p5_ws/install/object_detector/share/ament_index
[1.000s] creating /home/xdkazer/Dual_Kuka_LLM_Bachelor/p5_ws/install/object_detector/share/ament_index/resource_index
[1.000s] creating /home/xdkazer/Dual_Kuka_LLM_Bachelor/p5_ws/install/object_detector/share/ament_index/resource_index/packages
[1.000s] copying resource/object_detector -> /home/xdkazer/Dual_Kuka_LLM_Bachelor/p5_ws/install/object_detector/share/ament_index/resource_index/packages
[1.000s] copying package.xml -> /home/xdkazer/Dual_Kuka_LLM_Bachelor/p5_ws/install/object_detector/share/object_detector
[1.001s] running install_egg_info
[1.003s] Copying ../../../build/object_detector/object_detector.egg-info to /home/xdkazer/Dual_Kuka_LLM_Bachelor/p5_ws/install/object_detector/lib/python3.10/site-packages/object_detector-0.0.0-py3.10.egg-info
[1.004s] running install_scripts
[1.022s] Installing detector_client script to /home/xdkazer/Dual_Kuka_LLM_Bachelor/p5_ws/install/object_detector/lib/object_detector
[1.022s] Installing detector_service script to /home/xdkazer/Dual_Kuka_LLM_Bachelor/p5_ws/install/object_detector/lib/object_detector
[1.023s] writing list of installed files to '/home/xdkazer/Dual_Kuka_LLM_Bachelor/p5_ws/build/object_detector/install.log'
[1.047s] Invoked command in '/home/xdkazer/Dual_Kuka_LLM_Bachelor/p5_ws/src/robutler/object_detector' returned '0': AMENT_PREFIX_PATH=/home/xdkazer/Dual_Kuka_LLM_Bachelor/p5_ws/install/project_interfaces:${AMENT_PREFIX_PATH} CMAKE_PREFIX_PATH=/home/xdkazer/Dual_Kuka_LLM_Bachelor/p5_ws/install/project_interfaces:${CMAKE_PREFIX_PATH} LD_LIBRARY_PATH=/home/xdkazer/Dual_Kuka_LLM_Bachelor/p5_ws/install/project_interfaces/lib:${LD_LIBRARY_PATH} PYTHONPATH=/home/xdkazer/Dual_Kuka_LLM_Bachelor/p5_ws/build/object_detector/prefix_override:/usr/lib/python3/dist-packages/colcon_core/task/python/colcon_distutils_commands:/home/xdkazer/Dual_Kuka_LLM_Bachelor/p5_ws/install/object_detector/lib/python3.10/site-packages:/home/xdkazer/Dual_Kuka_LLM_Bachelor/p5_ws/install/project_interfaces/local/lib/python3.10/dist-packages:${PYTHONPATH} /usr/bin/python3 -W ignore:setup.py install is deprecated -W ignore:easy_install command is deprecated setup.py egg_info --egg-base ../../../build/object_detector build --build-base /home/xdkazer/Dual_Kuka_LLM_Bachelor/p5_ws/build/object_detector/build install --record /home/xdkazer/Dual_Kuka_LLM_Bachelor/p5_ws/build/object_detector/install.log --single-version-externally-managed install_data
