running egg_info
creating ../../../build/gui_package/gui_package.egg-info
writing ../../../build/gui_package/gui_package.egg-info/PKG-INFO
writing dependency_links to ../../../build/gui_package/gui_package.egg-info/dependency_links.txt
writing entry points to ../../../build/gui_package/gui_package.egg-info/entry_points.txt
writing requirements to ../../../build/gui_package/gui_package.egg-info/requires.txt
writing top-level names to ../../../build/gui_package/gui_package.egg-info/top_level.txt
writing manifest file '../../../build/gui_package/gui_package.egg-info/SOURCES.txt'
reading manifest file '../../../build/gui_package/gui_package.egg-info/SOURCES.txt'
writing manifest file '../../../build/gui_package/gui_package.egg-info/SOURCES.txt'
running build
running build_py
creating /home/xdkazer/Dual_Kuka_LLM_Bachelor/p5_ws/build/gui_package/build
creating /home/xdkazer/Dual_Kuka_LLM_Bachelor/p5_ws/build/gui_package/build/lib
creating /home/xdkazer/Dual_Kuka_LLM_Bachelor/p5_ws/build/gui_package/build/lib/gui_package
copying gui_package/gui.py -> /home/xdkazer/Dual_Kuka_LLM_Bachelor/p5_ws/build/gui_package/build/lib/gui_package
copying gui_package/__init__.py -> /home/xdkazer/Dual_Kuka_LLM_Bachelor/p5_ws/build/gui_package/build/lib/gui_package
running install
running install_lib
creating /home/xdkazer/Dual_Kuka_LLM_Bachelor/p5_ws/install/gui_package/lib/python3.10/site-packages/gui_package
copying /home/xdkazer/Dual_Kuka_LLM_Bachelor/p5_ws/build/gui_package/build/lib/gui_package/gui.py -> /home/xdkazer/Dual_Kuka_LLM_Bachelor/p5_ws/install/gui_package/lib/python3.10/site-packages/gui_package
copying /home/xdkazer/Dual_Kuka_LLM_Bachelor/p5_ws/build/gui_package/build/lib/gui_package/__init__.py -> /home/xdkazer/Dual_Kuka_LLM_Bachelor/p5_ws/install/gui_package/lib/python3.10/site-packages/gui_package
byte-compiling /home/xdkazer/Dual_Kuka_LLM_Bachelor/p5_ws/install/gui_package/lib/python3.10/site-packages/gui_package/gui.py to gui.cpython-310.pyc
byte-compiling /home/xdkazer/Dual_Kuka_LLM_Bachelor/p5_ws/install/gui_package/lib/python3.10/site-packages/gui_package/__init__.py to __init__.cpython-310.pyc
running install_data
creating /home/xdkazer/Dual_Kuka_LLM_Bachelor/p5_ws/install/gui_package/share/ament_index
creating /home/xdkazer/Dual_Kuka_LLM_Bachelor/p5_ws/install/gui_package/share/ament_index/resource_index
creating /home/xdkazer/Dual_Kuka_LLM_Bachelor/p5_ws/install/gui_package/share/ament_index/resource_index/packages
copying resource/gui_package -> /home/xdkazer/Dual_Kuka_LLM_Bachelor/p5_ws/install/gui_package/share/ament_index/resource_index/packages
copying package.xml -> /home/xdkazer/Dual_Kuka_LLM_Bachelor/p5_ws/install/gui_package/share/gui_package
running install_egg_info
Copying ../../../build/gui_package/gui_package.egg-info to /home/xdkazer/Dual_Kuka_LLM_Bachelor/p5_ws/install/gui_package/lib/python3.10/site-packages/gui_package-0.0.0-py3.10.egg-info
running install_scripts
Installing gui_node script to /home/xdkazer/Dual_Kuka_LLM_Bachelor/p5_ws/install/gui_package/lib/gui_package
writing list of installed files to '/home/xdkazer/Dual_Kuka_LLM_Bachelor/p5_ws/build/gui_package/install.log'
