-- The C compiler identification is GNU 11.4.0
-- The CXX compiler identification is GNU 11.4.0
-- Detecting C compiler ABI info
-- Detecting C compiler ABI info - done
-- Check for working C compiler: /usr/bin/cc - skipped
-- Detecting C compile features
-- Detecting C compile features - done
-- Detecting CXX compiler ABI info
-- Detecting CXX compiler ABI info - done
-- Check for working CXX compiler: /usr/bin/c++ - skipped
-- Detecting CXX compile features
-- Detecting CXX compile features - done
-- Found ament_cmake: 1.3.10 (/opt/ros/humble/share/ament_cmake/cmake)
-- Found Python3: /usr/bin/python3 (found version "3.10.12") found components: Interpreter 
-- Found controller_interface: 2.43.1 (/opt/ros/humble/share/controller_interface/cmake)
-- Found rosidl_generator_c: 3.1.5 (/opt/ros/humble/share/rosidl_generator_c/cmake)
-- Found rosidl_adapter: 3.1.5 (/opt/ros/humble/share/rosidl_adapter/cmake)
-- Found rosidl_generator_cpp: 3.1.5 (/opt/ros/humble/share/rosidl_generator_cpp/cmake)
-- Using all available rosidl_typesupport_c: rosidl_typesupport_fastrtps_c;rosidl_typesupport_introspection_c
-- Using all available rosidl_typesupport_cpp: rosidl_typesupport_fastrtps_cpp;rosidl_typesupport_introspection_cpp
-- Found rmw_implementation_cmake: 6.1.2 (/opt/ros/humble/share/rmw_implementation_cmake/cmake)
-- Found rmw_fastrtps_cpp: 6.2.7 (/opt/ros/humble/share/rmw_fastrtps_cpp/cmake)
-- Found TinyXML2 via Config file: TinyXML2_DIR-NOTFOUND
-- Found OpenSSL: /usr/lib/x86_64-linux-gnu/libcrypto.so (found version "3.0.2")  
-- Found TinyXML2 via Config file: TinyXML2_DIR-NOTFOUND
-- Found FastRTPS: /opt/ros/humble/include  
-- Found TinyXML2 via Config file: TinyXML2_DIR-NOTFOUND
-- Found TinyXML2 via Config file: TinyXML2_DIR-NOTFOUND
-- Using RMW implementation 'rmw_fastrtps_cpp' as default
-- Looking for pthread.h
-- Looking for pthread.h - found
-- Performing Test CMAKE_HAVE_LIBC_PTHREAD
-- Performing Test CMAKE_HAVE_LIBC_PTHREAD - Success
-- Found Threads: TRUE  
-- Found lbr_fri_idl: 1.5.0 (/home/xdkazer/Dual_Kuka_LLM_Bachelor/p5_ws/install/lbr_fri_idl/share/lbr_fri_idl/cmake)
-- Found lbr_fri_ros2: 2.0.0 (/home/xdkazer/Dual_Kuka_LLM_Bachelor/p5_ws/install/lbr_fri_ros2/share/lbr_fri_ros2/cmake)
-- Found parameter_traits: 0.3.7 (/home/xdkazer/P5-Kuka-Dual-Arm/p5_ws/install/parameter_traits/share/parameter_traits/cmake)
-- Found Eigen3: TRUE (found version "3.4.0") 
-- Ensuring Eigen3 include directory is part of orocos-kdl CMake target
-- Found kinematics_interface: 0.3.0 (/opt/ros/humble/share/kinematics_interface/cmake)
-- Configuring done
-- Generating done
-- Build files have been written to: /home/xdkazer/Dual_Kuka_LLM_Bachelor/p5_ws/build/lbr_ros2_control
[ 16%] [32mBuilding CXX object CMakeFiles/lbr_ros2_control.dir/src/lbr_joint_position_command_controller.cpp.o[0m
[ 33%] [32mBuilding CXX object CMakeFiles/lbr_ros2_control.dir/src/lbr_state_broadcaster.cpp.o[0m
[ 50%] [32mBuilding CXX object CMakeFiles/lbr_ros2_control.dir/src/lbr_wrench_command_controller.cpp.o[0m
[ 66%] [32mBuilding CXX object CMakeFiles/lbr_ros2_control.dir/src/lbr_torque_command_controller.cpp.o[0m
[ 83%] [32mBuilding CXX object CMakeFiles/lbr_ros2_control.dir/src/system_interface.cpp.o[0m
[100%] [32m[1mLinking CXX shared library liblbr_ros2_control.so[0m
[100%] Built target lbr_ros2_control
-- Install configuration: "Release"
-- Installing: /home/xdkazer/Dual_Kuka_LLM_Bachelor/p5_ws/install/lbr_ros2_control/share/lbr_ros2_control/plugin_description_files/broadcasters.xml
-- Installing: /home/xdkazer/Dual_Kuka_LLM_Bachelor/p5_ws/install/lbr_ros2_control/share/lbr_ros2_control/plugin_description_files/forward_command_controllers.xml
-- Installing: /home/xdkazer/Dual_Kuka_LLM_Bachelor/p5_ws/install/lbr_ros2_control/share/lbr_ros2_control/plugin_description_files/system_interface.xml
-- Installing: /home/xdkazer/Dual_Kuka_LLM_Bachelor/p5_ws/install/lbr_ros2_control/share/lbr_ros2_control/environment/library_path.sh
-- Installing: /home/xdkazer/Dual_Kuka_LLM_Bachelor/p5_ws/install/lbr_ros2_control/share/lbr_ros2_control/environment/library_path.dsv
-- Installing: /home/xdkazer/Dual_Kuka_LLM_Bachelor/p5_ws/install/lbr_ros2_control/include
-- Installing: /home/xdkazer/Dual_Kuka_LLM_Bachelor/p5_ws/install/lbr_ros2_control/include/lbr_ros2_control
-- Installing: /home/xdkazer/Dual_Kuka_LLM_Bachelor/p5_ws/install/lbr_ros2_control/include/lbr_ros2_control/lbr_state_broadcaster.hpp
-- Installing: /home/xdkazer/Dual_Kuka_LLM_Bachelor/p5_ws/install/lbr_ros2_control/include/lbr_ros2_control/lbr_joint_position_command_controller.hpp
-- Installing: /home/xdkazer/Dual_Kuka_LLM_Bachelor/p5_ws/install/lbr_ros2_control/include/lbr_ros2_control/lbr_wrench_command_controller.hpp
-- Installing: /home/xdkazer/Dual_Kuka_LLM_Bachelor/p5_ws/install/lbr_ros2_control/include/lbr_ros2_control/system_interface.hpp
-- Installing: /home/xdkazer/Dual_Kuka_LLM_Bachelor/p5_ws/install/lbr_ros2_control/include/lbr_ros2_control/system_interface_type_values.hpp
-- Installing: /home/xdkazer/Dual_Kuka_LLM_Bachelor/p5_ws/install/lbr_ros2_control/include/lbr_ros2_control/lbr_torque_command_controller.hpp
-- Installing: /home/xdkazer/Dual_Kuka_LLM_Bachelor/p5_ws/install/lbr_ros2_control/lib/lbr_ros2_control/liblbr_ros2_control.so
-- Set runtime path of "/home/xdkazer/Dual_Kuka_LLM_Bachelor/p5_ws/install/lbr_ros2_control/lib/lbr_ros2_control/liblbr_ros2_control.so" to ""
-- Installing: /home/xdkazer/Dual_Kuka_LLM_Bachelor/p5_ws/install/lbr_ros2_control/share/lbr_ros2_control/config
-- Installing: /home/xdkazer/Dual_Kuka_LLM_Bachelor/p5_ws/install/lbr_ros2_control/share/lbr_ros2_control/config/lbr_system_interface.xacro
-- Installing: /home/xdkazer/Dual_Kuka_LLM_Bachelor/p5_ws/install/lbr_ros2_control/share/lbr_ros2_control/config/lbr_controllers copy.yaml
-- Installing: /home/xdkazer/Dual_Kuka_LLM_Bachelor/p5_ws/install/lbr_ros2_control/share/lbr_ros2_control/config/lbr_system_parameters_left.yaml
-- Installing: /home/xdkazer/Dual_Kuka_LLM_Bachelor/p5_ws/install/lbr_ros2_control/share/lbr_ros2_control/config/lbr_system_parameters_right.yaml
-- Installing: /home/xdkazer/Dual_Kuka_LLM_Bachelor/p5_ws/install/lbr_ros2_control/share/lbr_ros2_control/config/lbr_controllers.yaml
-- Installing: /home/xdkazer/Dual_Kuka_LLM_Bachelor/p5_ws/install/lbr_ros2_control/share/lbr_ros2_control/config/lbr_dual_controllers.yaml
-- Installing: /home/xdkazer/Dual_Kuka_LLM_Bachelor/p5_ws/install/lbr_ros2_control/share/lbr_ros2_control/config/lbr_system_parameters.yaml
-- Installing: /home/xdkazer/Dual_Kuka_LLM_Bachelor/p5_ws/install/lbr_ros2_control/share/ament_index/resource_index/package_run_dependencies/lbr_ros2_control
-- Installing: /home/xdkazer/Dual_Kuka_LLM_Bachelor/p5_ws/install/lbr_ros2_control/share/ament_index/resource_index/parent_prefix_path/lbr_ros2_control
-- Installing: /home/xdkazer/Dual_Kuka_LLM_Bachelor/p5_ws/install/lbr_ros2_control/share/lbr_ros2_control/environment/ament_prefix_path.sh
-- Installing: /home/xdkazer/Dual_Kuka_LLM_Bachelor/p5_ws/install/lbr_ros2_control/share/lbr_ros2_control/environment/ament_prefix_path.dsv
-- Installing: /home/xdkazer/Dual_Kuka_LLM_Bachelor/p5_ws/install/lbr_ros2_control/share/lbr_ros2_control/environment/path.sh
-- Installing: /home/xdkazer/Dual_Kuka_LLM_Bachelor/p5_ws/install/lbr_ros2_control/share/lbr_ros2_control/environment/path.dsv
-- Installing: /home/xdkazer/Dual_Kuka_LLM_Bachelor/p5_ws/install/lbr_ros2_control/share/lbr_ros2_control/local_setup.bash
-- Installing: /home/xdkazer/Dual_Kuka_LLM_Bachelor/p5_ws/install/lbr_ros2_control/share/lbr_ros2_control/local_setup.sh
-- Installing: /home/xdkazer/Dual_Kuka_LLM_Bachelor/p5_ws/install/lbr_ros2_control/share/lbr_ros2_control/local_setup.zsh
-- Installing: /home/xdkazer/Dual_Kuka_LLM_Bachelor/p5_ws/install/lbr_ros2_control/share/lbr_ros2_control/local_setup.dsv
-- Installing: /home/xdkazer/Dual_Kuka_LLM_Bachelor/p5_ws/install/lbr_ros2_control/share/lbr_ros2_control/package.dsv
-- Installing: /home/xdkazer/Dual_Kuka_LLM_Bachelor/p5_ws/install/lbr_ros2_control/share/ament_index/resource_index/packages/lbr_ros2_control
-- Installing: /home/xdkazer/Dual_Kuka_LLM_Bachelor/p5_ws/install/lbr_ros2_control/share/ament_index/resource_index/controller_interface__pluginlib__plugin/lbr_ros2_control
-- Installing: /home/xdkazer/Dual_Kuka_LLM_Bachelor/p5_ws/install/lbr_ros2_control/share/ament_index/resource_index/hardware_interface__pluginlib__plugin/lbr_ros2_control
-- Installing: /home/xdkazer/Dual_Kuka_LLM_Bachelor/p5_ws/install/lbr_ros2_control/share/lbr_ros2_control/cmake/lbr_ros2_control_exportExport.cmake
-- Installing: /home/xdkazer/Dual_Kuka_LLM_Bachelor/p5_ws/install/lbr_ros2_control/share/lbr_ros2_control/cmake/lbr_ros2_control_exportExport-release.cmake
-- Installing: /home/xdkazer/Dual_Kuka_LLM_Bachelor/p5_ws/install/lbr_ros2_control/share/lbr_ros2_control/cmake/ament_cmake_export_targets-extras.cmake
-- Installing: /home/xdkazer/Dual_Kuka_LLM_Bachelor/p5_ws/install/lbr_ros2_control/share/lbr_ros2_control/cmake/ament_cmake_export_dependencies-extras.cmake
-- Installing: /home/xdkazer/Dual_Kuka_LLM_Bachelor/p5_ws/install/lbr_ros2_control/share/lbr_ros2_control/cmake/lbr_ros2_controlConfig.cmake
-- Installing: /home/xdkazer/Dual_Kuka_LLM_Bachelor/p5_ws/install/lbr_ros2_control/share/lbr_ros2_control/cmake/lbr_ros2_controlConfig-version.cmake
-- Installing: /home/xdkazer/Dual_Kuka_LLM_Bachelor/p5_ws/install/lbr_ros2_control/share/lbr_ros2_control/package.xml
