[0.033s] Invoking command in '/home/xdkazer/Dual_Kuka_LLM_Bachelor/p5_ws/build/realsense2_camera': AMENT_PREFIX_PATH=/home/xdkazer/Dual_Kuka_LLM_Bachelor/p5_ws/install/realsense2_camera_msgs:${AMENT_PREFIX_PATH} CMAKE_PREFIX_PATH=/home/xdkazer/Dual_Kuka_LLM_Bachelor/p5_ws/install/realsense2_camera_msgs:/home/xdkazer/P5-Kuka-Dual-Arm/p5_ws/install/set_moveit_coords:/home/xdkazer/P5-Kuka-Dual-Arm/p5_ws/install/robutler_bringup:/home/xdkazer/P5-Kuka-Dual-Arm/p5_ws/install/robotiq_3f_gripper_ros2_interfaces:/home/xdkazer/P5-Kuka-Dual-Arm/p5_ws/install/robotiq_2f_85_interfaces:/home/xdkazer/P5-Kuka-Dual-Arm/p5_ws/install/realsense2_description:/home/xdkazer/P5-Kuka-Dual-Arm/p5_ws/install/realsense2_camera:/home/xdkazer/P5-Kuka-Dual-Arm/p5_ws/install/realsense2_camera_msgs:/home/xdkazer/P5-Kuka-Dual-Arm/p5_ws/install/project_interfaces:/home/xdkazer/P5-Kuka-Dual-Arm/p5_ws/install/pilz_industrial_motion_planner_testutils:/home/xdkazer/P5-Kuka-Dual-Arm/p5_ws/install/moveit_runtime:/home/xdkazer/P5-Kuka-Dual-Arm/p5_ws/install/moveit:/home/xdkazer/P5-Kuka-Dual-Arm/p5_ws/install/iiwa7_table_moveit_config:/home/xdkazer/P5-Kuka-Dual-Arm/p5_ws/install/iiwa7_table_cali_moveit_config:/home/xdkazer/P5-Kuka-Dual-Arm/p5_ws/install/iiwa7_moveit_config:/home/xdkazer/P5-Kuka-Dual-Arm/p5_ws/install/dual_arm_moveit_config:/home/xdkazer/P5-Kuka-Dual-Arm/p5_ws/install/moveit_planners:/home/xdkazer/P5-Kuka-Dual-Arm/p5_ws/install/pilz_industrial_motion_planner:/home/xdkazer/P5-Kuka-Dual-Arm/p5_ws/install/moveit_ros_control_interface:/home/xdkazer/P5-Kuka-Dual-Arm/p5_ws/install/moveit_plugins:/home/xdkazer/P5-Kuka-Dual-Arm/p5_ws/install/moveit_simple_controller_manager:/home/xdkazer/P5-Kuka-Dual-Arm/p5_ws/install/moveit_servo:/home/xdkazer/P5-Kuka-Dual-Arm/p5_ws/install/moveit_ros:/home/xdkazer/P5-Kuka-Dual-Arm/p5_ws/install/moveit_ros_visualization:/home/xdkazer/P5-Kuka-Dual-Arm/p5_ws/install/moveit_hybrid_planning:/home/xdkazer/P5-Kuka-Dual-Arm/p5_ws/install/moveit_ros_planning_interface:/home/xdkazer/P5-Kuka-Dual-Arm/p5_ws/install/moveit_ros_benchmarks:/home/xdkazer/P5-Kuka-Dual-Arm/p5_ws/install/moveit_ros_warehouse:/home/xdkazer/P5-Kuka-Dual-Arm/p5_ws/install/moveit_ros_robot_interaction:/home/xdkazer/P5-Kuka-Dual-Arm/p5_ws/install/moveit_ros_perception:/home/xdkazer/P5-Kuka-Dual-Arm/p5_ws/install/moveit_resources_prbt_pg70_support:/home/xdkazer/P5-Kuka-Dual-Arm/p5_ws/install/moveit_resources_prbt_moveit_config:/home/xdkazer/P5-Kuka-Dual-Arm/p5_ws/install/moveit_ros_move_group:/home/xdkazer/P5-Kuka-Dual-Arm/p5_ws/install/moveit_planners_ompl:/home/xdkazer/P5-Kuka-Dual-Arm/p5_ws/install/moveit_ros_planning:/home/xdkazer/P5-Kuka-Dual-Arm/p5_ws/install/moveit_ros_occupancy_map_monitor:/home/xdkazer/P5-Kuka-Dual-Arm/p5_ws/install/moveit_resources_prbt_ikfast_manipulator_plugin:/home/xdkazer/P5-Kuka-Dual-Arm/p5_ws/install/moveit_planners_chomp:/home/xdkazer/P5-Kuka-Dual-Arm/p5_ws/install/moveit_kinematics:/home/xdkazer/P5-Kuka-Dual-Arm/p5_ws/install/moveit_chomp_optimizer_adapter:/home/xdkazer/P5-Kuka-Dual-Arm/p5_ws/install/chomp_motion_planner:/home/xdkazer/P5-Kuka-Dual-Arm/p5_ws/install/moveit_core:/home/xdkazer/P5-Kuka-Dual-Arm/p5_ws/install/generate_parameter_library:/home/xdkazer/P5-Kuka-Dual-Arm/p5_ws/install/parameter_traits:/home/xdkazer/P5-Kuka-Dual-Arm/p5_ws/install/moveit_resources_prbt_support:/home/xdkazer/P5-Kuka-Dual-Arm/p5_ws/install/moveit_msgs:/home/xdkazer/P5-Kuka-Dual-Arm/p5_ws/install/moveit_common:/home/xdkazer/P5-Kuka-Dual-Arm/p5_ws/install/lbr_fri_ros2_stack:/home/xdkazer/P5-Kuka-Dual-Arm/p5_ws/install/lbr_bringup:/home/xdkazer/P5-Kuka-Dual-Arm/p5_ws/install/lbr_ros2_control_right:/home/xdkazer/P5-Kuka-Dual-Arm/p5_ws/install/lbr_ros2_control_left:/home/xdkazer/P5-Kuka-Dual-Arm/p5_ws/install/lbr_ros2_control:/home/xdkazer/P5-Kuka-Dual-Arm/p5_ws/install/lbr_fri_ros2:/home/xdkazer/P5-Kuka-Dual-Arm/p5_ws/install/lbr_fri_idl:/home/xdkazer/P5-Kuka-Dual-Arm/p5_ws/install/lbr_description:/home/xdkazer/P5-Kuka-Dual-Arm/p5_ws/install/fri_client_sdk:/home/xdkazer/P5-Kuka-Dual-Arm/p5_ws/install/yolo_world:/home/xdkazer/P5-Kuka-Dual-Arm/p5_ws/install/robotiq_3f_gripper_ros2_control:/home/xdkazer/P5-Kuka-Dual-Arm/p5_ws/install/robotiq_2f_85_control:/home/xdkazer/P5-Kuka-Dual-Arm/p5_ws/install/object_detector:/home/xdkazer/P5-Kuka-Dual-Arm/p5_ws/install/janise:/home/xdkazer/P5-Kuka-Dual-Arm/p5_ws/install/gui_package:/home/xdkazer/P5-Kuka-Dual-Arm/p5_ws/install/moveit_configs_utils:/home/xdkazer/P5-Kuka-Dual-Arm/p5_ws/install/generate_parameter_library_py:/opt/ros/humble LD_LIBRARY_PATH=/home/xdkazer/Dual_Kuka_LLM_Bachelor/p5_ws/install/realsense2_camera_msgs/lib:${LD_LIBRARY_PATH} PYTHONPATH=/home/xdkazer/Dual_Kuka_LLM_Bachelor/p5_ws/install/realsense2_camera_msgs/local/lib/python3.10/dist-packages:${PYTHONPATH} /usr/bin/cmake /home/xdkazer/Dual_Kuka_LLM_Bachelor/p5_ws/src/realsense-ros/realsense2_camera -DCMAKE_BUILD_TYPE=Release -DCMAKE_INSTALL_PREFIX=/home/xdkazer/Dual_Kuka_LLM_Bachelor/p5_ws/install/realsense2_camera
[0.125s] -- The C compiler identification is GNU 11.4.0
[0.199s] -- The CXX compiler identification is GNU 11.4.0
[0.207s] -- Detecting C compiler ABI info
[0.317s] -- Detecting C compiler ABI info - done
[0.328s] -- Check for working C compiler: /usr/bin/cc - skipped
[0.328s] -- Detecting C compile features
[0.329s] -- Detecting C compile features - done
[0.331s] -- Detecting CXX compiler ABI info
[0.481s] -- Detecting CXX compiler ABI info - done
[0.488s] -- Check for working CXX compiler: /usr/bin/c++ - skipped
[0.489s] -- Detecting CXX compile features
[0.489s] -- Detecting CXX compile features - done
[0.490s] -- Create Release Build.
[0.495s] -- Found ament_cmake: 1.3.10 (/opt/ros/humble/share/ament_cmake/cmake)
[0.705s] -- Found Python3: /usr/bin/python3 (found version "3.10.12") found components: Interpreter 
[0.850s] -- Found builtin_interfaces: 1.2.1 (/opt/ros/humble/share/builtin_interfaces/cmake)
[0.926s] -- Found rosidl_generator_c: 3.1.5 (/opt/ros/humble/share/rosidl_generator_c/cmake)
[0.939s] -- Found rosidl_adapter: 3.1.5 (/opt/ros/humble/share/rosidl_adapter/cmake)
[1.087s] -- Found rosidl_generator_cpp: 3.1.5 (/opt/ros/humble/share/rosidl_generator_cpp/cmake)
[1.088s] -- Using all available rosidl_typesupport_c: rosidl_typesupport_fastrtps_c;rosidl_typesupport_introspection_c
[1.088s] -- Using all available rosidl_typesupport_cpp: rosidl_typesupport_fastrtps_cpp;rosidl_typesupport_introspection_cpp
[1.088s] -- Found cv_bridge: 3.2.1 (/opt/ros/humble/share/cv_bridge/cmake)
[1.210s] -- Found image_transport: 3.1.9 (/opt/ros/humble/share/image_transport/cmake)
[1.319s] -- Found rmw_implementation_cmake: 6.1.2 (/opt/ros/humble/share/rmw_implementation_cmake/cmake)
[1.327s] -- Found rmw_fastrtps_cpp: 6.2.7 (/opt/ros/humble/share/rmw_fastrtps_cpp/cmake)
[1.469s] -- Found OpenSSL: /usr/lib/x86_64-linux-gnu/libcrypto.so (found version "3.0.2")  
[1.499s] -- Found FastRTPS: /opt/ros/humble/include  
[1.558s] -- Using RMW implementation 'rmw_fastrtps_cpp' as default
[1.589s] -- Looking for pthread.h
[1.917s] -- Looking for pthread.h - found
[1.930s] -- Performing Test CMAKE_HAVE_LIBC_PTHREAD
[2.157s] -- Performing Test CMAKE_HAVE_LIBC_PTHREAD - Success
[2.158s] -- Found Threads: TRUE  
[2.159s] -- Found rclcpp_components: 16.0.10 (/opt/ros/humble/share/rclcpp_components/cmake)
[2.245s] -- Found realsense2_camera_msgs: 4.55.1 (/home/xdkazer/Dual_Kuka_LLM_Bachelor/p5_ws/install/realsense2_camera_msgs/share/realsense2_camera_msgs/cmake)
[2.247s] -- Found nav_msgs: 4.2.4 (/opt/ros/humble/share/nav_msgs/cmake)
[2.304s] -- Found tf2_ros: 0.25.8 (/opt/ros/humble/share/tf2_ros/cmake)
[2.436s] -- Found diagnostic_updater: 4.0.0 (/opt/ros/humble/share/diagnostic_updater/cmake)
[2.498s] -- Found OpenCV: /usr (found version "4.5.4") found components: core 
[2.518s] -- Build for ROS2 Humble
[2.535s] -- Found ament_cmake_gtest: 1.3.10 (/opt/ros/humble/share/ament_cmake_gtest/cmake)
[2.535s] -- Found gtest sources under '/opt/ros/humble/src/gtest_vendor': C++ tests using 'Google Test' will be built
[2.553s] -- Found ament_cmake_pytest: 1.3.10 (/opt/ros/humble/share/ament_cmake_pytest/cmake)
[7.541s] -- rs_device_info:
[7.541s] -- No device detected. Is it plugged in?
[7.541s] 
[7.615s] -- Configuring done
[7.641s] -- Generating done
[7.653s] -- Build files have been written to: /home/xdkazer/Dual_Kuka_LLM_Bachelor/p5_ws/build/realsense2_camera
[7.675s] Invoked command in '/home/xdkazer/Dual_Kuka_LLM_Bachelor/p5_ws/build/realsense2_camera' returned '0': AMENT_PREFIX_PATH=/home/xdkazer/Dual_Kuka_LLM_Bachelor/p5_ws/install/realsense2_camera_msgs:${AMENT_PREFIX_PATH} CMAKE_PREFIX_PATH=/home/xdkazer/Dual_Kuka_LLM_Bachelor/p5_ws/install/realsense2_camera_msgs:/home/xdkazer/P5-Kuka-Dual-Arm/p5_ws/install/set_moveit_coords:/home/xdkazer/P5-Kuka-Dual-Arm/p5_ws/install/robutler_bringup:/home/xdkazer/P5-Kuka-Dual-Arm/p5_ws/install/robotiq_3f_gripper_ros2_interfaces:/home/xdkazer/P5-Kuka-Dual-Arm/p5_ws/install/robotiq_2f_85_interfaces:/home/xdkazer/P5-Kuka-Dual-Arm/p5_ws/install/realsense2_description:/home/xdkazer/P5-Kuka-Dual-Arm/p5_ws/install/realsense2_camera:/home/xdkazer/P5-Kuka-Dual-Arm/p5_ws/install/realsense2_camera_msgs:/home/xdkazer/P5-Kuka-Dual-Arm/p5_ws/install/project_interfaces:/home/xdkazer/P5-Kuka-Dual-Arm/p5_ws/install/pilz_industrial_motion_planner_testutils:/home/xdkazer/P5-Kuka-Dual-Arm/p5_ws/install/moveit_runtime:/home/xdkazer/P5-Kuka-Dual-Arm/p5_ws/install/moveit:/home/xdkazer/P5-Kuka-Dual-Arm/p5_ws/install/iiwa7_table_moveit_config:/home/xdkazer/P5-Kuka-Dual-Arm/p5_ws/install/iiwa7_table_cali_moveit_config:/home/xdkazer/P5-Kuka-Dual-Arm/p5_ws/install/iiwa7_moveit_config:/home/xdkazer/P5-Kuka-Dual-Arm/p5_ws/install/dual_arm_moveit_config:/home/xdkazer/P5-Kuka-Dual-Arm/p5_ws/install/moveit_planners:/home/xdkazer/P5-Kuka-Dual-Arm/p5_ws/install/pilz_industrial_motion_planner:/home/xdkazer/P5-Kuka-Dual-Arm/p5_ws/install/moveit_ros_control_interface:/home/xdkazer/P5-Kuka-Dual-Arm/p5_ws/install/moveit_plugins:/home/xdkazer/P5-Kuka-Dual-Arm/p5_ws/install/moveit_simple_controller_manager:/home/xdkazer/P5-Kuka-Dual-Arm/p5_ws/install/moveit_servo:/home/xdkazer/P5-Kuka-Dual-Arm/p5_ws/install/moveit_ros:/home/xdkazer/P5-Kuka-Dual-Arm/p5_ws/install/moveit_ros_visualization:/home/xdkazer/P5-Kuka-Dual-Arm/p5_ws/install/moveit_hybrid_planning:/home/xdkazer/P5-Kuka-Dual-Arm/p5_ws/install/moveit_ros_planning_interface:/home/xdkazer/P5-Kuka-Dual-Arm/p5_ws/install/moveit_ros_benchmarks:/home/xdkazer/P5-Kuka-Dual-Arm/p5_ws/install/moveit_ros_warehouse:/home/xdkazer/P5-Kuka-Dual-Arm/p5_ws/install/moveit_ros_robot_interaction:/home/xdkazer/P5-Kuka-Dual-Arm/p5_ws/install/moveit_ros_perception:/home/xdkazer/P5-Kuka-Dual-Arm/p5_ws/install/moveit_resources_prbt_pg70_support:/home/xdkazer/P5-Kuka-Dual-Arm/p5_ws/install/moveit_resources_prbt_moveit_config:/home/xdkazer/P5-Kuka-Dual-Arm/p5_ws/install/moveit_ros_move_group:/home/xdkazer/P5-Kuka-Dual-Arm/p5_ws/install/moveit_planners_ompl:/home/xdkazer/P5-Kuka-Dual-Arm/p5_ws/install/moveit_ros_planning:/home/xdkazer/P5-Kuka-Dual-Arm/p5_ws/install/moveit_ros_occupancy_map_monitor:/home/xdkazer/P5-Kuka-Dual-Arm/p5_ws/install/moveit_resources_prbt_ikfast_manipulator_plugin:/home/xdkazer/P5-Kuka-Dual-Arm/p5_ws/install/moveit_planners_chomp:/home/xdkazer/P5-Kuka-Dual-Arm/p5_ws/install/moveit_kinematics:/home/xdkazer/P5-Kuka-Dual-Arm/p5_ws/install/moveit_chomp_optimizer_adapter:/home/xdkazer/P5-Kuka-Dual-Arm/p5_ws/install/chomp_motion_planner:/home/xdkazer/P5-Kuka-Dual-Arm/p5_ws/install/moveit_core:/home/xdkazer/P5-Kuka-Dual-Arm/p5_ws/install/generate_parameter_library:/home/xdkazer/P5-Kuka-Dual-Arm/p5_ws/install/parameter_traits:/home/xdkazer/P5-Kuka-Dual-Arm/p5_ws/install/moveit_resources_prbt_support:/home/xdkazer/P5-Kuka-Dual-Arm/p5_ws/install/moveit_msgs:/home/xdkazer/P5-Kuka-Dual-Arm/p5_ws/install/moveit_common:/home/xdkazer/P5-Kuka-Dual-Arm/p5_ws/install/lbr_fri_ros2_stack:/home/xdkazer/P5-Kuka-Dual-Arm/p5_ws/install/lbr_bringup:/home/xdkazer/P5-Kuka-Dual-Arm/p5_ws/install/lbr_ros2_control_right:/home/xdkazer/P5-Kuka-Dual-Arm/p5_ws/install/lbr_ros2_control_left:/home/xdkazer/P5-Kuka-Dual-Arm/p5_ws/install/lbr_ros2_control:/home/xdkazer/P5-Kuka-Dual-Arm/p5_ws/install/lbr_fri_ros2:/home/xdkazer/P5-Kuka-Dual-Arm/p5_ws/install/lbr_fri_idl:/home/xdkazer/P5-Kuka-Dual-Arm/p5_ws/install/lbr_description:/home/xdkazer/P5-Kuka-Dual-Arm/p5_ws/install/fri_client_sdk:/home/xdkazer/P5-Kuka-Dual-Arm/p5_ws/install/yolo_world:/home/xdkazer/P5-Kuka-Dual-Arm/p5_ws/install/robotiq_3f_gripper_ros2_control:/home/xdkazer/P5-Kuka-Dual-Arm/p5_ws/install/robotiq_2f_85_control:/home/xdkazer/P5-Kuka-Dual-Arm/p5_ws/install/object_detector:/home/xdkazer/P5-Kuka-Dual-Arm/p5_ws/install/janise:/home/xdkazer/P5-Kuka-Dual-Arm/p5_ws/install/gui_package:/home/xdkazer/P5-Kuka-Dual-Arm/p5_ws/install/moveit_configs_utils:/home/xdkazer/P5-Kuka-Dual-Arm/p5_ws/install/generate_parameter_library_py:/opt/ros/humble LD_LIBRARY_PATH=/home/xdkazer/Dual_Kuka_LLM_Bachelor/p5_ws/install/realsense2_camera_msgs/lib:${LD_LIBRARY_PATH} PYTHONPATH=/home/xdkazer/Dual_Kuka_LLM_Bachelor/p5_ws/install/realsense2_camera_msgs/local/lib/python3.10/dist-packages:${PYTHONPATH} /usr/bin/cmake /home/xdkazer/Dual_Kuka_LLM_Bachelor/p5_ws/src/realsense-ros/realsense2_camera -DCMAKE_BUILD_TYPE=Release -DCMAKE_INSTALL_PREFIX=/home/xdkazer/Dual_Kuka_LLM_Bachelor/p5_ws/install/realsense2_camera
[7.675s] Invoking command in '/home/xdkazer/Dual_Kuka_LLM_Bachelor/p5_ws/build/realsense2_camera': AMENT_PREFIX_PATH=/home/xdkazer/Dual_Kuka_LLM_Bachelor/p5_ws/install/realsense2_camera_msgs:${AMENT_PREFIX_PATH} CMAKE_PREFIX_PATH=/home/xdkazer/Dual_Kuka_LLM_Bachelor/p5_ws/install/realsense2_camera_msgs:/home/xdkazer/P5-Kuka-Dual-Arm/p5_ws/install/set_moveit_coords:/home/xdkazer/P5-Kuka-Dual-Arm/p5_ws/install/robutler_bringup:/home/xdkazer/P5-Kuka-Dual-Arm/p5_ws/install/robotiq_3f_gripper_ros2_interfaces:/home/xdkazer/P5-Kuka-Dual-Arm/p5_ws/install/robotiq_2f_85_interfaces:/home/xdkazer/P5-Kuka-Dual-Arm/p5_ws/install/realsense2_description:/home/xdkazer/P5-Kuka-Dual-Arm/p5_ws/install/realsense2_camera:/home/xdkazer/P5-Kuka-Dual-Arm/p5_ws/install/realsense2_camera_msgs:/home/xdkazer/P5-Kuka-Dual-Arm/p5_ws/install/project_interfaces:/home/xdkazer/P5-Kuka-Dual-Arm/p5_ws/install/pilz_industrial_motion_planner_testutils:/home/xdkazer/P5-Kuka-Dual-Arm/p5_ws/install/moveit_runtime:/home/xdkazer/P5-Kuka-Dual-Arm/p5_ws/install/moveit:/home/xdkazer/P5-Kuka-Dual-Arm/p5_ws/install/iiwa7_table_moveit_config:/home/xdkazer/P5-Kuka-Dual-Arm/p5_ws/install/iiwa7_table_cali_moveit_config:/home/xdkazer/P5-Kuka-Dual-Arm/p5_ws/install/iiwa7_moveit_config:/home/xdkazer/P5-Kuka-Dual-Arm/p5_ws/install/dual_arm_moveit_config:/home/xdkazer/P5-Kuka-Dual-Arm/p5_ws/install/moveit_planners:/home/xdkazer/P5-Kuka-Dual-Arm/p5_ws/install/pilz_industrial_motion_planner:/home/xdkazer/P5-Kuka-Dual-Arm/p5_ws/install/moveit_ros_control_interface:/home/xdkazer/P5-Kuka-Dual-Arm/p5_ws/install/moveit_plugins:/home/xdkazer/P5-Kuka-Dual-Arm/p5_ws/install/moveit_simple_controller_manager:/home/xdkazer/P5-Kuka-Dual-Arm/p5_ws/install/moveit_servo:/home/xdkazer/P5-Kuka-Dual-Arm/p5_ws/install/moveit_ros:/home/xdkazer/P5-Kuka-Dual-Arm/p5_ws/install/moveit_ros_visualization:/home/xdkazer/P5-Kuka-Dual-Arm/p5_ws/install/moveit_hybrid_planning:/home/xdkazer/P5-Kuka-Dual-Arm/p5_ws/install/moveit_ros_planning_interface:/home/xdkazer/P5-Kuka-Dual-Arm/p5_ws/install/moveit_ros_benchmarks:/home/xdkazer/P5-Kuka-Dual-Arm/p5_ws/install/moveit_ros_warehouse:/home/xdkazer/P5-Kuka-Dual-Arm/p5_ws/install/moveit_ros_robot_interaction:/home/xdkazer/P5-Kuka-Dual-Arm/p5_ws/install/moveit_ros_perception:/home/xdkazer/P5-Kuka-Dual-Arm/p5_ws/install/moveit_resources_prbt_pg70_support:/home/xdkazer/P5-Kuka-Dual-Arm/p5_ws/install/moveit_resources_prbt_moveit_config:/home/xdkazer/P5-Kuka-Dual-Arm/p5_ws/install/moveit_ros_move_group:/home/xdkazer/P5-Kuka-Dual-Arm/p5_ws/install/moveit_planners_ompl:/home/xdkazer/P5-Kuka-Dual-Arm/p5_ws/install/moveit_ros_planning:/home/xdkazer/P5-Kuka-Dual-Arm/p5_ws/install/moveit_ros_occupancy_map_monitor:/home/xdkazer/P5-Kuka-Dual-Arm/p5_ws/install/moveit_resources_prbt_ikfast_manipulator_plugin:/home/xdkazer/P5-Kuka-Dual-Arm/p5_ws/install/moveit_planners_chomp:/home/xdkazer/P5-Kuka-Dual-Arm/p5_ws/install/moveit_kinematics:/home/xdkazer/P5-Kuka-Dual-Arm/p5_ws/install/moveit_chomp_optimizer_adapter:/home/xdkazer/P5-Kuka-Dual-Arm/p5_ws/install/chomp_motion_planner:/home/xdkazer/P5-Kuka-Dual-Arm/p5_ws/install/moveit_core:/home/xdkazer/P5-Kuka-Dual-Arm/p5_ws/install/generate_parameter_library:/home/xdkazer/P5-Kuka-Dual-Arm/p5_ws/install/parameter_traits:/home/xdkazer/P5-Kuka-Dual-Arm/p5_ws/install/moveit_resources_prbt_support:/home/xdkazer/P5-Kuka-Dual-Arm/p5_ws/install/moveit_msgs:/home/xdkazer/P5-Kuka-Dual-Arm/p5_ws/install/moveit_common:/home/xdkazer/P5-Kuka-Dual-Arm/p5_ws/install/lbr_fri_ros2_stack:/home/xdkazer/P5-Kuka-Dual-Arm/p5_ws/install/lbr_bringup:/home/xdkazer/P5-Kuka-Dual-Arm/p5_ws/install/lbr_ros2_control_right:/home/xdkazer/P5-Kuka-Dual-Arm/p5_ws/install/lbr_ros2_control_left:/home/xdkazer/P5-Kuka-Dual-Arm/p5_ws/install/lbr_ros2_control:/home/xdkazer/P5-Kuka-Dual-Arm/p5_ws/install/lbr_fri_ros2:/home/xdkazer/P5-Kuka-Dual-Arm/p5_ws/install/lbr_fri_idl:/home/xdkazer/P5-Kuka-Dual-Arm/p5_ws/install/lbr_description:/home/xdkazer/P5-Kuka-Dual-Arm/p5_ws/install/fri_client_sdk:/home/xdkazer/P5-Kuka-Dual-Arm/p5_ws/install/yolo_world:/home/xdkazer/P5-Kuka-Dual-Arm/p5_ws/install/robotiq_3f_gripper_ros2_control:/home/xdkazer/P5-Kuka-Dual-Arm/p5_ws/install/robotiq_2f_85_control:/home/xdkazer/P5-Kuka-Dual-Arm/p5_ws/install/object_detector:/home/xdkazer/P5-Kuka-Dual-Arm/p5_ws/install/janise:/home/xdkazer/P5-Kuka-Dual-Arm/p5_ws/install/gui_package:/home/xdkazer/P5-Kuka-Dual-Arm/p5_ws/install/moveit_configs_utils:/home/xdkazer/P5-Kuka-Dual-Arm/p5_ws/install/generate_parameter_library_py:/opt/ros/humble LD_LIBRARY_PATH=/home/xdkazer/Dual_Kuka_LLM_Bachelor/p5_ws/install/realsense2_camera_msgs/lib:${LD_LIBRARY_PATH} PYTHONPATH=/home/xdkazer/Dual_Kuka_LLM_Bachelor/p5_ws/install/realsense2_camera_msgs/local/lib/python3.10/dist-packages:${PYTHONPATH} /usr/bin/cmake --build /home/xdkazer/Dual_Kuka_LLM_Bachelor/p5_ws/build/realsense2_camera -- -j4 -l4
[7.738s] [  4%] [32mBuilding CXX object CMakeFiles/realsense2_camera.dir/src/realsense_node_factory.cpp.o[0m
[19.791s] [  9%] [32mBuilding CXX object CMakeFiles/realsense2_camera.dir/src/base_realsense_node.cpp.o[0m
[34.189s] [ 13%] [32mBuilding CXX object CMakeFiles/realsense2_camera.dir/src/parameters.cpp.o[0m
[40.812s] [ 18%] [32mBuilding CXX object CMakeFiles/realsense2_camera.dir/src/rs_node_setup.cpp.o[0m
[71.003s] [ 22%] [32mBuilding CXX object CMakeFiles/realsense2_camera.dir/src/ros_sensor.cpp.o[0m
[85.781s] [ 27%] [32mBuilding CXX object CMakeFiles/realsense2_camera.dir/src/ros_utils.cpp.o[0m
[90.410s] [ 31%] [32mBuilding CXX object CMakeFiles/realsense2_camera.dir/src/dynamic_params.cpp.o[0m
[99.147s] [ 36%] [32mBuilding CXX object CMakeFiles/realsense2_camera.dir/src/sensor_params.cpp.o[0m
[106.422s] [ 40%] [32mBuilding CXX object CMakeFiles/realsense2_camera.dir/src/named_filter.cpp.o[0m
[116.619s] [ 45%] [32mBuilding CXX object CMakeFiles/realsense2_camera.dir/src/profile_manager.cpp.o[0m
[128.645s] [ 50%] [32mBuilding CXX object CMakeFiles/realsense2_camera.dir/src/image_publisher.cpp.o[0m
[134.625s] [ 54%] [32mBuilding CXX object CMakeFiles/realsense2_camera.dir/src/tfs.cpp.o[0m
[143.136s] [ 59%] [32mBuilding CXX object CMakeFiles/realsense2_camera.dir/src/ros_param_backend.cpp.o[0m
[145.953s] [ 63%] [32m[1mLinking CXX shared library librealsense2_camera.so[0m
[146.795s] [ 63%] Built target realsense2_camera
[146.829s] [ 68%] [32mBuilding CXX object gtest/CMakeFiles/gtest.dir/src/gtest-all.cc.o[0m
[155.195s] [ 72%] [32m[1mLinking CXX static library libgtest.a[0m
[155.270s] [ 72%] Built target gtest
[155.314s] [ 77%] [32mBuilding CXX object gtest/CMakeFiles/gtest_main.dir/src/gtest_main.cc.o[0m
[155.969s] [ 81%] [32m[1mLinking CXX static library libgtest_main.a[0m
[156.029s] [ 81%] Built target gtest_main
[156.065s] [ 86%] [32mBuilding CXX object CMakeFiles/realsense2_camera_node.dir/rclcpp_components/node_main_realsense2_camera_node.cpp.o[0m
[159.912s] [ 90%] [32m[1mLinking CXX executable realsense2_camera_node[0m
[160.056s] [ 90%] Built target realsense2_camera_node
[160.105s] [ 95%] [32mBuilding CXX object CMakeFiles/gtest_template.dir/test/gtest_template.cpp.o[0m
[160.936s] [100%] [32m[1mLinking CXX executable gtest_template[0m
[161.086s] [100%] Built target gtest_template
[161.112s] Invoked command in '/home/xdkazer/Dual_Kuka_LLM_Bachelor/p5_ws/build/realsense2_camera' returned '0': AMENT_PREFIX_PATH=/home/xdkazer/Dual_Kuka_LLM_Bachelor/p5_ws/install/realsense2_camera_msgs:${AMENT_PREFIX_PATH} CMAKE_PREFIX_PATH=/home/xdkazer/Dual_Kuka_LLM_Bachelor/p5_ws/install/realsense2_camera_msgs:/home/xdkazer/P5-Kuka-Dual-Arm/p5_ws/install/set_moveit_coords:/home/xdkazer/P5-Kuka-Dual-Arm/p5_ws/install/robutler_bringup:/home/xdkazer/P5-Kuka-Dual-Arm/p5_ws/install/robotiq_3f_gripper_ros2_interfaces:/home/xdkazer/P5-Kuka-Dual-Arm/p5_ws/install/robotiq_2f_85_interfaces:/home/xdkazer/P5-Kuka-Dual-Arm/p5_ws/install/realsense2_description:/home/xdkazer/P5-Kuka-Dual-Arm/p5_ws/install/realsense2_camera:/home/xdkazer/P5-Kuka-Dual-Arm/p5_ws/install/realsense2_camera_msgs:/home/xdkazer/P5-Kuka-Dual-Arm/p5_ws/install/project_interfaces:/home/xdkazer/P5-Kuka-Dual-Arm/p5_ws/install/pilz_industrial_motion_planner_testutils:/home/xdkazer/P5-Kuka-Dual-Arm/p5_ws/install/moveit_runtime:/home/xdkazer/P5-Kuka-Dual-Arm/p5_ws/install/moveit:/home/xdkazer/P5-Kuka-Dual-Arm/p5_ws/install/iiwa7_table_moveit_config:/home/xdkazer/P5-Kuka-Dual-Arm/p5_ws/install/iiwa7_table_cali_moveit_config:/home/xdkazer/P5-Kuka-Dual-Arm/p5_ws/install/iiwa7_moveit_config:/home/xdkazer/P5-Kuka-Dual-Arm/p5_ws/install/dual_arm_moveit_config:/home/xdkazer/P5-Kuka-Dual-Arm/p5_ws/install/moveit_planners:/home/xdkazer/P5-Kuka-Dual-Arm/p5_ws/install/pilz_industrial_motion_planner:/home/xdkazer/P5-Kuka-Dual-Arm/p5_ws/install/moveit_ros_control_interface:/home/xdkazer/P5-Kuka-Dual-Arm/p5_ws/install/moveit_plugins:/home/xdkazer/P5-Kuka-Dual-Arm/p5_ws/install/moveit_simple_controller_manager:/home/xdkazer/P5-Kuka-Dual-Arm/p5_ws/install/moveit_servo:/home/xdkazer/P5-Kuka-Dual-Arm/p5_ws/install/moveit_ros:/home/xdkazer/P5-Kuka-Dual-Arm/p5_ws/install/moveit_ros_visualization:/home/xdkazer/P5-Kuka-Dual-Arm/p5_ws/install/moveit_hybrid_planning:/home/xdkazer/P5-Kuka-Dual-Arm/p5_ws/install/moveit_ros_planning_interface:/home/xdkazer/P5-Kuka-Dual-Arm/p5_ws/install/moveit_ros_benchmarks:/home/xdkazer/P5-Kuka-Dual-Arm/p5_ws/install/moveit_ros_warehouse:/home/xdkazer/P5-Kuka-Dual-Arm/p5_ws/install/moveit_ros_robot_interaction:/home/xdkazer/P5-Kuka-Dual-Arm/p5_ws/install/moveit_ros_perception:/home/xdkazer/P5-Kuka-Dual-Arm/p5_ws/install/moveit_resources_prbt_pg70_support:/home/xdkazer/P5-Kuka-Dual-Arm/p5_ws/install/moveit_resources_prbt_moveit_config:/home/xdkazer/P5-Kuka-Dual-Arm/p5_ws/install/moveit_ros_move_group:/home/xdkazer/P5-Kuka-Dual-Arm/p5_ws/install/moveit_planners_ompl:/home/xdkazer/P5-Kuka-Dual-Arm/p5_ws/install/moveit_ros_planning:/home/xdkazer/P5-Kuka-Dual-Arm/p5_ws/install/moveit_ros_occupancy_map_monitor:/home/xdkazer/P5-Kuka-Dual-Arm/p5_ws/install/moveit_resources_prbt_ikfast_manipulator_plugin:/home/xdkazer/P5-Kuka-Dual-Arm/p5_ws/install/moveit_planners_chomp:/home/xdkazer/P5-Kuka-Dual-Arm/p5_ws/install/moveit_kinematics:/home/xdkazer/P5-Kuka-Dual-Arm/p5_ws/install/moveit_chomp_optimizer_adapter:/home/xdkazer/P5-Kuka-Dual-Arm/p5_ws/install/chomp_motion_planner:/home/xdkazer/P5-Kuka-Dual-Arm/p5_ws/install/moveit_core:/home/xdkazer/P5-Kuka-Dual-Arm/p5_ws/install/generate_parameter_library:/home/xdkazer/P5-Kuka-Dual-Arm/p5_ws/install/parameter_traits:/home/xdkazer/P5-Kuka-Dual-Arm/p5_ws/install/moveit_resources_prbt_support:/home/xdkazer/P5-Kuka-Dual-Arm/p5_ws/install/moveit_msgs:/home/xdkazer/P5-Kuka-Dual-Arm/p5_ws/install/moveit_common:/home/xdkazer/P5-Kuka-Dual-Arm/p5_ws/install/lbr_fri_ros2_stack:/home/xdkazer/P5-Kuka-Dual-Arm/p5_ws/install/lbr_bringup:/home/xdkazer/P5-Kuka-Dual-Arm/p5_ws/install/lbr_ros2_control_right:/home/xdkazer/P5-Kuka-Dual-Arm/p5_ws/install/lbr_ros2_control_left:/home/xdkazer/P5-Kuka-Dual-Arm/p5_ws/install/lbr_ros2_control:/home/xdkazer/P5-Kuka-Dual-Arm/p5_ws/install/lbr_fri_ros2:/home/xdkazer/P5-Kuka-Dual-Arm/p5_ws/install/lbr_fri_idl:/home/xdkazer/P5-Kuka-Dual-Arm/p5_ws/install/lbr_description:/home/xdkazer/P5-Kuka-Dual-Arm/p5_ws/install/fri_client_sdk:/home/xdkazer/P5-Kuka-Dual-Arm/p5_ws/install/yolo_world:/home/xdkazer/P5-Kuka-Dual-Arm/p5_ws/install/robotiq_3f_gripper_ros2_control:/home/xdkazer/P5-Kuka-Dual-Arm/p5_ws/install/robotiq_2f_85_control:/home/xdkazer/P5-Kuka-Dual-Arm/p5_ws/install/object_detector:/home/xdkazer/P5-Kuka-Dual-Arm/p5_ws/install/janise:/home/xdkazer/P5-Kuka-Dual-Arm/p5_ws/install/gui_package:/home/xdkazer/P5-Kuka-Dual-Arm/p5_ws/install/moveit_configs_utils:/home/xdkazer/P5-Kuka-Dual-Arm/p5_ws/install/generate_parameter_library_py:/opt/ros/humble LD_LIBRARY_PATH=/home/xdkazer/Dual_Kuka_LLM_Bachelor/p5_ws/install/realsense2_camera_msgs/lib:${LD_LIBRARY_PATH} PYTHONPATH=/home/xdkazer/Dual_Kuka_LLM_Bachelor/p5_ws/install/realsense2_camera_msgs/local/lib/python3.10/dist-packages:${PYTHONPATH} /usr/bin/cmake --build /home/xdkazer/Dual_Kuka_LLM_Bachelor/p5_ws/build/realsense2_camera -- -j4 -l4
[161.112s] Invoking command in '/home/xdkazer/Dual_Kuka_LLM_Bachelor/p5_ws/build/realsense2_camera': AMENT_PREFIX_PATH=/home/xdkazer/Dual_Kuka_LLM_Bachelor/p5_ws/install/realsense2_camera_msgs:${AMENT_PREFIX_PATH} CMAKE_PREFIX_PATH=/home/xdkazer/Dual_Kuka_LLM_Bachelor/p5_ws/install/realsense2_camera_msgs:/home/xdkazer/P5-Kuka-Dual-Arm/p5_ws/install/set_moveit_coords:/home/xdkazer/P5-Kuka-Dual-Arm/p5_ws/install/robutler_bringup:/home/xdkazer/P5-Kuka-Dual-Arm/p5_ws/install/robotiq_3f_gripper_ros2_interfaces:/home/xdkazer/P5-Kuka-Dual-Arm/p5_ws/install/robotiq_2f_85_interfaces:/home/xdkazer/P5-Kuka-Dual-Arm/p5_ws/install/realsense2_description:/home/xdkazer/P5-Kuka-Dual-Arm/p5_ws/install/realsense2_camera:/home/xdkazer/P5-Kuka-Dual-Arm/p5_ws/install/realsense2_camera_msgs:/home/xdkazer/P5-Kuka-Dual-Arm/p5_ws/install/project_interfaces:/home/xdkazer/P5-Kuka-Dual-Arm/p5_ws/install/pilz_industrial_motion_planner_testutils:/home/xdkazer/P5-Kuka-Dual-Arm/p5_ws/install/moveit_runtime:/home/xdkazer/P5-Kuka-Dual-Arm/p5_ws/install/moveit:/home/xdkazer/P5-Kuka-Dual-Arm/p5_ws/install/iiwa7_table_moveit_config:/home/xdkazer/P5-Kuka-Dual-Arm/p5_ws/install/iiwa7_table_cali_moveit_config:/home/xdkazer/P5-Kuka-Dual-Arm/p5_ws/install/iiwa7_moveit_config:/home/xdkazer/P5-Kuka-Dual-Arm/p5_ws/install/dual_arm_moveit_config:/home/xdkazer/P5-Kuka-Dual-Arm/p5_ws/install/moveit_planners:/home/xdkazer/P5-Kuka-Dual-Arm/p5_ws/install/pilz_industrial_motion_planner:/home/xdkazer/P5-Kuka-Dual-Arm/p5_ws/install/moveit_ros_control_interface:/home/xdkazer/P5-Kuka-Dual-Arm/p5_ws/install/moveit_plugins:/home/xdkazer/P5-Kuka-Dual-Arm/p5_ws/install/moveit_simple_controller_manager:/home/xdkazer/P5-Kuka-Dual-Arm/p5_ws/install/moveit_servo:/home/xdkazer/P5-Kuka-Dual-Arm/p5_ws/install/moveit_ros:/home/xdkazer/P5-Kuka-Dual-Arm/p5_ws/install/moveit_ros_visualization:/home/xdkazer/P5-Kuka-Dual-Arm/p5_ws/install/moveit_hybrid_planning:/home/xdkazer/P5-Kuka-Dual-Arm/p5_ws/install/moveit_ros_planning_interface:/home/xdkazer/P5-Kuka-Dual-Arm/p5_ws/install/moveit_ros_benchmarks:/home/xdkazer/P5-Kuka-Dual-Arm/p5_ws/install/moveit_ros_warehouse:/home/xdkazer/P5-Kuka-Dual-Arm/p5_ws/install/moveit_ros_robot_interaction:/home/xdkazer/P5-Kuka-Dual-Arm/p5_ws/install/moveit_ros_perception:/home/xdkazer/P5-Kuka-Dual-Arm/p5_ws/install/moveit_resources_prbt_pg70_support:/home/xdkazer/P5-Kuka-Dual-Arm/p5_ws/install/moveit_resources_prbt_moveit_config:/home/xdkazer/P5-Kuka-Dual-Arm/p5_ws/install/moveit_ros_move_group:/home/xdkazer/P5-Kuka-Dual-Arm/p5_ws/install/moveit_planners_ompl:/home/xdkazer/P5-Kuka-Dual-Arm/p5_ws/install/moveit_ros_planning:/home/xdkazer/P5-Kuka-Dual-Arm/p5_ws/install/moveit_ros_occupancy_map_monitor:/home/xdkazer/P5-Kuka-Dual-Arm/p5_ws/install/moveit_resources_prbt_ikfast_manipulator_plugin:/home/xdkazer/P5-Kuka-Dual-Arm/p5_ws/install/moveit_planners_chomp:/home/xdkazer/P5-Kuka-Dual-Arm/p5_ws/install/moveit_kinematics:/home/xdkazer/P5-Kuka-Dual-Arm/p5_ws/install/moveit_chomp_optimizer_adapter:/home/xdkazer/P5-Kuka-Dual-Arm/p5_ws/install/chomp_motion_planner:/home/xdkazer/P5-Kuka-Dual-Arm/p5_ws/install/moveit_core:/home/xdkazer/P5-Kuka-Dual-Arm/p5_ws/install/generate_parameter_library:/home/xdkazer/P5-Kuka-Dual-Arm/p5_ws/install/parameter_traits:/home/xdkazer/P5-Kuka-Dual-Arm/p5_ws/install/moveit_resources_prbt_support:/home/xdkazer/P5-Kuka-Dual-Arm/p5_ws/install/moveit_msgs:/home/xdkazer/P5-Kuka-Dual-Arm/p5_ws/install/moveit_common:/home/xdkazer/P5-Kuka-Dual-Arm/p5_ws/install/lbr_fri_ros2_stack:/home/xdkazer/P5-Kuka-Dual-Arm/p5_ws/install/lbr_bringup:/home/xdkazer/P5-Kuka-Dual-Arm/p5_ws/install/lbr_ros2_control_right:/home/xdkazer/P5-Kuka-Dual-Arm/p5_ws/install/lbr_ros2_control_left:/home/xdkazer/P5-Kuka-Dual-Arm/p5_ws/install/lbr_ros2_control:/home/xdkazer/P5-Kuka-Dual-Arm/p5_ws/install/lbr_fri_ros2:/home/xdkazer/P5-Kuka-Dual-Arm/p5_ws/install/lbr_fri_idl:/home/xdkazer/P5-Kuka-Dual-Arm/p5_ws/install/lbr_description:/home/xdkazer/P5-Kuka-Dual-Arm/p5_ws/install/fri_client_sdk:/home/xdkazer/P5-Kuka-Dual-Arm/p5_ws/install/yolo_world:/home/xdkazer/P5-Kuka-Dual-Arm/p5_ws/install/robotiq_3f_gripper_ros2_control:/home/xdkazer/P5-Kuka-Dual-Arm/p5_ws/install/robotiq_2f_85_control:/home/xdkazer/P5-Kuka-Dual-Arm/p5_ws/install/object_detector:/home/xdkazer/P5-Kuka-Dual-Arm/p5_ws/install/janise:/home/xdkazer/P5-Kuka-Dual-Arm/p5_ws/install/gui_package:/home/xdkazer/P5-Kuka-Dual-Arm/p5_ws/install/moveit_configs_utils:/home/xdkazer/P5-Kuka-Dual-Arm/p5_ws/install/generate_parameter_library_py:/opt/ros/humble LD_LIBRARY_PATH=/home/xdkazer/Dual_Kuka_LLM_Bachelor/p5_ws/install/realsense2_camera_msgs/lib:${LD_LIBRARY_PATH} PYTHONPATH=/home/xdkazer/Dual_Kuka_LLM_Bachelor/p5_ws/install/realsense2_camera_msgs/local/lib/python3.10/dist-packages:${PYTHONPATH} /usr/bin/cmake --install /home/xdkazer/Dual_Kuka_LLM_Bachelor/p5_ws/build/realsense2_camera
[161.124s] -- Install configuration: "Release"
[161.125s] -- Installing: /home/xdkazer/Dual_Kuka_LLM_Bachelor/p5_ws/install/realsense2_camera/lib/realsense2_camera/realsense2_camera_node
[161.125s] -- Set runtime path of "/home/xdkazer/Dual_Kuka_LLM_Bachelor/p5_ws/install/realsense2_camera/lib/realsense2_camera/realsense2_camera_node" to ""
[161.125s] -- Installing: /home/xdkazer/Dual_Kuka_LLM_Bachelor/p5_ws/install/realsense2_camera/lib/librealsense2_camera.so
[161.133s] -- Set runtime path of "/home/xdkazer/Dual_Kuka_LLM_Bachelor/p5_ws/install/realsense2_camera/lib/librealsense2_camera.so" to ""
[161.133s] -- Installing: /home/xdkazer/Dual_Kuka_LLM_Bachelor/p5_ws/install/realsense2_camera/include
[161.133s] -- Installing: /home/xdkazer/Dual_Kuka_LLM_Bachelor/p5_ws/install/realsense2_camera/include/named_filter.h
[161.133s] -- Installing: /home/xdkazer/Dual_Kuka_LLM_Bachelor/p5_ws/install/realsense2_camera/include/gl_window.h
[161.133s] -- Installing: /home/xdkazer/Dual_Kuka_LLM_Bachelor/p5_ws/install/realsense2_camera/include/realsense_node_factory.h
[161.133s] -- Installing: /home/xdkazer/Dual_Kuka_LLM_Bachelor/p5_ws/install/realsense2_camera/include/ros_utils.h
[161.133s] -- Installing: /home/xdkazer/Dual_Kuka_LLM_Bachelor/p5_ws/install/realsense2_camera/include/constants.h
[161.134s] -- Installing: /home/xdkazer/Dual_Kuka_LLM_Bachelor/p5_ws/install/realsense2_camera/include/profile_manager.h
[161.134s] -- Installing: /home/xdkazer/Dual_Kuka_LLM_Bachelor/p5_ws/install/realsense2_camera/include/dynamic_params.h
[161.134s] -- Installing: /home/xdkazer/Dual_Kuka_LLM_Bachelor/p5_ws/install/realsense2_camera/include/sensor_params.h
[161.134s] -- Installing: /home/xdkazer/Dual_Kuka_LLM_Bachelor/p5_ws/install/realsense2_camera/include/ros_param_backend.h
[161.134s] -- Installing: /home/xdkazer/Dual_Kuka_LLM_Bachelor/p5_ws/install/realsense2_camera/include/base_realsense_node.h
[161.134s] -- Installing: /home/xdkazer/Dual_Kuka_LLM_Bachelor/p5_ws/install/realsense2_camera/include/ros_sensor.h
[161.134s] -- Installing: /home/xdkazer/Dual_Kuka_LLM_Bachelor/p5_ws/install/realsense2_camera/include/image_publisher.h
[161.134s] -- Installing: /home/xdkazer/Dual_Kuka_LLM_Bachelor/p5_ws/install/realsense2_camera/share/realsense2_camera/launch
[161.134s] -- Installing: /home/xdkazer/Dual_Kuka_LLM_Bachelor/p5_ws/install/realsense2_camera/share/realsense2_camera/launch/rs_multi_camera_launch.py
[161.134s] -- Installing: /home/xdkazer/Dual_Kuka_LLM_Bachelor/p5_ws/install/realsense2_camera/share/realsense2_camera/launch/rs_intra_process_demo_launch.py
[161.134s] -- Installing: /home/xdkazer/Dual_Kuka_LLM_Bachelor/p5_ws/install/realsense2_camera/share/realsense2_camera/launch/rs_launch.py
[161.134s] -- Installing: /home/xdkazer/Dual_Kuka_LLM_Bachelor/p5_ws/install/realsense2_camera/share/realsense2_camera/launch/default.rviz
[161.135s] -- Installing: /home/xdkazer/Dual_Kuka_LLM_Bachelor/p5_ws/install/realsense2_camera/share/realsense2_camera/examples
[161.135s] -- Installing: /home/xdkazer/Dual_Kuka_LLM_Bachelor/p5_ws/install/realsense2_camera/share/realsense2_camera/examples/align_depth
[161.135s] -- Installing: /home/xdkazer/Dual_Kuka_LLM_Bachelor/p5_ws/install/realsense2_camera/share/realsense2_camera/examples/align_depth/rs_align_depth_launch.py
[161.135s] -- Installing: /home/xdkazer/Dual_Kuka_LLM_Bachelor/p5_ws/install/realsense2_camera/share/realsense2_camera/examples/align_depth/README.md
[161.136s] -- Installing: /home/xdkazer/Dual_Kuka_LLM_Bachelor/p5_ws/install/realsense2_camera/share/realsense2_camera/examples/dual_camera
[161.136s] -- Installing: /home/xdkazer/Dual_Kuka_LLM_Bachelor/p5_ws/install/realsense2_camera/share/realsense2_camera/examples/dual_camera/rs_dual_camera_launch.py
[161.136s] -- Installing: /home/xdkazer/Dual_Kuka_LLM_Bachelor/p5_ws/install/realsense2_camera/share/realsense2_camera/examples/dual_camera/rviz
[161.136s] -- Installing: /home/xdkazer/Dual_Kuka_LLM_Bachelor/p5_ws/install/realsense2_camera/share/realsense2_camera/examples/dual_camera/rviz/dual_camera_pointcloud.rviz
[161.136s] -- Installing: /home/xdkazer/Dual_Kuka_LLM_Bachelor/p5_ws/install/realsense2_camera/share/realsense2_camera/examples/dual_camera/README.md
[161.137s] -- Installing: /home/xdkazer/Dual_Kuka_LLM_Bachelor/p5_ws/install/realsense2_camera/share/realsense2_camera/examples/launch_from_rosbag
[161.137s] -- Installing: /home/xdkazer/Dual_Kuka_LLM_Bachelor/p5_ws/install/realsense2_camera/share/realsense2_camera/examples/launch_from_rosbag/rs_launch_from_rosbag.py
[161.137s] -- Installing: /home/xdkazer/Dual_Kuka_LLM_Bachelor/p5_ws/install/realsense2_camera/share/realsense2_camera/examples/launch_from_rosbag/README.md
[161.137s] -- Installing: /home/xdkazer/Dual_Kuka_LLM_Bachelor/p5_ws/install/realsense2_camera/share/realsense2_camera/examples/pointcloud
[161.137s] -- Installing: /home/xdkazer/Dual_Kuka_LLM_Bachelor/p5_ws/install/realsense2_camera/share/realsense2_camera/examples/pointcloud/rs_d455_pointcloud_launch.py
[161.137s] -- Installing: /home/xdkazer/Dual_Kuka_LLM_Bachelor/p5_ws/install/realsense2_camera/share/realsense2_camera/examples/pointcloud/rviz
[161.137s] -- Installing: /home/xdkazer/Dual_Kuka_LLM_Bachelor/p5_ws/install/realsense2_camera/share/realsense2_camera/examples/pointcloud/rviz/pointcloud.rviz
[161.137s] -- Installing: /home/xdkazer/Dual_Kuka_LLM_Bachelor/p5_ws/install/realsense2_camera/share/realsense2_camera/examples/pointcloud/rviz/urdf_pointcloud.rviz
[161.137s] -- Installing: /home/xdkazer/Dual_Kuka_LLM_Bachelor/p5_ws/install/realsense2_camera/share/realsense2_camera/examples/pointcloud/rs_pointcloud_launch.py
[161.137s] -- Installing: /home/xdkazer/Dual_Kuka_LLM_Bachelor/p5_ws/install/realsense2_camera/share/realsense2_camera/examples/pointcloud/rs_d405_pointcloud_launch.py
[161.138s] -- Installing: /home/xdkazer/Dual_Kuka_LLM_Bachelor/p5_ws/install/realsense2_camera/share/realsense2_camera/examples/pointcloud/README.md
[161.138s] -- Installing: /home/xdkazer/Dual_Kuka_LLM_Bachelor/p5_ws/install/realsense2_camera/share/realsense2_camera/examples/launch_params_from_file
[161.138s] -- Installing: /home/xdkazer/Dual_Kuka_LLM_Bachelor/p5_ws/install/realsense2_camera/share/realsense2_camera/examples/launch_params_from_file/rs_launch_get_params_from_yaml.py
[161.138s] -- Installing: /home/xdkazer/Dual_Kuka_LLM_Bachelor/p5_ws/install/realsense2_camera/share/realsense2_camera/examples/launch_params_from_file/config
[161.138s] -- Installing: /home/xdkazer/Dual_Kuka_LLM_Bachelor/p5_ws/install/realsense2_camera/share/realsense2_camera/examples/launch_params_from_file/config/config.yaml
[161.138s] -- Installing: /home/xdkazer/Dual_Kuka_LLM_Bachelor/p5_ws/install/realsense2_camera/share/realsense2_camera/examples/launch_params_from_file/README.md
[161.138s] -- Installing: /home/xdkazer/Dual_Kuka_LLM_Bachelor/p5_ws/install/realsense2_camera/share/realsense2_camera/environment/library_path.sh
[161.139s] -- Installing: /home/xdkazer/Dual_Kuka_LLM_Bachelor/p5_ws/install/realsense2_camera/share/realsense2_camera/environment/library_path.dsv
[161.139s] -- Installing: /home/xdkazer/Dual_Kuka_LLM_Bachelor/p5_ws/install/realsense2_camera/share/ament_index/resource_index/package_run_dependencies/realsense2_camera
[161.140s] -- Installing: /home/xdkazer/Dual_Kuka_LLM_Bachelor/p5_ws/install/realsense2_camera/share/ament_index/resource_index/parent_prefix_path/realsense2_camera
[161.144s] -- Installing: /home/xdkazer/Dual_Kuka_LLM_Bachelor/p5_ws/install/realsense2_camera/share/realsense2_camera/environment/ament_prefix_path.sh
[161.145s] -- Installing: /home/xdkazer/Dual_Kuka_LLM_Bachelor/p5_ws/install/realsense2_camera/share/realsense2_camera/environment/ament_prefix_path.dsv
[161.153s] -- Installing: /home/xdkazer/Dual_Kuka_LLM_Bachelor/p5_ws/install/realsense2_camera/share/realsense2_camera/environment/path.sh
[161.153s] -- Installing: /home/xdkazer/Dual_Kuka_LLM_Bachelor/p5_ws/install/realsense2_camera/share/realsense2_camera/environment/path.dsv
[161.153s] -- Installing: /home/xdkazer/Dual_Kuka_LLM_Bachelor/p5_ws/install/realsense2_camera/share/realsense2_camera/local_setup.bash
[161.153s] -- Installing: /home/xdkazer/Dual_Kuka_LLM_Bachelor/p5_ws/install/realsense2_camera/share/realsense2_camera/local_setup.sh
[161.156s] -- Installing: /home/xdkazer/Dual_Kuka_LLM_Bachelor/p5_ws/install/realsense2_camera/share/realsense2_camera/local_setup.zsh
[161.156s] -- Installing: /home/xdkazer/Dual_Kuka_LLM_Bachelor/p5_ws/install/realsense2_camera/share/realsense2_camera/local_setup.dsv
[161.156s] -- Installing: /home/xdkazer/Dual_Kuka_LLM_Bachelor/p5_ws/install/realsense2_camera/share/realsense2_camera/package.dsv
[161.157s] -- Installing: /home/xdkazer/Dual_Kuka_LLM_Bachelor/p5_ws/install/realsense2_camera/share/ament_index/resource_index/packages/realsense2_camera
[161.158s] -- Installing: /home/xdkazer/Dual_Kuka_LLM_Bachelor/p5_ws/install/realsense2_camera/share/ament_index/resource_index/rclcpp_components/realsense2_camera
[161.158s] -- Installing: /home/xdkazer/Dual_Kuka_LLM_Bachelor/p5_ws/install/realsense2_camera/share/realsense2_camera/cmake/ament_cmake_export_include_directories-extras.cmake
[161.158s] -- Installing: /home/xdkazer/Dual_Kuka_LLM_Bachelor/p5_ws/install/realsense2_camera/share/realsense2_camera/cmake/ament_cmake_export_libraries-extras.cmake
[161.158s] -- Installing: /home/xdkazer/Dual_Kuka_LLM_Bachelor/p5_ws/install/realsense2_camera/share/realsense2_camera/cmake/ament_cmake_export_dependencies-extras.cmake
[161.158s] -- Installing: /home/xdkazer/Dual_Kuka_LLM_Bachelor/p5_ws/install/realsense2_camera/share/realsense2_camera/cmake/realsense2_cameraConfig.cmake
[161.158s] -- Installing: /home/xdkazer/Dual_Kuka_LLM_Bachelor/p5_ws/install/realsense2_camera/share/realsense2_camera/cmake/realsense2_cameraConfig-version.cmake
[161.158s] -- Installing: /home/xdkazer/Dual_Kuka_LLM_Bachelor/p5_ws/install/realsense2_camera/share/realsense2_camera/package.xml
[161.164s] Invoked command in '/home/xdkazer/Dual_Kuka_LLM_Bachelor/p5_ws/build/realsense2_camera' returned '0': AMENT_PREFIX_PATH=/home/xdkazer/Dual_Kuka_LLM_Bachelor/p5_ws/install/realsense2_camera_msgs:${AMENT_PREFIX_PATH} CMAKE_PREFIX_PATH=/home/xdkazer/Dual_Kuka_LLM_Bachelor/p5_ws/install/realsense2_camera_msgs:/home/xdkazer/P5-Kuka-Dual-Arm/p5_ws/install/set_moveit_coords:/home/xdkazer/P5-Kuka-Dual-Arm/p5_ws/install/robutler_bringup:/home/xdkazer/P5-Kuka-Dual-Arm/p5_ws/install/robotiq_3f_gripper_ros2_interfaces:/home/xdkazer/P5-Kuka-Dual-Arm/p5_ws/install/robotiq_2f_85_interfaces:/home/xdkazer/P5-Kuka-Dual-Arm/p5_ws/install/realsense2_description:/home/xdkazer/P5-Kuka-Dual-Arm/p5_ws/install/realsense2_camera:/home/xdkazer/P5-Kuka-Dual-Arm/p5_ws/install/realsense2_camera_msgs:/home/xdkazer/P5-Kuka-Dual-Arm/p5_ws/install/project_interfaces:/home/xdkazer/P5-Kuka-Dual-Arm/p5_ws/install/pilz_industrial_motion_planner_testutils:/home/xdkazer/P5-Kuka-Dual-Arm/p5_ws/install/moveit_runtime:/home/xdkazer/P5-Kuka-Dual-Arm/p5_ws/install/moveit:/home/xdkazer/P5-Kuka-Dual-Arm/p5_ws/install/iiwa7_table_moveit_config:/home/xdkazer/P5-Kuka-Dual-Arm/p5_ws/install/iiwa7_table_cali_moveit_config:/home/xdkazer/P5-Kuka-Dual-Arm/p5_ws/install/iiwa7_moveit_config:/home/xdkazer/P5-Kuka-Dual-Arm/p5_ws/install/dual_arm_moveit_config:/home/xdkazer/P5-Kuka-Dual-Arm/p5_ws/install/moveit_planners:/home/xdkazer/P5-Kuka-Dual-Arm/p5_ws/install/pilz_industrial_motion_planner:/home/xdkazer/P5-Kuka-Dual-Arm/p5_ws/install/moveit_ros_control_interface:/home/xdkazer/P5-Kuka-Dual-Arm/p5_ws/install/moveit_plugins:/home/xdkazer/P5-Kuka-Dual-Arm/p5_ws/install/moveit_simple_controller_manager:/home/xdkazer/P5-Kuka-Dual-Arm/p5_ws/install/moveit_servo:/home/xdkazer/P5-Kuka-Dual-Arm/p5_ws/install/moveit_ros:/home/xdkazer/P5-Kuka-Dual-Arm/p5_ws/install/moveit_ros_visualization:/home/xdkazer/P5-Kuka-Dual-Arm/p5_ws/install/moveit_hybrid_planning:/home/xdkazer/P5-Kuka-Dual-Arm/p5_ws/install/moveit_ros_planning_interface:/home/xdkazer/P5-Kuka-Dual-Arm/p5_ws/install/moveit_ros_benchmarks:/home/xdkazer/P5-Kuka-Dual-Arm/p5_ws/install/moveit_ros_warehouse:/home/xdkazer/P5-Kuka-Dual-Arm/p5_ws/install/moveit_ros_robot_interaction:/home/xdkazer/P5-Kuka-Dual-Arm/p5_ws/install/moveit_ros_perception:/home/xdkazer/P5-Kuka-Dual-Arm/p5_ws/install/moveit_resources_prbt_pg70_support:/home/xdkazer/P5-Kuka-Dual-Arm/p5_ws/install/moveit_resources_prbt_moveit_config:/home/xdkazer/P5-Kuka-Dual-Arm/p5_ws/install/moveit_ros_move_group:/home/xdkazer/P5-Kuka-Dual-Arm/p5_ws/install/moveit_planners_ompl:/home/xdkazer/P5-Kuka-Dual-Arm/p5_ws/install/moveit_ros_planning:/home/xdkazer/P5-Kuka-Dual-Arm/p5_ws/install/moveit_ros_occupancy_map_monitor:/home/xdkazer/P5-Kuka-Dual-Arm/p5_ws/install/moveit_resources_prbt_ikfast_manipulator_plugin:/home/xdkazer/P5-Kuka-Dual-Arm/p5_ws/install/moveit_planners_chomp:/home/xdkazer/P5-Kuka-Dual-Arm/p5_ws/install/moveit_kinematics:/home/xdkazer/P5-Kuka-Dual-Arm/p5_ws/install/moveit_chomp_optimizer_adapter:/home/xdkazer/P5-Kuka-Dual-Arm/p5_ws/install/chomp_motion_planner:/home/xdkazer/P5-Kuka-Dual-Arm/p5_ws/install/moveit_core:/home/xdkazer/P5-Kuka-Dual-Arm/p5_ws/install/generate_parameter_library:/home/xdkazer/P5-Kuka-Dual-Arm/p5_ws/install/parameter_traits:/home/xdkazer/P5-Kuka-Dual-Arm/p5_ws/install/moveit_resources_prbt_support:/home/xdkazer/P5-Kuka-Dual-Arm/p5_ws/install/moveit_msgs:/home/xdkazer/P5-Kuka-Dual-Arm/p5_ws/install/moveit_common:/home/xdkazer/P5-Kuka-Dual-Arm/p5_ws/install/lbr_fri_ros2_stack:/home/xdkazer/P5-Kuka-Dual-Arm/p5_ws/install/lbr_bringup:/home/xdkazer/P5-Kuka-Dual-Arm/p5_ws/install/lbr_ros2_control_right:/home/xdkazer/P5-Kuka-Dual-Arm/p5_ws/install/lbr_ros2_control_left:/home/xdkazer/P5-Kuka-Dual-Arm/p5_ws/install/lbr_ros2_control:/home/xdkazer/P5-Kuka-Dual-Arm/p5_ws/install/lbr_fri_ros2:/home/xdkazer/P5-Kuka-Dual-Arm/p5_ws/install/lbr_fri_idl:/home/xdkazer/P5-Kuka-Dual-Arm/p5_ws/install/lbr_description:/home/xdkazer/P5-Kuka-Dual-Arm/p5_ws/install/fri_client_sdk:/home/xdkazer/P5-Kuka-Dual-Arm/p5_ws/install/yolo_world:/home/xdkazer/P5-Kuka-Dual-Arm/p5_ws/install/robotiq_3f_gripper_ros2_control:/home/xdkazer/P5-Kuka-Dual-Arm/p5_ws/install/robotiq_2f_85_control:/home/xdkazer/P5-Kuka-Dual-Arm/p5_ws/install/object_detector:/home/xdkazer/P5-Kuka-Dual-Arm/p5_ws/install/janise:/home/xdkazer/P5-Kuka-Dual-Arm/p5_ws/install/gui_package:/home/xdkazer/P5-Kuka-Dual-Arm/p5_ws/install/moveit_configs_utils:/home/xdkazer/P5-Kuka-Dual-Arm/p5_ws/install/generate_parameter_library_py:/opt/ros/humble LD_LIBRARY_PATH=/home/xdkazer/Dual_Kuka_LLM_Bachelor/p5_ws/install/realsense2_camera_msgs/lib:${LD_LIBRARY_PATH} PYTHONPATH=/home/xdkazer/Dual_Kuka_LLM_Bachelor/p5_ws/install/realsense2_camera_msgs/local/lib/python3.10/dist-packages:${PYTHONPATH} /usr/bin/cmake --install /home/xdkazer/Dual_Kuka_LLM_Bachelor/p5_ws/build/realsense2_camera
