-- The C compiler identification is GNU 11.4.0
-- The CXX compiler identification is GNU 11.4.0
-- Detecting C compiler ABI info
-- Detecting C compiler ABI info - done
-- Check for working C compiler: /usr/bin/cc - skipped
-- Detecting C compile features
-- Detecting C compile features - done
-- Detecting CXX compiler ABI info
-- Detecting CXX compiler ABI info - done
-- Check for working CXX compiler: /usr/bin/c++ - skipped
-- Detecting CXX compile features
-- Detecting CXX compile features - done
-- Found ament_cmake: 1.3.10 (/opt/ros/humble/share/ament_cmake/cmake)
-- Found Python3: /usr/bin/python3 (found version "3.10.12") found components: Interpreter 
-- Configuring done
-- Generating done
-- Build files have been written to: /home/xdkazer/Dual_Kuka_LLM_Bachelor/p5_ws/build/lbr_bringup
Built target ament_cmake_python_copy_launch_mixins
running egg_info
creating launch_mixins.egg-info
writing launch_mixins.egg-info/PKG-INFO
writing dependency_links to launch_mixins.egg-info/dependency_links.txt
writing top-level names to launch_mixins.egg-info/top_level.txt
writing manifest file 'launch_mixins.egg-info/SOURCES.txt'
reading manifest file 'launch_mixins.egg-info/SOURCES.txt'
writing manifest file 'launch_mixins.egg-info/SOURCES.txt'
Built target ament_cmake_python_build_launch_mixins_egg
-- Install configuration: "Release"
-- Installing: /home/xdkazer/Dual_Kuka_LLM_Bachelor/p5_ws/install/lbr_bringup/share/lbr_bringup/config
-- Installing: /home/xdkazer/Dual_Kuka_LLM_Bachelor/p5_ws/install/lbr_bringup/share/lbr_bringup/config/config.rviz
-- Installing: /home/xdkazer/Dual_Kuka_LLM_Bachelor/p5_ws/install/lbr_bringup/share/lbr_bringup/launch
-- Installing: /home/xdkazer/Dual_Kuka_LLM_Bachelor/p5_ws/install/lbr_bringup/share/lbr_bringup/launch/dual_arm.launch.py
-- Installing: /home/xdkazer/Dual_Kuka_LLM_Bachelor/p5_ws/install/lbr_bringup/share/lbr_bringup/launch/move_group.launch.py
-- Installing: /home/xdkazer/Dual_Kuka_LLM_Bachelor/p5_ws/install/lbr_bringup/share/lbr_bringup/launch/real.launch.py
-- Installing: /home/xdkazer/Dual_Kuka_LLM_Bachelor/p5_ws/install/lbr_bringup/share/lbr_bringup/launch/sim.launch.py
-- Installing: /home/xdkazer/Dual_Kuka_LLM_Bachelor/p5_ws/install/lbr_bringup/share/lbr_bringup/launch/system_interface.launch.py
-- Installing: /home/xdkazer/Dual_Kuka_LLM_Bachelor/p5_ws/install/lbr_bringup/share/lbr_bringup/launch/bringup.launch.py
-- Installing: /home/xdkazer/Dual_Kuka_LLM_Bachelor/p5_ws/install/lbr_bringup/share/lbr_bringup/environment/pythonpath.sh
-- Installing: /home/xdkazer/Dual_Kuka_LLM_Bachelor/p5_ws/install/lbr_bringup/share/lbr_bringup/environment/pythonpath.dsv
-- Installing: /home/xdkazer/Dual_Kuka_LLM_Bachelor/p5_ws/install/lbr_bringup/local/lib/python3.10/dist-packages/launch_mixins-2.0.0-py3.10.egg-info
-- Installing: /home/xdkazer/Dual_Kuka_LLM_Bachelor/p5_ws/install/lbr_bringup/local/lib/python3.10/dist-packages/launch_mixins-2.0.0-py3.10.egg-info/SOURCES.txt
-- Installing: /home/xdkazer/Dual_Kuka_LLM_Bachelor/p5_ws/install/lbr_bringup/local/lib/python3.10/dist-packages/launch_mixins-2.0.0-py3.10.egg-info/top_level.txt
-- Installing: /home/xdkazer/Dual_Kuka_LLM_Bachelor/p5_ws/install/lbr_bringup/local/lib/python3.10/dist-packages/launch_mixins-2.0.0-py3.10.egg-info/PKG-INFO
-- Installing: /home/xdkazer/Dual_Kuka_LLM_Bachelor/p5_ws/install/lbr_bringup/local/lib/python3.10/dist-packages/launch_mixins-2.0.0-py3.10.egg-info/dependency_links.txt
-- Installing: /home/xdkazer/Dual_Kuka_LLM_Bachelor/p5_ws/install/lbr_bringup/local/lib/python3.10/dist-packages/launch_mixins
-- Installing: /home/xdkazer/Dual_Kuka_LLM_Bachelor/p5_ws/install/lbr_bringup/local/lib/python3.10/dist-packages/launch_mixins/lbr_description.py
-- Installing: /home/xdkazer/Dual_Kuka_LLM_Bachelor/p5_ws/install/lbr_bringup/local/lib/python3.10/dist-packages/launch_mixins/lbr_ros2_control.py
-- Installing: /home/xdkazer/Dual_Kuka_LLM_Bachelor/p5_ws/install/lbr_bringup/local/lib/python3.10/dist-packages/launch_mixins/__init__.py
-- Installing: /home/xdkazer/Dual_Kuka_LLM_Bachelor/p5_ws/install/lbr_bringup/local/lib/python3.10/dist-packages/launch_mixins/lbr_bringup.py
Listing '/home/xdkazer/Dual_Kuka_LLM_Bachelor/p5_ws/install/lbr_bringup/local/lib/python3.10/dist-packages/launch_mixins'...
Compiling '/home/xdkazer/Dual_Kuka_LLM_Bachelor/p5_ws/install/lbr_bringup/local/lib/python3.10/dist-packages/launch_mixins/__init__.py'...
Compiling '/home/xdkazer/Dual_Kuka_LLM_Bachelor/p5_ws/install/lbr_bringup/local/lib/python3.10/dist-packages/launch_mixins/lbr_bringup.py'...
Compiling '/home/xdkazer/Dual_Kuka_LLM_Bachelor/p5_ws/install/lbr_bringup/local/lib/python3.10/dist-packages/launch_mixins/lbr_description.py'...
Compiling '/home/xdkazer/Dual_Kuka_LLM_Bachelor/p5_ws/install/lbr_bringup/local/lib/python3.10/dist-packages/launch_mixins/lbr_ros2_control.py'...
-- Installing: /home/xdkazer/Dual_Kuka_LLM_Bachelor/p5_ws/install/lbr_bringup/share/ament_index/resource_index/package_run_dependencies/lbr_bringup
-- Installing: /home/xdkazer/Dual_Kuka_LLM_Bachelor/p5_ws/install/lbr_bringup/share/ament_index/resource_index/parent_prefix_path/lbr_bringup
-- Installing: /home/xdkazer/Dual_Kuka_LLM_Bachelor/p5_ws/install/lbr_bringup/share/lbr_bringup/environment/ament_prefix_path.sh
-- Installing: /home/xdkazer/Dual_Kuka_LLM_Bachelor/p5_ws/install/lbr_bringup/share/lbr_bringup/environment/ament_prefix_path.dsv
-- Installing: /home/xdkazer/Dual_Kuka_LLM_Bachelor/p5_ws/install/lbr_bringup/share/lbr_bringup/environment/path.sh
-- Installing: /home/xdkazer/Dual_Kuka_LLM_Bachelor/p5_ws/install/lbr_bringup/share/lbr_bringup/environment/path.dsv
-- Installing: /home/xdkazer/Dual_Kuka_LLM_Bachelor/p5_ws/install/lbr_bringup/share/lbr_bringup/local_setup.bash
-- Installing: /home/xdkazer/Dual_Kuka_LLM_Bachelor/p5_ws/install/lbr_bringup/share/lbr_bringup/local_setup.sh
-- Installing: /home/xdkazer/Dual_Kuka_LLM_Bachelor/p5_ws/install/lbr_bringup/share/lbr_bringup/local_setup.zsh
-- Installing: /home/xdkazer/Dual_Kuka_LLM_Bachelor/p5_ws/install/lbr_bringup/share/lbr_bringup/local_setup.dsv
-- Installing: /home/xdkazer/Dual_Kuka_LLM_Bachelor/p5_ws/install/lbr_bringup/share/lbr_bringup/package.dsv
-- Installing: /home/xdkazer/Dual_Kuka_LLM_Bachelor/p5_ws/install/lbr_bringup/share/ament_index/resource_index/packages/lbr_bringup
-- Installing: /home/xdkazer/Dual_Kuka_LLM_Bachelor/p5_ws/install/lbr_bringup/share/lbr_bringup/cmake/lbr_bringupConfig.cmake
-- Installing: /home/xdkazer/Dual_Kuka_LLM_Bachelor/p5_ws/install/lbr_bringup/share/lbr_bringup/cmake/lbr_bringupConfig-version.cmake
-- Installing: /home/xdkazer/Dual_Kuka_LLM_Bachelor/p5_ws/install/lbr_bringup/share/lbr_bringup/package.xml
